[2026-05-26 20:41:58,761] INFO - config.py:254 - 日志文件已创建: logs\simulation_20260526_204158.log
[2026-05-26 20:42:00,035] INFO - main.py:77 - 正在初始化仿真模块...
[2026-05-26 20:42:00,035] INFO - communication.py:303 - 模块 env 初始化完成
[2026-05-26 20:42:00,036] INFO - warehouse_env.py:117 - 仓库环境初始化完成: 50x50
[2026-05-26 20:42:00,036] INFO - warehouse_env.py:169 - 地图构建完成: 20个进货口, 12个出货口
[2026-05-26 20:42:00,038] INFO - warehouse_env.py:189 - 环境已重置
[2026-05-26 20:42:00,038] INFO - communication.py:303 - 模块 scheduler 初始化完成
[2026-05-26 20:42:00,038] INFO - od_flow.py:69 - OD流程管理器初始化完成，12个出货口
[2026-05-26 20:42:00,049] INFO - task_allocator.py:110 - 任务分配器初始化完成: 20个进货口, 12个出货口, 8台AGV
[2026-05-26 20:42:00,050] INFO - mapf_planner.py:260 - MAPF规划器初始化完成: 50x50
[2026-05-26 20:42:00,985] INFO - rl_collision_avoidance.py:226 - RL避撞控制器初始化完成 (PyTorch: True)
[2026-05-26 20:42:00,985] INFO - communication.py:303 - 模块 controller 初始化完成
[2026-05-26 20:42:00,985] INFO - agv_controller.py:126 - AGV控制器初始化完成
[2026-05-26 20:42:00,985] INFO - agv_controller.py:207 - 控制器已重置
[2026-05-26 20:42:00,986] INFO - main.py:103 - 所有模块初始化完成
[2026-05-26 20:42:00,986] INFO - main.py:73 - 仿真系统初始化完成
[2026-05-26 20:42:00,986] INFO - rl_collision_avoidance.py:686 - RL切换到训练模式
[2026-05-26 20:42:00,986] INFO - warehouse_env.py:169 - 地图构建完成: 20个进货口, 12个出货口
[2026-05-26 20:42:00,990] INFO - warehouse_env.py:189 - 环境已重置
[2026-05-26 20:42:00,990] INFO - od_flow.py:282 - OD流程管理器已重置
[2026-05-26 20:42:00,990] INFO - task_allocator.py:183 - 调度模块已重置
[2026-05-26 20:42:00,990] INFO - agv_controller.py:207 - 控制器已重置
[2026-05-26 20:42:00,990] INFO - main.py:233 - 仿真已重置
[2026-05-26 20:42:00,990] INFO - warehouse_env.py:169 - 地图构建完成: 20个进货口, 12个出货口
[2026-05-26 20:42:00,993] INFO - warehouse_env.py:189 - 环境已重置
[2026-05-26 20:42:00,994] INFO - warehouse_env.py:365 - 仿真开始，环境已初始化
[2026-05-26 20:42:00,994] INFO - od_flow.py:282 - OD流程管理器已重置
[2026-05-26 20:42:00,994] INFO - task_allocator.py:183 - 调度模块已重置
[2026-05-26 20:42:00,994] INFO - task_allocator.py:167 - 调度模块：仿真开始
[2026-05-26 20:42:00,994] INFO - agv_controller.py:207 - 控制器已重置
[2026-05-26 20:42:00,994] INFO - agv_controller.py:179 - 控制器：仿真开始
[2026-05-26 20:42:00,994] INFO - main.py:122 - ==================================================
[2026-05-26 20:42:00,994] INFO - main.py:123 - 仿真开始
[2026-05-26 20:42:00,995] INFO - main.py:124 - 地图: 50x50
[2026-05-26 20:42:00,995] INFO - main.py:125 - 最大步数: 100
[2026-05-26 20:42:00,995] INFO - main.py:126 - ==================================================
[2026-05-26 20:42:00,995] INFO - main.py:190 - 步数 1: 已完成 0 个任务, AGV: 空闲8 移动中0 装卸0
[2026-05-26 20:42:00,995] INFO - task_allocator.py:247 - 生成任务 0: 取货 (0, 17) → 送货 (24, 4)
[2026-05-26 20:42:00,995] INFO - od_flow.py:188 - 任务 0 分配给 AGV 2
[2026-05-26 20:42:00,995] INFO - task_allocator.py:322 - 分配任务 0 → AGV 2 (距离 11)
[2026-05-26 20:42:00,996] INFO - agv_controller.py:173 - AGV 2: 任务0 前往取货点 (0, 17)
[2026-05-26 20:42:00,996] INFO - main.py:190 - 步数 2: 已完成 0 个任务, AGV: 空闲7 移动中1 装卸0
[2026-05-26 20:42:00,997] INFO - main.py:190 - 步数 3: 已完成 0 个任务, AGV: 空闲7 移动中1 装卸0
[2026-05-26 20:42:00,997] INFO - main.py:190 - 步数 4: 已完成 0 个任务, AGV: 空闲7 移动中1 装卸0
[2026-05-26 20:42:00,997] INFO - main.py:190 - 步数 5: 已完成 0 个任务, AGV: 空闲7 移动中1 装卸0
[2026-05-26 20:42:00,997] INFO - main.py:190 - 步数 6: 已完成 0 个任务, AGV: 空闲7 移动中1 装卸0
[2026-05-26 20:42:00,998] INFO - task_allocator.py:247 - 生成任务 1: 取货 (0, 42) → 送货 (24, 36)
[2026-05-26 20:42:00,998] INFO - od_flow.py:188 - 任务 1 分配给 AGV 1
[2026-05-26 20:42:00,998] INFO - task_allocator.py:322 - 分配任务 1 → AGV 1 (距离 39)
[2026-05-26 20:42:00,998] INFO - agv_controller.py:173 - AGV 1: 任务1 前往取货点 (0, 42)
[2026-05-26 20:42:00,999] INFO - main.py:190 - 步数 7: 已完成 0 个任务, AGV: 空闲6 移动中2 装卸0
[2026-05-26 20:42:00,999] INFO - main.py:190 - 步数 8: 已完成 0 个任务, AGV: 空闲6 移动中2 装卸0
[2026-05-26 20:42:01,000] INFO - main.py:190 - 步数 9: 已完成 0 个任务, AGV: 空闲6 移动中2 装卸0
[2026-05-26 20:42:01,000] INFO - task_allocator.py:247 - 生成任务 2: 取货 (0, 37) → 送货 (24, 28)
[2026-05-26 20:42:01,000] INFO - od_flow.py:188 - 任务 2 分配给 AGV 0
[2026-05-26 20:42:01,000] INFO - task_allocator.py:322 - 分配任务 2 → AGV 0 (距离 37)
[2026-05-26 20:42:01,000] INFO - agv_controller.py:173 - AGV 0: 任务2 前往取货点 (0, 37)
[2026-05-26 20:42:01,001] INFO - main.py:190 - 步数 10: 已完成 0 个任务, AGV: 空闲5 移动中3 装卸0
[2026-05-26 20:42:01,005] INFO - agv_controller.py:567 - AGV 2: 已取货，前往送货点 (24, 4)
[2026-05-26 20:42:01,047] INFO - task_allocator.py:247 - 生成任务 3: 取货 (0, 17) → 送货 (25, 48)
[2026-05-26 20:42:01,047] INFO - task_allocator.py:247 - 生成任务 4: 取货 (0, 12) → 送货 (25, 32)
[2026-05-26 20:42:01,048] INFO - od_flow.py:188 - 任务 3 分配给 AGV 3
[2026-05-26 20:42:01,048] INFO - task_allocator.py:322 - 分配任务 3 → AGV 3 (距离 19)
[2026-05-26 20:42:01,048] INFO - od_flow.py:188 - 任务 4 分配给 AGV 6
[2026-05-26 20:42:01,048] INFO - task_allocator.py:322 - 分配任务 4 → AGV 6 (距离 51)
[2026-05-26 20:42:01,048] INFO - agv_controller.py:173 - AGV 3: 任务3 前往取货点 (0, 17)
[2026-05-26 20:42:01,048] INFO - agv_controller.py:173 - AGV 6: 任务4 前往取货点 (0, 12)
[2026-05-26 20:42:01,058] WARNING - mapf_planner.py:292 - AGV 0: 无法找到路径 (1, 26) → (0, 37)
[2026-05-26 20:42:01,065] INFO - task_allocator.py:247 - 生成任务 5: 取货 (0, 7) → 送货 (24, 12)
[2026-05-26 20:42:01,065] INFO - od_flow.py:188 - 任务 5 分配给 AGV 7
[2026-05-26 20:42:01,065] INFO - task_allocator.py:322 - 分配任务 5 → AGV 7 (距离 48)
[2026-05-26 20:42:01,065] INFO - agv_controller.py:173 - AGV 7: 任务5 前往取货点 (0, 7)
[2026-05-26 20:42:01,078] INFO - task_allocator.py:247 - 生成任务 6: 取货 (0, 12) → 送货 (24, 44)
[2026-05-26 20:42:01,078] INFO - od_flow.py:188 - 任务 6 分配给 AGV 5
[2026-05-26 20:42:01,078] INFO - task_allocator.py:322 - 分配任务 6 → AGV 5 (距离 54)
[2026-05-26 20:42:01,079] INFO - agv_controller.py:173 - AGV 5: 任务6 前往取货点 (0, 12)
[2026-05-26 20:42:01,082] INFO - task_allocator.py:247 - 生成任务 7: 取货 (0, 37) → 送货 (25, 40)
[2026-05-26 20:42:01,082] INFO - task_allocator.py:247 - 生成任务 8: 取货 (49, 47) → 送货 (24, 20)
[2026-05-26 20:42:01,082] INFO - od_flow.py:188 - 任务 7 分配给 AGV 4
[2026-05-26 20:42:01,082] INFO - task_allocator.py:322 - 分配任务 7 → AGV 4 (距离 82)
[2026-05-26 20:42:01,083] INFO - agv_controller.py:173 - AGV 4: 任务7 前往取货点 (0, 37)
[2026-05-26 20:42:01,085] INFO - task_allocator.py:247 - 生成任务 9: 取货 (49, 37) → 送货 (25, 8)
[2026-05-26 20:42:01,088] WARNING - mapf_planner.py:292 - AGV 4: 无法找到路径 (47, 3) → (0, 37)
[2026-05-26 20:42:01,090] INFO - agv_controller.py:567 - AGV 0: 已取货，前往送货点 (24, 28)
[2026-05-26 20:42:01,093] WARNING - mapf_planner.py:292 - AGV 4: 无法找到路径 (47, 3) → (0, 37)
[2026-05-26 20:42:01,095] INFO - agv_controller.py:567 - AGV 1: 已取货，前往送货点 (24, 36)
[2026-05-26 20:42:01,103] WARNING - mapf_planner.py:292 - AGV 4: 无法找到路径 (47, 3) → (0, 37)
[2026-05-26 20:42:01,109] INFO - agv_controller.py:567 - AGV 3: 已取货，前往送货点 (25, 48)
[2026-05-26 20:42:01,112] WARNING - mapf_planner.py:292 - AGV 3: 无法找到路径 (0, 17) → (25, 48)
[2026-05-26 20:42:01,116] INFO - agv_controller.py:579 - AGV 2: 任务 0 完成！
[2026-05-26 20:42:01,116] INFO - od_flow.py:243 - 任务 0 已完成
