[2026-05-26 20:42:26,095] INFO - config.py:254 - 日志文件已创建: logs\simulation_20260526_204226.log
[2026-05-26 20:42:27,369] INFO - main.py:77 - 正在初始化仿真模块...
[2026-05-26 20:42:27,369] INFO - communication.py:303 - 模块 env 初始化完成
[2026-05-26 20:42:27,369] INFO - warehouse_env.py:117 - 仓库环境初始化完成: 50x50
[2026-05-26 20:42:27,369] INFO - warehouse_env.py:169 - 地图构建完成: 20个进货口, 12个出货口
[2026-05-26 20:42:27,372] INFO - warehouse_env.py:189 - 环境已重置
[2026-05-26 20:42:27,372] INFO - communication.py:303 - 模块 scheduler 初始化完成
[2026-05-26 20:42:27,376] INFO - od_flow.py:69 - OD流程管理器初始化完成，12个出货口
[2026-05-26 20:42:27,388] INFO - task_allocator.py:110 - 任务分配器初始化完成: 20个进货口, 12个出货口, 8台AGV
[2026-05-26 20:42:27,388] INFO - mapf_planner.py:260 - MAPF规划器初始化完成: 50x50
[2026-05-26 20:42:28,360] INFO - rl_collision_avoidance.py:226 - RL避撞控制器初始化完成 (PyTorch: True)
[2026-05-26 20:42:28,360] INFO - communication.py:303 - 模块 controller 初始化完成
[2026-05-26 20:42:28,361] INFO - agv_controller.py:126 - AGV控制器初始化完成
[2026-05-26 20:42:28,361] INFO - agv_controller.py:207 - 控制器已重置
[2026-05-26 20:42:28,361] INFO - main.py:103 - 所有模块初始化完成
[2026-05-26 20:42:28,361] INFO - main.py:73 - 仿真系统初始化完成
[2026-05-26 20:42:28,361] INFO - rl_collision_avoidance.py:686 - RL切换到训练模式
[2026-05-26 20:42:28,362] INFO - warehouse_env.py:169 - 地图构建完成: 20个进货口, 12个出货口
[2026-05-26 20:42:28,365] INFO - warehouse_env.py:189 - 环境已重置
[2026-05-26 20:42:28,365] INFO - od_flow.py:282 - OD流程管理器已重置
[2026-05-26 20:42:28,365] INFO - task_allocator.py:183 - 调度模块已重置
[2026-05-26 20:42:28,365] INFO - agv_controller.py:207 - 控制器已重置
[2026-05-26 20:42:28,366] INFO - main.py:233 - 仿真已重置
[2026-05-26 20:42:28,366] INFO - warehouse_env.py:169 - 地图构建完成: 20个进货口, 12个出货口
[2026-05-26 20:42:28,369] INFO - warehouse_env.py:189 - 环境已重置
[2026-05-26 20:42:28,370] INFO - warehouse_env.py:365 - 仿真开始，环境已初始化
[2026-05-26 20:42:28,370] INFO - od_flow.py:282 - OD流程管理器已重置
[2026-05-26 20:42:28,370] INFO - task_allocator.py:183 - 调度模块已重置
[2026-05-26 20:42:28,370] INFO - task_allocator.py:167 - 调度模块：仿真开始
[2026-05-26 20:42:28,370] INFO - agv_controller.py:207 - 控制器已重置
[2026-05-26 20:42:28,371] INFO - agv_controller.py:179 - 控制器：仿真开始
[2026-05-26 20:42:28,371] INFO - main.py:122 - ==================================================
[2026-05-26 20:42:28,371] INFO - main.py:123 - 仿真开始
[2026-05-26 20:42:28,371] INFO - main.py:124 - 地图: 50x50
[2026-05-26 20:42:28,371] INFO - main.py:125 - 最大步数: 100
[2026-05-26 20:42:28,371] INFO - main.py:126 - ==================================================
[2026-05-26 20:42:28,372] INFO - main.py:190 - 步数 1: 已完成 0 个任务, AGV: 空闲8 移动中0 装卸0
[2026-05-26 20:42:28,372] INFO - task_allocator.py:247 - 生成任务 0: 取货 (0, 17) → 送货 (24, 4)
[2026-05-26 20:42:28,372] INFO - od_flow.py:188 - 任务 0 分配给 AGV 2
[2026-05-26 20:42:28,372] INFO - task_allocator.py:322 - 分配任务 0 → AGV 2 (距离 11)
[2026-05-26 20:42:28,372] INFO - agv_controller.py:173 - AGV 2: 任务0 前往取货点 (0, 17)
[2026-05-26 20:42:28,373] INFO - main.py:190 - 步数 2: 已完成 0 个任务, AGV: 空闲7 移动中1 装卸0
[2026-05-26 20:42:28,373] INFO - main.py:190 - 步数 3: 已完成 0 个任务, AGV: 空闲7 移动中1 装卸0
[2026-05-26 20:42:28,373] INFO - main.py:190 - 步数 4: 已完成 0 个任务, AGV: 空闲7 移动中1 装卸0
[2026-05-26 20:42:28,373] INFO - main.py:190 - 步数 5: 已完成 0 个任务, AGV: 空闲7 移动中1 装卸0
[2026-05-26 20:42:28,374] INFO - main.py:190 - 步数 6: 已完成 0 个任务, AGV: 空闲7 移动中1 装卸0
[2026-05-26 20:42:28,374] INFO - task_allocator.py:247 - 生成任务 1: 取货 (0, 42) → 送货 (24, 36)
[2026-05-26 20:42:28,374] INFO - od_flow.py:188 - 任务 1 分配给 AGV 1
[2026-05-26 20:42:28,374] INFO - task_allocator.py:322 - 分配任务 1 → AGV 1 (距离 39)
[2026-05-26 20:42:28,374] INFO - agv_controller.py:173 - AGV 1: 任务1 前往取货点 (0, 42)
[2026-05-26 20:42:28,375] INFO - main.py:190 - 步数 7: 已完成 0 个任务, AGV: 空闲6 移动中2 装卸0
[2026-05-26 20:42:28,376] INFO - main.py:190 - 步数 8: 已完成 0 个任务, AGV: 空闲6 移动中2 装卸0
[2026-05-26 20:42:28,377] INFO - main.py:190 - 步数 9: 已完成 0 个任务, AGV: 空闲6 移动中2 装卸0
[2026-05-26 20:42:28,377] INFO - task_allocator.py:247 - 生成任务 2: 取货 (0, 37) → 送货 (24, 28)
[2026-05-26 20:42:28,377] INFO - od_flow.py:188 - 任务 2 分配给 AGV 0
[2026-05-26 20:42:28,377] INFO - task_allocator.py:322 - 分配任务 2 → AGV 0 (距离 37)
[2026-05-26 20:42:28,377] INFO - agv_controller.py:173 - AGV 0: 任务2 前往取货点 (0, 37)
[2026-05-26 20:42:28,379] INFO - main.py:190 - 步数 10: 已完成 0 个任务, AGV: 空闲5 移动中3 装卸0
[2026-05-26 20:42:28,382] INFO - agv_controller.py:567 - AGV 2: 已取货，前往送货点 (24, 4)
[2026-05-26 20:42:28,423] INFO - task_allocator.py:247 - 生成任务 3: 取货 (0, 17) → 送货 (25, 48)
[2026-05-26 20:42:28,423] INFO - task_allocator.py:247 - 生成任务 4: 取货 (0, 12) → 送货 (25, 32)
[2026-05-26 20:42:28,423] INFO - od_flow.py:188 - 任务 3 分配给 AGV 3
[2026-05-26 20:42:28,423] INFO - task_allocator.py:322 - 分配任务 3 → AGV 3 (距离 19)
[2026-05-26 20:42:28,424] INFO - od_flow.py:188 - 任务 4 分配给 AGV 6
[2026-05-26 20:42:28,424] INFO - task_allocator.py:322 - 分配任务 4 → AGV 6 (距离 51)
[2026-05-26 20:42:28,424] INFO - agv_controller.py:173 - AGV 3: 任务3 前往取货点 (0, 17)
[2026-05-26 20:42:28,424] INFO - agv_controller.py:173 - AGV 6: 任务4 前往取货点 (0, 12)
[2026-05-26 20:42:28,431] WARNING - mapf_planner.py:292 - AGV 0: 无法找到路径 (2, 25) → (0, 37)
[2026-05-26 20:42:28,433] WARNING - mapf_planner.py:292 - AGV 0: 无法找到路径 (2, 26) → (0, 37)
[2026-05-26 20:42:28,444] INFO - task_allocator.py:247 - 生成任务 5: 取货 (0, 7) → 送货 (24, 12)
[2026-05-26 20:42:28,444] INFO - od_flow.py:188 - 任务 5 分配给 AGV 7
[2026-05-26 20:42:28,444] INFO - task_allocator.py:322 - 分配任务 5 → AGV 7 (距离 48)
[2026-05-26 20:42:28,445] INFO - agv_controller.py:173 - AGV 7: 任务5 前往取货点 (0, 7)
[2026-05-26 20:42:28,460] INFO - task_allocator.py:247 - 生成任务 6: 取货 (0, 12) → 送货 (24, 44)
[2026-05-26 20:42:28,460] INFO - od_flow.py:188 - 任务 6 分配给 AGV 5
[2026-05-26 20:42:28,460] INFO - task_allocator.py:322 - 分配任务 6 → AGV 5 (距离 54)
[2026-05-26 20:42:28,460] INFO - agv_controller.py:173 - AGV 5: 任务6 前往取货点 (0, 12)
[2026-05-26 20:42:28,463] INFO - task_allocator.py:247 - 生成任务 7: 取货 (0, 37) → 送货 (25, 40)
[2026-05-26 20:42:28,464] INFO - task_allocator.py:247 - 生成任务 8: 取货 (49, 47) → 送货 (24, 20)
[2026-05-26 20:42:28,464] INFO - od_flow.py:188 - 任务 7 分配给 AGV 4
[2026-05-26 20:42:28,464] INFO - task_allocator.py:322 - 分配任务 7 → AGV 4 (距离 82)
[2026-05-26 20:42:28,464] INFO - agv_controller.py:173 - AGV 4: 任务7 前往取货点 (0, 37)
[2026-05-26 20:42:28,467] INFO - task_allocator.py:247 - 生成任务 9: 取货 (49, 37) → 送货 (25, 8)
[2026-05-26 20:42:28,470] WARNING - mapf_planner.py:292 - AGV 4: 无法找到路径 (46, 2) → (0, 37)
[2026-05-26 20:42:28,475] INFO - agv_controller.py:567 - AGV 1: 已取货，前往送货点 (24, 36)
[2026-05-26 20:42:28,481] WARNING - mapf_planner.py:292 - AGV 4: 无法找到路径 (46, 3) → (0, 37)
[2026-05-26 20:42:28,483] INFO - agv_controller.py:567 - AGV 0: 已取货，前往送货点 (24, 28)
[2026-05-26 20:42:28,488] WARNING - mapf_planner.py:292 - AGV 4: 无法找到路径 (46, 3) → (0, 37)
[2026-05-26 20:42:28,489] INFO - agv_controller.py:567 - AGV 3: 已取货，前往送货点 (25, 48)
[2026-05-26 20:42:28,495] WARNING - mapf_planner.py:292 - AGV 4: 无法找到路径 (46, 3) → (0, 37)
[2026-05-26 20:42:28,496] INFO - agv_controller.py:579 - AGV 2: 任务 0 完成！
[2026-05-26 20:42:28,497] INFO - od_flow.py:243 - 任务 0 已完成
[2026-05-26 20:42:28,497] INFO - od_flow.py:188 - 任务 8 分配给 AGV 2
[2026-05-26 20:42:28,497] INFO - task_allocator.py:322 - 分配任务 8 → AGV 2 (距离 86)
[2026-05-26 20:42:28,497] INFO - agv_controller.py:173 - AGV 2: 任务8 前往取货点 (49, 47)
[2026-05-26 20:42:28,510] INFO - task_allocator.py:247 - 生成任务 10: 取货 (49, 37) → 送货 (25, 16)
[2026-05-26 20:42:28,517] WARNING - mapf_planner.py:292 - AGV 4: 无法找到路径 (45, 3) → (0, 37)
[2026-05-26 20:42:28,523] WARNING - mapf_planner.py:292 - AGV 2: 无法找到路径 (24, 6) → (49, 47)
[2026-05-26 20:42:28,536] WARNING - mapf_planner.py:292 - AGV 2: 无法找到路径 (24, 6) → (49, 47)
[2026-05-26 20:42:28,573] WARNING - mapf_planner.py:292 - AGV 2: 无法找到路径 (25, 7) → (49, 47)
[2026-05-26 20:42:28,577] INFO - task_allocator.py:247 - 生成任务 11: 取货 (0, 37) → 送货 (25, 24)
[2026-05-26 20:42:28,585] WARNING - mapf_planner.py:292 - AGV 4: 无法找到路径 (41, 4) → (0, 37)
[2026-05-26 20:42:28,596] WARNING - mapf_planner.py:292 - AGV 4: 无法找到路径 (41, 4) → (0, 37)
[2026-05-26 20:42:28,613] WARNING - mapf_planner.py:292 - AGV 2: 无法找到路径 (27, 8) → (49, 47)
[2026-05-26 20:42:28,616] WARNING - mapf_planner.py:292 - AGV 4: 无法找到路径 (41, 5) → (0, 37)
[2026-05-26 20:42:28,626] WARNING - mapf_planner.py:292 - AGV 2: 无法找到路径 (27, 9) → (49, 47)
[2026-05-26 20:42:28,638] WARNING - mapf_planner.py:292 - AGV 4: 无法找到路径 (39, 5) → (0, 37)
[2026-05-26 20:42:28,639] WARNING - mapf_planner.py:292 - AGV 7: 无法找到路径 (21, 6) → (0, 7)
[2026-05-26 20:42:28,645] WARNING - mapf_planner.py:292 - AGV 4: 无法找到路径 (39, 5) → (0, 37)
[2026-05-26 20:42:28,653] WARNING - mapf_planner.py:292 - AGV 4: 无法找到路径 (39, 5) → (0, 37)
[2026-05-26 20:42:28,666] INFO - task_allocator.py:247 - 生成任务 12: 取货 (49, 42) → 送货 (24, 4)
[2026-05-26 20:42:28,671] WARNING - mapf_planner.py:292 - AGV 4: 无法找到路径 (39, 6) → (0, 37)
[2026-05-26 20:42:28,672] WARNING - mapf_planner.py:292 - AGV 0: 无法找到路径 (13, 30) → (24, 28)
[2026-05-26 20:42:28,683] WARNING - mapf_planner.py:292 - AGV 4: 无法找到路径 (38, 6) → (0, 37)
[2026-05-26 20:42:28,698] WARNING - mapf_planner.py:292 - AGV 4: 无法找到路径 (38, 7) → (0, 37)
[2026-05-26 20:42:28,703] WARNING - mapf_planner.py:292 - AGV 4: 无法找到路径 (38, 7) → (0, 37)
[2026-05-26 20:42:28,708] WARNING - mapf_planner.py:292 - AGV 4: 无法找到路径 (38, 7) → (0, 37)
[2026-05-26 20:42:28,714] WARNING - mapf_planner.py:292 - AGV 4: 无法找到路径 (38, 7) → (0, 37)
[2026-05-26 20:42:28,729] WARNING - mapf_planner.py:292 - AGV 4: 无法找到路径 (38, 8) → (0, 37)
[2026-05-26 20:42:28,733] INFO - agv_controller.py:579 - AGV 1: 任务 1 完成！
[2026-05-26 20:42:28,733] INFO - od_flow.py:243 - 任务 1 已完成
[2026-05-26 20:42:28,734] INFO - od_flow.py:188 - 任务 9 分配给 AGV 1
[2026-05-26 20:42:28,734] INFO - task_allocator.py:322 - 分配任务 9 → AGV 1 (距离 79)
[2026-05-26 20:42:28,734] INFO - agv_controller.py:173 - AGV 1: 任务9 前往取货点 (49, 37)
[2026-05-26 20:42:28,738] WARNING - mapf_planner.py:292 - AGV 4: 无法找到路径 (37, 8) → (0, 37)
[2026-05-26 20:42:28,752] INFO - agv_controller.py:567 - AGV 6: 已取货，前往送货点 (25, 32)
[2026-05-26 20:42:28,768] WARNING - mapf_planner.py:292 - AGV 4: 无法找到路径 (35, 10) → (0, 37)
[2026-05-26 20:42:28,769] INFO - agv_controller.py:579 - AGV 0: 任务 2 完成！
[2026-05-26 20:42:28,770] INFO - od_flow.py:243 - 任务 2 已完成
[2026-05-26 20:42:28,770] INFO - od_flow.py:188 - 任务 10 分配给 AGV 0
[2026-05-26 20:42:28,770] INFO - task_allocator.py:322 - 分配任务 10 → AGV 0 (距离 82)
[2026-05-26 20:42:28,770] INFO - agv_controller.py:173 - AGV 0: 任务10 前往取货点 (49, 37)
[2026-05-26 20:42:28,778] INFO - agv_controller.py:567 - AGV 7: 已取货，前往送货点 (24, 12)
[2026-05-26 20:42:28,795] WARNING - mapf_planner.py:292 - AGV 4: 无法找到路径 (34, 12) → (0, 37)
[2026-05-26 20:42:28,800] INFO - task_allocator.py:247 - 生成任务 13: 取货 (0, 27) → 送货 (24, 36)
[2026-05-26 20:42:28,809] WARNING - mapf_planner.py:292 - AGV 4: 无法找到路径 (33, 13) → (0, 37)
[2026-05-26 20:42:28,819] WARNING - mapf_planner.py:292 - AGV 4: 无法找到路径 (33, 13) → (0, 37)
[2026-05-26 20:42:28,829] WARNING - mapf_planner.py:292 - AGV 4: 无法找到路径 (32, 13) → (0, 37)
[2026-05-26 20:42:28,853] INFO - task_allocator.py:247 - 生成任务 14: 取货 (49, 2) → 送货 (24, 28)
[2026-05-26 20:42:28,910] INFO - main.py:190 - 步数 100: 已完成 3 个任务, AGV: 空闲0 移动中8 装卸0
[2026-05-26 20:42:28,910] INFO - warehouse_env.py:370 - 仿真停止，共运行 100 步
[2026-05-26 20:42:28,910] INFO - task_allocator.py:172 - 调度模块：仿真停止，共运行 100 步
[2026-05-26 20:42:28,910] INFO - agv_controller.py:184 - 控制器：仿真停止，完成 3 个任务
[2026-05-26 20:42:28,911] INFO - main.py:251 - ==================================================
[2026-05-26 20:42:28,911] INFO - main.py:252 - 仿真结束
[2026-05-26 20:42:28,911] INFO - main.py:253 - 总步数: 100
[2026-05-26 20:42:28,911] INFO - main.py:254 - 完成任务: 3
[2026-05-26 20:42:28,911] INFO - main.py:255 - AGV总移动步数: 588
[2026-05-26 20:42:28,911] INFO - main.py:256 - ==================================================
[2026-05-26 20:42:28,911] INFO - rl_collision_avoidance.py:671 - 回合 1 结束: 总奖励=2381.2, 平均奖励=125.326, 探索率=0.909, 经验池=597
[2026-05-26 20:42:28,917] INFO - warehouse_env.py:169 - 地图构建完成: 20个进货口, 12个出货口
[2026-05-26 20:42:28,919] INFO - warehouse_env.py:189 - 环境已重置
[2026-05-26 20:42:28,919] INFO - od_flow.py:282 - OD流程管理器已重置
[2026-05-26 20:42:28,919] INFO - task_allocator.py:183 - 调度模块已重置
[2026-05-26 20:42:28,920] INFO - agv_controller.py:207 - 控制器已重置
[2026-05-26 20:42:28,920] INFO - main.py:233 - 仿真已重置
[2026-05-26 20:42:28,920] INFO - warehouse_env.py:169 - 地图构建完成: 20个进货口, 12个出货口
[2026-05-26 20:42:28,922] INFO - warehouse_env.py:189 - 环境已重置
[2026-05-26 20:42:28,923] INFO - warehouse_env.py:365 - 仿真开始，环境已初始化
[2026-05-26 20:42:28,923] INFO - od_flow.py:282 - OD流程管理器已重置
[2026-05-26 20:42:28,923] INFO - task_allocator.py:183 - 调度模块已重置
[2026-05-26 20:42:28,923] INFO - task_allocator.py:167 - 调度模块：仿真开始
[2026-05-26 20:42:28,923] INFO - agv_controller.py:207 - 控制器已重置
[2026-05-26 20:42:28,923] INFO - agv_controller.py:179 - 控制器：仿真开始
[2026-05-26 20:42:28,924] INFO - main.py:122 - ==================================================
[2026-05-26 20:42:28,924] INFO - main.py:123 - 仿真开始
[2026-05-26 20:42:28,924] INFO - main.py:124 - 地图: 50x50
[2026-05-26 20:42:28,924] INFO - main.py:125 - 最大步数: 100
[2026-05-26 20:42:28,924] INFO - main.py:126 - ==================================================
[2026-05-26 20:42:28,925] INFO - main.py:190 - 步数 1: 已完成 0 个任务, AGV: 空闲8 移动中0 装卸0
[2026-05-26 20:42:28,925] INFO - task_allocator.py:247 - 生成任务 0: 取货 (0, 32) → 送货 (24, 44)
[2026-05-26 20:42:28,925] INFO - od_flow.py:188 - 任务 0 分配给 AGV 2
[2026-05-26 20:42:28,925] INFO - task_allocator.py:322 - 分配任务 0 → AGV 2 (距离 26)
[2026-05-26 20:42:28,925] INFO - agv_controller.py:173 - AGV 2: 任务0 前往取货点 (0, 32)
[2026-05-26 20:42:28,926] INFO - main.py:190 - 步数 2: 已完成 0 个任务, AGV: 空闲7 移动中1 装卸0
[2026-05-26 20:42:28,926] INFO - main.py:190 - 步数 3: 已完成 0 个任务, AGV: 空闲7 移动中1 装卸0
[2026-05-26 20:42:28,927] INFO - task_allocator.py:247 - 生成任务 1: 取货 (0, 17) → 送货 (24, 12)
[2026-05-26 20:42:28,927] INFO - od_flow.py:188 - 任务 1 分配给 AGV 1
[2026-05-26 20:42:28,927] INFO - task_allocator.py:322 - 分配任务 1 → AGV 1 (距离 14)
[2026-05-26 20:42:28,927] INFO - agv_controller.py:173 - AGV 1: 任务1 前往取货点 (0, 17)
[2026-05-26 20:42:28,974] INFO - main.py:190 - 步数 4: 已完成 0 个任务, AGV: 空闲6 移动中2 装卸0
[2026-05-26 20:42:28,975] INFO - main.py:190 - 步数 5: 已完成 0 个任务, AGV: 空闲6 移动中2 装卸0
[2026-05-26 20:42:28,976] INFO - main.py:190 - 步数 6: 已完成 0 个任务, AGV: 空闲6 移动中2 装卸0
[2026-05-26 20:42:28,976] INFO - main.py:190 - 步数 7: 已完成 0 个任务, AGV: 空闲6 移动中2 装卸0
[2026-05-26 20:42:28,989] INFO - main.py:190 - 步数 8: 已完成 0 个任务, AGV: 空闲6 移动中2 装卸0
[2026-05-26 20:42:28,989] INFO - task_allocator.py:247 - 生成任务 2: 取货 (49, 12) → 送货 (24, 20)
[2026-05-26 20:42:28,990] INFO - od_flow.py:188 - 任务 2 分配给 AGV 6
[2026-05-26 20:42:28,990] INFO - task_allocator.py:322 - 分配任务 2 → AGV 6 (距离 6)
[2026-05-26 20:42:28,990] INFO - agv_controller.py:173 - AGV 6: 任务2 前往取货点 (49, 12)
[2026-05-26 20:42:28,991] INFO - main.py:190 - 步数 9: 已完成 0 个任务, AGV: 空闲5 移动中3 装卸0
[2026-05-26 20:42:28,991] INFO - main.py:190 - 步数 10: 已完成 0 个任务, AGV: 空闲5 移动中3 装卸0
[2026-05-26 20:42:29,022] INFO - task_allocator.py:247 - 生成任务 3: 取货 (49, 7) → 送货 (25, 24)
[2026-05-26 20:42:29,022] INFO - od_flow.py:188 - 任务 3 分配给 AGV 5
[2026-05-26 20:42:29,022] INFO - task_allocator.py:322 - 分配任务 3 → AGV 5 (距离 4)
[2026-05-26 20:42:29,023] INFO - agv_controller.py:173 - AGV 5: 任务3 前往取货点 (49, 7)
[2026-05-26 20:42:29,023] INFO - agv_controller.py:567 - AGV 6: 已取货，前往送货点 (24, 20)
[2026-05-26 20:42:29,035] INFO - agv_controller.py:567 - AGV 1: 已取货，前往送货点 (24, 12)
[2026-05-26 20:42:29,036] INFO - task_allocator.py:247 - 生成任务 4: 取货 (49, 47) → 送货 (25, 16)
[2026-05-26 20:42:29,036] INFO - task_allocator.py:247 - 生成任务 5: 取货 (0, 7) → 送货 (25, 40)
[2026-05-26 20:42:29,036] INFO - od_flow.py:188 - 任务 4 分配给 AGV 4
[2026-05-26 20:42:29,036] INFO - task_allocator.py:322 - 分配任务 4 → AGV 4 (距离 47)
[2026-05-26 20:42:29,036] INFO - od_flow.py:188 - 任务 5 分配给 AGV 0
[2026-05-26 20:42:29,037] INFO - task_allocator.py:322 - 分配任务 5 → AGV 0 (距离 7)
[2026-05-26 20:42:29,037] INFO - agv_controller.py:173 - AGV 4: 任务4 前往取货点 (49, 47)
[2026-05-26 20:42:29,037] INFO - agv_controller.py:173 - AGV 0: 任务5 前往取货点 (0, 7)
[2026-05-26 20:42:29,039] INFO - agv_controller.py:567 - AGV 5: 已取货，前往送货点 (25, 24)
[2026-05-26 20:42:29,072] INFO - agv_controller.py:567 - AGV 0: 已取货，前往送货点 (25, 40)
[2026-05-26 20:42:29,076] WARNING - mapf_planner.py:292 - AGV 0: 无法找到路径 (0, 7) → (25, 40)
[2026-05-26 20:42:29,079] INFO - task_allocator.py:247 - 生成任务 6: 取货 (49, 22) → 送货 (25, 32)
[2026-05-26 20:42:29,079] INFO - od_flow.py:188 - 任务 6 分配给 AGV 7
[2026-05-26 20:42:29,079] INFO - task_allocator.py:322 - 分配任务 6 → AGV 7 (距离 24)
[2026-05-26 20:42:29,079] INFO - agv_controller.py:173 - AGV 7: 任务6 前往取货点 (49, 22)
[2026-05-26 20:42:29,082] INFO - agv_controller.py:567 - AGV 2: 已取货，前往送货点 (24, 44)
[2026-05-26 20:42:29,113] INFO - task_allocator.py:247 - 生成任务 7: 取货 (0, 17) → 送货 (25, 8)
[2026-05-26 20:42:29,113] INFO - od_flow.py:188 - 任务 7 分配给 AGV 3
[2026-05-26 20:42:29,113] INFO - task_allocator.py:322 - 分配任务 7 → AGV 3 (距离 19)
[2026-05-26 20:42:29,114] INFO - agv_controller.py:173 - AGV 3: 任务7 前往取货点 (0, 17)
[2026-05-26 20:42:29,117] WARNING - mapf_planner.py:292 - AGV 0: 无法找到路径 (1, 9) → (25, 40)
[2026-05-26 20:42:29,171] WARNING - mapf_planner.py:292 - AGV 0: 无法找到路径 (6, 11) → (25, 40)
[2026-05-26 20:42:29,179] INFO - task_allocator.py:247 - 生成任务 8: 取货 (0, 12) → 送货 (24, 36)
[2026-05-26 20:42:29,190] WARNING - mapf_planner.py:292 - AGV 0: 无法找到路径 (6, 15) → (25, 40)
[2026-05-26 20:42:29,200] WARNING - mapf_planner.py:292 - AGV 0: 无法找到路径 (8, 15) → (25, 40)
[2026-05-26 20:42:29,202] WARNING - mapf_planner.py:292 - AGV 0: 无法找到路径 (8, 16) → (25, 40)
[2026-05-26 20:42:29,202] INFO - agv_controller.py:579 - AGV 1: 任务 1 完成！
[2026-05-26 20:42:29,203] INFO - od_flow.py:243 - 任务 1 已完成
[2026-05-26 20:42:29,209] INFO - od_flow.py:188 - 任务 8 分配给 AGV 1
[2026-05-26 20:42:29,210] INFO - task_allocator.py:322 - 分配任务 8 → AGV 1 (距离 9)
[2026-05-26 20:42:29,210] INFO - agv_controller.py:173 - AGV 1: 任务8 前往取货点 (0, 12)
[2026-05-26 20:42:29,211] INFO - agv_controller.py:579 - AGV 6: 任务 2 完成！
[2026-05-26 20:42:29,212] INFO - od_flow.py:243 - 任务 2 已完成
[2026-05-26 20:42:29,213] INFO - agv_controller.py:567 - AGV 3: 已取货，前往送货点 (25, 8)
[2026-05-26 20:42:29,218] INFO - agv_controller.py:567 - AGV 7: 已取货，前往送货点 (25, 32)
[2026-05-26 20:42:29,252] INFO - task_allocator.py:247 - 生成任务 9: 取货 (49, 47) → 送货 (24, 20)
[2026-05-26 20:42:29,252] INFO - od_flow.py:188 - 任务 9 分配给 AGV 6
[2026-05-26 20:42:29,253] INFO - task_allocator.py:322 - 分配任务 9 → AGV 6 (距离 41)
[2026-05-26 20:42:29,253] INFO - agv_controller.py:173 - AGV 6: 任务9 前往取货点 (49, 47)
[2026-05-26 20:42:29,272] INFO - task_allocator.py:247 - 生成任务 10: 取货 (49, 42) → 送货 (24, 12)
[2026-05-26 20:42:29,291] WARNING - mapf_planner.py:292 - AGV 6: 无法找到路径 (27, 22) → (49, 47)
[2026-05-26 20:42:29,308] INFO - agv_controller.py:579 - AGV 5: 任务 3 完成！
[2026-05-26 20:42:29,308] INFO - od_flow.py:243 - 任务 3 已完成
[2026-05-26 20:42:29,308] INFO - od_flow.py:188 - 任务 10 分配给 AGV 5
[2026-05-26 20:42:29,309] INFO - task_allocator.py:322 - 分配任务 10 → AGV 5 (距离 39)
[2026-05-26 20:42:29,309] INFO - agv_controller.py:173 - AGV 5: 任务10 前往取货点 (49, 42)
[2026-05-26 20:42:29,317] INFO - task_allocator.py:247 - 生成任务 11: 取货 (0, 12) → 送货 (24, 4)
[2026-05-26 20:42:29,331] INFO - agv_controller.py:579 - AGV 2: 任务 0 完成！
[2026-05-26 20:42:29,332] INFO - od_flow.py:243 - 任务 0 已完成
[2026-05-26 20:42:29,332] INFO - od_flow.py:188 - 任务 11 分配给 AGV 2
[2026-05-26 20:42:29,332] INFO - task_allocator.py:322 - 分配任务 11 → AGV 2 (距离 6)
[2026-05-26 20:42:29,332] INFO - agv_controller.py:173 - AGV 2: 任务11 前往取货点 (0, 12)
[2026-05-26 20:42:29,337] INFO - agv_controller.py:567 - AGV 4: 已取货，前往送货点 (25, 16)
[2026-05-26 20:42:29,360] INFO - task_allocator.py:247 - 生成任务 12: 取货 (0, 37) → 送货 (25, 24)
[2026-05-26 20:42:29,364] WARNING - mapf_planner.py:292 - AGV 2: 无法找到路径 (22, 43) → (0, 12)
[2026-05-26 20:42:29,374] WARNING - mapf_planner.py:292 - AGV 4: 无法找到路径 (48, 45) → (25, 16)
[2026-05-26 20:42:29,404] INFO - task_allocator.py:247 - 生成任务 13: 取货 (0, 12) → 送货 (24, 28)
[2026-05-26 20:42:29,415] WARNING - mapf_planner.py:292 - AGV 4: 无法找到路径 (47, 42) → (25, 16)
[2026-05-26 20:42:29,418] INFO - agv_controller.py:567 - AGV 1: 已取货，前往送货点 (24, 36)
[2026-05-26 20:42:29,496] INFO - agv_controller.py:579 - AGV 3: 任务 7 完成！
[2026-05-26 20:42:29,497] INFO - od_flow.py:243 - 任务 7 已完成
[2026-05-26 20:42:29,497] INFO - od_flow.py:188 - 任务 12 分配给 AGV 3
[2026-05-26 20:42:29,497] INFO - task_allocator.py:322 - 分配任务 12 → AGV 3 (距离 39)
[2026-05-26 20:42:29,497] INFO - agv_controller.py:173 - AGV 3: 任务12 前往取货点 (0, 37)
[2026-05-26 20:42:29,508] INFO - agv_controller.py:579 - AGV 7: 任务 6 完成！
[2026-05-26 20:42:29,508] INFO - od_flow.py:243 - 任务 6 已完成
[2026-05-26 20:42:29,508] INFO - od_flow.py:188 - 任务 13 分配给 AGV 7
[2026-05-26 20:42:29,509] INFO - task_allocator.py:322 - 分配任务 13 → AGV 7 (距离 53)
[2026-05-26 20:42:29,509] INFO - agv_controller.py:173 - AGV 7: 任务13 前往取货点 (0, 12)
[2026-05-26 20:42:29,600] INFO - task_allocator.py:247 - 生成任务 14: 取货 (0, 17) → 送货 (25, 48)
[2026-05-26 20:42:29,607] INFO - agv_controller.py:579 - AGV 0: 任务 5 完成！
[2026-05-26 20:42:29,607] INFO - od_flow.py:243 - 任务 5 已完成
[2026-05-26 20:42:29,608] INFO - od_flow.py:188 - 任务 14 分配给 AGV 0
[2026-05-26 20:42:29,608] INFO - task_allocator.py:322 - 分配任务 14 → AGV 0 (距离 17)
[2026-05-26 20:42:29,608] INFO - agv_controller.py:173 - AGV 0: 任务14 前往取货点 (0, 17)
[2026-05-26 20:42:29,651] INFO - task_allocator.py:247 - 生成任务 15: 取货 (0, 42) → 送货 (25, 40)
[2026-05-26 20:42:29,656] INFO - task_allocator.py:247 - 生成任务 16: 取货 (49, 7) → 送货 (24, 44)
[2026-05-26 20:42:29,698] INFO - main.py:190 - 步数 100: 已完成 7 个任务, AGV: 空闲0 移动中8 装卸0
[2026-05-26 20:42:29,699] INFO - warehouse_env.py:370 - 仿真停止，共运行 100 步
[2026-05-26 20:42:29,699] INFO - task_allocator.py:172 - 调度模块：仿真停止，共运行 100 步
[2026-05-26 20:42:29,699] INFO - agv_controller.py:184 - 控制器：仿真停止，完成 7 个任务
[2026-05-26 20:42:29,699] INFO - main.py:251 - ==================================================
[2026-05-26 20:42:29,699] INFO - main.py:252 - 仿真结束
[2026-05-26 20:42:29,699] INFO - main.py:253 - 总步数: 100
[2026-05-26 20:42:29,699] INFO - main.py:254 - 完成任务: 7
[2026-05-26 20:42:29,700] INFO - main.py:255 - AGV总移动步数: 662
[2026-05-26 20:42:29,700] INFO - main.py:256 - ==================================================
[2026-05-26 20:42:29,700] INFO - rl_collision_avoidance.py:671 - 回合 2 结束: 总奖励=3771.4, 平均奖励=85.714, 探索率=0.802, 经验池=1275
[2026-05-26 20:42:29,700] INFO - warehouse_env.py:169 - 地图构建完成: 20个进货口, 12个出货口
[2026-05-26 20:42:29,703] INFO - warehouse_env.py:189 - 环境已重置
[2026-05-26 20:42:29,703] INFO - od_flow.py:282 - OD流程管理器已重置
[2026-05-26 20:42:29,703] INFO - task_allocator.py:183 - 调度模块已重置
[2026-05-26 20:42:29,703] INFO - agv_controller.py:207 - 控制器已重置
[2026-05-26 20:42:29,703] INFO - main.py:233 - 仿真已重置
[2026-05-26 20:42:29,703] INFO - warehouse_env.py:169 - 地图构建完成: 20个进货口, 12个出货口
[2026-05-26 20:42:29,706] INFO - warehouse_env.py:189 - 环境已重置
[2026-05-26 20:42:29,706] INFO - warehouse_env.py:365 - 仿真开始，环境已初始化
[2026-05-26 20:42:29,706] INFO - od_flow.py:282 - OD流程管理器已重置
[2026-05-26 20:42:29,706] INFO - task_allocator.py:183 - 调度模块已重置
[2026-05-26 20:42:29,706] INFO - task_allocator.py:167 - 调度模块：仿真开始
[2026-05-26 20:42:29,706] INFO - agv_controller.py:207 - 控制器已重置
[2026-05-26 20:42:29,707] INFO - agv_controller.py:179 - 控制器：仿真开始
[2026-05-26 20:42:29,707] INFO - main.py:122 - ==================================================
[2026-05-26 20:42:29,707] INFO - main.py:123 - 仿真开始
[2026-05-26 20:42:29,707] INFO - main.py:124 - 地图: 50x50
[2026-05-26 20:42:29,707] INFO - main.py:125 - 最大步数: 100
[2026-05-26 20:42:29,707] INFO - main.py:126 - ==================================================
[2026-05-26 20:42:29,708] INFO - main.py:190 - 步数 1: 已完成 0 个任务, AGV: 空闲8 移动中0 装卸0
[2026-05-26 20:42:29,708] INFO - main.py:190 - 步数 2: 已完成 0 个任务, AGV: 空闲8 移动中0 装卸0
[2026-05-26 20:42:29,708] INFO - main.py:190 - 步数 3: 已完成 0 个任务, AGV: 空闲8 移动中0 装卸0
[2026-05-26 20:42:29,713] INFO - main.py:190 - 步数 4: 已完成 0 个任务, AGV: 空闲8 移动中0 装卸0
[2026-05-26 20:42:29,714] INFO - main.py:190 - 步数 5: 已完成 0 个任务, AGV: 空闲8 移动中0 装卸0
[2026-05-26 20:42:29,714] INFO - main.py:190 - 步数 6: 已完成 0 个任务, AGV: 空闲8 移动中0 装卸0
[2026-05-26 20:42:29,714] INFO - task_allocator.py:247 - 生成任务 0: 取货 (49, 7) → 送货 (24, 44)
[2026-05-26 20:42:29,714] INFO - task_allocator.py:247 - 生成任务 1: 取货 (0, 32) → 送货 (25, 48)
[2026-05-26 20:42:29,715] INFO - task_allocator.py:247 - 生成任务 2: 取货 (0, 42) → 送货 (24, 12)
[2026-05-26 20:42:29,715] INFO - od_flow.py:188 - 任务 0 分配给 AGV 6
[2026-05-26 20:42:29,715] INFO - task_allocator.py:322 - 分配任务 0 → AGV 6 (距离 3)
[2026-05-26 20:42:29,715] INFO - od_flow.py:188 - 任务 1 分配给 AGV 2
[2026-05-26 20:42:29,715] INFO - task_allocator.py:322 - 分配任务 1 → AGV 2 (距离 26)
[2026-05-26 20:42:29,715] INFO - od_flow.py:188 - 任务 2 分配给 AGV 1
[2026-05-26 20:42:29,715] INFO - task_allocator.py:322 - 分配任务 2 → AGV 1 (距离 39)
[2026-05-26 20:42:29,715] INFO - agv_controller.py:173 - AGV 6: 任务0 前往取货点 (49, 7)
[2026-05-26 20:42:29,716] INFO - agv_controller.py:173 - AGV 2: 任务1 前往取货点 (0, 32)
[2026-05-26 20:42:29,716] INFO - agv_controller.py:173 - AGV 1: 任务2 前往取货点 (0, 42)
[2026-05-26 20:42:29,717] INFO - main.py:190 - 步数 7: 已完成 0 个任务, AGV: 空闲5 移动中3 装卸0
[2026-05-26 20:42:29,722] INFO - main.py:190 - 步数 8: 已完成 0 个任务, AGV: 空闲5 移动中3 装卸0
[2026-05-26 20:42:29,722] INFO - task_allocator.py:247 - 生成任务 3: 取货 (49, 47) → 送货 (24, 28)
[2026-05-26 20:42:29,722] INFO - od_flow.py:188 - 任务 3 分配给 AGV 5
[2026-05-26 20:42:29,722] INFO - task_allocator.py:322 - 分配任务 3 → AGV 5 (距离 44)
[2026-05-26 20:42:29,723] INFO - agv_controller.py:173 - AGV 5: 任务3 前往取货点 (49, 47)
[2026-05-26 20:42:29,724] INFO - main.py:190 - 步数 9: 已完成 0 个任务, AGV: 空闲4 移动中4 装卸0
[2026-05-26 20:42:29,724] INFO - task_allocator.py:247 - 生成任务 4: 取货 (49, 37) → 送货 (25, 8)
[2026-05-26 20:42:29,725] INFO - task_allocator.py:247 - 生成任务 5: 取货 (0, 27) → 送货 (25, 16)
[2026-05-26 20:42:29,725] INFO - od_flow.py:188 - 任务 4 分配给 AGV 4
[2026-05-26 20:42:29,725] INFO - task_allocator.py:322 - 分配任务 4 → AGV 4 (距离 37)
[2026-05-26 20:42:29,725] INFO - od_flow.py:188 - 任务 5 分配给 AGV 0
[2026-05-26 20:42:29,725] INFO - task_allocator.py:322 - 分配任务 5 → AGV 0 (距离 27)
[2026-05-26 20:42:29,725] INFO - agv_controller.py:173 - AGV 4: 任务4 前往取货点 (49, 37)
[2026-05-26 20:42:29,726] INFO - agv_controller.py:173 - AGV 0: 任务5 前往取货点 (0, 27)
[2026-05-26 20:42:29,728] INFO - agv_controller.py:567 - AGV 6: 已取货，前往送货点 (24, 44)
[2026-05-26 20:42:29,728] INFO - main.py:190 - 步数 10: 已完成 0 个任务, AGV: 空闲2 移动中6 装卸0
[2026-05-26 20:42:29,733] WARNING - mapf_planner.py:292 - AGV 6: 无法找到路径 (49, 7) → (24, 44)
[2026-05-26 20:42:29,745] INFO - task_allocator.py:247 - 生成任务 6: 取货 (49, 12) → 送货 (24, 36)
[2026-05-26 20:42:29,745] INFO - od_flow.py:188 - 任务 6 分配给 AGV 7
[2026-05-26 20:42:29,745] INFO - task_allocator.py:322 - 分配任务 6 → AGV 7 (距离 14)
[2026-05-26 20:42:29,746] INFO - agv_controller.py:173 - AGV 7: 任务6 前往取货点 (49, 12)
[2026-05-26 20:42:29,751] WARNING - mapf_planner.py:292 - AGV 6: 无法找到路径 (49, 8) → (24, 44)
[2026-05-26 20:42:29,757] WARNING - mapf_planner.py:292 - AGV 6: 无法找到路径 (49, 8) → (24, 44)
[2026-05-26 20:42:29,760] INFO - task_allocator.py:247 - 生成任务 7: 取货 (49, 37) → 送货 (24, 20)
[2026-05-26 20:42:29,761] INFO - od_flow.py:188 - 任务 7 分配给 AGV 3
[2026-05-26 20:42:29,761] INFO - task_allocator.py:322 - 分配任务 7 → AGV 3 (距离 78)
[2026-05-26 20:42:29,761] INFO - agv_controller.py:173 - AGV 3: 任务7 前往取货点 (49, 37)
[2026-05-26 20:42:29,765] WARNING - mapf_planner.py:292 - AGV 3: 无法找到路径 (5, 3) → (49, 37)
[2026-05-26 20:42:29,775] WARNING - mapf_planner.py:292 - AGV 3: 无法找到路径 (5, 3) → (49, 37)
[2026-05-26 20:42:29,780] WARNING - mapf_planner.py:292 - AGV 6: 无法找到路径 (49, 10) → (24, 44)
[2026-05-26 20:42:29,786] WARNING - mapf_planner.py:292 - AGV 3: 无法找到路径 (5, 3) → (49, 37)
[2026-05-26 20:42:29,793] WARNING - mapf_planner.py:292 - AGV 3: 无法找到路径 (5, 3) → (49, 37)
[2026-05-26 20:42:29,796] INFO - task_allocator.py:247 - 生成任务 8: 取货 (49, 2) → 送货 (24, 4)
[2026-05-26 20:42:29,800] WARNING - mapf_planner.py:292 - AGV 3: 无法找到路径 (5, 3) → (49, 37)
[2026-05-26 20:42:29,812] INFO - task_allocator.py:247 - 生成任务 9: 取货 (0, 37) → 送货 (25, 24)
[2026-05-26 20:42:29,816] WARNING - mapf_planner.py:292 - AGV 3: 无法找到路径 (5, 4) → (49, 37)
[2026-05-26 20:42:29,840] WARNING - mapf_planner.py:292 - AGV 3: 无法找到路径 (5, 6) → (49, 37)
[2026-05-26 20:42:29,850] WARNING - mapf_planner.py:292 - AGV 3: 无法找到路径 (5, 7) → (49, 37)
[2026-05-26 20:42:29,853] INFO - agv_controller.py:567 - AGV 7: 已取货，前往送货点 (24, 36)
[2026-05-26 20:42:29,856] WARNING - mapf_planner.py:292 - AGV 3: 无法找到路径 (5, 7) → (49, 37)
[2026-05-26 20:42:29,864] INFO - task_allocator.py:247 - 生成任务 10: 取货 (49, 2) → 送货 (25, 40)
[2026-05-26 20:42:29,875] WARNING - mapf_planner.py:292 - AGV 3: 无法找到路径 (5, 8) → (49, 37)
[2026-05-26 20:42:29,882] WARNING - mapf_planner.py:292 - AGV 3: 无法找到路径 (5, 8) → (49, 37)
[2026-05-26 20:42:29,888] WARNING - mapf_planner.py:292 - AGV 3: 无法找到路径 (5, 8) → (49, 37)
[2026-05-26 20:42:29,903] INFO - agv_controller.py:567 - AGV 2: 已取货，前往送货点 (25, 48)
[2026-05-26 20:42:29,921] WARNING - mapf_planner.py:292 - AGV 3: 无法找到路径 (6, 9) → (49, 37)
[2026-05-26 20:42:29,923] INFO - task_allocator.py:247 - 生成任务 11: 取货 (0, 42) → 送货 (25, 32)
[2026-05-26 20:42:29,940] INFO - agv_controller.py:567 - AGV 0: 已取货，前往送货点 (25, 16)
[2026-05-26 20:42:29,955] WARNING - mapf_planner.py:292 - AGV 3: 无法找到路径 (6, 12) → (49, 37)
[2026-05-26 20:42:29,988] WARNING - mapf_planner.py:292 - AGV 3: 无法找到路径 (9, 12) → (49, 37)
[2026-05-26 20:42:30,012] INFO - agv_controller.py:567 - AGV 4: 已取货，前往送货点 (25, 8)
[2026-05-26 20:42:30,017] WARNING - mapf_planner.py:292 - AGV 4: 无法找到路径 (49, 37) → (25, 8)
[2026-05-26 20:42:30,018] INFO - agv_controller.py:567 - AGV 1: 已取货，前往送货点 (24, 12)
[2026-05-26 20:42:30,058] INFO - agv_controller.py:567 - AGV 5: 已取货，前往送货点 (24, 28)
[2026-05-26 20:42:30,146] WARNING - mapf_planner.py:292 - AGV 5: 无法找到路径 (44, 40) → (24, 28)
[2026-05-26 20:42:30,162] WARNING - mapf_planner.py:292 - AGV 5: 无法找到路径 (45, 38) → (24, 28)
[2026-05-26 20:42:30,195] INFO - agv_controller.py:579 - AGV 0: 任务 5 完成！
[2026-05-26 20:42:30,195] INFO - od_flow.py:243 - 任务 5 已完成
[2026-05-26 20:42:30,196] INFO - od_flow.py:188 - 任务 8 分配给 AGV 0
[2026-05-26 20:42:30,196] INFO - task_allocator.py:322 - 分配任务 8 → AGV 0 (距离 47)
[2026-05-26 20:42:30,196] INFO - agv_controller.py:173 - AGV 0: 任务8 前往取货点 (49, 2)
[2026-05-26 20:42:30,199] INFO - agv_controller.py:579 - AGV 2: 任务 1 完成！
[2026-05-26 20:42:30,199] INFO - od_flow.py:243 - 任务 1 已完成
[2026-05-26 20:42:30,200] INFO - task_allocator.py:247 - 生成任务 12: 取货 (0, 32) → 送货 (25, 48)
[2026-05-26 20:42:30,200] INFO - od_flow.py:188 - 任务 9 分配给 AGV 2
[2026-05-26 20:42:30,200] INFO - task_allocator.py:322 - 分配任务 9 → AGV 2 (距离 31)
[2026-05-26 20:42:30,200] INFO - agv_controller.py:173 - AGV 2: 任务9 前往取货点 (0, 37)
[2026-05-26 20:42:30,215] INFO - agv_controller.py:579 - AGV 6: 任务 0 完成！
[2026-05-26 20:42:30,216] INFO - od_flow.py:243 - 任务 0 已完成
[2026-05-26 20:42:30,216] INFO - agv_controller.py:579 - AGV 7: 任务 6 完成！
[2026-05-26 20:42:30,216] INFO - od_flow.py:243 - 任务 6 已完成
[2026-05-26 20:42:30,216] INFO - od_flow.py:188 - 任务 10 分配给 AGV 7
[2026-05-26 20:42:30,216] INFO - task_allocator.py:322 - 分配任务 10 → AGV 7 (距离 6)
[2026-05-26 20:42:30,217] INFO - od_flow.py:188 - 任务 11 分配给 AGV 6
[2026-05-26 20:42:30,217] INFO - task_allocator.py:322 - 分配任务 11 → AGV 6 (距离 81)
[2026-05-26 20:42:30,217] INFO - agv_controller.py:173 - AGV 7: 任务10 前往取货点 (49, 2)
[2026-05-26 20:42:30,217] INFO - agv_controller.py:173 - AGV 6: 任务11 前往取货点 (0, 42)
[2026-05-26 20:42:30,230] WARNING - mapf_planner.py:292 - AGV 7: 无法找到路径 (25, 36) → (49, 2)
[2026-05-26 20:42:30,256] WARNING - mapf_planner.py:292 - AGV 7: 无法找到路径 (26, 34) → (49, 2)
[2026-05-26 20:42:30,282] INFO - task_allocator.py:247 - 生成任务 13: 取货 (49, 12) → 送货 (25, 16)
[2026-05-26 20:42:30,311] WARNING - mapf_planner.py:292 - AGV 7: 无法找到路径 (32, 32) → (49, 2)
[2026-05-26 20:42:30,336] WARNING - mapf_planner.py:292 - AGV 3: 无法找到路径 (42, 35) → (49, 37)
[2026-05-26 20:42:30,337] INFO - agv_controller.py:579 - AGV 5: 任务 3 完成！
[2026-05-26 20:42:30,337] INFO - od_flow.py:243 - 任务 3 已完成
[2026-05-26 20:42:30,340] INFO - main.py:190 - 步数 100: 已完成 5 个任务, AGV: 空闲1 移动中7 装卸0
[2026-05-26 20:42:30,340] INFO - warehouse_env.py:370 - 仿真停止，共运行 100 步
[2026-05-26 20:42:30,340] INFO - task_allocator.py:172 - 调度模块：仿真停止，共运行 100 步
[2026-05-26 20:42:30,340] INFO - agv_controller.py:184 - 控制器：仿真停止，完成 5 个任务
[2026-05-26 20:42:30,341] INFO - main.py:251 - ==================================================
[2026-05-26 20:42:30,341] INFO - main.py:252 - 仿真结束
[2026-05-26 20:42:30,341] INFO - main.py:253 - 总步数: 100
[2026-05-26 20:42:30,341] INFO - main.py:254 - 完成任务: 5
[2026-05-26 20:42:30,341] INFO - main.py:255 - AGV总移动步数: 715
[2026-05-26 20:42:30,341] INFO - main.py:256 - ==================================================
[2026-05-26 20:42:30,341] INFO - rl_collision_avoidance.py:671 - 回合 3 结束: 总奖励=2956.1, 平均奖励=42.842, 探索率=0.708, 经验池=2004
[2026-05-26 20:42:30,370] INFO - rl_collision_avoidance.py:705 - 模型已保存到 rl_model_v2.pth
