[2026-05-25 22:00:55,180] INFO - config.py:254 - 日志文件已创建: logs\simulation_20260525_220055.log
[2026-05-25 22:00:56,484] INFO - main.py:77 - 正在初始化仿真模块...
[2026-05-25 22:00:56,484] INFO - communication.py:303 - 模块 env 初始化完成
[2026-05-25 22:00:56,484] INFO - warehouse_env.py:117 - 仓库环境初始化完成: 50x50
[2026-05-25 22:00:56,485] INFO - warehouse_env.py:169 - 地图构建完成: 20个进货口, 12个出货口
[2026-05-25 22:00:56,487] INFO - warehouse_env.py:189 - 环境已重置
[2026-05-25 22:00:56,487] INFO - communication.py:303 - 模块 scheduler 初始化完成
[2026-05-25 22:00:56,487] INFO - od_flow.py:69 - OD流程管理器初始化完成，12个出货口
[2026-05-25 22:00:56,501] INFO - task_allocator.py:110 - 任务分配器初始化完成: 20个进货口, 12个出货口, 8台AGV
[2026-05-25 22:00:56,502] INFO - mapf_planner.py:260 - MAPF规划器初始化完成: 50x50
[2026-05-25 22:00:57,453] INFO - rl_collision_avoidance.py:226 - RL避撞控制器初始化完成 (PyTorch: True)
[2026-05-25 22:00:57,453] INFO - communication.py:303 - 模块 controller 初始化完成
[2026-05-25 22:00:57,453] INFO - agv_controller.py:126 - AGV控制器初始化完成
[2026-05-25 22:00:57,454] INFO - agv_controller.py:207 - 控制器已重置
[2026-05-25 22:00:57,454] INFO - main.py:103 - 所有模块初始化完成
[2026-05-25 22:00:57,454] INFO - main.py:73 - 仿真系统初始化完成
[2026-05-25 22:00:57,454] INFO - rl_collision_avoidance.py:686 - RL切换到训练模式
[2026-05-25 22:00:57,454] INFO - warehouse_env.py:169 - 地图构建完成: 20个进货口, 12个出货口
[2026-05-25 22:00:57,457] INFO - warehouse_env.py:189 - 环境已重置
[2026-05-25 22:00:57,457] INFO - od_flow.py:282 - OD流程管理器已重置
[2026-05-25 22:00:57,457] INFO - task_allocator.py:183 - 调度模块已重置
[2026-05-25 22:00:57,458] INFO - agv_controller.py:207 - 控制器已重置
[2026-05-25 22:00:57,458] INFO - main.py:233 - 仿真已重置
[2026-05-25 22:00:57,458] INFO - warehouse_env.py:169 - 地图构建完成: 20个进货口, 12个出货口
[2026-05-25 22:00:57,460] INFO - warehouse_env.py:189 - 环境已重置
[2026-05-25 22:00:57,460] INFO - warehouse_env.py:365 - 仿真开始，环境已初始化
[2026-05-25 22:00:57,460] INFO - od_flow.py:282 - OD流程管理器已重置
[2026-05-25 22:00:57,460] INFO - task_allocator.py:183 - 调度模块已重置
[2026-05-25 22:00:57,460] INFO - task_allocator.py:167 - 调度模块：仿真开始
[2026-05-25 22:00:57,460] INFO - agv_controller.py:207 - 控制器已重置
[2026-05-25 22:00:57,460] INFO - agv_controller.py:179 - 控制器：仿真开始
[2026-05-25 22:00:57,460] INFO - main.py:122 - ==================================================
[2026-05-25 22:00:57,460] INFO - main.py:123 - 仿真开始
[2026-05-25 22:00:57,460] INFO - main.py:124 - 地图: 50x50
[2026-05-25 22:00:57,461] INFO - main.py:125 - 最大步数: 50
[2026-05-25 22:00:57,461] INFO - main.py:126 - ==================================================
[2026-05-25 22:00:57,461] INFO - main.py:190 - 步数 1: 已完成 0 个任务, AGV: 空闲8 移动中0 装卸0
[2026-05-25 22:00:57,461] INFO - task_allocator.py:247 - 生成任务 0: 取货 (0, 17) → 送货 (24, 4)
[2026-05-25 22:00:57,461] INFO - od_flow.py:188 - 任务 0 分配给 AGV 2
[2026-05-25 22:00:57,461] INFO - task_allocator.py:322 - 分配任务 0 → AGV 2 (距离 11)
[2026-05-25 22:00:57,462] INFO - agv_controller.py:173 - AGV 2: 任务0 前往取货点 (0, 17)
[2026-05-25 22:00:57,462] INFO - main.py:190 - 步数 2: 已完成 0 个任务, AGV: 空闲7 移动中1 装卸0
[2026-05-25 22:00:57,463] INFO - main.py:190 - 步数 3: 已完成 0 个任务, AGV: 空闲7 移动中1 装卸0
[2026-05-25 22:00:57,463] INFO - main.py:190 - 步数 4: 已完成 0 个任务, AGV: 空闲7 移动中1 装卸0
[2026-05-25 22:00:57,463] INFO - main.py:190 - 步数 5: 已完成 0 个任务, AGV: 空闲7 移动中1 装卸0
[2026-05-25 22:00:57,464] INFO - main.py:190 - 步数 6: 已完成 0 个任务, AGV: 空闲7 移动中1 装卸0
[2026-05-25 22:00:57,464] INFO - task_allocator.py:247 - 生成任务 1: 取货 (0, 42) → 送货 (24, 36)
[2026-05-25 22:00:57,464] INFO - od_flow.py:188 - 任务 1 分配给 AGV 1
[2026-05-25 22:00:57,464] INFO - task_allocator.py:322 - 分配任务 1 → AGV 1 (距离 39)
[2026-05-25 22:00:57,465] INFO - agv_controller.py:173 - AGV 1: 任务1 前往取货点 (0, 42)
[2026-05-25 22:00:57,465] INFO - main.py:190 - 步数 7: 已完成 0 个任务, AGV: 空闲6 移动中2 装卸0
[2026-05-25 22:00:57,466] INFO - main.py:190 - 步数 8: 已完成 0 个任务, AGV: 空闲6 移动中2 装卸0
[2026-05-25 22:00:57,467] INFO - main.py:190 - 步数 9: 已完成 0 个任务, AGV: 空闲6 移动中2 装卸0
[2026-05-25 22:00:57,467] INFO - task_allocator.py:247 - 生成任务 2: 取货 (0, 37) → 送货 (24, 28)
[2026-05-25 22:00:57,467] INFO - od_flow.py:188 - 任务 2 分配给 AGV 0
[2026-05-25 22:00:57,467] INFO - task_allocator.py:322 - 分配任务 2 → AGV 0 (距离 37)
[2026-05-25 22:00:57,467] INFO - agv_controller.py:173 - AGV 0: 任务2 前往取货点 (0, 37)
[2026-05-25 22:00:57,469] INFO - main.py:190 - 步数 10: 已完成 0 个任务, AGV: 空闲5 移动中3 装卸0
[2026-05-25 22:00:57,472] INFO - agv_controller.py:567 - AGV 2: 已取货，前往送货点 (24, 4)
[2026-05-25 22:00:57,629] INFO - task_allocator.py:247 - 生成任务 3: 取货 (0, 17) → 送货 (25, 48)
[2026-05-25 22:00:57,629] INFO - task_allocator.py:247 - 生成任务 4: 取货 (0, 12) → 送货 (25, 32)
[2026-05-25 22:00:57,629] INFO - od_flow.py:188 - 任务 3 分配给 AGV 3
[2026-05-25 22:00:57,629] INFO - task_allocator.py:322 - 分配任务 3 → AGV 3 (距离 19)
[2026-05-25 22:00:57,629] INFO - od_flow.py:188 - 任务 4 分配给 AGV 6
[2026-05-25 22:00:57,629] INFO - task_allocator.py:322 - 分配任务 4 → AGV 6 (距离 51)
[2026-05-25 22:00:57,630] INFO - agv_controller.py:173 - AGV 3: 任务3 前往取货点 (0, 17)
[2026-05-25 22:00:57,630] INFO - agv_controller.py:173 - AGV 6: 任务4 前往取货点 (0, 12)
[2026-05-25 22:00:57,642] WARNING - mapf_planner.py:292 - AGV 0: 无法找到路径 (1, 26) → (0, 37)
[2026-05-25 22:00:57,650] INFO - task_allocator.py:247 - 生成任务 5: 取货 (0, 7) → 送货 (24, 12)
[2026-05-25 22:00:57,650] INFO - od_flow.py:188 - 任务 5 分配给 AGV 7
[2026-05-25 22:00:57,651] INFO - task_allocator.py:322 - 分配任务 5 → AGV 7 (距离 48)
[2026-05-25 22:00:57,651] INFO - agv_controller.py:173 - AGV 7: 任务5 前往取货点 (0, 7)
[2026-05-25 22:00:57,667] INFO - task_allocator.py:247 - 生成任务 6: 取货 (0, 12) → 送货 (24, 44)
[2026-05-25 22:00:57,667] INFO - od_flow.py:188 - 任务 6 分配给 AGV 5
[2026-05-25 22:00:57,667] INFO - task_allocator.py:322 - 分配任务 6 → AGV 5 (距离 54)
[2026-05-25 22:00:57,667] INFO - agv_controller.py:173 - AGV 5: 任务6 前往取货点 (0, 12)
[2026-05-25 22:00:57,671] INFO - task_allocator.py:247 - 生成任务 7: 取货 (0, 37) → 送货 (25, 40)
[2026-05-25 22:00:57,671] INFO - task_allocator.py:247 - 生成任务 8: 取货 (49, 47) → 送货 (24, 20)
[2026-05-25 22:00:57,671] INFO - od_flow.py:188 - 任务 7 分配给 AGV 4
[2026-05-25 22:00:57,671] INFO - task_allocator.py:322 - 分配任务 7 → AGV 4 (距离 82)
[2026-05-25 22:00:57,671] INFO - agv_controller.py:173 - AGV 4: 任务7 前往取货点 (0, 37)
[2026-05-25 22:00:57,676] INFO - task_allocator.py:247 - 生成任务 9: 取货 (49, 37) → 送货 (25, 8)
[2026-05-25 22:00:57,679] WARNING - mapf_planner.py:292 - AGV 4: 无法找到路径 (47, 3) → (0, 37)
[2026-05-25 22:00:57,680] INFO - agv_controller.py:567 - AGV 0: 已取货，前往送货点 (24, 28)
[2026-05-25 22:00:57,685] WARNING - mapf_planner.py:292 - AGV 4: 无法找到路径 (47, 3) → (0, 37)
[2026-05-25 22:00:57,694] INFO - agv_controller.py:567 - AGV 1: 已取货，前往送货点 (24, 36)
[2026-05-25 22:00:57,698] WARNING - mapf_planner.py:292 - AGV 4: 无法找到路径 (47, 4) → (0, 37)
[2026-05-25 22:00:57,700] INFO - agv_controller.py:567 - AGV 3: 已取货，前往送货点 (25, 48)
[2026-05-25 22:00:57,700] INFO - warehouse_env.py:370 - 仿真停止，共运行 50 步
[2026-05-25 22:00:57,700] INFO - task_allocator.py:172 - 调度模块：仿真停止，共运行 50 步
[2026-05-25 22:00:57,700] INFO - agv_controller.py:184 - 控制器：仿真停止，完成 0 个任务
[2026-05-25 22:00:57,701] INFO - main.py:251 - ==================================================
[2026-05-25 22:00:57,701] INFO - main.py:252 - 仿真结束
[2026-05-25 22:00:57,701] INFO - main.py:253 - 总步数: 50
[2026-05-25 22:00:57,701] INFO - main.py:254 - 完成任务: 0
[2026-05-25 22:00:57,701] INFO - main.py:255 - AGV总移动步数: 192
[2026-05-25 22:00:57,701] INFO - main.py:256 - ==================================================
[2026-05-25 22:00:57,701] INFO - rl_collision_avoidance.py:671 - 回合 1 结束: 总奖励=1062.7, 平均奖励=177.117, 探索率=0.970, 经验池=197
[2026-05-25 22:00:57,707] INFO - warehouse_env.py:169 - 地图构建完成: 20个进货口, 12个出货口
[2026-05-25 22:00:57,709] INFO - warehouse_env.py:189 - 环境已重置
[2026-05-25 22:00:57,709] INFO - od_flow.py:282 - OD流程管理器已重置
[2026-05-25 22:00:57,710] INFO - task_allocator.py:183 - 调度模块已重置
[2026-05-25 22:00:57,710] INFO - agv_controller.py:207 - 控制器已重置
[2026-05-25 22:00:57,710] INFO - main.py:233 - 仿真已重置
[2026-05-25 22:00:57,710] INFO - warehouse_env.py:169 - 地图构建完成: 20个进货口, 12个出货口
[2026-05-25 22:00:57,712] INFO - warehouse_env.py:189 - 环境已重置
[2026-05-25 22:00:57,712] INFO - warehouse_env.py:365 - 仿真开始，环境已初始化
[2026-05-25 22:00:57,713] INFO - od_flow.py:282 - OD流程管理器已重置
[2026-05-25 22:00:57,713] INFO - task_allocator.py:183 - 调度模块已重置
[2026-05-25 22:00:57,713] INFO - task_allocator.py:167 - 调度模块：仿真开始
[2026-05-25 22:00:57,713] INFO - agv_controller.py:207 - 控制器已重置
[2026-05-25 22:00:57,713] INFO - agv_controller.py:179 - 控制器：仿真开始
[2026-05-25 22:00:57,713] INFO - main.py:122 - ==================================================
[2026-05-25 22:00:57,713] INFO - main.py:123 - 仿真开始
[2026-05-25 22:00:57,713] INFO - main.py:124 - 地图: 50x50
[2026-05-25 22:00:57,714] INFO - main.py:125 - 最大步数: 50
[2026-05-25 22:00:57,714] INFO - main.py:126 - ==================================================
[2026-05-25 22:00:57,714] INFO - main.py:190 - 步数 1: 已完成 0 个任务, AGV: 空闲8 移动中0 装卸0
[2026-05-25 22:00:57,718] INFO - main.py:190 - 步数 2: 已完成 0 个任务, AGV: 空闲8 移动中0 装卸0
[2026-05-25 22:00:57,718] INFO - task_allocator.py:247 - 生成任务 0: 取货 (49, 37) → 送货 (25, 8)
[2026-05-25 22:00:57,719] INFO - od_flow.py:188 - 任务 0 分配给 AGV 6
[2026-05-25 22:00:57,719] INFO - task_allocator.py:322 - 分配任务 0 → AGV 6 (距离 31)
[2026-05-25 22:00:57,719] INFO - agv_controller.py:173 - AGV 6: 任务0 前往取货点 (49, 37)
[2026-05-25 22:00:57,720] INFO - main.py:190 - 步数 3: 已完成 0 个任务, AGV: 空闲7 移动中1 装卸0
[2026-05-25 22:00:57,720] INFO - main.py:190 - 步数 4: 已完成 0 个任务, AGV: 空闲7 移动中1 装卸0
[2026-05-25 22:00:57,721] INFO - main.py:190 - 步数 5: 已完成 0 个任务, AGV: 空闲7 移动中1 装卸0
[2026-05-25 22:00:57,724] INFO - main.py:190 - 步数 6: 已完成 0 个任务, AGV: 空闲7 移动中1 装卸0
[2026-05-25 22:00:57,725] INFO - main.py:190 - 步数 7: 已完成 0 个任务, AGV: 空闲7 移动中1 装卸0
[2026-05-25 22:00:57,726] INFO - main.py:190 - 步数 8: 已完成 0 个任务, AGV: 空闲7 移动中1 装卸0
[2026-05-25 22:00:57,726] INFO - task_allocator.py:247 - 生成任务 1: 取货 (0, 37) → 送货 (25, 24)
[2026-05-25 22:00:57,726] INFO - od_flow.py:188 - 任务 1 分配给 AGV 2
[2026-05-25 22:00:57,726] INFO - task_allocator.py:322 - 分配任务 1 → AGV 2 (距离 31)
[2026-05-25 22:00:57,726] INFO - agv_controller.py:173 - AGV 2: 任务1 前往取货点 (0, 37)
[2026-05-25 22:00:57,727] INFO - main.py:190 - 步数 9: 已完成 0 个任务, AGV: 空闲6 移动中2 装卸0
[2026-05-25 22:00:57,731] INFO - main.py:190 - 步数 10: 已完成 0 个任务, AGV: 空闲6 移动中2 装卸0
[2026-05-25 22:00:57,742] INFO - task_allocator.py:247 - 生成任务 2: 取货 (49, 42) → 送货 (24, 36)
[2026-05-25 22:00:57,742] INFO - od_flow.py:188 - 任务 2 分配给 AGV 5
[2026-05-25 22:00:57,743] INFO - task_allocator.py:322 - 分配任务 2 → AGV 5 (距离 39)
[2026-05-25 22:00:57,743] INFO - agv_controller.py:173 - AGV 5: 任务2 前往取货点 (49, 42)
[2026-05-25 22:00:57,767] INFO - task_allocator.py:247 - 生成任务 3: 取货 (0, 2) → 送货 (24, 20)
[2026-05-25 22:00:57,767] INFO - od_flow.py:188 - 任务 3 分配给 AGV 0
[2026-05-25 22:00:57,767] INFO - task_allocator.py:322 - 分配任务 3 → AGV 0 (距离 2)
[2026-05-25 22:00:57,767] INFO - agv_controller.py:173 - AGV 0: 任务3 前往取货点 (0, 2)
[2026-05-25 22:00:57,780] INFO - agv_controller.py:567 - AGV 0: 已取货，前往送货点 (24, 20)
[2026-05-25 22:00:57,794] INFO - agv_controller.py:567 - AGV 6: 已取货，前往送货点 (25, 8)
[2026-05-25 22:00:57,802] WARNING - mapf_planner.py:292 - AGV 6: 无法找到路径 (49, 37) → (25, 8)
[2026-05-25 22:00:57,820] INFO - agv_controller.py:567 - AGV 2: 已取货，前往送货点 (25, 24)
[2026-05-25 22:00:57,820] INFO - task_allocator.py:247 - 生成任务 4: 取货 (49, 17) → 送货 (25, 32)
[2026-05-25 22:00:57,820] INFO - od_flow.py:188 - 任务 4 分配给 AGV 4
[2026-05-25 22:00:57,820] INFO - task_allocator.py:322 - 分配任务 4 → AGV 4 (距离 17)
[2026-05-25 22:00:57,821] INFO - agv_controller.py:173 - AGV 4: 任务4 前往取货点 (49, 17)
[2026-05-25 22:00:57,829] WARNING - mapf_planner.py:292 - AGV 6: 无法找到路径 (45, 35) → (25, 8)
[2026-05-25 22:00:57,861] INFO - task_allocator.py:247 - 生成任务 5: 取货 (0, 42) → 送货 (24, 12)
[2026-05-25 22:00:57,861] INFO - od_flow.py:188 - 任务 5 分配给 AGV 1
[2026-05-25 22:00:57,861] INFO - task_allocator.py:322 - 分配任务 5 → AGV 1 (距离 39)
[2026-05-25 22:00:57,861] INFO - agv_controller.py:173 - AGV 1: 任务5 前往取货点 (0, 42)
[2026-05-25 22:00:57,869] INFO - task_allocator.py:247 - 生成任务 6: 取货 (0, 32) → 送货 (24, 44)
[2026-05-25 22:00:57,869] INFO - od_flow.py:188 - 任务 6 分配给 AGV 3
[2026-05-25 22:00:57,869] INFO - task_allocator.py:322 - 分配任务 6 → AGV 3 (距离 34)
[2026-05-25 22:00:57,869] INFO - agv_controller.py:173 - AGV 3: 任务6 前往取货点 (0, 32)
[2026-05-25 22:00:57,878] INFO - warehouse_env.py:370 - 仿真停止，共运行 50 步
[2026-05-25 22:00:57,878] INFO - task_allocator.py:172 - 调度模块：仿真停止，共运行 50 步
[2026-05-25 22:00:57,878] INFO - agv_controller.py:184 - 控制器：仿真停止，完成 0 个任务
[2026-05-25 22:00:57,878] INFO - main.py:251 - ==================================================
[2026-05-25 22:00:57,878] INFO - main.py:252 - 仿真结束
[2026-05-25 22:00:57,878] INFO - main.py:253 - 总步数: 50
[2026-05-25 22:00:57,879] INFO - main.py:254 - 完成任务: 0
[2026-05-25 22:00:57,879] INFO - main.py:255 - AGV总移动步数: 158
[2026-05-25 22:00:57,879] INFO - main.py:256 - ==================================================
[2026-05-25 22:00:57,879] INFO - rl_collision_avoidance.py:671 - 回合 2 结束: 总奖励=737.5, 平均奖励=38.816, 探索率=0.909, 经验池=358
[2026-05-25 22:00:57,917] INFO - rl_collision_avoidance.py:705 - 模型已保存到 rl_model.pth
