[2026-05-19 22:16:38,838] INFO - config.py:253 - 日志文件已创建: logs\simulation_20260519_221638.log
[2026-05-19 22:16:38,840] INFO - main.py:76 - 正在初始化仿真模块...
[2026-05-19 22:16:38,840] INFO - communication.py:303 - 模块 env 初始化完成
[2026-05-19 22:16:38,840] INFO - warehouse_env.py:117 - 仓库环境初始化完成: 50x50
[2026-05-19 22:16:38,840] INFO - warehouse_env.py:169 - 地图构建完成: 20个进货口, 12个出货口
[2026-05-19 22:16:38,842] INFO - warehouse_env.py:189 - 环境已重置
[2026-05-19 22:16:38,843] INFO - communication.py:303 - 模块 scheduler 初始化完成
[2026-05-19 22:16:38,847] INFO - od_flow.py:69 - OD流程管理器初始化完成，12个出货口
[2026-05-19 22:16:38,860] INFO - task_allocator.py:107 - 任务分配器初始化完成: 20个进货口, 12个出货口, 8台AGV
[2026-05-19 22:16:38,860] INFO - mapf_planner.py:260 - MAPF规划器初始化完成: 50x50
[2026-05-19 22:16:39,843] INFO - rl_collision_avoidance.py:208 - RL避撞控制器初始化完成 (PyTorch: True)
[2026-05-19 22:16:39,844] INFO - communication.py:303 - 模块 controller 初始化完成
[2026-05-19 22:16:39,844] INFO - agv_controller.py:117 - AGV控制器初始化完成
[2026-05-19 22:16:39,844] INFO - agv_controller.py:198 - 控制器已重置
[2026-05-19 22:16:40,542] INFO - renderer.py:161 - 渲染器初始化完成: 1600x1000, 格子大小=16
[2026-05-19 22:16:40,542] INFO - main.py:102 - 所有模块初始化完成
[2026-05-19 22:16:40,542] INFO - main.py:72 - 仿真系统初始化完成
[2026-05-19 22:16:40,542] INFO - warehouse_env.py:169 - 地图构建完成: 20个进货口, 12个出货口
[2026-05-19 22:16:40,547] INFO - warehouse_env.py:189 - 环境已重置
[2026-05-19 22:16:40,547] INFO - warehouse_env.py:365 - 仿真开始，环境已初始化
[2026-05-19 22:16:40,547] INFO - od_flow.py:282 - OD流程管理器已重置
[2026-05-19 22:16:40,547] INFO - task_allocator.py:180 - 调度模块已重置
[2026-05-19 22:16:40,547] INFO - task_allocator.py:164 - 调度模块：仿真开始
[2026-05-19 22:16:40,548] INFO - agv_controller.py:198 - 控制器已重置
[2026-05-19 22:16:40,548] INFO - agv_controller.py:170 - 控制器：仿真开始
[2026-05-19 22:16:40,548] INFO - main.py:121 - ==================================================
[2026-05-19 22:16:40,548] INFO - main.py:122 - 仿真开始
[2026-05-19 22:16:40,548] INFO - main.py:123 - 地图: 50x50
[2026-05-19 22:16:40,548] INFO - main.py:124 - 最大步数: 1000
[2026-05-19 22:16:40,548] INFO - main.py:125 - ==================================================
[2026-05-19 22:16:40,555] INFO - main.py:181 - 步数 1: 已完成 0 个任务, AGV: 空闲8 移动中0 装卸0
[2026-05-19 22:16:40,564] INFO - task_allocator.py:244 - 生成任务 0: 取货 (0, 17) → 送货 (24, 4)
[2026-05-19 22:16:40,565] INFO - task_allocator.py:244 - 生成任务 1: 取货 (0, 42) → 送货 (24, 36)
[2026-05-19 22:16:40,565] INFO - od_flow.py:188 - 任务 0 分配给 AGV 2
[2026-05-19 22:16:40,565] INFO - task_allocator.py:319 - 分配任务 0 → AGV 2 (距离 11)
[2026-05-19 22:16:40,565] INFO - od_flow.py:188 - 任务 1 分配给 AGV 1
[2026-05-19 22:16:40,565] INFO - task_allocator.py:319 - 分配任务 1 → AGV 1 (距离 39)
[2026-05-19 22:16:40,566] INFO - agv_controller.py:164 - AGV 2: 任务0 前往取货点 (0, 17)
[2026-05-19 22:16:40,566] INFO - agv_controller.py:164 - AGV 1: 任务1 前往取货点 (0, 42)
[2026-05-19 22:16:40,567] INFO - main.py:181 - 步数 2: 已完成 0 个任务, AGV: 空闲6 移动中2 装卸0
[2026-05-19 22:16:40,664] INFO - main.py:181 - 步数 3: 已完成 0 个任务, AGV: 空闲6 移动中2 装卸0
[2026-05-19 22:16:40,764] INFO - main.py:181 - 步数 4: 已完成 0 个任务, AGV: 空闲6 移动中2 装卸0
[2026-05-19 22:16:40,865] INFO - main.py:181 - 步数 5: 已完成 0 个任务, AGV: 空闲6 移动中2 装卸0
[2026-05-19 22:16:40,966] INFO - task_allocator.py:244 - 生成任务 2: 取货 (0, 37) → 送货 (24, 28)
[2026-05-19 22:16:40,966] INFO - od_flow.py:188 - 任务 2 分配给 AGV 0
[2026-05-19 22:16:40,966] INFO - task_allocator.py:319 - 分配任务 2 → AGV 0 (距离 37)
[2026-05-19 22:16:40,966] INFO - agv_controller.py:164 - AGV 0: 任务2 前往取货点 (0, 37)
[2026-05-19 22:16:40,968] INFO - main.py:181 - 步数 6: 已完成 0 个任务, AGV: 空闲5 移动中3 装卸0
[2026-05-19 22:16:41,067] INFO - task_allocator.py:244 - 生成任务 3: 取货 (0, 17) → 送货 (25, 48)
[2026-05-19 22:16:41,067] INFO - od_flow.py:188 - 任务 3 分配给 AGV 3
[2026-05-19 22:16:41,067] INFO - task_allocator.py:319 - 分配任务 3 → AGV 3 (距离 19)
[2026-05-19 22:16:41,067] INFO - agv_controller.py:164 - AGV 3: 任务3 前往取货点 (0, 17)
[2026-05-19 22:16:41,069] INFO - main.py:181 - 步数 7: 已完成 0 个任务, AGV: 空闲4 移动中4 装卸0
[2026-05-19 22:16:41,167] INFO - task_allocator.py:244 - 生成任务 4: 取货 (0, 12) → 送货 (25, 32)
[2026-05-19 22:16:41,167] INFO - task_allocator.py:244 - 生成任务 5: 取货 (0, 7) → 送货 (24, 12)
[2026-05-19 22:16:41,168] INFO - od_flow.py:188 - 任务 4 分配给 AGV 6
[2026-05-19 22:16:41,168] INFO - task_allocator.py:319 - 分配任务 4 → AGV 6 (距离 51)
[2026-05-19 22:16:41,168] INFO - od_flow.py:188 - 任务 5 分配给 AGV 7
[2026-05-19 22:16:41,168] INFO - task_allocator.py:319 - 分配任务 5 → AGV 7 (距离 48)
[2026-05-19 22:16:41,168] INFO - agv_controller.py:164 - AGV 6: 任务4 前往取货点 (0, 12)
[2026-05-19 22:16:41,168] INFO - agv_controller.py:164 - AGV 7: 任务5 前往取货点 (0, 7)
[2026-05-19 22:16:41,171] INFO - main.py:181 - 步数 8: 已完成 0 个任务, AGV: 空闲2 移动中6 装卸0
[2026-05-19 22:16:41,270] INFO - main.py:181 - 步数 9: 已完成 0 个任务, AGV: 空闲2 移动中6 装卸0
[2026-05-19 22:16:41,372] INFO - main.py:181 - 步数 10: 已完成 0 个任务, AGV: 空闲2 移动中6 装卸0
[2026-05-19 22:16:41,672] INFO - agv_controller.py:382 - AGV 2: 已取货，前往送货点 (24, 4)
[2026-05-19 22:16:41,871] INFO - task_allocator.py:244 - 生成任务 6: 取货 (0, 12) → 送货 (24, 44)
[2026-05-19 22:16:41,871] INFO - od_flow.py:188 - 任务 6 分配给 AGV 5
[2026-05-19 22:16:41,871] INFO - task_allocator.py:319 - 分配任务 6 → AGV 5 (距离 54)
[2026-05-19 22:16:41,871] INFO - agv_controller.py:164 - AGV 5: 任务6 前往取货点 (0, 12)
[2026-05-19 22:16:42,273] INFO - task_allocator.py:244 - 生成任务 7: 取货 (0, 37) → 送货 (25, 40)
[2026-05-19 22:16:42,273] INFO - od_flow.py:188 - 任务 7 分配给 AGV 4
[2026-05-19 22:16:42,274] INFO - task_allocator.py:319 - 分配任务 7 → AGV 4 (距离 82)
[2026-05-19 22:16:42,274] INFO - agv_controller.py:164 - AGV 4: 任务7 前往取货点 (0, 37)
[2026-05-19 22:16:42,279] WARNING - mapf_planner.py:292 - AGV 4: 无法找到路径 (47, 2) → (0, 37)
[2026-05-19 22:16:42,478] WARNING - mapf_planner.py:292 - AGV 4: 无法找到路径 (47, 3) → (0, 37)
[2026-05-19 22:16:42,674] INFO - task_allocator.py:244 - 生成任务 8: 取货 (49, 47) → 送货 (24, 20)
[2026-05-19 22:16:42,778] WARNING - mapf_planner.py:292 - AGV 4: 无法找到路径 (45, 3) → (0, 37)
[2026-05-19 22:16:42,876] INFO - task_allocator.py:244 - 生成任务 9: 取货 (49, 37) → 送货 (25, 8)
[2026-05-19 22:16:42,876] INFO - task_allocator.py:244 - 生成任务 10: 取货 (49, 37) → 送货 (25, 24)
[2026-05-19 22:16:42,876] INFO - task_allocator.py:244 - 生成任务 11: 取货 (0, 37) → 送货 (25, 16)
[2026-05-19 22:16:42,980] WARNING - mapf_planner.py:292 - AGV 4: 无法找到路径 (45, 4) → (0, 37)
[2026-05-19 22:16:42,982] INFO - agv_controller.py:382 - AGV 3: 已取货，前往送货点 (25, 48)
[2026-05-19 22:16:43,183] WARNING - mapf_planner.py:292 - AGV 4: 无法找到路径 (44, 4) → (0, 37)
[2026-05-19 22:16:43,284] WARNING - mapf_planner.py:292 - AGV 4: 无法找到路径 (44, 4) → (0, 37)
[2026-05-19 22:16:43,486] WARNING - mapf_planner.py:292 - AGV 4: 无法找到路径 (43, 4) → (0, 37)
[2026-05-19 22:16:43,585] WARNING - mapf_planner.py:292 - AGV 4: 无法找到路径 (43, 4) → (0, 37)
[2026-05-19 22:16:43,787] WARNING - mapf_planner.py:292 - AGV 4: 无法找到路径 (43, 5) → (0, 37)
[2026-05-19 22:16:43,886] WARNING - mapf_planner.py:292 - AGV 4: 无法找到路径 (43, 5) → (0, 37)
[2026-05-19 22:16:44,089] WARNING - mapf_planner.py:292 - AGV 4: 无法找到路径 (42, 5) → (0, 37)
[2026-05-19 22:16:44,189] WARNING - mapf_planner.py:292 - AGV 4: 无法找到路径 (42, 5) → (0, 37)
[2026-05-19 22:16:44,289] WARNING - mapf_planner.py:292 - AGV 4: 无法找到路径 (42, 5) → (0, 37)
[2026-05-19 22:16:44,391] WARNING - mapf_planner.py:292 - AGV 4: 无法找到路径 (42, 5) → (0, 37)
[2026-05-19 22:16:44,490] WARNING - mapf_planner.py:292 - AGV 4: 无法找到路径 (42, 5) → (0, 37)
[2026-05-19 22:16:44,491] INFO - agv_controller.py:382 - AGV 1: 已取货，前往送货点 (24, 36)
[2026-05-19 22:16:44,591] WARNING - mapf_planner.py:292 - AGV 4: 无法找到路径 (42, 5) → (0, 37)
[2026-05-19 22:16:44,692] WARNING - mapf_planner.py:292 - AGV 4: 无法找到路径 (42, 5) → (0, 37)
[2026-05-19 22:16:44,692] INFO - agv_controller.py:382 - AGV 0: 已取货，前往送货点 (24, 28)
[2026-05-19 22:16:44,793] WARNING - mapf_planner.py:292 - AGV 4: 无法找到路径 (42, 5) → (0, 37)
[2026-05-19 22:16:44,891] WARNING - mapf_planner.py:292 - AGV 4: 无法找到路径 (42, 5) → (0, 37)
[2026-05-19 22:16:44,992] WARNING - mapf_planner.py:292 - AGV 4: 无法找到路径 (41, 5) → (0, 37)
[2026-05-19 22:16:45,092] WARNING - mapf_planner.py:292 - AGV 4: 无法找到路径 (40, 5) → (0, 37)
[2026-05-19 22:16:45,195] WARNING - mapf_planner.py:292 - AGV 4: 无法找到路径 (40, 4) → (0, 37)
[2026-05-19 22:16:45,497] WARNING - mapf_planner.py:292 - AGV 4: 无法找到路径 (39, 5) → (0, 37)
[2026-05-19 22:16:45,498] INFO - agv_controller.py:394 - AGV 2: 任务 0 完成！
[2026-05-19 22:16:45,498] INFO - od_flow.py:243 - 任务 0 已完成
[2026-05-19 22:16:45,592] INFO - od_flow.py:188 - 任务 8 分配给 AGV 2
[2026-05-19 22:16:45,592] INFO - task_allocator.py:319 - 分配任务 8 → AGV 2 (距离 86)
[2026-05-19 22:16:45,592] INFO - agv_controller.py:164 - AGV 2: 任务8 前往取货点 (49, 47)
[2026-05-19 22:16:45,598] WARNING - mapf_planner.py:292 - AGV 4: 无法找到路径 (39, 5) → (0, 37)
[2026-05-19 22:16:45,700] WARNING - mapf_planner.py:292 - AGV 4: 无法找到路径 (39, 5) → (0, 37)
[2026-05-19 22:16:45,799] WARNING - mapf_planner.py:292 - AGV 4: 无法找到路径 (39, 5) → (0, 37)
[2026-05-19 22:16:45,895] INFO - task_allocator.py:244 - 生成任务 12: 取货 (49, 7) → 送货 (24, 4)
[2026-05-19 22:16:46,000] WARNING - mapf_planner.py:292 - AGV 2: 无法找到路径 (27, 5) → (49, 47)
[2026-05-19 22:16:46,004] INFO - agv_controller.py:382 - AGV 7: 已取货，前往送货点 (24, 12)
[2026-05-19 22:16:46,201] WARNING - mapf_planner.py:292 - AGV 4: 无法找到路径 (37, 6) → (0, 37)
[2026-05-19 22:16:46,301] INFO - agv_controller.py:382 - AGV 6: 已取货，前往送货点 (25, 32)
[2026-05-19 22:16:46,597] WARNING - mapf_planner.py:292 - AGV 2: 无法找到路径 (28, 9) → (49, 47)
[2026-05-19 22:16:46,702] WARNING - mapf_planner.py:292 - AGV 2: 无法找到路径 (29, 9) → (49, 47)
[2026-05-19 22:16:46,802] WARNING - mapf_planner.py:292 - AGV 2: 无法找到路径 (29, 10) → (49, 47)
[2026-05-19 22:16:47,005] WARNING - mapf_planner.py:292 - AGV 4: 无法找到路径 (32, 8) → (0, 37)
[2026-05-19 22:16:47,303] WARNING - mapf_planner.py:292 - AGV 4: 无法找到路径 (32, 10) → (0, 37)
[2026-05-19 22:16:47,304] INFO - agv_controller.py:382 - AGV 5: 已取货，前往送货点 (24, 44)
[2026-05-19 22:16:47,606] INFO - agv_controller.py:394 - AGV 1: 任务 1 完成！
[2026-05-19 22:16:47,607] INFO - od_flow.py:243 - 任务 1 已完成
[2026-05-19 22:16:47,702] INFO - task_allocator.py:244 - 生成任务 13: 取货 (0, 17) → 送货 (24, 36)
[2026-05-19 22:16:47,702] INFO - od_flow.py:188 - 任务 9 分配给 AGV 1
[2026-05-19 22:16:47,702] INFO - task_allocator.py:319 - 分配任务 9 → AGV 1 (距离 79)
[2026-05-19 22:16:47,702] INFO - agv_controller.py:164 - AGV 1: 任务9 前往取货点 (49, 37)
[2026-05-19 22:16:47,808] WARNING - mapf_planner.py:292 - AGV 4: 无法找到路径 (30, 12) → (0, 37)
[2026-05-19 22:16:47,909] WARNING - mapf_planner.py:292 - AGV 5: 无法找到路径 (1, 16) → (24, 44)
[2026-05-19 22:16:48,011] WARNING - mapf_planner.py:292 - AGV 5: 无法找到路径 (1, 16) → (24, 44)
[2026-05-19 22:16:48,109] INFO - agv_controller.py:394 - AGV 0: 任务 2 完成！
[2026-05-19 22:16:48,110] INFO - od_flow.py:243 - 任务 2 已完成
[2026-05-19 22:16:48,206] INFO - od_flow.py:188 - 任务 10 分配给 AGV 0
[2026-05-19 22:16:48,206] INFO - task_allocator.py:319 - 分配任务 10 → AGV 0 (距离 82)
[2026-05-19 22:16:48,206] INFO - agv_controller.py:164 - AGV 0: 任务10 前往取货点 (49, 37)
[2026-05-19 22:16:48,434] WARNING - mapf_planner.py:375 - CBS达到最大迭代次数 100，返回最佳解
[2026-05-19 22:16:48,438] INFO - task_allocator.py:244 - 生成任务 14: 取货 (49, 37) → 送货 (24, 28)
[2026-05-19 22:16:48,710] WARNING - mapf_planner.py:375 - CBS达到最大迭代次数 100，返回最佳解
[2026-05-19 22:16:48,927] WARNING - mapf_planner.py:375 - CBS达到最大迭代次数 100，返回最佳解
[2026-05-19 22:16:49,138] WARNING - mapf_planner.py:375 - CBS达到最大迭代次数 100，返回最佳解
[2026-05-19 22:16:49,338] WARNING - mapf_planner.py:375 - CBS达到最大迭代次数 100，返回最佳解
[2026-05-19 22:16:49,515] WARNING - mapf_planner.py:375 - CBS达到最大迭代次数 100，返回最佳解
[2026-05-19 22:16:49,515] INFO - agv_controller.py:394 - AGV 3: 任务 3 完成！
[2026-05-19 22:16:49,516] INFO - od_flow.py:243 - 任务 3 已完成
[2026-05-19 22:16:49,520] INFO - od_flow.py:188 - 任务 11 分配给 AGV 3
[2026-05-19 22:16:49,520] INFO - task_allocator.py:319 - 分配任务 11 → AGV 3 (距离 39)
[2026-05-19 22:16:49,520] INFO - agv_controller.py:164 - AGV 3: 任务11 前往取货点 (0, 37)
[2026-05-19 22:16:49,681] WARNING - mapf_planner.py:375 - CBS达到最大迭代次数 100，返回最佳解
[2026-05-19 22:16:49,843] WARNING - mapf_planner.py:375 - CBS达到最大迭代次数 100，返回最佳解
[2026-05-19 22:16:49,848] INFO - task_allocator.py:244 - 生成任务 15: 取货 (0, 37) → 送货 (25, 48)
[2026-05-19 22:16:50,000] WARNING - mapf_planner.py:375 - CBS达到最大迭代次数 100，返回最佳解
[2026-05-19 22:16:50,001] INFO - agv_controller.py:394 - AGV 7: 任务 5 完成！
[2026-05-19 22:16:50,001] INFO - od_flow.py:243 - 任务 5 已完成
[2026-05-19 22:16:50,004] INFO - od_flow.py:188 - 任务 12 分配给 AGV 7
[2026-05-19 22:16:50,004] INFO - task_allocator.py:319 - 分配任务 12 → AGV 7 (距离 9)
[2026-05-19 22:16:50,004] INFO - agv_controller.py:164 - AGV 7: 任务12 前往取货点 (49, 7)
[2026-05-19 22:16:50,145] WARNING - mapf_planner.py:375 - CBS达到最大迭代次数 100，返回最佳解
[2026-05-19 22:16:50,288] WARNING - mapf_planner.py:375 - CBS达到最大迭代次数 100，返回最佳解
[2026-05-19 22:16:50,418] WARNING - mapf_planner.py:375 - CBS达到最大迭代次数 100，返回最佳解
[2026-05-19 22:16:50,547] WARNING - mapf_planner.py:375 - CBS达到最大迭代次数 100，返回最佳解
[2026-05-19 22:16:50,668] WARNING - mapf_planner.py:375 - CBS达到最大迭代次数 100，返回最佳解
[2026-05-19 22:16:50,674] INFO - task_allocator.py:244 - 生成任务 16: 取货 (0, 37) → 送货 (24, 12)
[2026-05-19 22:16:50,782] WARNING - mapf_planner.py:375 - CBS达到最大迭代次数 100，返回最佳解
[2026-05-19 22:16:50,888] WARNING - mapf_planner.py:375 - CBS达到最大迭代次数 100，返回最佳解
[2026-05-19 22:16:50,987] WARNING - mapf_planner.py:375 - CBS达到最大迭代次数 100，返回最佳解
[2026-05-19 22:16:51,080] WARNING - mapf_planner.py:375 - CBS达到最大迭代次数 100，返回最佳解
[2026-05-19 22:16:51,406] INFO - agv_controller.py:382 - AGV 1: 已取货，前往送货点 (25, 8)
[2026-05-19 22:16:51,507] INFO - main.py:181 - 步数 100: 已完成 5 个任务, AGV: 空闲0 移动中8 装卸0
[2026-05-19 22:16:51,902] WARNING - mapf_planner.py:292 - AGV 1: 无法找到路径 (47, 35) → (25, 8)
[2026-05-19 22:16:52,002] INFO - agv_controller.py:394 - AGV 6: 任务 4 完成！
[2026-05-19 22:16:52,002] INFO - od_flow.py:243 - 任务 4 已完成
[2026-05-19 22:16:52,098] INFO - task_allocator.py:244 - 生成任务 17: 取货 (49, 7) → 送货 (25, 32)
[2026-05-19 22:16:52,099] INFO - od_flow.py:188 - 任务 13 分配给 AGV 6
[2026-05-19 22:16:52,099] INFO - task_allocator.py:319 - 分配任务 13 → AGV 6 (距离 56)
[2026-05-19 22:16:52,099] INFO - agv_controller.py:164 - AGV 6: 任务13 前往取货点 (0, 17)
[2026-05-19 22:16:53,007] INFO - agv_controller.py:382 - AGV 0: 已取货，前往送货点 (25, 24)
[2026-05-19 22:16:53,211] INFO - agv_controller.py:382 - AGV 7: 已取货，前往送货点 (24, 4)
[2026-05-19 22:16:53,513] INFO - agv_controller.py:382 - AGV 3: 已取货，前往送货点 (25, 16)
[2026-05-19 22:16:53,612] WARNING - mapf_planner.py:292 - AGV 4: 无法找到路径 (6, 34) → (0, 37)
[2026-05-19 22:16:53,712] WARNING - mapf_planner.py:292 - AGV 4: 无法找到路径 (6, 35) → (0, 37)
[2026-05-19 22:16:53,714] INFO - agv_controller.py:382 - AGV 2: 已取货，前往送货点 (24, 20)
[2026-05-19 22:16:53,815] WARNING - mapf_planner.py:292 - AGV 2: 无法找到路径 (49, 47) → (24, 20)
[2026-05-19 22:16:53,816] WARNING - mapf_planner.py:292 - AGV 4: 无法找到路径 (5, 35) → (0, 37)
[2026-05-19 22:16:53,915] WARNING - mapf_planner.py:292 - AGV 4: 无法找到路径 (5, 34) → (0, 37)
[2026-05-19 22:16:54,318] INFO - agv_controller.py:394 - AGV 5: 任务 6 完成！
[2026-05-19 22:16:54,318] INFO - od_flow.py:243 - 任务 6 已完成
[2026-05-19 22:16:54,412] INFO - od_flow.py:188 - 任务 14 分配给 AGV 5
[2026-05-19 22:16:54,412] INFO - task_allocator.py:319 - 分配任务 14 → AGV 5 (距离 34)
[2026-05-19 22:16:54,413] INFO - agv_controller.py:164 - AGV 5: 任务14 前往取货点 (49, 37)
[2026-05-19 22:16:54,517] WARNING - mapf_planner.py:292 - AGV 2: 无法找到路径 (47, 43) → (24, 20)
[2026-05-19 22:16:54,612] INFO - task_allocator.py:244 - 生成任务 18: 取货 (49, 37) → 送货 (24, 44)
[2026-05-19 22:16:54,716] INFO - agv_controller.py:382 - AGV 4: 已取货，前往送货点 (25, 40)
[2026-05-19 22:16:56,125] INFO - agv_controller.py:382 - AGV 6: 已取货，前往送货点 (24, 36)
[2026-05-19 22:16:56,125] INFO - agv_controller.py:394 - AGV 7: 任务 12 完成！
[2026-05-19 22:16:56,126] INFO - od_flow.py:243 - 任务 12 已完成
[2026-05-19 22:16:56,223] INFO - od_flow.py:188 - 任务 15 分配给 AGV 7
[2026-05-19 22:16:56,223] INFO - task_allocator.py:319 - 分配任务 15 → AGV 7 (距离 78)
[2026-05-19 22:16:56,223] INFO - agv_controller.py:164 - AGV 7: 任务15 前往取货点 (0, 37)
[2026-05-19 22:16:56,324] INFO - task_allocator.py:244 - 生成任务 19: 取货 (0, 32) → 送货 (24, 4)
[2026-05-19 22:16:56,431] WARNING - mapf_planner.py:292 - AGV 7: 无法找到路径 (24, 6) → (0, 37)
[2026-05-19 22:16:56,632] WARNING - mapf_planner.py:292 - AGV 7: 无法找到路径 (23, 6) → (0, 37)
[2026-05-19 22:16:56,832] INFO - agv_controller.py:394 - AGV 0: 任务 10 完成！
[2026-05-19 22:16:56,833] INFO - od_flow.py:243 - 任务 10 已完成
[2026-05-19 22:16:56,929] INFO - od_flow.py:188 - 任务 16 分配给 AGV 0
[2026-05-19 22:16:56,929] INFO - task_allocator.py:319 - 分配任务 16 → AGV 0 (距离 37)
[2026-05-19 22:16:56,929] INFO - agv_controller.py:164 - AGV 0: 任务16 前往取货点 (0, 37)
[2026-05-19 22:16:56,934] INFO - agv_controller.py:394 - AGV 1: 任务 9 完成！
[2026-05-19 22:16:56,934] INFO - od_flow.py:243 - 任务 9 已完成
[2026-05-19 22:16:57,030] INFO - task_allocator.py:244 - 生成任务 20: 取货 (49, 27) → 送货 (25, 24)
[2026-05-19 22:16:57,030] INFO - od_flow.py:188 - 任务 17 分配给 AGV 1
[2026-05-19 22:16:57,030] INFO - task_allocator.py:319 - 分配任务 17 → AGV 1 (距离 49)
[2026-05-19 22:16:57,031] INFO - agv_controller.py:164 - AGV 1: 任务17 前往取货点 (49, 7)
[2026-05-19 22:16:57,130] INFO - task_allocator.py:244 - 生成任务 21: 取货 (49, 22) → 送货 (25, 8)
[2026-05-19 22:16:57,237] WARNING - mapf_planner.py:292 - AGV 7: 无法找到路径 (20, 8) → (0, 37)
[2026-05-19 22:16:57,636] INFO - agv_controller.py:394 - AGV 4: 任务 7 完成！
[2026-05-19 22:16:57,637] INFO - od_flow.py:243 - 任务 7 已完成
[2026-05-19 22:16:57,637] INFO - agv_controller.py:382 - AGV 5: 已取货，前往送货点 (24, 28)
[2026-05-19 22:16:57,732] INFO - od_flow.py:188 - 任务 18 分配给 AGV 4
[2026-05-19 22:16:57,732] INFO - task_allocator.py:319 - 分配任务 18 → AGV 4 (距离 37)
[2026-05-19 22:16:57,733] INFO - agv_controller.py:164 - AGV 4: 任务18 前往取货点 (49, 37)
[2026-05-19 22:16:57,832] INFO - task_allocator.py:244 - 生成任务 22: 取货 (0, 37) → 送货 (25, 40)
[2026-05-19 22:16:58,238] INFO - agv_controller.py:394 - AGV 3: 任务 11 完成！
[2026-05-19 22:16:58,239] INFO - od_flow.py:243 - 任务 11 已完成
[2026-05-19 22:16:58,335] INFO - od_flow.py:188 - 任务 19 分配给 AGV 3
[2026-05-19 22:16:58,335] INFO - task_allocator.py:319 - 分配任务 19 → AGV 3 (距离 34)
[2026-05-19 22:16:58,335] INFO - agv_controller.py:164 - AGV 3: 任务19 前往取货点 (0, 32)
[2026-05-19 22:16:58,435] INFO - task_allocator.py:244 - 生成任务 23: 取货 (49, 32) → 送货 (25, 16)
[2026-05-19 22:16:59,241] INFO - agv_controller.py:394 - AGV 2: 任务 8 完成！
[2026-05-19 22:16:59,241] INFO - od_flow.py:243 - 任务 8 已完成
[2026-05-19 22:16:59,337] INFO - od_flow.py:188 - 任务 20 分配给 AGV 2
[2026-05-19 22:16:59,338] INFO - task_allocator.py:319 - 分配任务 20 → AGV 2 (距离 66)
[2026-05-19 22:16:59,338] INFO - agv_controller.py:164 - AGV 2: 任务20 前往取货点 (49, 27)
[2026-05-19 22:16:59,438] INFO - task_allocator.py:244 - 生成任务 24: 取货 (0, 12) → 送货 (24, 20)
[2026-05-19 22:16:59,542] INFO - agv_controller.py:382 - AGV 1: 已取货，前往送货点 (25, 32)
[2026-05-19 22:16:59,643] WARNING - mapf_planner.py:292 - AGV 1: 无法找到路径 (49, 7) → (25, 32)
[2026-05-19 22:17:00,147] WARNING - mapf_planner.py:292 - AGV 5: 无法找到路径 (33, 29) → (24, 28)
[2026-05-19 22:17:00,247] WARNING - mapf_planner.py:292 - AGV 1: 无法找到路径 (48, 11) → (25, 32)
[2026-05-19 22:17:00,249] WARNING - mapf_planner.py:292 - AGV 5: 无法找到路径 (33, 28) → (24, 28)
[2026-05-19 22:17:00,446] INFO - agv_controller.py:382 - AGV 4: 已取货，前往送货点 (24, 44)
[2026-05-19 22:17:00,547] INFO - agv_controller.py:394 - AGV 6: 任务 13 完成！
[2026-05-19 22:17:00,547] INFO - od_flow.py:243 - 任务 13 已完成
[2026-05-19 22:17:00,645] INFO - od_flow.py:188 - 任务 21 分配给 AGV 6
[2026-05-19 22:17:00,645] INFO - task_allocator.py:319 - 分配任务 21 → AGV 6 (距离 16)
[2026-05-19 22:17:00,646] INFO - agv_controller.py:164 - AGV 6: 任务21 前往取货点 (49, 22)
[2026-05-19 22:17:00,750] INFO - agv_controller.py:382 - AGV 0: 已取货，前往送货点 (24, 12)
[2026-05-19 22:17:00,849] WARNING - mapf_planner.py:292 - AGV 0: 无法找到路径 (0, 37) → (24, 12)
[2026-05-19 22:17:01,047] INFO - task_allocator.py:244 - 生成任务 25: 取货 (49, 37) → 送货 (24, 36)
[2026-05-19 22:17:01,355] INFO - agv_controller.py:394 - AGV 5: 任务 14 完成！
[2026-05-19 22:17:01,356] INFO - od_flow.py:243 - 任务 14 已完成
[2026-05-19 22:17:01,448] INFO - task_allocator.py:244 - 生成任务 26: 取货 (49, 37) → 送货 (24, 28)
[2026-05-19 22:17:01,449] INFO - od_flow.py:188 - 任务 22 分配给 AGV 5
[2026-05-19 22:17:01,449] INFO - task_allocator.py:319 - 分配任务 22 → AGV 5 (距离 79)
[2026-05-19 22:17:01,449] INFO - agv_controller.py:164 - AGV 5: 任务22 前往取货点 (0, 37)
[2026-05-19 22:17:01,552] INFO - main.py:181 - 步数 200: 已完成 15 个任务, AGV: 空闲0 移动中8 装卸0
[2026-05-19 22:17:02,256] INFO - agv_controller.py:382 - AGV 7: 已取货，前往送货点 (25, 48)
[2026-05-19 22:17:02,457] INFO - agv_controller.py:382 - AGV 3: 已取货，前往送货点 (24, 4)
[2026-05-19 22:17:02,560] INFO - agv_controller.py:382 - AGV 2: 已取货，前往送货点 (25, 24)
[2026-05-19 22:17:03,765] INFO - agv_controller.py:394 - AGV 4: 任务 18 完成！
[2026-05-19 22:17:03,765] INFO - od_flow.py:243 - 任务 18 已完成
[2026-05-19 22:17:03,864] INFO - od_flow.py:188 - 任务 23 分配给 AGV 4
[2026-05-19 22:17:03,864] INFO - task_allocator.py:319 - 分配任务 23 → AGV 4 (距离 32)
[2026-05-19 22:17:03,864] INFO - agv_controller.py:164 - AGV 4: 任务23 前往取货点 (49, 32)
[2026-05-19 22:17:04,167] INFO - task_allocator.py:244 - 生成任务 27: 取货 (49, 32) → 送货 (24, 44)
[2026-05-19 22:17:04,571] INFO - agv_controller.py:382 - AGV 6: 已取货，前往送货点 (25, 8)
[2026-05-19 22:17:04,775] INFO - agv_controller.py:394 - AGV 1: 任务 17 完成！
[2026-05-19 22:17:04,775] INFO - od_flow.py:243 - 任务 17 已完成
[2026-05-19 22:17:04,775] INFO - agv_controller.py:382 - AGV 5: 已取货，前往送货点 (25, 40)
[2026-05-19 22:17:04,871] INFO - od_flow.py:188 - 任务 24 分配给 AGV 1
[2026-05-19 22:17:04,871] INFO - task_allocator.py:319 - 分配任务 24 → AGV 1 (距离 9)
[2026-05-19 22:17:04,871] INFO - agv_controller.py:164 - AGV 1: 任务24 前往取货点 (0, 12)
[2026-05-19 22:17:04,971] INFO - task_allocator.py:244 - 生成任务 28: 取货 (0, 47) → 送货 (25, 32)
[2026-05-19 22:17:05,378] INFO - agv_controller.py:394 - AGV 2: 任务 20 完成！
[2026-05-19 22:17:05,378] INFO - od_flow.py:243 - 任务 20 已完成
[2026-05-19 22:17:05,474] INFO - od_flow.py:188 - 任务 25 分配给 AGV 2
[2026-05-19 22:17:05,475] INFO - task_allocator.py:319 - 分配任务 25 → AGV 2 (距离 76)
[2026-05-19 22:17:05,475] INFO - agv_controller.py:164 - AGV 2: 任务25 前往取货点 (49, 37)
[2026-05-19 22:17:05,676] INFO - task_allocator.py:244 - 生成任务 29: 取货 (0, 27) → 送货 (25, 24)
[2026-05-19 22:17:05,881] INFO - agv_controller.py:394 - AGV 0: 任务 16 完成！
[2026-05-19 22:17:05,881] INFO - od_flow.py:243 - 任务 16 已完成
[2026-05-19 22:17:05,979] INFO - od_flow.py:188 - 任务 26 分配给 AGV 0
[2026-05-19 22:17:05,979] INFO - task_allocator.py:319 - 分配任务 26 → AGV 0 (距离 82)
[2026-05-19 22:17:05,979] INFO - agv_controller.py:164 - AGV 0: 任务26 前往取货点 (49, 37)
[2026-05-19 22:17:05,984] INFO - agv_controller.py:394 - AGV 7: 任务 15 完成！
[2026-05-19 22:17:05,984] INFO - od_flow.py:243 - 任务 15 已完成
[2026-05-19 22:17:06,080] INFO - task_allocator.py:244 - 生成任务 30: 取货 (49, 2) → 送货 (25, 48)
[2026-05-19 22:17:06,080] INFO - od_flow.py:188 - 任务 27 分配给 AGV 7
[2026-05-19 22:17:06,080] INFO - task_allocator.py:319 - 分配任务 27 → AGV 7 (距离 34)
[2026-05-19 22:17:06,080] INFO - agv_controller.py:164 - AGV 7: 任务27 前往取货点 (49, 32)
[2026-05-19 22:17:06,085] WARNING - mapf_planner.py:292 - AGV 0: 无法找到路径 (25, 12) → (49, 37)
[2026-05-19 22:17:06,281] INFO - task_allocator.py:244 - 生成任务 31: 取货 (0, 2) → 送货 (24, 12)
[2026-05-19 22:17:06,482] WARNING - mapf_planner.py:292 - AGV 0: 无法找到路径 (27, 13) → (49, 37)
[2026-05-19 22:17:06,582] WARNING - mapf_planner.py:292 - AGV 0: 无法找到路径 (26, 13) → (49, 37)
[2026-05-19 22:17:06,787] WARNING - mapf_planner.py:292 - AGV 0: 无法找到路径 (26, 13) → (49, 37)
[2026-05-19 22:17:07,588] INFO - agv_controller.py:382 - AGV 4: 已取货，前往送货点 (25, 16)
[2026-05-19 22:17:07,692] INFO - agv_controller.py:394 - AGV 5: 任务 22 完成！
[2026-05-19 22:17:07,692] INFO - od_flow.py:243 - 任务 22 已完成
[2026-05-19 22:17:07,787] INFO - task_allocator.py:244 - 生成任务 32: 取货 (49, 27) → 送货 (25, 40)
[2026-05-19 22:17:07,787] INFO - od_flow.py:188 - 任务 28 分配给 AGV 5
[2026-05-19 22:17:07,787] INFO - task_allocator.py:319 - 分配任务 28 → AGV 5 (距离 89)
[2026-05-19 22:17:07,788] INFO - agv_controller.py:164 - AGV 5: 任务28 前往取货点 (0, 47)
[2026-05-19 22:17:07,790] INFO - agv_controller.py:394 - AGV 3: 任务 19 完成！
[2026-05-19 22:17:07,790] INFO - od_flow.py:243 - 任务 19 已完成
[2026-05-19 22:17:07,888] INFO - task_allocator.py:244 - 生成任务 33: 取货 (49, 37) → 送货 (24, 4)
[2026-05-19 22:17:07,888] INFO - od_flow.py:188 - 任务 29 分配给 AGV 3
[2026-05-19 22:17:07,889] INFO - task_allocator.py:319 - 分配任务 29 → AGV 3 (距离 29)
[2026-05-19 22:17:07,889] INFO - agv_controller.py:164 - AGV 3: 任务29 前往取货点 (0, 27)
[2026-05-19 22:17:08,498] INFO - agv_controller.py:394 - AGV 6: 任务 21 完成！
[2026-05-19 22:17:08,498] INFO - od_flow.py:243 - 任务 21 已完成
[2026-05-19 22:17:08,594] INFO - task_allocator.py:244 - 生成任务 34: 取货 (49, 32) → 送货 (25, 8)
[2026-05-19 22:17:08,594] INFO - od_flow.py:188 - 任务 30 分配给 AGV 6
[2026-05-19 22:17:08,594] INFO - task_allocator.py:319 - 分配任务 30 → AGV 6 (距离 8)
[2026-05-19 22:17:08,595] INFO - agv_controller.py:164 - AGV 6: 任务30 前往取货点 (49, 2)
[2026-05-19 22:17:09,201] INFO - agv_controller.py:382 - AGV 2: 已取货，前往送货点 (24, 36)
[2026-05-19 22:17:09,401] INFO - agv_controller.py:382 - AGV 1: 已取货，前往送货点 (24, 20)
[2026-05-19 22:17:10,104] WARNING - mapf_planner.py:292 - AGV 3: 无法找到路径 (14, 16) → (0, 27)
[2026-05-19 22:17:10,105] INFO - agv_controller.py:382 - AGV 7: 已取货，前往送货点 (24, 44)
[2026-05-19 22:17:11,012] INFO - agv_controller.py:382 - AGV 5: 已取货，前往送货点 (25, 32)
[2026-05-19 22:17:11,617] INFO - agv_controller.py:382 - AGV 0: 已取货，前往送货点 (24, 28)
[2026-05-19 22:17:11,617] INFO - agv_controller.py:382 - AGV 6: 已取货，前往送货点 (25, 48)
[2026-05-19 22:17:11,618] INFO - main.py:181 - 步数 300: 已完成 23 个任务, AGV: 空闲0 移动中8 装卸0
[2026-05-19 22:17:11,721] INFO - agv_controller.py:394 - AGV 4: 任务 23 完成！
[2026-05-19 22:17:11,721] INFO - od_flow.py:243 - 任务 23 已完成
[2026-05-19 22:17:11,816] INFO - task_allocator.py:244 - 生成任务 35: 取货 (0, 37) → 送货 (25, 16)
[2026-05-19 22:17:11,816] INFO - od_flow.py:188 - 任务 31 分配给 AGV 4
[2026-05-19 22:17:11,816] INFO - task_allocator.py:319 - 分配任务 31 → AGV 4 (距离 47)
[2026-05-19 22:17:11,816] INFO - agv_controller.py:164 - AGV 4: 任务31 前往取货点 (0, 2)
[2026-05-19 22:17:11,825] WARNING - mapf_planner.py:292 - AGV 6: 无法找到路径 (48, 2) → (25, 48)
[2026-05-19 22:17:11,922] INFO - agv_controller.py:394 - AGV 2: 任务 25 完成！
[2026-05-19 22:17:11,922] INFO - od_flow.py:243 - 任务 25 已完成
[2026-05-19 22:17:12,017] INFO - od_flow.py:188 - 任务 32 分配给 AGV 2
[2026-05-19 22:17:12,017] INFO - task_allocator.py:319 - 分配任务 32 → AGV 2 (距离 66)
[2026-05-19 22:17:12,017] INFO - agv_controller.py:164 - AGV 2: 任务32 前往取货点 (49, 27)
[2026-05-19 22:17:12,023] WARNING - mapf_planner.py:292 - AGV 6: 无法找到路径 (48, 3) → (25, 48)
[2026-05-19 22:17:12,124] WARNING - mapf_planner.py:292 - AGV 6: 无法找到路径 (48, 3) → (25, 48)
[2026-05-19 22:17:12,324] WARNING - mapf_planner.py:292 - AGV 6: 无法找到路径 (48, 4) → (25, 48)
[2026-05-19 22:17:12,518] INFO - task_allocator.py:244 - 生成任务 36: 取货 (0, 2) → 送货 (24, 36)
[2026-05-19 22:17:12,524] WARNING - mapf_planner.py:292 - AGV 6: 无法找到路径 (48, 5) → (25, 48)
[2026-05-19 22:17:12,724] INFO - agv_controller.py:394 - AGV 1: 任务 24 完成！
[2026-05-19 22:17:12,725] INFO - od_flow.py:243 - 任务 24 已完成
[2026-05-19 22:17:12,725] INFO - agv_controller.py:382 - AGV 3: 已取货，前往送货点 (25, 24)
[2026-05-19 22:17:12,819] INFO - od_flow.py:188 - 任务 33 分配给 AGV 1
[2026-05-19 22:17:12,819] INFO - task_allocator.py:319 - 分配任务 33 → AGV 1 (距离 79)
[2026-05-19 22:17:12,819] INFO - agv_controller.py:164 - AGV 1: 任务33 前往取货点 (49, 37)
[2026-05-19 22:17:12,826] WARNING - mapf_planner.py:292 - AGV 6: 无法找到路径 (46, 5) → (25, 48)
[2026-05-19 22:17:12,919] INFO - task_allocator.py:244 - 生成任务 37: 取货 (0, 37) → 送货 (24, 20)
[2026-05-19 22:17:13,928] INFO - agv_controller.py:394 - AGV 7: 任务 27 完成！
[2026-05-19 22:17:13,928] INFO - od_flow.py:243 - 任务 27 已完成
[2026-05-19 22:17:14,025] INFO - od_flow.py:188 - 任务 34 分配给 AGV 7
[2026-05-19 22:17:14,025] INFO - task_allocator.py:319 - 分配任务 34 → AGV 7 (距离 34)
[2026-05-19 22:17:14,026] INFO - agv_controller.py:164 - AGV 7: 任务34 前往取货点 (49, 32)
[2026-05-19 22:17:14,126] INFO - task_allocator.py:244 - 生成任务 38: 取货 (49, 37) → 送货 (24, 44)
[2026-05-19 22:17:15,136] INFO - agv_controller.py:394 - AGV 0: 任务 26 完成！
[2026-05-19 22:17:15,136] INFO - od_flow.py:243 - 任务 26 已完成
[2026-05-19 22:17:15,136] INFO - agv_controller.py:394 - AGV 5: 任务 28 完成！
[2026-05-19 22:17:15,137] INFO - od_flow.py:243 - 任务 28 已完成
[2026-05-19 22:17:15,233] INFO - task_allocator.py:244 - 生成任务 39: 取货 (0, 32) → 送货 (24, 28)
[2026-05-19 22:17:15,234] INFO - task_allocator.py:244 - 生成任务 40: 取货 (0, 17) → 送货 (25, 32)
[2026-05-19 22:17:15,234] INFO - od_flow.py:188 - 任务 35 分配给 AGV 0
[2026-05-19 22:17:15,234] INFO - task_allocator.py:319 - 分配任务 35 → AGV 0 (距离 37)
[2026-05-19 22:17:15,234] INFO - od_flow.py:188 - 任务 36 分配给 AGV 5
[2026-05-19 22:17:15,234] INFO - task_allocator.py:319 - 分配任务 36 → AGV 5 (距离 50)
[2026-05-19 22:17:15,234] INFO - agv_controller.py:164 - AGV 0: 任务35 前往取货点 (0, 37)
[2026-05-19 22:17:15,235] INFO - agv_controller.py:164 - AGV 5: 任务36 前往取货点 (0, 2)
[2026-05-19 22:17:15,438] INFO - agv_controller.py:382 - AGV 2: 已取货，前往送货点 (25, 40)
[2026-05-19 22:17:15,640] INFO - agv_controller.py:394 - AGV 3: 任务 29 完成！
[2026-05-19 22:17:15,641] INFO - od_flow.py:243 - 任务 29 已完成
[2026-05-19 22:17:15,736] INFO - task_allocator.py:244 - 生成任务 41: 取货 (0, 7) → 送货 (25, 24)
[2026-05-19 22:17:15,736] INFO - od_flow.py:188 - 任务 37 分配给 AGV 3
[2026-05-19 22:17:15,737] INFO - task_allocator.py:319 - 分配任务 37 → AGV 3 (距离 39)
[2026-05-19 22:17:15,737] INFO - agv_controller.py:164 - AGV 3: 任务37 前往取货点 (0, 37)
[2026-05-19 22:17:15,741] INFO - agv_controller.py:382 - AGV 4: 已取货，前往送货点 (24, 12)
[2026-05-19 22:17:16,941] WARNING - mapf_planner.py:292 - AGV 3: 无法找到路径 (19, 30) → (0, 37)
[2026-05-19 22:17:17,043] INFO - agv_controller.py:382 - AGV 1: 已取货，前往送货点 (24, 4)
[2026-05-19 22:17:17,346] WARNING - mapf_planner.py:292 - AGV 1: 无法找到路径 (48, 36) → (24, 4)
[2026-05-19 22:17:17,447] WARNING - mapf_planner.py:292 - AGV 1: 无法找到路径 (48, 36) → (24, 4)
[2026-05-19 22:17:17,748] INFO - agv_controller.py:382 - AGV 7: 已取货，前往送货点 (25, 8)
[2026-05-19 22:17:17,950] WARNING - mapf_planner.py:292 - AGV 1: 无法找到路径 (45, 35) → (24, 4)
[2026-05-19 22:17:18,553] INFO - agv_controller.py:382 - AGV 0: 已取货，前往送货点 (25, 16)
[2026-05-19 22:17:18,655] WARNING - mapf_planner.py:292 - AGV 1: 无法找到路径 (41, 33) → (24, 4)
[2026-05-19 22:17:19,255] INFO - agv_controller.py:394 - AGV 2: 任务 32 完成！
[2026-05-19 22:17:19,255] INFO - od_flow.py:243 - 任务 32 已完成
[2026-05-19 22:17:19,256] INFO - agv_controller.py:394 - AGV 4: 任务 31 完成！
[2026-05-19 22:17:19,256] INFO - od_flow.py:243 - 任务 31 已完成
[2026-05-19 22:17:19,352] INFO - task_allocator.py:244 - 生成任务 42: 取货 (0, 37) → 送货 (24, 12)
[2026-05-19 22:17:19,352] INFO - od_flow.py:188 - 任务 38 分配给 AGV 4
[2026-05-19 22:17:19,352] INFO - task_allocator.py:319 - 分配任务 38 → AGV 4 (距离 37)
[2026-05-19 22:17:19,352] INFO - od_flow.py:188 - 任务 39 分配给 AGV 2
[2026-05-19 22:17:19,353] INFO - task_allocator.py:319 - 分配任务 39 → AGV 2 (距离 26)
[2026-05-19 22:17:19,353] INFO - agv_controller.py:164 - AGV 4: 任务38 前往取货点 (49, 37)
[2026-05-19 22:17:19,353] INFO - agv_controller.py:164 - AGV 2: 任务39 前往取货点 (0, 32)
[2026-05-19 22:17:19,358] INFO - agv_controller.py:394 - AGV 6: 任务 30 完成！
[2026-05-19 22:17:19,359] INFO - od_flow.py:243 - 任务 30 已完成
[2026-05-19 22:17:19,453] INFO - od_flow.py:188 - 任务 40 分配给 AGV 6
[2026-05-19 22:17:19,453] INFO - task_allocator.py:319 - 分配任务 40 → AGV 6 (距离 56)
[2026-05-19 22:17:19,453] INFO - agv_controller.py:164 - AGV 6: 任务40 前往取货点 (0, 17)
[2026-05-19 22:17:19,654] INFO - task_allocator.py:244 - 生成任务 43: 取货 (49, 17) → 送货 (25, 48)
[2026-05-19 22:17:19,760] INFO - agv_controller.py:382 - AGV 3: 已取货，前往送货点 (24, 20)
[2026-05-19 22:17:19,855] INFO - task_allocator.py:244 - 生成任务 44: 取货 (49, 27) → 送货 (25, 40)
[2026-05-19 22:17:19,959] WARNING - mapf_planner.py:292 - AGV 3: 无法找到路径 (0, 36) → (24, 20)
[2026-05-19 22:17:20,763] INFO - agv_controller.py:382 - AGV 5: 已取货，前往送货点 (24, 36)
[2026-05-19 22:17:21,666] INFO - main.py:181 - 步数 400: 已完成 33 个任务, AGV: 空闲0 移动中8 装卸0
[2026-05-19 22:17:22,666] INFO - agv_controller.py:382 - AGV 2: 已取货，前往送货点 (24, 28)
[2026-05-19 22:17:22,666] INFO - agv_controller.py:394 - AGV 7: 任务 34 完成！
[2026-05-19 22:17:22,666] INFO - od_flow.py:243 - 任务 34 已完成
[2026-05-19 22:17:22,765] INFO - od_flow.py:188 - 任务 41 分配给 AGV 7
[2026-05-19 22:17:22,766] INFO - task_allocator.py:319 - 分配任务 41 → AGV 7 (距离 48)
[2026-05-19 22:17:22,766] INFO - agv_controller.py:164 - AGV 7: 任务41 前往取货点 (0, 7)
[2026-05-19 22:17:22,967] INFO - task_allocator.py:244 - 生成任务 45: 取货 (0, 47) → 送货 (25, 8)
[2026-05-19 22:17:23,271] INFO - agv_controller.py:394 - AGV 0: 任务 35 完成！
[2026-05-19 22:17:23,272] INFO - od_flow.py:243 - 任务 35 已完成
[2026-05-19 22:17:23,369] INFO - task_allocator.py:244 - 生成任务 46: 取货 (49, 27) → 送货 (25, 16)
[2026-05-19 22:17:23,369] INFO - od_flow.py:188 - 任务 42 分配给 AGV 0
[2026-05-19 22:17:23,369] INFO - task_allocator.py:319 - 分配任务 42 → AGV 0 (距离 37)
[2026-05-19 22:17:23,370] INFO - agv_controller.py:164 - AGV 0: 任务42 前往取货点 (0, 37)
[2026-05-19 22:17:23,574] WARNING - mapf_planner.py:292 - AGV 7: 无法找到路径 (17, 8) → (0, 7)
[2026-05-19 22:17:23,575] INFO - agv_controller.py:394 - AGV 1: 任务 33 完成！
[2026-05-19 22:17:23,575] INFO - od_flow.py:243 - 任务 33 已完成
[2026-05-19 22:17:23,670] INFO - od_flow.py:188 - 任务 43 分配给 AGV 1
[2026-05-19 22:17:23,671] INFO - task_allocator.py:319 - 分配任务 43 → AGV 1 (距离 59)
[2026-05-19 22:17:23,671] INFO - agv_controller.py:164 - AGV 1: 任务43 前往取货点 (49, 17)
[2026-05-19 22:17:23,975] WARNING - mapf_planner.py:292 - AGV 7: 无法找到路径 (15, 8) → (0, 7)
[2026-05-19 22:17:24,176] INFO - agv_controller.py:394 - AGV 3: 任务 37 完成！
[2026-05-19 22:17:24,176] INFO - od_flow.py:243 - 任务 37 已完成
[2026-05-19 22:17:24,274] INFO - od_flow.py:188 - 任务 44 分配给 AGV 3
[2026-05-19 22:17:24,275] INFO - task_allocator.py:319 - 分配任务 44 → AGV 3 (距离 68)
[2026-05-19 22:17:24,275] INFO - agv_controller.py:164 - AGV 3: 任务44 前往取货点 (49, 27)
[2026-05-19 22:17:24,377] INFO - agv_controller.py:382 - AGV 4: 已取货，前往送货点 (24, 44)
[2026-05-19 22:17:24,478] WARNING - mapf_planner.py:292 - AGV 7: 无法找到路径 (12, 8) → (0, 7)
[2026-05-19 22:17:24,581] WARNING - mapf_planner.py:292 - AGV 7: 无法找到路径 (12, 9) → (0, 7)
[2026-05-19 22:17:24,678] INFO - task_allocator.py:244 - 生成任务 47: 取货 (0, 47) → 送货 (24, 4)
[2026-05-19 22:17:24,778] INFO - task_allocator.py:244 - 生成任务 48: 取货 (0, 7) → 送货 (24, 20)
[2026-05-19 22:17:25,082] INFO - agv_controller.py:382 - AGV 6: 已取货，前往送货点 (25, 32)
[2026-05-19 22:17:25,587] INFO - agv_controller.py:394 - AGV 2: 任务 39 完成！
[2026-05-19 22:17:25,587] INFO - od_flow.py:243 - 任务 39 已完成
[2026-05-19 22:17:25,684] INFO - task_allocator.py:244 - 生成任务 49: 取货 (0, 7) → 送货 (24, 28)
[2026-05-19 22:17:25,684] INFO - od_flow.py:188 - 任务 45 分配给 AGV 2
[2026-05-19 22:17:25,684] INFO - task_allocator.py:319 - 分配任务 45 → AGV 2 (距离 41)
[2026-05-19 22:17:25,684] INFO - agv_controller.py:164 - AGV 2: 任务45 前往取货点 (0, 47)
[2026-05-19 22:17:25,987] INFO - agv_controller.py:382 - AGV 7: 已取货，前往送货点 (25, 24)
[2026-05-19 22:17:26,692] INFO - agv_controller.py:394 - AGV 5: 任务 36 完成！
[2026-05-19 22:17:26,692] INFO - od_flow.py:243 - 任务 36 已完成
[2026-05-19 22:17:26,788] INFO - task_allocator.py:244 - 生成任务 50: 取货 (49, 27) → 送货 (24, 36)
[2026-05-19 22:17:26,789] INFO - od_flow.py:188 - 任务 46 分配给 AGV 5
[2026-05-19 22:17:26,789] INFO - task_allocator.py:319 - 分配任务 46 → AGV 5 (距离 24)
[2026-05-19 22:17:26,789] INFO - agv_controller.py:164 - AGV 5: 任务46 前往取货点 (49, 27)
[2026-05-19 22:17:27,191] WARNING - mapf_planner.py:292 - AGV 6: 无法找到路径 (10, 27) → (25, 32)
[2026-05-19 22:17:27,494] INFO - agv_controller.py:382 - AGV 1: 已取货，前往送货点 (25, 48)
[2026-05-19 22:17:27,494] INFO - agv_controller.py:382 - AGV 3: 已取货，前往送货点 (25, 40)
[2026-05-19 22:17:27,699] INFO - agv_controller.py:394 - AGV 4: 任务 38 完成！
[2026-05-19 22:17:27,700] INFO - od_flow.py:243 - 任务 38 已完成
[2026-05-19 22:17:27,795] INFO - task_allocator.py:244 - 生成任务 51: 取货 (0, 12) → 送货 (24, 44)
[2026-05-19 22:17:27,796] INFO - od_flow.py:188 - 任务 47 分配给 AGV 4
[2026-05-19 22:17:27,796] INFO - task_allocator.py:319 - 分配任务 47 → AGV 4 (距离 92)
[2026-05-19 22:17:27,796] INFO - agv_controller.py:164 - AGV 4: 任务47 前往取货点 (0, 47)
[2026-05-19 22:17:28,000] INFO - agv_controller.py:382 - AGV 0: 已取货，前往送货点 (24, 12)
[2026-05-19 22:17:28,201] WARNING - mapf_planner.py:292 - AGV 0: 无法找到路径 (0, 36) → (24, 12)
[2026-05-19 22:17:28,401] WARNING - mapf_planner.py:292 - AGV 0: 无法找到路径 (0, 35) → (24, 12)
[2026-05-19 22:17:29,206] INFO - agv_controller.py:394 - AGV 6: 任务 40 完成！
[2026-05-19 22:17:29,207] INFO - od_flow.py:243 - 任务 40 已完成
[2026-05-19 22:17:29,302] INFO - task_allocator.py:244 - 生成任务 52: 取货 (0, 17) → 送货 (25, 32)
[2026-05-19 22:17:29,303] INFO - od_flow.py:188 - 任务 48 分配给 AGV 6
[2026-05-19 22:17:29,303] INFO - task_allocator.py:319 - 分配任务 48 → AGV 6 (距离 48)
[2026-05-19 22:17:29,303] INFO - agv_controller.py:164 - AGV 6: 任务48 前往取货点 (0, 7)
[2026-05-19 22:17:29,810] WARNING - mapf_planner.py:292 - AGV 6: 无法找到路径 (20, 32) → (0, 7)
[2026-05-19 22:17:30,008] INFO - agv_controller.py:382 - AGV 2: 已取货，前往送货点 (25, 8)
[2026-05-19 22:17:30,213] INFO - agv_controller.py:382 - AGV 5: 已取货，前往送货点 (25, 16)
[2026-05-19 22:17:30,313] INFO - agv_controller.py:394 - AGV 7: 任务 41 完成！
[2026-05-19 22:17:30,313] INFO - od_flow.py:243 - 任务 41 已完成
[2026-05-19 22:17:30,406] INFO - task_allocator.py:244 - 生成任务 53: 取货 (49, 32) → 送货 (25, 24)
[2026-05-19 22:17:30,407] INFO - od_flow.py:188 - 任务 49 分配给 AGV 7
[2026-05-19 22:17:30,407] INFO - task_allocator.py:319 - 分配任务 49 → AGV 7 (距离 48)
[2026-05-19 22:17:30,408] INFO - agv_controller.py:164 - AGV 7: 任务49 前往取货点 (0, 7)
[2026-05-19 22:17:30,511] WARNING - mapf_planner.py:292 - AGV 2: 无法找到路径 (0, 43) → (25, 8)
[2026-05-19 22:17:30,518] INFO - agv_controller.py:382 - AGV 4: 已取货，前往送货点 (24, 4)
[2026-05-19 22:17:30,612] WARNING - mapf_planner.py:292 - AGV 2: 无法找到路径 (0, 43) → (25, 8)
[2026-05-19 22:17:30,813] WARNING - mapf_planner.py:292 - AGV 2: 无法找到路径 (1, 43) → (25, 8)
[2026-05-19 22:17:31,113] WARNING - mapf_planner.py:292 - AGV 2: 无法找到路径 (1, 41) → (25, 8)
[2026-05-19 22:17:31,216] WARNING - mapf_planner.py:292 - AGV 2: 无法找到路径 (1, 41) → (25, 8)
[2026-05-19 22:17:31,736] WARNING - mapf_planner.py:375 - CBS达到最大迭代次数 100，返回最佳解
[2026-05-19 22:17:31,736] INFO - agv_controller.py:394 - AGV 3: 任务 44 完成！
[2026-05-19 22:17:31,737] INFO - od_flow.py:243 - 任务 44 已完成
[2026-05-19 22:17:31,740] INFO - od_flow.py:188 - 任务 50 分配给 AGV 3
[2026-05-19 22:17:31,741] INFO - task_allocator.py:319 - 分配任务 50 → AGV 3 (距离 68)
[2026-05-19 22:17:31,741] INFO - agv_controller.py:164 - AGV 3: 任务50 前往取货点 (49, 27)
[2026-05-19 22:17:31,746] WARNING - mapf_planner.py:292 - AGV 2: 无法找到路径 (2, 41) → (25, 8)
[2026-05-19 22:17:31,943] INFO - task_allocator.py:244 - 生成任务 54: 取货 (0, 42) → 送货 (25, 40)
[2026-05-19 22:17:31,948] WARNING - mapf_planner.py:292 - AGV 2: 无法找到路径 (2, 40) → (25, 8)
[2026-05-19 22:17:32,095] INFO - main.py:181 - 步数 500: 已完成 43 个任务, AGV: 空闲0 移动中8 装卸0
[2026-05-19 22:17:32,250] WARNING - mapf_planner.py:292 - AGV 4: 无法找到路径 (1, 37) → (24, 4)
[2026-05-19 22:17:32,352] WARNING - mapf_planner.py:292 - AGV 4: 无法找到路径 (1, 37) → (24, 4)
[2026-05-19 22:17:32,855] WARNING - mapf_planner.py:292 - AGV 4: 无法找到路径 (1, 33) → (24, 4)
[2026-05-19 22:17:32,953] WARNING - mapf_planner.py:292 - AGV 4: 无法找到路径 (1, 33) → (24, 4)
[2026-05-19 22:17:33,255] WARNING - mapf_planner.py:292 - AGV 4: 无法找到路径 (3, 33) → (24, 4)
[2026-05-19 22:17:33,452] INFO - agv_controller.py:394 - AGV 1: 任务 43 完成！
[2026-05-19 22:17:33,453] INFO - od_flow.py:243 - 任务 43 已完成
[2026-05-19 22:17:33,550] INFO - task_allocator.py:244 - 生成任务 55: 取货 (49, 47) → 送货 (25, 48)
[2026-05-19 22:17:33,550] INFO - od_flow.py:188 - 任务 51 分配给 AGV 1
[2026-05-19 22:17:33,550] INFO - task_allocator.py:319 - 分配任务 51 → AGV 1 (距离 9)
[2026-05-19 22:17:33,550] INFO - agv_controller.py:164 - AGV 1: 任务51 前往取货点 (0, 12)
[2026-05-19 22:17:33,557] INFO - agv_controller.py:394 - AGV 0: 任务 42 完成！
[2026-05-19 22:17:33,557] INFO - od_flow.py:243 - 任务 42 已完成
[2026-05-19 22:17:33,651] INFO - task_allocator.py:244 - 生成任务 56: 取货 (49, 37) → 送货 (24, 12)
[2026-05-19 22:17:33,651] INFO - od_flow.py:188 - 任务 52 分配给 AGV 0
[2026-05-19 22:17:33,651] INFO - task_allocator.py:319 - 分配任务 52 → AGV 0 (距离 17)
[2026-05-19 22:17:33,652] INFO - agv_controller.py:164 - AGV 0: 任务52 前往取货点 (0, 17)
[2026-05-19 22:17:34,161] INFO - agv_controller.py:394 - AGV 5: 任务 46 完成！
[2026-05-19 22:17:34,161] INFO - od_flow.py:243 - 任务 46 已完成
[2026-05-19 22:17:34,256] INFO - task_allocator.py:244 - 生成任务 57: 取货 (49, 7) → 送货 (25, 16)
[2026-05-19 22:17:34,256] INFO - od_flow.py:188 - 任务 53 分配给 AGV 5
[2026-05-19 22:17:34,256] INFO - task_allocator.py:319 - 分配任务 53 → AGV 5 (距离 29)
[2026-05-19 22:17:34,256] INFO - agv_controller.py:164 - AGV 5: 任务53 前往取货点 (49, 32)
[2026-05-19 22:17:34,763] INFO - agv_controller.py:382 - AGV 6: 已取货，前往送货点 (24, 20)
[2026-05-19 22:17:34,966] INFO - agv_controller.py:382 - AGV 7: 已取货，前往送货点 (24, 28)
[2026-05-19 22:17:35,465] INFO - agv_controller.py:382 - AGV 3: 已取货，前往送货点 (24, 36)
[2026-05-19 22:17:36,570] INFO - agv_controller.py:382 - AGV 0: 已取货，前往送货点 (25, 32)
[2026-05-19 22:17:37,571] INFO - agv_controller.py:394 - AGV 2: 任务 45 完成！
[2026-05-19 22:17:37,571] INFO - od_flow.py:243 - 任务 45 已完成
[2026-05-19 22:17:37,670] INFO - od_flow.py:188 - 任务 54 分配给 AGV 2
[2026-05-19 22:17:37,670] INFO - task_allocator.py:319 - 分配任务 54 → AGV 2 (距离 36)
[2026-05-19 22:17:37,670] INFO - agv_controller.py:164 - AGV 2: 任务54 前往取货点 (0, 42)
[2026-05-19 22:17:37,874] WARNING - mapf_planner.py:292 - AGV 6: 无法找到路径 (16, 21) → (24, 20)
[2026-05-19 22:17:38,072] INFO - task_allocator.py:244 - 生成任务 58: 取货 (0, 22) → 送货 (25, 8)
[2026-05-19 22:17:38,278] INFO - agv_controller.py:382 - AGV 5: 已取货，前往送货点 (25, 24)
[2026-05-19 22:17:38,379] INFO - agv_controller.py:394 - AGV 4: 任务 47 完成！
[2026-05-19 22:17:38,379] INFO - od_flow.py:243 - 任务 47 已完成
[2026-05-19 22:17:38,475] INFO - task_allocator.py:244 - 生成任务 59: 取货 (0, 32) → 送货 (24, 4)
[2026-05-19 22:17:38,476] INFO - od_flow.py:188 - 任务 55 分配给 AGV 4
[2026-05-19 22:17:38,476] INFO - task_allocator.py:319 - 分配任务 55 → AGV 4 (距离 47)
[2026-05-19 22:17:38,477] INFO - agv_controller.py:164 - AGV 4: 任务55 前往取货点 (49, 47)
[2026-05-19 22:17:38,482] WARNING - mapf_planner.py:292 - AGV 2: 无法找到路径 (23, 14) → (0, 42)
[2026-05-19 22:17:38,681] WARNING - mapf_planner.py:292 - AGV 4: 无法找到路径 (25, 5) → (49, 47)
[2026-05-19 22:17:38,980] INFO - agv_controller.py:394 - AGV 3: 任务 50 完成！
[2026-05-19 22:17:38,981] INFO - od_flow.py:243 - 任务 50 已完成
[2026-05-19 22:17:38,981] INFO - agv_controller.py:394 - AGV 6: 任务 48 完成！
[2026-05-19 22:17:38,981] INFO - od_flow.py:243 - 任务 48 已完成
[2026-05-19 22:17:39,078] INFO - task_allocator.py:244 - 生成任务 60: 取货 (0, 42) → 送货 (24, 36)
[2026-05-19 22:17:39,078] INFO - od_flow.py:188 - 任务 56 分配给 AGV 6
[2026-05-19 22:17:39,078] INFO - task_allocator.py:319 - 分配任务 56 → AGV 6 (距离 31)
[2026-05-19 22:17:39,079] INFO - od_flow.py:188 - 任务 57 分配给 AGV 3
[2026-05-19 22:17:39,079] INFO - task_allocator.py:319 - 分配任务 57 → AGV 3 (距离 48)
[2026-05-19 22:17:39,079] INFO - agv_controller.py:164 - AGV 6: 任务56 前往取货点 (49, 37)
[2026-05-19 22:17:39,079] INFO - agv_controller.py:164 - AGV 3: 任务57 前往取货点 (49, 7)
[2026-05-19 22:17:39,178] INFO - task_allocator.py:244 - 生成任务 61: 取货 (0, 42) → 送货 (24, 20)
[2026-05-19 22:17:39,279] WARNING - mapf_planner.py:292 - AGV 0: 无法找到路径 (11, 32) → (25, 32)
[2026-05-19 22:17:39,379] WARNING - mapf_planner.py:292 - AGV 0: 无法找到路径 (10, 32) → (25, 32)
[2026-05-19 22:17:39,383] WARNING - mapf_planner.py:292 - AGV 3: 无法找到路径 (24, 33) → (49, 7)
[2026-05-19 22:17:39,587] WARNING - mapf_planner.py:292 - AGV 4: 无法找到路径 (31, 7) → (49, 47)
[2026-05-19 22:17:39,589] INFO - agv_controller.py:394 - AGV 7: 任务 49 完成！
[2026-05-19 22:17:39,590] INFO - od_flow.py:243 - 任务 49 已完成
[2026-05-19 22:17:39,679] INFO - od_flow.py:188 - 任务 58 分配给 AGV 7
[2026-05-19 22:17:39,680] INFO - task_allocator.py:319 - 分配任务 58 → AGV 7 (距离 63)
[2026-05-19 22:17:39,680] INFO - agv_controller.py:164 - AGV 7: 任务58 前往取货点 (0, 22)
[2026-05-19 22:17:39,689] INFO - agv_controller.py:382 - AGV 1: 已取货，前往送货点 (24, 44)
[2026-05-19 22:17:39,780] INFO - task_allocator.py:244 - 生成任务 62: 取货 (0, 12) → 送货 (24, 28)
[2026-05-19 22:17:39,888] WARNING - mapf_planner.py:292 - AGV 3: 无法找到路径 (27, 32) → (49, 7)
[2026-05-19 22:17:39,990] WARNING - mapf_planner.py:292 - AGV 4: 无法找到路径 (33, 8) → (49, 47)
[2026-05-19 22:17:41,292] INFO - agv_controller.py:394 - AGV 0: 任务 52 完成！
[2026-05-19 22:17:41,292] INFO - od_flow.py:243 - 任务 52 已完成
[2026-05-19 22:17:41,386] INFO - task_allocator.py:244 - 生成任务 63: 取货 (0, 22) → 送货 (25, 32)
[2026-05-19 22:17:41,386] INFO - od_flow.py:188 - 任务 59 分配给 AGV 0
[2026-05-19 22:17:41,386] INFO - task_allocator.py:319 - 分配任务 59 → AGV 0 (距离 32)
[2026-05-19 22:17:41,386] INFO - agv_controller.py:164 - AGV 0: 任务59 前往取货点 (0, 32)
[2026-05-19 22:17:41,594] INFO - agv_controller.py:394 - AGV 5: 任务 53 完成！
[2026-05-19 22:17:41,595] INFO - od_flow.py:243 - 任务 53 已完成
[2026-05-19 22:17:41,689] INFO - task_allocator.py:244 - 生成任务 64: 取货 (49, 22) → 送货 (25, 24)
[2026-05-19 22:17:41,689] INFO - od_flow.py:188 - 任务 60 分配给 AGV 5
[2026-05-19 22:17:41,689] INFO - task_allocator.py:319 - 分配任务 60 → AGV 5 (距离 84)
[2026-05-19 22:17:41,690] INFO - agv_controller.py:164 - AGV 5: 任务60 前往取货点 (0, 42)
[2026-05-19 22:17:42,097] INFO - main.py:181 - 步数 600: 已完成 53 个任务, AGV: 空闲0 移动中8 装卸0
[2026-05-19 22:17:42,698] INFO - agv_controller.py:382 - AGV 7: 已取货，前往送货点 (25, 8)
[2026-05-19 22:17:43,299] INFO - agv_controller.py:382 - AGV 6: 已取货，前往送货点 (24, 12)
[2026-05-19 22:17:43,402] WARNING - mapf_planner.py:292 - AGV 6: 无法找到路径 (49, 37) → (24, 12)
[2026-05-19 22:17:43,703] INFO - agv_controller.py:382 - AGV 2: 已取货，前往送货点 (25, 40)
[2026-05-19 22:17:43,901] INFO - agv_controller.py:382 - AGV 0: 已取货，前往送货点 (24, 4)
[2026-05-19 22:17:44,705] INFO - agv_controller.py:382 - AGV 3: 已取货，前往送货点 (25, 16)
[2026-05-19 22:17:45,408] INFO - agv_controller.py:394 - AGV 1: 任务 51 完成！
[2026-05-19 22:17:45,408] INFO - od_flow.py:243 - 任务 51 已完成
[2026-05-19 22:17:45,505] INFO - od_flow.py:188 - 任务 61 分配给 AGV 1
[2026-05-19 22:17:45,506] INFO - task_allocator.py:319 - 分配任务 61 → AGV 1 (距离 39)
[2026-05-19 22:17:45,506] INFO - agv_controller.py:164 - AGV 1: 任务61 前往取货点 (0, 42)
[2026-05-19 22:17:45,605] INFO - task_allocator.py:244 - 生成任务 65: 取货 (0, 7) → 送货 (24, 44)
[2026-05-19 22:17:45,609] INFO - agv_controller.py:382 - AGV 4: 已取货，前往送货点 (25, 48)
[2026-05-19 22:17:46,013] INFO - agv_controller.py:382 - AGV 5: 已取货，前往送货点 (24, 36)
[2026-05-19 22:17:46,517] INFO - agv_controller.py:394 - AGV 2: 任务 54 完成！
[2026-05-19 22:17:46,518] INFO - od_flow.py:243 - 任务 54 已完成
[2026-05-19 22:17:46,613] INFO - od_flow.py:188 - 任务 62 分配给 AGV 2
[2026-05-19 22:17:46,614] INFO - task_allocator.py:319 - 分配任务 62 → AGV 2 (距离 6)
[2026-05-19 22:17:46,614] INFO - agv_controller.py:164 - AGV 2: 任务62 前往取货点 (0, 12)
[2026-05-19 22:17:46,719] WARNING - mapf_planner.py:292 - AGV 2: 无法找到路径 (24, 40) → (0, 12)
[2026-05-19 22:17:46,720] INFO - agv_controller.py:394 - AGV 7: 任务 58 完成！
[2026-05-19 22:17:46,720] INFO - od_flow.py:243 - 任务 58 已完成
[2026-05-19 22:17:46,813] INFO - task_allocator.py:244 - 生成任务 66: 取货 (49, 37) → 送货 (25, 40)
[2026-05-19 22:17:46,814] INFO - od_flow.py:188 - 任务 63 分配给 AGV 7
[2026-05-19 22:17:46,814] INFO - task_allocator.py:319 - 分配任务 63 → AGV 7 (距离 63)
[2026-05-19 22:17:46,814] INFO - agv_controller.py:164 - AGV 7: 任务63 前往取货点 (0, 22)
[2026-05-19 22:17:47,114] WARNING - mapf_planner.py:292 - AGV 0: 无法找到路径 (17, 18) → (24, 4)
[2026-05-19 22:17:47,415] INFO - task_allocator.py:244 - 生成任务 67: 取货 (49, 47) → 送货 (25, 8)
[2026-05-19 22:17:48,121] INFO - agv_controller.py:382 - AGV 1: 已取货，前往送货点 (24, 20)
[2026-05-19 22:17:48,122] INFO - agv_controller.py:394 - AGV 3: 任务 57 完成！
[2026-05-19 22:17:48,122] INFO - od_flow.py:243 - 任务 57 已完成
[2026-05-19 22:17:48,220] INFO - od_flow.py:188 - 任务 64 分配给 AGV 3
[2026-05-19 22:17:48,220] INFO - task_allocator.py:319 - 分配任务 64 → AGV 3 (距离 63)
[2026-05-19 22:17:48,221] INFO - agv_controller.py:164 - AGV 3: 任务64 前往取货点 (49, 22)
[2026-05-19 22:17:48,227] INFO - agv_controller.py:394 - AGV 4: 任务 55 完成！
[2026-05-19 22:17:48,227] INFO - od_flow.py:243 - 任务 55 已完成
[2026-05-19 22:17:48,321] INFO - od_flow.py:188 - 任务 65 分配给 AGV 4
[2026-05-19 22:17:48,321] INFO - task_allocator.py:319 - 分配任务 65 → AGV 4 (距离 52)
[2026-05-19 22:17:48,321] INFO - agv_controller.py:164 - AGV 4: 任务65 前往取货点 (0, 7)
[2026-05-19 22:17:48,428] WARNING - mapf_planner.py:292 - AGV 4: 无法找到路径 (25, 47) → (0, 7)
[2026-05-19 22:17:48,529] WARNING - mapf_planner.py:292 - AGV 4: 无法找到路径 (25, 47) → (0, 7)
[2026-05-19 22:17:48,535] INFO - agv_controller.py:394 - AGV 6: 任务 56 完成！
[2026-05-19 22:17:48,535] INFO - od_flow.py:243 - 任务 56 已完成
[2026-05-19 22:17:48,624] INFO - task_allocator.py:244 - 生成任务 68: 取货 (0, 27) → 送货 (25, 16)
[2026-05-19 22:17:48,625] INFO - od_flow.py:188 - 任务 66 分配给 AGV 6
[2026-05-19 22:17:48,625] INFO - task_allocator.py:319 - 分配任务 66 → AGV 6 (距离 31)
[2026-05-19 22:17:48,625] INFO - agv_controller.py:164 - AGV 6: 任务66 前往取货点 (49, 37)
[2026-05-19 22:17:48,629] WARNING - mapf_planner.py:292 - AGV 4: 无法找到路径 (25, 47) → (0, 7)
[2026-05-19 22:17:48,825] INFO - task_allocator.py:244 - 生成任务 69: 取货 (0, 2) → 送货 (24, 12)
[2026-05-19 22:17:48,831] WARNING - mapf_planner.py:292 - AGV 4: 无法找到路径 (25, 46) → (0, 7)
[2026-05-19 22:17:48,925] INFO - task_allocator.py:244 - 生成任务 70: 取货 (49, 2) → 送货 (25, 48)
[2026-05-19 22:17:49,131] INFO - agv_controller.py:394 - AGV 5: 任务 60 完成！
[2026-05-19 22:17:49,131] INFO - od_flow.py:243 - 任务 60 已完成
[2026-05-19 22:17:49,226] INFO - od_flow.py:188 - 任务 67 分配给 AGV 5
[2026-05-19 22:17:49,227] INFO - task_allocator.py:319 - 分配任务 67 → AGV 5 (距离 44)
[2026-05-19 22:17:49,227] INFO - agv_controller.py:164 - AGV 5: 任务67 前往取货点 (49, 47)
[2026-05-19 22:17:49,231] INFO - agv_controller.py:394 - AGV 0: 任务 59 完成！
[2026-05-19 22:17:49,232] INFO - od_flow.py:243 - 任务 59 已完成
[2026-05-19 22:17:49,327] INFO - od_flow.py:188 - 任务 68 分配给 AGV 0
[2026-05-19 22:17:49,328] INFO - task_allocator.py:319 - 分配任务 68 → AGV 0 (距离 27)
[2026-05-19 22:17:49,328] INFO - agv_controller.py:164 - AGV 0: 任务68 前往取货点 (0, 27)
[2026-05-19 22:17:49,335] WARNING - mapf_planner.py:292 - AGV 4: 无法找到路径 (22, 45) → (0, 7)
[2026-05-19 22:17:49,432] WARNING - mapf_planner.py:292 - AGV 0: 无法找到路径 (23, 4) → (0, 27)
[2026-05-19 22:17:49,627] INFO - task_allocator.py:244 - 生成任务 71: 取货 (0, 27) → 送货 (24, 4)
[2026-05-19 22:17:49,728] INFO - task_allocator.py:244 - 生成任务 72: 取货 (49, 12) → 送货 (24, 36)
[2026-05-19 22:17:50,738] INFO - agv_controller.py:382 - AGV 7: 已取货，前往送货点 (25, 32)
[2026-05-19 22:17:51,238] INFO - agv_controller.py:382 - AGV 3: 已取货，前往送货点 (25, 24)
[2026-05-19 22:17:51,439] WARNING - mapf_planner.py:292 - AGV 5: 无法找到路径 (38, 44) → (49, 47)
[2026-05-19 22:17:52,041] INFO - agv_controller.py:382 - AGV 2: 已取货，前往送货点 (24, 28)
[2026-05-19 22:17:52,143] INFO - main.py:181 - 步数 700: 已完成 61 个任务, AGV: 空闲0 移动中8 装卸0
[2026-05-19 22:17:52,842] INFO - agv_controller.py:394 - AGV 1: 任务 61 完成！
[2026-05-19 22:17:52,842] INFO - od_flow.py:243 - 任务 61 已完成
[2026-05-19 22:17:52,941] INFO - od_flow.py:188 - 任务 69 分配给 AGV 1
[2026-05-19 22:17:52,941] INFO - task_allocator.py:319 - 分配任务 69 → AGV 1 (距离 5)
[2026-05-19 22:17:52,942] INFO - agv_controller.py:164 - AGV 1: 任务69 前往取货点 (0, 2)
[2026-05-19 22:17:53,041] INFO - task_allocator.py:244 - 生成任务 73: 取货 (0, 17) → 送货 (24, 20)
[2026-05-19 22:17:53,043] INFO - agv_controller.py:382 - AGV 5: 已取货，前往送货点 (25, 8)
[2026-05-19 22:17:53,148] WARNING - mapf_planner.py:292 - AGV 5: 无法找到路径 (49, 47) → (25, 8)
[2026-05-19 22:17:53,247] WARNING - mapf_planner.py:292 - AGV 5: 无法找到路径 (49, 47) → (25, 8)
[2026-05-19 22:17:53,446] WARNING - mapf_planner.py:292 - AGV 5: 无法找到路径 (48, 47) → (25, 8)
[2026-05-19 22:17:53,646] INFO - agv_controller.py:382 - AGV 6: 已取货，前往送货点 (25, 40)
[2026-05-19 22:17:53,948] WARNING - mapf_planner.py:292 - AGV 5: 无法找到路径 (44, 47) → (25, 8)
[2026-05-19 22:17:53,949] INFO - agv_controller.py:394 - AGV 3: 任务 64 完成！
[2026-05-19 22:17:53,949] INFO - od_flow.py:243 - 任务 64 已完成
[2026-05-19 22:17:54,045] INFO - od_flow.py:188 - 任务 70 分配给 AGV 3
[2026-05-19 22:17:54,045] INFO - task_allocator.py:319 - 分配任务 70 → AGV 3 (距离 45)
[2026-05-19 22:17:54,045] INFO - agv_controller.py:164 - AGV 3: 任务70 前往取货点 (49, 2)
[2026-05-19 22:17:54,146] INFO - task_allocator.py:244 - 生成任务 74: 取货 (49, 47) → 送货 (25, 24)
[2026-05-19 22:17:54,152] WARNING - mapf_planner.py:292 - AGV 5: 无法找到路径 (44, 46) → (25, 8)
[2026-05-19 22:17:54,153] INFO - agv_controller.py:382 - AGV 0: 已取货，前往送货点 (25, 16)
[2026-05-19 22:17:54,352] INFO - agv_controller.py:394 - AGV 7: 任务 63 完成！
[2026-05-19 22:17:54,353] INFO - od_flow.py:243 - 任务 63 已完成
[2026-05-19 22:17:54,448] INFO - task_allocator.py:244 - 生成任务 75: 取货 (49, 42) → 送货 (25, 32)
[2026-05-19 22:17:54,448] INFO - od_flow.py:188 - 任务 71 分配给 AGV 7
[2026-05-19 22:17:54,449] INFO - task_allocator.py:319 - 分配任务 71 → AGV 7 (距离 68)
[2026-05-19 22:17:54,449] INFO - agv_controller.py:164 - AGV 7: 任务71 前往取货点 (0, 27)
[2026-05-19 22:17:54,757] WARNING - mapf_planner.py:292 - AGV 5: 无法找到路径 (41, 44) → (25, 8)
[2026-05-19 22:17:55,255] WARNING - mapf_planner.py:292 - AGV 1: 无法找到路径 (14, 7) → (0, 2)
[2026-05-19 22:17:55,461] INFO - agv_controller.py:382 - AGV 4: 已取货，前往送货点 (24, 44)
[2026-05-19 22:17:55,662] WARNING - mapf_planner.py:292 - AGV 4: 无法找到路径 (0, 8) → (24, 44)
[2026-05-19 22:17:55,965] WARNING - mapf_planner.py:292 - AGV 4: 无法找到路径 (1, 9) → (24, 44)
[2026-05-19 22:17:56,165] WARNING - mapf_planner.py:292 - AGV 4: 无法找到路径 (1, 10) → (24, 44)
[2026-05-19 22:17:56,167] INFO - agv_controller.py:394 - AGV 2: 任务 62 完成！
[2026-05-19 22:17:56,167] INFO - od_flow.py:243 - 任务 62 已完成
[2026-05-19 22:17:56,260] INFO - od_flow.py:188 - 任务 72 分配给 AGV 2
[2026-05-19 22:17:56,261] INFO - task_allocator.py:319 - 分配任务 72 → AGV 2 (距离 51)
[2026-05-19 22:17:56,261] INFO - agv_controller.py:164 - AGV 2: 任务72 前往取货点 (49, 12)
[2026-05-19 22:17:56,262] WARNING - mapf_planner.py:292 - AGV 1: 无法找到路径 (7, 4) → (0, 2)
[2026-05-19 22:17:56,465] WARNING - mapf_planner.py:292 - AGV 4: 无法找到路径 (1, 12) → (24, 44)
[2026-05-19 22:17:56,466] INFO - agv_controller.py:394 - AGV 6: 任务 66 完成！
[2026-05-19 22:17:56,466] INFO - od_flow.py:243 - 任务 66 已完成
[2026-05-19 22:17:56,561] INFO - od_flow.py:188 - 任务 73 分配给 AGV 6
[2026-05-19 22:17:56,561] INFO - task_allocator.py:319 - 分配任务 73 → AGV 6 (距离 56)
[2026-05-19 22:17:56,562] INFO - agv_controller.py:164 - AGV 6: 任务73 前往取货点 (0, 17)
[2026-05-19 22:17:56,763] INFO - task_allocator.py:244 - 生成任务 76: 取货 (0, 47) → 送货 (25, 40)
[2026-05-19 22:17:56,963] INFO - task_allocator.py:244 - 生成任务 77: 取货 (49, 17) → 送货 (24, 28)
[2026-05-19 22:17:57,168] INFO - agv_controller.py:382 - AGV 1: 已取货，前往送货点 (24, 12)
[2026-05-19 22:17:57,470] INFO - agv_controller.py:382 - AGV 7: 已取货，前往送货点 (24, 4)
[2026-05-19 22:17:57,871] INFO - agv_controller.py:394 - AGV 0: 任务 68 完成！
[2026-05-19 22:17:57,872] INFO - od_flow.py:243 - 任务 68 已完成
[2026-05-19 22:17:57,968] INFO - task_allocator.py:244 - 生成任务 78: 取货 (49, 17) → 送货 (25, 16)
[2026-05-19 22:17:57,969] INFO - od_flow.py:188 - 任务 74 分配给 AGV 0
[2026-05-19 22:17:57,969] INFO - task_allocator.py:319 - 分配任务 74 → AGV 0 (距离 92)
[2026-05-19 22:17:57,969] INFO - agv_controller.py:164 - AGV 0: 任务74 前往取货点 (49, 47)
[2026-05-19 22:17:58,677] INFO - agv_controller.py:382 - AGV 3: 已取货，前往送货点 (25, 48)
[2026-05-19 22:17:58,779] WARNING - mapf_planner.py:292 - AGV 3: 无法找到路径 (49, 2) → (25, 48)
[2026-05-19 22:17:59,180] WARNING - mapf_planner.py:292 - AGV 3: 无法找到路径 (47, 3) → (25, 48)
[2026-05-19 22:17:59,581] WARNING - mapf_planner.py:292 - AGV 3: 无法找到路径 (45, 4) → (25, 48)
[2026-05-19 22:17:59,681] WARNING - mapf_planner.py:292 - AGV 3: 无法找到路径 (45, 4) → (25, 48)
[2026-05-19 22:17:59,984] WARNING - mapf_planner.py:292 - AGV 3: 无法找到路径 (45, 6) → (25, 48)
[2026-05-19 22:18:00,082] WARNING - mapf_planner.py:292 - AGV 3: 无法找到路径 (45, 6) → (25, 48)
[2026-05-19 22:18:00,083] INFO - agv_controller.py:394 - AGV 5: 任务 67 完成！
[2026-05-19 22:18:00,083] INFO - od_flow.py:243 - 任务 67 已完成
[2026-05-19 22:18:00,179] INFO - task_allocator.py:244 - 生成任务 79: 取货 (49, 27) → 送货 (25, 8)
[2026-05-19 22:18:00,179] INFO - od_flow.py:188 - 任务 75 分配给 AGV 5
[2026-05-19 22:18:00,180] INFO - task_allocator.py:319 - 分配任务 75 → AGV 5 (距离 39)
[2026-05-19 22:18:00,180] INFO - agv_controller.py:164 - AGV 5: 任务75 前往取货点 (49, 42)
[2026-05-19 22:18:00,284] WARNING - mapf_planner.py:292 - AGV 3: 无法找到路径 (44, 6) → (25, 48)
[2026-05-19 22:18:00,385] INFO - agv_controller.py:382 - AGV 2: 已取货，前往送货点 (24, 36)
[2026-05-19 22:18:00,486] WARNING - mapf_planner.py:292 - AGV 3: 无法找到路径 (44, 7) → (25, 48)
[2026-05-19 22:18:00,584] WARNING - mapf_planner.py:292 - AGV 2: 无法找到路径 (49, 13) → (24, 36)
[2026-05-19 22:18:00,685] WARNING - mapf_planner.py:292 - AGV 2: 无法找到路径 (49, 13) → (24, 36)
[2026-05-19 22:18:00,689] INFO - agv_controller.py:394 - AGV 1: 任务 69 完成！
[2026-05-19 22:18:00,689] INFO - od_flow.py:243 - 任务 69 已完成
[2026-05-19 22:18:00,781] INFO - task_allocator.py:244 - 生成任务 80: 取货 (49, 2) → 送货 (24, 12)
[2026-05-19 22:18:00,782] INFO - od_flow.py:188 - 任务 76 分配给 AGV 1
[2026-05-19 22:18:00,782] INFO - task_allocator.py:319 - 分配任务 76 → AGV 1 (距离 44)
[2026-05-19 22:18:00,782] INFO - agv_controller.py:164 - AGV 1: 任务76 前往取货点 (0, 47)
[2026-05-19 22:18:00,888] WARNING - mapf_planner.py:292 - AGV 3: 无法找到路径 (43, 9) → (25, 48)
[2026-05-19 22:18:00,987] WARNING - mapf_planner.py:292 - AGV 2: 无法找到路径 (47, 13) → (24, 36)
[2026-05-19 22:18:01,186] WARNING - mapf_planner.py:292 - AGV 1: 无法找到路径 (22, 14) → (0, 47)
[2026-05-19 22:18:01,288] WARNING - mapf_planner.py:292 - AGV 1: 无法找到路径 (22, 14) → (0, 47)
[2026-05-19 22:18:01,390] INFO - agv_controller.py:382 - AGV 6: 已取货，前往送货点 (24, 20)
[2026-05-19 22:18:02,193] INFO - main.py:181 - 步数 800: 已完成 69 个任务, AGV: 空闲0 移动中8 装卸0
[2026-05-19 22:18:02,291] INFO - agv_controller.py:394 - AGV 4: 任务 65 完成！
[2026-05-19 22:18:02,291] INFO - od_flow.py:243 - 任务 65 已完成
[2026-05-19 22:18:02,292] INFO - agv_controller.py:394 - AGV 7: 任务 71 完成！
[2026-05-19 22:18:02,292] INFO - od_flow.py:243 - 任务 71 已完成
[2026-05-19 22:18:02,388] INFO - od_flow.py:188 - 任务 77 分配给 AGV 4
[2026-05-19 22:18:02,388] INFO - task_allocator.py:319 - 分配任务 77 → AGV 4 (距离 17)
[2026-05-19 22:18:02,388] INFO - od_flow.py:188 - 任务 78 分配给 AGV 7
[2026-05-19 22:18:02,389] INFO - task_allocator.py:319 - 分配任务 78 → AGV 7 (距离 19)
[2026-05-19 22:18:02,389] INFO - agv_controller.py:164 - AGV 4: 任务77 前往取货点 (49, 17)
[2026-05-19 22:18:02,389] INFO - agv_controller.py:164 - AGV 7: 任务78 前往取货点 (49, 17)
[2026-05-19 22:18:02,589] INFO - task_allocator.py:244 - 生成任务 81: 取货 (49, 47) → 送货 (24, 4)
[2026-05-19 22:18:02,791] INFO - task_allocator.py:244 - 生成任务 82: 取货 (49, 22) → 送货 (24, 44)
[2026-05-19 22:18:03,497] INFO - agv_controller.py:382 - AGV 0: 已取货，前往送货点 (25, 24)
[2026-05-19 22:18:04,199] INFO - agv_controller.py:394 - AGV 6: 任务 73 完成！
[2026-05-19 22:18:04,199] INFO - od_flow.py:243 - 任务 73 已完成
[2026-05-19 22:18:04,294] INFO - od_flow.py:188 - 任务 79 分配给 AGV 6
[2026-05-19 22:18:04,294] INFO - task_allocator.py:319 - 分配任务 79 → AGV 6 (距离 21)
[2026-05-19 22:18:04,295] INFO - agv_controller.py:164 - AGV 6: 任务79 前往取货点 (49, 27)
[2026-05-19 22:18:04,394] INFO - task_allocator.py:244 - 生成任务 83: 取货 (0, 27) → 送货 (24, 20)
[2026-05-19 22:18:05,804] INFO - agv_controller.py:394 - AGV 2: 任务 72 完成！
[2026-05-19 22:18:05,804] INFO - od_flow.py:243 - 任务 72 已完成
[2026-05-19 22:18:05,902] INFO - od_flow.py:188 - 任务 80 分配给 AGV 2
[2026-05-19 22:18:05,902] INFO - task_allocator.py:319 - 分配任务 80 → AGV 2 (距离 53)
[2026-05-19 22:18:05,902] INFO - agv_controller.py:164 - AGV 2: 任务80 前往取货点 (49, 2)
[2026-05-19 22:18:05,907] WARNING - mapf_planner.py:292 - AGV 2: 无法找到路径 (24, 36) → (49, 2)
[2026-05-19 22:18:06,006] WARNING - mapf_planner.py:292 - AGV 2: 无法找到路径 (24, 36) → (49, 2)
[2026-05-19 22:18:06,007] WARNING - mapf_planner.py:292 - AGV 3: 无法找到路径 (26, 40) → (25, 48)
[2026-05-19 22:18:06,007] INFO - agv_controller.py:382 - AGV 5: 已取货，前往送货点 (25, 32)
[2026-05-19 22:18:06,203] INFO - task_allocator.py:244 - 生成任务 84: 取货 (0, 17) → 送货 (24, 36)
[2026-05-19 22:18:06,206] INFO - agv_controller.py:382 - AGV 7: 已取货，前往送货点 (25, 16)
[2026-05-19 22:18:06,912] INFO - agv_controller.py:382 - AGV 1: 已取货，前往送货点 (25, 40)
[2026-05-19 22:18:06,912] INFO - agv_controller.py:394 - AGV 3: 任务 70 完成！
[2026-05-19 22:18:06,913] INFO - od_flow.py:243 - 任务 70 已完成
[2026-05-19 22:18:07,008] INFO - od_flow.py:188 - 任务 81 分配给 AGV 3
[2026-05-19 22:18:07,009] INFO - task_allocator.py:319 - 分配任务 81 → AGV 3 (距离 88)
[2026-05-19 22:18:07,009] INFO - agv_controller.py:164 - AGV 3: 任务81 前往取货点 (49, 47)
[2026-05-19 22:18:07,517] INFO - agv_controller.py:382 - AGV 6: 已取货，前往送货点 (25, 8)
[2026-05-19 22:18:07,617] INFO - agv_controller.py:382 - AGV 4: 已取货，前往送货点 (24, 28)
[2026-05-19 22:18:08,114] INFO - task_allocator.py:244 - 生成任务 85: 取货 (49, 37) → 送货 (25, 48)
[2026-05-19 22:18:08,320] INFO - agv_controller.py:394 - AGV 0: 任务 74 完成！
[2026-05-19 22:18:08,321] INFO - od_flow.py:243 - 任务 74 已完成
[2026-05-19 22:18:08,415] INFO - od_flow.py:188 - 任务 82 分配给 AGV 0
[2026-05-19 22:18:08,416] INFO - task_allocator.py:319 - 分配任务 82 → AGV 0 (距离 67)
[2026-05-19 22:18:08,416] INFO - agv_controller.py:164 - AGV 0: 任务82 前往取货点 (49, 22)
[2026-05-19 22:18:08,516] INFO - task_allocator.py:244 - 生成任务 86: 取货 (49, 22) → 送货 (25, 24)
[2026-05-19 22:18:08,820] INFO - agv_controller.py:394 - AGV 7: 任务 78 完成！
[2026-05-19 22:18:08,820] INFO - od_flow.py:243 - 任务 78 已完成
[2026-05-19 22:18:08,918] INFO - task_allocator.py:244 - 生成任务 87: 取货 (49, 22) → 送货 (25, 16)
[2026-05-19 22:18:08,919] INFO - od_flow.py:188 - 任务 83 分配给 AGV 7
[2026-05-19 22:18:08,919] INFO - task_allocator.py:319 - 分配任务 83 → AGV 7 (距离 68)
[2026-05-19 22:18:08,919] INFO - agv_controller.py:164 - AGV 7: 任务83 前往取货点 (0, 27)
[2026-05-19 22:18:09,524] INFO - agv_controller.py:382 - AGV 3: 已取货，前往送货点 (24, 4)
[2026-05-19 22:18:09,525] INFO - agv_controller.py:394 - AGV 5: 任务 75 完成！
[2026-05-19 22:18:09,525] INFO - od_flow.py:243 - 任务 75 已完成
[2026-05-19 22:18:09,622] INFO - od_flow.py:188 - 任务 84 分配给 AGV 5
[2026-05-19 22:18:09,622] INFO - task_allocator.py:319 - 分配任务 84 → AGV 5 (距离 59)
[2026-05-19 22:18:09,622] INFO - agv_controller.py:164 - AGV 5: 任务84 前往取货点 (0, 17)
[2026-05-19 22:18:09,923] INFO - task_allocator.py:244 - 生成任务 88: 取货 (0, 37) → 送货 (25, 32)
[2026-05-19 22:18:09,929] WARNING - mapf_planner.py:292 - AGV 3: 无法找到路径 (47, 46) → (24, 4)
[2026-05-19 22:18:10,130] WARNING - mapf_planner.py:292 - AGV 3: 无法找到路径 (46, 46) → (24, 4)
[2026-05-19 22:18:10,230] WARNING - mapf_planner.py:292 - AGV 3: 无法找到路径 (46, 46) → (24, 4)
[2026-05-19 22:18:10,232] INFO - agv_controller.py:394 - AGV 1: 任务 76 完成！
[2026-05-19 22:18:10,232] INFO - od_flow.py:243 - 任务 76 已完成
[2026-05-19 22:18:10,325] INFO - od_flow.py:188 - 任务 85 分配给 AGV 1
[2026-05-19 22:18:10,326] INFO - task_allocator.py:319 - 分配任务 85 → AGV 1 (距离 79)
[2026-05-19 22:18:10,326] INFO - agv_controller.py:164 - AGV 1: 任务85 前往取货点 (49, 37)
[2026-05-19 22:18:10,430] WARNING - mapf_planner.py:292 - AGV 3: 无法找到路径 (46, 45) → (24, 4)
[2026-05-19 22:18:10,527] INFO - task_allocator.py:244 - 生成任务 89: 取货 (0, 47) → 送货 (25, 40)
[2026-05-19 22:18:10,732] WARNING - mapf_planner.py:292 - AGV 3: 无法找到路径 (44, 45) → (24, 4)
[2026-05-19 22:18:10,934] WARNING - mapf_planner.py:292 - AGV 3: 无法找到路径 (43, 45) → (24, 4)
[2026-05-19 22:18:11,034] INFO - agv_controller.py:382 - AGV 0: 已取货，前往送货点 (24, 44)
[2026-05-19 22:18:11,136] WARNING - mapf_planner.py:292 - AGV 3: 无法找到路径 (43, 44) → (24, 4)
[2026-05-19 22:18:11,338] INFO - agv_controller.py:394 - AGV 4: 任务 77 完成！
[2026-05-19 22:18:11,338] INFO - od_flow.py:243 - 任务 77 已完成
[2026-05-19 22:18:11,432] INFO - od_flow.py:188 - 任务 86 分配给 AGV 4
[2026-05-19 22:18:11,433] INFO - task_allocator.py:319 - 分配任务 86 → AGV 4 (距离 22)
[2026-05-19 22:18:11,433] INFO - agv_controller.py:164 - AGV 4: 任务86 前往取货点 (49, 22)
[2026-05-19 22:18:11,532] INFO - task_allocator.py:244 - 生成任务 90: 取货 (0, 22) → 送货 (24, 28)
[2026-05-19 22:18:11,737] WARNING - mapf_planner.py:292 - AGV 3: 无法找到路径 (40, 42) → (24, 4)
[2026-05-19 22:18:11,938] INFO - agv_controller.py:394 - AGV 6: 任务 79 完成！
[2026-05-19 22:18:11,938] INFO - od_flow.py:243 - 任务 79 已完成
[2026-05-19 22:18:12,035] INFO - od_flow.py:188 - 任务 87 分配给 AGV 6
[2026-05-19 22:18:12,036] INFO - task_allocator.py:319 - 分配任务 87 → AGV 6 (距离 16)
[2026-05-19 22:18:12,036] INFO - agv_controller.py:164 - AGV 6: 任务87 前往取货点 (49, 22)
[2026-05-19 22:18:12,040] INFO - agv_controller.py:382 - AGV 2: 已取货，前往送货点 (24, 12)
[2026-05-19 22:18:12,236] INFO - task_allocator.py:244 - 生成任务 91: 取货 (49, 17) → 送货 (25, 8)
[2026-05-19 22:18:12,239] INFO - main.py:181 - 步数 900: 已完成 80 个任务, AGV: 空闲0 移动中8 装卸0
[2026-05-19 22:18:12,543] INFO - agv_controller.py:382 - AGV 7: 已取货，前往送货点 (24, 20)
[2026-05-19 22:18:12,637] WARNING - mapf_planner.py:292 - AGV 3: 无法找到路径 (36, 38) → (24, 4)
[2026-05-19 22:18:13,042] INFO - agv_controller.py:382 - AGV 1: 已取货，前往送货点 (25, 48)
[2026-05-19 22:18:13,644] INFO - agv_controller.py:382 - AGV 5: 已取货，前往送货点 (24, 36)
[2026-05-19 22:18:14,546] INFO - agv_controller.py:382 - AGV 4: 已取货，前往送货点 (25, 24)
[2026-05-19 22:18:15,649] INFO - agv_controller.py:394 - AGV 2: 任务 80 完成！
[2026-05-19 22:18:15,649] INFO - od_flow.py:243 - 任务 80 已完成
[2026-05-19 22:18:15,748] INFO - od_flow.py:188 - 任务 88 分配给 AGV 2
[2026-05-19 22:18:15,748] INFO - task_allocator.py:319 - 分配任务 88 → AGV 2 (距离 31)
[2026-05-19 22:18:15,748] INFO - agv_controller.py:164 - AGV 2: 任务88 前往取货点 (0, 37)
[2026-05-19 22:18:15,751] INFO - agv_controller.py:394 - AGV 7: 任务 83 完成！
[2026-05-19 22:18:15,751] INFO - od_flow.py:243 - 任务 83 已完成
[2026-05-19 22:18:15,848] INFO - od_flow.py:188 - 任务 89 分配给 AGV 7
[2026-05-19 22:18:15,848] INFO - task_allocator.py:319 - 分配任务 89 → AGV 7 (距离 88)
[2026-05-19 22:18:15,848] INFO - agv_controller.py:164 - AGV 7: 任务89 前往取货点 (0, 47)
[2026-05-19 22:18:15,853] INFO - agv_controller.py:394 - AGV 0: 任务 82 完成！
[2026-05-19 22:18:15,854] INFO - od_flow.py:243 - 任务 82 已完成
[2026-05-19 22:18:15,854] INFO - agv_controller.py:382 - AGV 6: 已取货，前往送货点 (25, 16)
[2026-05-19 22:18:15,949] INFO - task_allocator.py:244 - 生成任务 92: 取货 (49, 17) → 送货 (24, 44)
[2026-05-19 22:18:15,949] INFO - od_flow.py:188 - 任务 90 分配给 AGV 0
[2026-05-19 22:18:15,949] INFO - task_allocator.py:319 - 分配任务 90 → AGV 0 (距离 22)
[2026-05-19 22:18:15,950] INFO - agv_controller.py:164 - AGV 0: 任务90 前往取货点 (0, 22)
[2026-05-19 22:18:16,250] INFO - task_allocator.py:244 - 生成任务 93: 取货 (49, 37) → 送货 (24, 12)
[2026-05-19 22:18:16,652] INFO - task_allocator.py:244 - 生成任务 94: 取货 (49, 27) → 送货 (24, 20)
[2026-05-19 22:18:16,656] INFO - agv_controller.py:394 - AGV 1: 任务 85 完成！
[2026-05-19 22:18:16,656] INFO - od_flow.py:243 - 任务 85 已完成
[2026-05-19 22:18:16,752] INFO - task_allocator.py:244 - 生成任务 95: 取货 (49, 17) → 送货 (25, 48)
[2026-05-19 22:18:16,752] INFO - od_flow.py:188 - 任务 91 分配给 AGV 1
[2026-05-19 22:18:16,752] INFO - task_allocator.py:319 - 分配任务 91 → AGV 1 (距离 59)
[2026-05-19 22:18:16,752] INFO - agv_controller.py:164 - AGV 1: 任务91 前往取货点 (49, 17)
[2026-05-19 22:18:16,857] WARNING - mapf_planner.py:292 - AGV 1: 无法找到路径 (26, 48) → (49, 17)
[2026-05-19 22:18:17,261] INFO - agv_controller.py:394 - AGV 3: 任务 81 完成！
[2026-05-19 22:18:17,261] INFO - od_flow.py:243 - 任务 81 已完成
[2026-05-19 22:18:17,261] INFO - agv_controller.py:394 - AGV 4: 任务 86 完成！
[2026-05-19 22:18:17,261] INFO - od_flow.py:243 - 任务 86 已完成
[2026-05-19 22:18:17,353] INFO - od_flow.py:188 - 任务 92 分配给 AGV 4
[2026-05-19 22:18:17,354] INFO - task_allocator.py:319 - 分配任务 92 → AGV 4 (距离 17)
[2026-05-19 22:18:17,354] INFO - od_flow.py:188 - 任务 93 分配给 AGV 3
[2026-05-19 22:18:17,354] INFO - task_allocator.py:319 - 分配任务 93 → AGV 3 (距离 78)
[2026-05-19 22:18:17,354] INFO - agv_controller.py:164 - AGV 4: 任务92 前往取货点 (49, 17)
[2026-05-19 22:18:17,354] INFO - agv_controller.py:164 - AGV 3: 任务93 前往取货点 (49, 37)
[2026-05-19 22:18:17,453] INFO - task_allocator.py:244 - 生成任务 96: 取货 (49, 2) → 送货 (25, 24)
[2026-05-19 22:18:17,553] INFO - task_allocator.py:244 - 生成任务 97: 取货 (0, 27) → 送货 (24, 4)
[2026-05-19 22:18:18,063] INFO - agv_controller.py:394 - AGV 5: 任务 84 完成！
[2026-05-19 22:18:18,063] INFO - od_flow.py:243 - 任务 84 已完成
[2026-05-19 22:18:18,157] INFO - od_flow.py:188 - 任务 94 分配给 AGV 5
[2026-05-19 22:18:18,157] INFO - task_allocator.py:319 - 分配任务 94 → AGV 5 (距离 24)
[2026-05-19 22:18:18,157] INFO - agv_controller.py:164 - AGV 5: 任务94 前往取货点 (49, 27)
[2026-05-19 22:18:18,359] INFO - task_allocator.py:244 - 生成任务 98: 取货 (0, 2) → 送货 (24, 36)
[2026-05-19 22:18:18,967] INFO - agv_controller.py:394 - AGV 6: 任务 87 完成！
[2026-05-19 22:18:18,967] INFO - od_flow.py:243 - 任务 87 已完成
[2026-05-19 22:18:19,066] INFO - task_allocator.py:244 - 生成任务 99: 取货 (0, 32) → 送货 (25, 16)
[2026-05-19 22:18:19,066] INFO - od_flow.py:188 - 任务 95 分配给 AGV 6
[2026-05-19 22:18:19,066] INFO - task_allocator.py:319 - 分配任务 95 → AGV 6 (距离 11)
[2026-05-19 22:18:19,067] INFO - agv_controller.py:164 - AGV 6: 任务95 前往取货点 (49, 17)
[2026-05-19 22:18:20,475] INFO - agv_controller.py:382 - AGV 4: 已取货，前往送货点 (24, 44)
[2026-05-19 22:18:20,577] INFO - agv_controller.py:382 - AGV 0: 已取货，前往送货点 (24, 28)
[2026-05-19 22:18:20,677] INFO - agv_controller.py:382 - AGV 2: 已取货，前往送货点 (25, 32)
[2026-05-19 22:18:20,880] WARNING - mapf_planner.py:292 - AGV 4: 无法找到路径 (47, 18) → (24, 44)
[2026-05-19 22:18:20,979] INFO - agv_controller.py:382 - AGV 7: 已取货，前往送货点 (25, 40)
[2026-05-19 22:18:21,079] WARNING - mapf_planner.py:292 - AGV 4: 无法找到路径 (47, 19) → (24, 44)
[2026-05-19 22:18:21,580] INFO - agv_controller.py:382 - AGV 5: 已取货，前往送货点 (24, 20)
[2026-05-19 22:18:21,580] INFO - agv_controller.py:382 - AGV 6: 已取货，前往送货点 (25, 48)
[2026-05-19 22:18:21,686] WARNING - mapf_planner.py:292 - AGV 6: 无法找到路径 (49, 17) → (25, 48)
[2026-05-19 22:18:22,286] INFO - main.py:181 - 步数 1000: 已完成 88 个任务, AGV: 空闲0 移动中8 装卸0
[2026-05-19 22:18:22,382] INFO - warehouse_env.py:370 - 仿真停止，共运行 1000 步
[2026-05-19 22:18:22,382] INFO - task_allocator.py:169 - 调度模块：仿真停止，共运行 1000 步
[2026-05-19 22:18:22,382] INFO - agv_controller.py:175 - 控制器：仿真停止，完成 88 个任务
[2026-05-19 22:18:22,482] INFO - renderer.py:552 - 渲染器已关闭
[2026-05-19 22:18:22,482] INFO - main.py:242 - ==================================================
[2026-05-19 22:18:22,482] INFO - main.py:243 - 仿真结束
[2026-05-19 22:18:22,482] INFO - main.py:244 - 总步数: 1000
[2026-05-19 22:18:22,482] INFO - main.py:245 - 完成任务: 88
[2026-05-19 22:18:22,483] INFO - main.py:246 - AGV总移动步数: 7755
[2026-05-19 22:18:22,483] INFO - main.py:247 - ==================================================
