[2026-05-19 22:06:18,539] INFO - config.py:253 - 日志文件已创建: logs\simulation_20260519_220618.log
[2026-05-19 22:06:20,112] INFO - main.py:76 - 正在初始化仿真模块...
[2026-05-19 22:06:20,112] INFO - communication.py:303 - 模块 env 初始化完成
[2026-05-19 22:06:20,112] INFO - warehouse_env.py:117 - 仓库环境初始化完成: 50x50
[2026-05-19 22:06:20,113] INFO - warehouse_env.py:169 - 地图构建完成: 20个进货口, 12个出货口
[2026-05-19 22:06:20,115] INFO - warehouse_env.py:189 - 环境已重置
[2026-05-19 22:06:20,116] INFO - communication.py:303 - 模块 scheduler 初始化完成
[2026-05-19 22:06:20,116] INFO - od_flow.py:69 - OD流程管理器初始化完成，12个出货口
[2026-05-19 22:06:20,127] INFO - task_allocator.py:107 - 任务分配器初始化完成: 20个进货口, 12个出货口, 8台AGV
[2026-05-19 22:06:20,127] INFO - mapf_planner.py:260 - MAPF规划器初始化完成: 50x50
[2026-05-19 22:06:21,097] INFO - rl_collision_avoidance.py:208 - RL避撞控制器初始化完成 (PyTorch: True)
[2026-05-19 22:06:21,097] INFO - communication.py:303 - 模块 controller 初始化完成
[2026-05-19 22:06:21,098] INFO - agv_controller.py:117 - AGV控制器初始化完成
[2026-05-19 22:06:21,098] INFO - agv_controller.py:198 - 控制器已重置
[2026-05-19 22:06:21,098] INFO - main.py:102 - 所有模块初始化完成
[2026-05-19 22:06:21,098] INFO - main.py:72 - 仿真系统初始化完成
[2026-05-19 22:06:21,098] INFO - warehouse_env.py:169 - 地图构建完成: 20个进货口, 12个出货口
[2026-05-19 22:06:21,101] INFO - warehouse_env.py:189 - 环境已重置
[2026-05-19 22:06:21,101] INFO - warehouse_env.py:365 - 仿真开始，环境已初始化
[2026-05-19 22:06:21,102] INFO - od_flow.py:282 - OD流程管理器已重置
[2026-05-19 22:06:21,102] INFO - task_allocator.py:180 - 调度模块已重置
[2026-05-19 22:06:21,102] INFO - task_allocator.py:164 - 调度模块：仿真开始
[2026-05-19 22:06:21,102] INFO - agv_controller.py:198 - 控制器已重置
[2026-05-19 22:06:21,102] INFO - agv_controller.py:170 - 控制器：仿真开始
[2026-05-19 22:06:21,102] INFO - main.py:121 - ==================================================
[2026-05-19 22:06:21,102] INFO - main.py:122 - 仿真开始
[2026-05-19 22:06:21,102] INFO - main.py:123 - 地图: 50x50
[2026-05-19 22:06:21,102] INFO - main.py:124 - 最大步数: 5
[2026-05-19 22:06:21,102] INFO - main.py:125 - ==================================================
[2026-05-19 22:06:21,102] INFO - main.py:172 - 步数 1: 已完成 0 个任务, AGV: 空闲8 移动中0 装卸0
[2026-05-19 22:06:21,103] INFO - task_allocator.py:244 - 生成任务 0: 取货 (0, 17) → 送货 (24, 4)
[2026-05-19 22:06:21,103] INFO - task_allocator.py:244 - 生成任务 1: 取货 (0, 42) → 送货 (24, 36)
[2026-05-19 22:06:21,103] INFO - od_flow.py:188 - 任务 0 分配给 AGV 2
[2026-05-19 22:06:21,103] INFO - task_allocator.py:319 - 分配任务 0 → AGV 2 (距离 11)
[2026-05-19 22:06:21,103] INFO - od_flow.py:188 - 任务 1 分配给 AGV 1
[2026-05-19 22:06:21,103] INFO - task_allocator.py:319 - 分配任务 1 → AGV 1 (距离 39)
[2026-05-19 22:06:21,103] INFO - agv_controller.py:164 - AGV 2: 任务0 前往取货点 (0, 17)
[2026-05-19 22:06:21,103] INFO - agv_controller.py:164 - AGV 1: 任务1 前往取货点 (0, 42)
[2026-05-19 22:06:21,104] INFO - main.py:172 - 步数 2: 已完成 0 个任务, AGV: 空闲6 移动中2 装卸0
[2026-05-19 22:06:21,105] INFO - main.py:172 - 步数 3: 已完成 0 个任务, AGV: 空闲6 移动中2 装卸0
[2026-05-19 22:06:21,105] INFO - main.py:172 - 步数 4: 已完成 0 个任务, AGV: 空闲6 移动中2 装卸0
[2026-05-19 22:06:21,106] INFO - main.py:172 - 步数 5: 已完成 0 个任务, AGV: 空闲6 移动中2 装卸0
[2026-05-19 22:06:21,106] INFO - warehouse_env.py:370 - 仿真停止，共运行 5 步
[2026-05-19 22:06:21,106] INFO - task_allocator.py:169 - 调度模块：仿真停止，共运行 5 步
[2026-05-19 22:06:21,106] INFO - agv_controller.py:175 - 控制器：仿真停止，完成 0 个任务
[2026-05-19 22:06:21,106] INFO - main.py:233 - ==================================================
[2026-05-19 22:06:21,106] INFO - main.py:234 - 仿真结束
[2026-05-19 22:06:21,106] INFO - main.py:235 - 总步数: 5
[2026-05-19 22:06:21,106] INFO - main.py:236 - 完成任务: 0
[2026-05-19 22:06:21,107] INFO - main.py:237 - AGV总移动步数: 8
[2026-05-19 22:06:21,107] INFO - main.py:238 - ==================================================
