[2026-05-19 22:21:15,635] INFO - config.py:253 - 日志文件已创建: logs\simulation_20260519_222115.log
[2026-05-19 22:21:15,635] INFO - main.py:76 - 正在初始化仿真模块...
[2026-05-19 22:21:15,636] INFO - communication.py:303 - 模块 env 初始化完成
[2026-05-19 22:21:15,636] INFO - warehouse_env.py:117 - 仓库环境初始化完成: 50x50
[2026-05-19 22:21:15,636] INFO - warehouse_env.py:169 - 地图构建完成: 20个进货口, 12个出货口
[2026-05-19 22:21:15,640] INFO - warehouse_env.py:189 - 环境已重置
[2026-05-19 22:21:15,641] INFO - communication.py:303 - 模块 scheduler 初始化完成
[2026-05-19 22:21:15,645] INFO - od_flow.py:69 - OD流程管理器初始化完成，12个出货口
[2026-05-19 22:21:15,657] INFO - task_allocator.py:107 - 任务分配器初始化完成: 20个进货口, 12个出货口, 8台AGV
[2026-05-19 22:21:15,658] INFO - mapf_planner.py:260 - MAPF规划器初始化完成: 50x50
[2026-05-19 22:21:16,642] INFO - rl_collision_avoidance.py:208 - RL避撞控制器初始化完成 (PyTorch: True)
[2026-05-19 22:21:16,642] INFO - communication.py:303 - 模块 controller 初始化完成
[2026-05-19 22:21:16,642] INFO - agv_controller.py:117 - AGV控制器初始化完成
[2026-05-19 22:21:16,642] INFO - agv_controller.py:198 - 控制器已重置
[2026-05-19 22:21:17,364] INFO - renderer.py:161 - 渲染器初始化完成: 1600x1000, 格子大小=16
[2026-05-19 22:21:17,364] INFO - main.py:102 - 所有模块初始化完成
[2026-05-19 22:21:17,364] INFO - main.py:72 - 仿真系统初始化完成
[2026-05-19 22:21:17,365] INFO - warehouse_env.py:169 - 地图构建完成: 20个进货口, 12个出货口
[2026-05-19 22:21:17,368] INFO - warehouse_env.py:189 - 环境已重置
[2026-05-19 22:21:17,368] INFO - warehouse_env.py:365 - 仿真开始，环境已初始化
[2026-05-19 22:21:17,368] INFO - od_flow.py:282 - OD流程管理器已重置
[2026-05-19 22:21:17,368] INFO - task_allocator.py:180 - 调度模块已重置
[2026-05-19 22:21:17,368] INFO - task_allocator.py:164 - 调度模块：仿真开始
[2026-05-19 22:21:17,369] INFO - agv_controller.py:198 - 控制器已重置
[2026-05-19 22:21:17,369] INFO - agv_controller.py:170 - 控制器：仿真开始
[2026-05-19 22:21:17,369] INFO - main.py:121 - ==================================================
[2026-05-19 22:21:17,369] INFO - main.py:122 - 仿真开始
[2026-05-19 22:21:17,369] INFO - main.py:123 - 地图: 50x50
[2026-05-19 22:21:17,369] INFO - main.py:124 - 最大步数: 1000
[2026-05-19 22:21:17,369] INFO - main.py:125 - ==================================================
[2026-05-19 22:21:17,375] INFO - main.py:189 - 步数 1: 已完成 0 个任务, AGV: 空闲8 移动中0 装卸0
[2026-05-19 22:21:17,384] INFO - task_allocator.py:244 - 生成任务 0: 取货 (0, 17) → 送货 (24, 4)
[2026-05-19 22:21:17,384] INFO - task_allocator.py:244 - 生成任务 1: 取货 (0, 42) → 送货 (24, 36)
[2026-05-19 22:21:17,384] INFO - od_flow.py:188 - 任务 0 分配给 AGV 2
[2026-05-19 22:21:17,384] INFO - task_allocator.py:319 - 分配任务 0 → AGV 2 (距离 11)
[2026-05-19 22:21:17,384] INFO - od_flow.py:188 - 任务 1 分配给 AGV 1
[2026-05-19 22:21:17,384] INFO - task_allocator.py:319 - 分配任务 1 → AGV 1 (距离 39)
[2026-05-19 22:21:17,385] INFO - agv_controller.py:164 - AGV 2: 任务0 前往取货点 (0, 17)
[2026-05-19 22:21:17,385] INFO - agv_controller.py:164 - AGV 1: 任务1 前往取货点 (0, 42)
