[2026-05-24 15:19:53,196] INFO - config.py:254 - 日志文件已创建: logs\simulation_20260524_151953.log
[2026-05-24 15:19:55,406] INFO - <ipython-input-1-8a5b255a7ea4>:77 - 正在初始化仿真模块...
[2026-05-24 15:19:55,407] INFO - communication.py:303 - 模块 env 初始化完成
[2026-05-24 15:19:55,408] INFO - warehouse_env.py:117 - 仓库环境初始化完成: 50x50
[2026-05-24 15:19:55,408] INFO - warehouse_env.py:169 - 地图构建完成: 20个进货口, 12个出货口
[2026-05-24 15:19:55,412] INFO - warehouse_env.py:189 - 环境已重置
[2026-05-24 15:19:55,413] INFO - communication.py:303 - 模块 scheduler 初始化完成
[2026-05-24 15:19:55,414] INFO - od_flow.py:69 - OD流程管理器初始化完成，12个出货口
[2026-05-24 15:19:55,585] INFO - task_allocator.py:110 - 任务分配器初始化完成: 20个进货口, 12个出货口, 8台AGV
[2026-05-24 15:19:55,586] INFO - mapf_planner.py:260 - MAPF规划器初始化完成: 50x50
[2026-05-24 15:20:00,719] INFO - rl_collision_avoidance.py:208 - RL避撞控制器初始化完成 (PyTorch: True)
[2026-05-24 15:20:00,720] INFO - communication.py:303 - 模块 controller 初始化完成
[2026-05-24 15:20:00,721] INFO - agv_controller.py:117 - AGV控制器初始化完成
[2026-05-24 15:20:00,722] INFO - agv_controller.py:198 - 控制器已重置
[2026-05-24 15:20:01,928] INFO - renderer.py:161 - 渲染器初始化完成: 1600x1000, 格子大小=16
[2026-05-24 15:20:01,929] INFO - <ipython-input-1-8a5b255a7ea4>:103 - 所有模块初始化完成
[2026-05-24 15:20:01,930] INFO - <ipython-input-1-8a5b255a7ea4>:73 - 仿真系统初始化完成
[2026-05-24 15:20:01,931] INFO - warehouse_env.py:169 - 地图构建完成: 20个进货口, 12个出货口
[2026-05-24 15:20:01,936] INFO - warehouse_env.py:189 - 环境已重置
[2026-05-24 15:20:01,937] INFO - warehouse_env.py:365 - 仿真开始，环境已初始化
[2026-05-24 15:20:01,937] INFO - od_flow.py:282 - OD流程管理器已重置
[2026-05-24 15:20:01,938] INFO - task_allocator.py:183 - 调度模块已重置
[2026-05-24 15:20:01,939] INFO - task_allocator.py:167 - 调度模块：仿真开始
[2026-05-24 15:20:01,940] INFO - agv_controller.py:198 - 控制器已重置
[2026-05-24 15:20:01,941] INFO - agv_controller.py:170 - 控制器：仿真开始
[2026-05-24 15:20:01,941] INFO - <ipython-input-1-8a5b255a7ea4>:122 - ==================================================
[2026-05-24 15:20:01,942] INFO - <ipython-input-1-8a5b255a7ea4>:123 - 仿真开始
[2026-05-24 15:20:01,943] INFO - <ipython-input-1-8a5b255a7ea4>:124 - 地图: 50x50
[2026-05-24 15:20:01,943] INFO - <ipython-input-1-8a5b255a7ea4>:125 - 最大步数: 1000
[2026-05-24 15:20:01,944] INFO - <ipython-input-1-8a5b255a7ea4>:126 - ==================================================
[2026-05-24 15:20:01,945] INFO - <ipython-input-1-8a5b255a7ea4>:190 - 步数 1: 已完成 0 个任务, AGV: 空闲8 移动中0 装卸0
[2026-05-24 15:20:01,954] INFO - task_allocator.py:247 - 生成任务 0: 取货 (0, 17) → 送货 (24, 4)
[2026-05-24 15:20:01,956] INFO - od_flow.py:188 - 任务 0 分配给 AGV 2
[2026-05-24 15:20:01,957] INFO - task_allocator.py:322 - 分配任务 0 → AGV 2 (距离 11)
[2026-05-24 15:20:01,958] INFO - agv_controller.py:164 - AGV 2: 任务0 前往取货点 (0, 17)
[2026-05-24 15:20:01,958] INFO - <ipython-input-1-8a5b255a7ea4>:190 - 步数 2: 已完成 0 个任务, AGV: 空闲7 移动中1 装卸0
[2026-05-24 15:20:02,054] INFO - <ipython-input-1-8a5b255a7ea4>:190 - 步数 3: 已完成 0 个任务, AGV: 空闲7 移动中1 装卸0
[2026-05-24 15:20:02,154] INFO - <ipython-input-1-8a5b255a7ea4>:190 - 步数 4: 已完成 0 个任务, AGV: 空闲7 移动中1 装卸0
[2026-05-24 15:20:02,254] INFO - <ipython-input-1-8a5b255a7ea4>:190 - 步数 5: 已完成 0 个任务, AGV: 空闲7 移动中1 装卸0
[2026-05-24 15:20:02,355] INFO - <ipython-input-1-8a5b255a7ea4>:190 - 步数 6: 已完成 0 个任务, AGV: 空闲7 移动中1 装卸0
[2026-05-24 15:20:02,456] INFO - task_allocator.py:247 - 生成任务 1: 取货 (0, 42) → 送货 (24, 36)
[2026-05-24 15:20:02,457] INFO - od_flow.py:188 - 任务 1 分配给 AGV 1
[2026-05-24 15:20:02,457] INFO - task_allocator.py:322 - 分配任务 1 → AGV 1 (距离 39)
[2026-05-24 15:20:02,458] INFO - agv_controller.py:164 - AGV 1: 任务1 前往取货点 (0, 42)
[2026-05-24 15:20:02,460] INFO - <ipython-input-1-8a5b255a7ea4>:190 - 步数 7: 已完成 0 个任务, AGV: 空闲6 移动中2 装卸0
[2026-05-24 15:20:02,557] INFO - <ipython-input-1-8a5b255a7ea4>:190 - 步数 8: 已完成 0 个任务, AGV: 空闲6 移动中2 装卸0
[2026-05-24 15:20:02,656] INFO - <ipython-input-1-8a5b255a7ea4>:190 - 步数 9: 已完成 0 个任务, AGV: 空闲6 移动中2 装卸0
[2026-05-24 15:20:02,757] INFO - task_allocator.py:247 - 生成任务 2: 取货 (0, 37) → 送货 (24, 28)
[2026-05-24 15:20:02,758] INFO - od_flow.py:188 - 任务 2 分配给 AGV 0
[2026-05-24 15:20:02,759] INFO - task_allocator.py:322 - 分配任务 2 → AGV 0 (距离 37)
[2026-05-24 15:20:02,760] INFO - agv_controller.py:164 - AGV 0: 任务2 前往取货点 (0, 37)
[2026-05-24 15:20:02,762] INFO - <ipython-input-1-8a5b255a7ea4>:190 - 步数 10: 已完成 0 个任务, AGV: 空闲5 移动中3 装卸0
[2026-05-24 15:20:03,059] INFO - agv_controller.py:382 - AGV 2: 已取货，前往送货点 (24, 4)
[2026-05-24 15:20:04,867] INFO - task_allocator.py:247 - 生成任务 3: 取货 (0, 17) → 送货 (25, 48)
[2026-05-24 15:20:04,869] INFO - task_allocator.py:247 - 生成任务 4: 取货 (0, 12) → 送货 (25, 32)
[2026-05-24 15:20:04,869] INFO - od_flow.py:188 - 任务 3 分配给 AGV 3
[2026-05-24 15:20:04,870] INFO - task_allocator.py:322 - 分配任务 3 → AGV 3 (距离 19)
[2026-05-24 15:20:04,870] INFO - od_flow.py:188 - 任务 4 分配给 AGV 6
[2026-05-24 15:20:04,871] INFO - task_allocator.py:322 - 分配任务 4 → AGV 6 (距离 51)
[2026-05-24 15:20:04,872] INFO - agv_controller.py:164 - AGV 3: 任务3 前往取货点 (0, 17)
[2026-05-24 15:20:04,872] INFO - agv_controller.py:164 - AGV 6: 任务4 前往取货点 (0, 12)
[2026-05-24 15:20:05,671] INFO - task_allocator.py:247 - 生成任务 5: 取货 (0, 7) → 送货 (24, 12)
[2026-05-24 15:20:05,672] INFO - od_flow.py:188 - 任务 5 分配给 AGV 7
[2026-05-24 15:20:05,673] INFO - task_allocator.py:322 - 分配任务 5 → AGV 7 (距离 48)
[2026-05-24 15:20:05,674] INFO - agv_controller.py:164 - AGV 7: 任务5 前往取货点 (0, 7)
[2026-05-24 15:20:06,173] WARNING - mapf_planner.py:292 - AGV 2: 无法找到路径 (18, 5) → (24, 4)
[2026-05-24 15:20:06,273] INFO - task_allocator.py:247 - 生成任务 6: 取货 (0, 12) → 送货 (24, 44)
[2026-05-24 15:20:06,274] INFO - od_flow.py:188 - 任务 6 分配给 AGV 5
[2026-05-24 15:20:06,275] INFO - task_allocator.py:322 - 分配任务 6 → AGV 5 (距离 54)
[2026-05-24 15:20:06,276] INFO - agv_controller.py:164 - AGV 5: 任务6 前往取货点 (0, 12)
[2026-05-24 15:20:06,276] WARNING - mapf_planner.py:292 - AGV 2: 无法找到路径 (17, 5) → (24, 4)
[2026-05-24 15:20:06,374] INFO - task_allocator.py:247 - 生成任务 7: 取货 (0, 37) → 送货 (25, 40)
[2026-05-24 15:20:06,375] INFO - task_allocator.py:247 - 生成任务 8: 取货 (49, 47) → 送货 (24, 20)
[2026-05-24 15:20:06,375] INFO - od_flow.py:188 - 任务 7 分配给 AGV 4
[2026-05-24 15:20:06,376] INFO - task_allocator.py:322 - 分配任务 7 → AGV 4 (距离 82)
[2026-05-24 15:20:06,376] INFO - agv_controller.py:164 - AGV 4: 任务7 前往取货点 (0, 37)
[2026-05-24 15:20:06,380] INFO - agv_controller.py:382 - AGV 1: 已取货，前往送货点 (24, 36)
[2026-05-24 15:20:06,473] INFO - task_allocator.py:247 - 生成任务 9: 取货 (49, 37) → 送货 (25, 8)
[2026-05-24 15:20:06,478] WARNING - mapf_planner.py:292 - AGV 4: 无法找到路径 (46, 2) → (0, 37)
[2026-05-24 15:20:06,480] INFO - agv_controller.py:382 - AGV 0: 已取货，前往送货点 (24, 28)
[2026-05-24 15:20:06,577] WARNING - mapf_planner.py:292 - AGV 4: 无法找到路径 (46, 2) → (0, 37)
[2026-05-24 15:20:06,779] WARNING - mapf_planner.py:292 - AGV 4: 无法找到路径 (45, 2) → (0, 37)
[2026-05-24 15:20:06,781] INFO - agv_controller.py:382 - AGV 3: 已取货，前往送货点 (25, 48)
[2026-05-24 15:20:06,881] WARNING - mapf_planner.py:292 - AGV 4: 无法找到路径 (45, 2) → (0, 37)
[2026-05-24 15:20:06,981] WARNING - mapf_planner.py:292 - AGV 4: 无法找到路径 (45, 2) → (0, 37)
[2026-05-24 15:20:07,077] INFO - task_allocator.py:247 - 生成任务 10: 取货 (49, 37) → 送货 (25, 24)
[2026-05-24 15:20:07,183] WARNING - mapf_planner.py:292 - AGV 4: 无法找到路径 (45, 3) → (0, 37)
[2026-05-24 15:20:07,283] WARNING - mapf_planner.py:292 - AGV 4: 无法找到路径 (45, 3) → (0, 37)
[2026-05-24 15:20:07,285] INFO - agv_controller.py:394 - AGV 2: 任务 0 完成！
[2026-05-24 15:20:07,286] INFO - od_flow.py:243 - 任务 0 已完成
[2026-05-24 15:20:07,379] INFO - od_flow.py:188 - 任务 8 分配给 AGV 2
[2026-05-24 15:20:07,380] INFO - task_allocator.py:322 - 分配任务 8 → AGV 2 (距离 86)
[2026-05-24 15:20:07,381] INFO - agv_controller.py:164 - AGV 2: 任务8 前往取货点 (49, 47)
[2026-05-24 15:20:07,482] WARNING - mapf_planner.py:292 - AGV 2: 无法找到路径 (24, 5) → (49, 47)
[2026-05-24 15:20:07,487] WARNING - mapf_planner.py:292 - AGV 4: 无法找到路径 (45, 4) → (0, 37)
[2026-05-24 15:20:07,680] INFO - task_allocator.py:247 - 生成任务 11: 取货 (0, 37) → 送货 (25, 16)
[2026-05-24 15:20:07,689] WARNING - mapf_planner.py:292 - AGV 4: 无法找到路径 (45, 5) → (0, 37)
[2026-05-24 15:20:07,986] WARNING - mapf_planner.py:292 - AGV 2: 无法找到路径 (26, 7) → (49, 47)
[2026-05-24 15:20:07,990] WARNING - mapf_planner.py:292 - AGV 4: 无法找到路径 (45, 7) → (0, 37)
[2026-05-24 15:20:08,087] WARNING - mapf_planner.py:292 - AGV 4: 无法找到路径 (45, 7) → (0, 37)
[2026-05-24 15:20:08,184] WARNING - mapf_planner.py:292 - AGV 2: 无法找到路径 (27, 7) → (49, 47)
[2026-05-24 15:20:08,287] WARNING - mapf_planner.py:292 - AGV 4: 无法找到路径 (45, 8) → (0, 37)
[2026-05-24 15:20:08,383] WARNING - mapf_planner.py:292 - AGV 2: 无法找到路径 (28, 7) → (49, 47)
[2026-05-24 15:20:08,388] WARNING - mapf_planner.py:292 - AGV 4: 无法找到路径 (45, 8) → (0, 37)
[2026-05-24 15:20:08,488] WARNING - mapf_planner.py:292 - AGV 4: 无法找到路径 (45, 8) → (0, 37)
[2026-05-24 15:20:08,685] INFO - task_allocator.py:247 - 生成任务 12: 取货 (49, 42) → 送货 (24, 4)
[2026-05-24 15:20:08,689] WARNING - mapf_planner.py:292 - AGV 2: 无法找到路径 (30, 8) → (49, 47)
[2026-05-24 15:20:08,991] WARNING - mapf_planner.py:292 - AGV 4: 无法找到路径 (42, 9) → (0, 37)
[2026-05-24 15:20:09,091] WARNING - mapf_planner.py:292 - AGV 4: 无法找到路径 (42, 9) → (0, 37)
[2026-05-24 15:20:09,394] WARNING - mapf_planner.py:292 - AGV 4: 无法找到路径 (40, 9) → (0, 37)
[2026-05-24 15:20:09,494] INFO - agv_controller.py:394 - AGV 1: 任务 1 完成！
[2026-05-24 15:20:09,495] INFO - od_flow.py:243 - 任务 1 已完成
[2026-05-24 15:20:09,590] INFO - od_flow.py:188 - 任务 9 分配给 AGV 1
[2026-05-24 15:20:09,591] INFO - task_allocator.py:322 - 分配任务 9 → AGV 1 (距离 79)
[2026-05-24 15:20:09,592] INFO - agv_controller.py:164 - AGV 1: 任务9 前往取货点 (49, 37)
[2026-05-24 15:20:09,895] INFO - agv_controller.py:394 - AGV 0: 任务 2 完成！
[2026-05-24 15:20:09,896] INFO - od_flow.py:243 - 任务 2 已完成
[2026-05-24 15:20:09,993] INFO - od_flow.py:188 - 任务 10 分配给 AGV 0
[2026-05-24 15:20:09,994] INFO - task_allocator.py:322 - 分配任务 10 → AGV 0 (距离 82)
[2026-05-24 15:20:09,995] INFO - agv_controller.py:164 - AGV 0: 任务10 前往取货点 (49, 37)
[2026-05-24 15:20:09,999] INFO - agv_controller.py:382 - AGV 6: 已取货，前往送货点 (25, 32)
[2026-05-24 15:20:10,296] WARNING - mapf_planner.py:292 - AGV 4: 无法找到路径 (34, 11) → (0, 37)
[2026-05-24 15:20:10,500] INFO - agv_controller.py:382 - AGV 7: 已取货，前往送货点 (24, 12)
[2026-05-24 15:20:10,900] INFO - task_allocator.py:247 - 生成任务 13: 取货 (0, 27) → 送货 (24, 36)
[2026-05-24 15:20:10,904] WARNING - mapf_planner.py:292 - AGV 4: 无法找到路径 (32, 14) → (0, 37)
[2026-05-24 15:20:11,205] WARNING - mapf_planner.py:292 - AGV 4: 无法找到路径 (31, 15) → (0, 37)
[2026-05-24 15:20:11,406] WARNING - mapf_planner.py:292 - AGV 4: 无法找到路径 (31, 16) → (0, 37)
[2026-05-24 15:20:11,603] INFO - task_allocator.py:247 - 生成任务 14: 取货 (49, 2) → 送货 (24, 28)
[2026-05-24 15:20:11,608] WARNING - mapf_planner.py:292 - AGV 4: 无法找到路径 (31, 17) → (0, 37)
[2026-05-24 15:20:11,712] INFO - agv_controller.py:382 - AGV 5: 已取货，前往送货点 (24, 44)
[2026-05-24 15:20:11,809] INFO - <ipython-input-1-8a5b255a7ea4>:190 - 步数 100: 已完成 3 个任务, AGV: 空闲0 移动中8 装卸0
[2026-05-24 15:20:12,212] INFO - agv_controller.py:382 - AGV 1: 已取货，前往送货点 (25, 8)
[2026-05-24 15:20:12,311] WARNING - mapf_planner.py:292 - AGV 1: 无法找到路径 (49, 37) → (25, 8)
[2026-05-24 15:20:12,414] WARNING - mapf_planner.py:292 - AGV 5: 无法找到路径 (3, 15) → (24, 44)
[2026-05-24 15:20:12,514] INFO - agv_controller.py:394 - AGV 3: 任务 3 完成！
[2026-05-24 15:20:12,515] INFO - od_flow.py:243 - 任务 3 已完成
[2026-05-24 15:20:12,609] INFO - od_flow.py:188 - 任务 11 分配给 AGV 3
[2026-05-24 15:20:12,610] INFO - task_allocator.py:322 - 分配任务 11 → AGV 3 (距离 39)
[2026-05-24 15:20:12,611] INFO - agv_controller.py:164 - AGV 3: 任务11 前往取货点 (0, 37)
[2026-05-24 15:20:12,709] INFO - task_allocator.py:247 - 生成任务 15: 取货 (0, 17) → 送货 (25, 48)
[2026-05-24 15:20:12,717] WARNING - mapf_planner.py:292 - AGV 5: 无法找到路径 (3, 17) → (24, 44)
[2026-05-24 15:20:13,419] INFO - agv_controller.py:382 - AGV 0: 已取货，前往送货点 (25, 24)
[2026-05-24 15:20:13,520] INFO - agv_controller.py:394 - AGV 7: 任务 5 完成！
[2026-05-24 15:20:13,522] INFO - od_flow.py:243 - 任务 5 已完成
[2026-05-24 15:20:13,617] INFO - od_flow.py:188 - 任务 12 分配给 AGV 7
[2026-05-24 15:20:13,618] INFO - task_allocator.py:322 - 分配任务 12 → AGV 7 (距离 44)
[2026-05-24 15:20:13,619] INFO - agv_controller.py:164 - AGV 7: 任务12 前往取货点 (49, 42)
[2026-05-24 15:20:13,718] INFO - task_allocator.py:247 - 生成任务 16: 取货 (0, 17) → 送货 (24, 12)
[2026-05-24 15:20:13,726] WARNING - mapf_planner.py:292 - AGV 7: 无法找到路径 (24, 13) → (49, 42)
[2026-05-24 15:20:14,423] WARNING - mapf_planner.py:292 - AGV 0: 无法找到路径 (42, 35) → (25, 24)
[2026-05-24 15:20:14,524] WARNING - mapf_planner.py:292 - AGV 0: 无法找到路径 (42, 34) → (25, 24)
[2026-05-24 15:20:14,629] INFO - agv_controller.py:382 - AGV 2: 已取货，前往送货点 (24, 20)
[2026-05-24 15:20:14,630] INFO - agv_controller.py:394 - AGV 6: 任务 4 完成！
[2026-05-24 15:20:14,631] INFO - od_flow.py:243 - 任务 4 已完成
[2026-05-24 15:20:14,726] INFO - od_flow.py:188 - 任务 13 分配给 AGV 6
[2026-05-24 15:20:14,727] INFO - task_allocator.py:322 - 分配任务 13 → AGV 6 (距离 66)
[2026-05-24 15:20:14,728] INFO - agv_controller.py:164 - AGV 6: 任务13 前往取货点 (0, 27)
[2026-05-24 15:20:14,928] INFO - task_allocator.py:247 - 生成任务 17: 取货 (0, 42) → 送货 (25, 32)
[2026-05-24 15:20:16,239] INFO - agv_controller.py:382 - AGV 3: 已取货，前往送货点 (25, 16)
[2026-05-24 15:20:16,839] WARNING - mapf_planner.py:292 - AGV 0: 无法找到路径 (28, 26) → (25, 24)
[2026-05-24 15:20:16,845] INFO - agv_controller.py:382 - AGV 4: 已取货，前往送货点 (25, 40)
[2026-05-24 15:20:17,544] INFO - agv_controller.py:394 - AGV 0: 任务 10 完成！
[2026-05-24 15:20:17,545] INFO - od_flow.py:243 - 任务 10 已完成
[2026-05-24 15:20:17,642] INFO - od_flow.py:188 - 任务 14 分配给 AGV 0
[2026-05-24 15:20:17,643] INFO - task_allocator.py:322 - 分配任务 14 → AGV 0 (距离 47)
[2026-05-24 15:20:17,644] INFO - agv_controller.py:164 - AGV 0: 任务14 前往取货点 (49, 2)
[2026-05-24 15:20:17,648] INFO - agv_controller.py:394 - AGV 5: 任务 6 完成！
[2026-05-24 15:20:17,648] INFO - od_flow.py:243 - 任务 6 已完成
[2026-05-24 15:20:17,741] INFO - od_flow.py:188 - 任务 15 分配给 AGV 5
[2026-05-24 15:20:17,743] INFO - task_allocator.py:322 - 分配任务 15 → AGV 5 (距离 59)
[2026-05-24 15:20:17,744] INFO - agv_controller.py:164 - AGV 5: 任务15 前往取货点 (0, 17)
[2026-05-24 15:20:17,749] INFO - agv_controller.py:382 - AGV 6: 已取货，前往送货点 (24, 36)
[2026-05-24 15:20:17,949] WARNING - mapf_planner.py:292 - AGV 5: 无法找到路径 (22, 44) → (0, 17)
[2026-05-24 15:20:17,951] INFO - agv_controller.py:394 - AGV 1: 任务 9 完成！
[2026-05-24 15:20:17,952] INFO - od_flow.py:243 - 任务 9 已完成
[2026-05-24 15:20:18,043] INFO - od_flow.py:188 - 任务 16 分配给 AGV 1
[2026-05-24 15:20:18,043] INFO - task_allocator.py:322 - 分配任务 16 → AGV 1 (距离 14)
[2026-05-24 15:20:18,044] INFO - agv_controller.py:164 - AGV 1: 任务16 前往取货点 (0, 17)
[2026-05-24 15:20:18,243] INFO - task_allocator.py:247 - 生成任务 18: 取货 (49, 12) → 送货 (24, 44)
[2026-05-24 15:20:18,747] INFO - task_allocator.py:247 - 生成任务 19: 取货 (49, 37) → 送货 (25, 24)
[2026-05-24 15:20:19,251] INFO - task_allocator.py:247 - 生成任务 20: 取货 (49, 47) → 送货 (25, 8)
[2026-05-24 15:20:19,255] INFO - agv_controller.py:382 - AGV 7: 已取货，前往送货点 (24, 4)
[2026-05-24 15:20:19,459] WARNING - mapf_planner.py:292 - AGV 7: 无法找到路径 (49, 41) → (24, 4)
[2026-05-24 15:20:19,757] INFO - agv_controller.py:394 - AGV 4: 任务 7 完成！
[2026-05-24 15:20:19,758] INFO - od_flow.py:243 - 任务 7 已完成
[2026-05-24 15:20:19,855] INFO - od_flow.py:188 - 任务 17 分配给 AGV 4
[2026-05-24 15:20:19,856] INFO - task_allocator.py:322 - 分配任务 17 → AGV 4 (距离 87)
[2026-05-24 15:20:19,857] INFO - agv_controller.py:164 - AGV 4: 任务17 前往取货点 (0, 42)
[2026-05-24 15:20:19,962] INFO - agv_controller.py:394 - AGV 2: 任务 8 完成！
[2026-05-24 15:20:19,963] INFO - od_flow.py:243 - 任务 8 已完成
[2026-05-24 15:20:20,056] INFO - od_flow.py:188 - 任务 18 分配给 AGV 2
[2026-05-24 15:20:20,058] INFO - task_allocator.py:322 - 分配任务 18 → AGV 2 (距离 51)
[2026-05-24 15:20:20,058] INFO - agv_controller.py:164 - AGV 2: 任务18 前往取货点 (49, 12)
[2026-05-24 15:20:20,662] WARNING - mapf_planner.py:292 - AGV 7: 无法找到路径 (41, 38) → (24, 4)
[2026-05-24 15:20:20,758] INFO - task_allocator.py:247 - 生成任务 21: 取货 (49, 42) → 送货 (24, 20)
[2026-05-24 15:20:20,962] INFO - agv_controller.py:394 - AGV 3: 任务 11 完成！
[2026-05-24 15:20:20,963] INFO - od_flow.py:243 - 任务 11 已完成
[2026-05-24 15:20:21,059] INFO - od_flow.py:188 - 任务 19 分配给 AGV 3
[2026-05-24 15:20:21,060] INFO - task_allocator.py:322 - 分配任务 19 → AGV 3 (距离 78)
[2026-05-24 15:20:21,060] INFO - agv_controller.py:164 - AGV 3: 任务19 前往取货点 (49, 37)
[2026-05-24 15:20:21,162] INFO - agv_controller.py:394 - AGV 6: 任务 13 完成！
[2026-05-24 15:20:21,162] INFO - od_flow.py:243 - 任务 13 已完成
[2026-05-24 15:20:21,259] INFO - od_flow.py:188 - 任务 20 分配给 AGV 6
[2026-05-24 15:20:21,260] INFO - task_allocator.py:322 - 分配任务 20 → AGV 6 (距离 41)
[2026-05-24 15:20:21,261] INFO - agv_controller.py:164 - AGV 6: 任务20 前往取货点 (49, 47)
[2026-05-24 15:20:21,360] INFO - task_allocator.py:247 - 生成任务 22: 取货 (0, 12) → 送货 (24, 36)
[2026-05-24 15:20:21,461] INFO - task_allocator.py:247 - 生成任务 23: 取货 (0, 37) → 送货 (25, 40)
[2026-05-24 15:20:21,466] INFO - agv_controller.py:382 - AGV 1: 已取货，前往送货点 (24, 12)
[2026-05-24 15:20:21,865] INFO - <ipython-input-1-8a5b255a7ea4>:190 - 步数 200: 已完成 13 个任务, AGV: 空闲0 移动中8 装卸0
[2026-05-24 15:20:22,268] INFO - agv_controller.py:382 - AGV 0: 已取货，前往送货点 (24, 28)
[2026-05-24 15:20:22,368] WARNING - mapf_planner.py:292 - AGV 0: 无法找到路径 (49, 2) → (24, 28)
[2026-05-24 15:20:22,566] INFO - task_allocator.py:247 - 生成任务 24: 取货 (0, 12) → 送货 (25, 16)
[2026-05-24 15:20:22,970] INFO - agv_controller.py:382 - AGV 4: 已取货，前往送货点 (25, 32)
[2026-05-24 15:20:22,971] INFO - agv_controller.py:382 - AGV 5: 已取货，前往送货点 (25, 48)
[2026-05-24 15:20:23,173] WARNING - mapf_planner.py:292 - AGV 5: 无法找到路径 (1, 17) → (25, 48)
[2026-05-24 15:20:23,375] INFO - agv_controller.py:382 - AGV 2: 已取货，前往送货点 (24, 44)
[2026-05-24 15:20:23,475] WARNING - mapf_planner.py:292 - AGV 2: 无法找到路径 (49, 12) → (24, 44)
[2026-05-24 15:20:24,478] INFO - agv_controller.py:394 - AGV 1: 任务 16 完成！
[2026-05-24 15:20:24,480] INFO - od_flow.py:243 - 任务 16 已完成
[2026-05-24 15:20:24,576] INFO - od_flow.py:188 - 任务 21 分配给 AGV 1
[2026-05-24 15:20:24,578] INFO - task_allocator.py:322 - 分配任务 21 → AGV 1 (距离 84)
[2026-05-24 15:20:24,579] INFO - agv_controller.py:164 - AGV 1: 任务21 前往取货点 (49, 42)
[2026-05-24 15:20:24,681] WARNING - mapf_planner.py:292 - AGV 2: 无法找到路径 (42, 16) → (24, 44)
[2026-05-24 15:20:24,777] INFO - task_allocator.py:247 - 生成任务 25: 取货 (0, 42) → 送货 (24, 12)
[2026-05-24 15:20:24,882] INFO - agv_controller.py:382 - AGV 6: 已取货，前往送货点 (25, 8)
[2026-05-24 15:20:24,986] WARNING - mapf_planner.py:292 - AGV 6: 无法找到路径 (49, 47) → (25, 8)
[2026-05-24 15:20:25,189] WARNING - mapf_planner.py:292 - AGV 6: 无法找到路径 (48, 47) → (25, 8)
[2026-05-24 15:20:25,583] WARNING - mapf_planner.py:292 - AGV 0: 无法找到路径 (30, 14) → (24, 28)
[2026-05-24 15:20:25,590] WARNING - mapf_planner.py:292 - AGV 6: 无法找到路径 (47, 45) → (25, 8)
[2026-05-24 15:20:25,593] INFO - agv_controller.py:382 - AGV 3: 已取货，前往送货点 (25, 24)
[2026-05-24 15:20:25,683] WARNING - mapf_planner.py:292 - AGV 0: 无法找到路径 (30, 15) → (24, 28)
[2026-05-24 15:20:25,783] WARNING - mapf_planner.py:292 - AGV 0: 无法找到路径 (29, 15) → (24, 28)
[2026-05-24 15:20:25,884] WARNING - mapf_planner.py:292 - AGV 0: 无法找到路径 (29, 16) → (24, 28)
[2026-05-24 15:20:25,891] INFO - agv_controller.py:394 - AGV 7: 任务 12 完成！
[2026-05-24 15:20:25,893] INFO - od_flow.py:243 - 任务 12 已完成
[2026-05-24 15:20:25,985] INFO - od_flow.py:188 - 任务 22 分配给 AGV 7
[2026-05-24 15:20:25,986] INFO - task_allocator.py:322 - 分配任务 22 → AGV 7 (距离 53)
[2026-05-24 15:20:25,987] INFO - agv_controller.py:164 - AGV 7: 任务22 前往取货点 (0, 12)
[2026-05-24 15:20:26,588] INFO - task_allocator.py:247 - 生成任务 26: 取货 (0, 27) → 送货 (24, 4)
[2026-05-24 15:20:26,592] INFO - agv_controller.py:394 - AGV 4: 任务 17 完成！
[2026-05-24 15:20:26,593] INFO - od_flow.py:243 - 任务 17 已完成
[2026-05-24 15:20:26,688] INFO - od_flow.py:188 - 任务 23 分配给 AGV 4
[2026-05-24 15:20:26,689] INFO - task_allocator.py:322 - 分配任务 23 → AGV 4 (距离 82)
[2026-05-24 15:20:26,690] INFO - agv_controller.py:164 - AGV 4: 任务23 前往取货点 (0, 37)
[2026-05-24 15:20:27,394] WARNING - mapf_planner.py:292 - AGV 7: 无法找到路径 (14, 8) → (0, 12)
[2026-05-24 15:20:27,596] INFO - agv_controller.py:394 - AGV 0: 任务 14 完成！
[2026-05-24 15:20:27,597] INFO - od_flow.py:243 - 任务 14 已完成
[2026-05-24 15:20:27,693] INFO - od_flow.py:188 - 任务 24 分配给 AGV 0
[2026-05-24 15:20:27,695] INFO - task_allocator.py:322 - 分配任务 24 → AGV 0 (距离 12)
[2026-05-24 15:20:27,696] INFO - agv_controller.py:164 - AGV 0: 任务24 前往取货点 (0, 12)
[2026-05-24 15:20:27,794] INFO - task_allocator.py:247 - 生成任务 27: 取货 (0, 27) → 送货 (25, 32)
[2026-05-24 15:20:28,498] INFO - task_allocator.py:247 - 生成任务 28: 取货 (49, 12) → 送货 (24, 28)
[2026-05-24 15:20:28,802] INFO - agv_controller.py:394 - AGV 5: 任务 15 完成！
[2026-05-24 15:20:28,803] INFO - od_flow.py:243 - 任务 15 已完成
[2026-05-24 15:20:28,899] INFO - od_flow.py:188 - 任务 25 分配给 AGV 5
[2026-05-24 15:20:28,900] INFO - task_allocator.py:322 - 分配任务 25 → AGV 5 (距离 84)
[2026-05-24 15:20:28,901] INFO - agv_controller.py:164 - AGV 5: 任务25 前往取货点 (0, 42)
[2026-05-24 15:20:29,406] INFO - agv_controller.py:394 - AGV 2: 任务 18 完成！
[2026-05-24 15:20:29,407] INFO - od_flow.py:243 - 任务 18 已完成
[2026-05-24 15:20:29,407] INFO - agv_controller.py:394 - AGV 3: 任务 19 完成！
[2026-05-24 15:20:29,408] INFO - od_flow.py:243 - 任务 19 已完成
[2026-05-24 15:20:29,408] INFO - agv_controller.py:382 - AGV 7: 已取货，前往送货点 (24, 36)
[2026-05-24 15:20:29,505] INFO - task_allocator.py:247 - 生成任务 29: 取货 (49, 37) → 送货 (24, 44)
[2026-05-24 15:20:29,507] INFO - od_flow.py:188 - 任务 26 分配给 AGV 2
[2026-05-24 15:20:29,508] INFO - task_allocator.py:322 - 分配任务 26 → AGV 2 (距离 21)
[2026-05-24 15:20:29,509] INFO - od_flow.py:188 - 任务 27 分配给 AGV 3
[2026-05-24 15:20:29,509] INFO - task_allocator.py:322 - 分配任务 27 → AGV 3 (距离 29)
[2026-05-24 15:20:29,510] INFO - agv_controller.py:164 - AGV 2: 任务26 前往取货点 (0, 27)
[2026-05-24 15:20:29,511] INFO - agv_controller.py:164 - AGV 3: 任务27 前往取货点 (0, 27)
[2026-05-24 15:20:29,711] INFO - agv_controller.py:382 - AGV 4: 已取货，前往送货点 (25, 40)
[2026-05-24 15:20:30,112] INFO - agv_controller.py:382 - AGV 1: 已取货，前往送货点 (24, 20)
[2026-05-24 15:20:30,611] INFO - task_allocator.py:247 - 生成任务 30: 取货 (49, 2) → 送货 (25, 24)
[2026-05-24 15:20:31,619] INFO - agv_controller.py:394 - AGV 6: 任务 20 完成！
[2026-05-24 15:20:31,620] INFO - od_flow.py:243 - 任务 20 已完成
[2026-05-24 15:20:31,717] INFO - od_flow.py:188 - 任务 28 分配给 AGV 6
[2026-05-24 15:20:31,718] INFO - task_allocator.py:322 - 分配任务 28 → AGV 6 (距离 6)
[2026-05-24 15:20:31,719] INFO - agv_controller.py:164 - AGV 6: 任务28 前往取货点 (49, 12)
[2026-05-24 15:20:31,723] INFO - agv_controller.py:382 - AGV 0: 已取货，前往送货点 (25, 16)
[2026-05-24 15:20:31,921] INFO - <ipython-input-1-8a5b255a7ea4>:190 - 步数 300: 已完成 21 个任务, AGV: 空闲0 移动中8 装卸0
[2026-05-24 15:20:32,019] INFO - task_allocator.py:247 - 生成任务 31: 取货 (0, 37) → 送货 (25, 8)
[2026-05-24 15:20:32,024] INFO - agv_controller.py:382 - AGV 5: 已取货，前往送货点 (24, 12)
[2026-05-24 15:20:32,124] WARNING - mapf_planner.py:292 - AGV 5: 无法找到路径 (0, 42) → (24, 12)
[2026-05-24 15:20:32,326] INFO - agv_controller.py:382 - AGV 3: 已取货，前往送货点 (25, 32)
[2026-05-24 15:20:32,622] INFO - task_allocator.py:247 - 生成任务 32: 取货 (49, 2) → 送货 (25, 48)
[2026-05-24 15:20:32,626] INFO - agv_controller.py:394 - AGV 4: 任务 23 完成！
[2026-05-24 15:20:32,627] INFO - od_flow.py:243 - 任务 23 已完成
[2026-05-24 15:20:32,723] INFO - od_flow.py:188 - 任务 29 分配给 AGV 4
[2026-05-24 15:20:32,724] INFO - task_allocator.py:322 - 分配任务 29 → AGV 4 (距离 37)
[2026-05-24 15:20:32,725] INFO - agv_controller.py:164 - AGV 4: 任务29 前往取货点 (49, 37)
[2026-05-24 15:20:32,729] WARNING - mapf_planner.py:292 - AGV 5: 无法找到路径 (4, 41) → (24, 12)
[2026-05-24 15:20:33,123] INFO - task_allocator.py:247 - 生成任务 33: 取货 (0, 42) → 送货 (25, 40)
[2026-05-24 15:20:33,828] INFO - agv_controller.py:382 - AGV 2: 已取货，前往送货点 (24, 4)
[2026-05-24 15:20:34,332] INFO - agv_controller.py:394 - AGV 7: 任务 22 完成！
[2026-05-24 15:20:34,333] INFO - od_flow.py:243 - 任务 22 已完成
[2026-05-24 15:20:34,429] INFO - od_flow.py:188 - 任务 30 分配给 AGV 7
[2026-05-24 15:20:34,430] INFO - task_allocator.py:322 - 分配任务 30 → AGV 7 (距离 6)
[2026-05-24 15:20:34,431] INFO - agv_controller.py:164 - AGV 7: 任务30 前往取货点 (49, 2)
[2026-05-24 15:20:34,533] INFO - agv_controller.py:382 - AGV 6: 已取货，前往送货点 (24, 28)
[2026-05-24 15:20:34,631] INFO - task_allocator.py:247 - 生成任务 34: 取货 (0, 32) → 送货 (24, 36)
[2026-05-24 15:20:34,738] WARNING - mapf_planner.py:292 - AGV 7: 无法找到路径 (25, 34) → (49, 2)
[2026-05-24 15:20:34,740] INFO - agv_controller.py:394 - AGV 0: 任务 24 完成！
[2026-05-24 15:20:34,740] INFO - od_flow.py:243 - 任务 24 已完成
[2026-05-24 15:20:34,833] INFO - od_flow.py:188 - 任务 31 分配给 AGV 0
[2026-05-24 15:20:34,834] INFO - task_allocator.py:322 - 分配任务 31 → AGV 0 (距离 37)
[2026-05-24 15:20:34,835] INFO - agv_controller.py:164 - AGV 0: 任务31 前往取货点 (0, 37)
[2026-05-24 15:20:34,939] WARNING - mapf_planner.py:292 - AGV 7: 无法找到路径 (26, 34) → (49, 2)
[2026-05-24 15:20:34,941] INFO - agv_controller.py:394 - AGV 1: 任务 21 完成！
[2026-05-24 15:20:34,942] INFO - od_flow.py:243 - 任务 21 已完成
[2026-05-24 15:20:35,034] INFO - od_flow.py:188 - 任务 32 分配给 AGV 1
[2026-05-24 15:20:35,035] INFO - task_allocator.py:322 - 分配任务 32 → AGV 1 (距离 50)
[2026-05-24 15:20:35,036] INFO - agv_controller.py:164 - AGV 1: 任务32 前往取货点 (49, 2)
[2026-05-24 15:20:35,236] INFO - task_allocator.py:247 - 生成任务 35: 取货 (49, 12) → 送货 (25, 16)
[2026-05-24 15:20:35,441] INFO - agv_controller.py:394 - AGV 3: 任务 27 完成！
[2026-05-24 15:20:35,442] INFO - od_flow.py:243 - 任务 27 已完成
[2026-05-24 15:20:35,443] INFO - agv_controller.py:382 - AGV 4: 已取货，前往送货点 (24, 44)
[2026-05-24 15:20:35,538] INFO - od_flow.py:188 - 任务 33 分配给 AGV 3
[2026-05-24 15:20:35,539] INFO - task_allocator.py:322 - 分配任务 33 → AGV 3 (距离 44)
[2026-05-24 15:20:35,539] INFO - agv_controller.py:164 - AGV 3: 任务33 前往取货点 (0, 42)
[2026-05-24 15:20:35,638] INFO - task_allocator.py:247 - 生成任务 36: 取货 (0, 22) → 送货 (25, 32)
[2026-05-24 15:20:36,141] INFO - task_allocator.py:247 - 生成任务 37: 取货 (0, 22) → 送货 (24, 20)
[2026-05-24 15:20:37,750] INFO - agv_controller.py:394 - AGV 5: 任务 25 完成！
[2026-05-24 15:20:37,750] INFO - od_flow.py:243 - 任务 25 已完成
[2026-05-24 15:20:37,848] INFO - od_flow.py:188 - 任务 34 分配给 AGV 5
[2026-05-24 15:20:37,850] INFO - task_allocator.py:322 - 分配任务 34 → AGV 5 (距离 74)
[2026-05-24 15:20:37,850] INFO - agv_controller.py:164 - AGV 5: 任务34 前往取货点 (0, 32)
[2026-05-24 15:20:38,149] INFO - task_allocator.py:247 - 生成任务 38: 取货 (49, 42) → 送货 (24, 12)
[2026-05-24 15:20:38,654] INFO - agv_controller.py:394 - AGV 2: 任务 26 完成！
[2026-05-24 15:20:38,655] INFO - od_flow.py:243 - 任务 26 已完成
[2026-05-24 15:20:38,753] INFO - od_flow.py:188 - 任务 35 分配给 AGV 2
[2026-05-24 15:20:38,754] INFO - task_allocator.py:322 - 分配任务 35 → AGV 2 (距离 51)
[2026-05-24 15:20:38,755] INFO - agv_controller.py:164 - AGV 2: 任务35 前往取货点 (49, 12)
[2026-05-24 15:20:38,757] INFO - agv_controller.py:394 - AGV 4: 任务 29 完成！
[2026-05-24 15:20:38,758] INFO - od_flow.py:243 - 任务 29 已完成
[2026-05-24 15:20:38,759] INFO - agv_controller.py:394 - AGV 6: 任务 28 完成！
[2026-05-24 15:20:38,759] INFO - od_flow.py:243 - 任务 28 已完成
[2026-05-24 15:20:38,854] INFO - od_flow.py:188 - 任务 36 分配给 AGV 6
[2026-05-24 15:20:38,854] INFO - task_allocator.py:322 - 分配任务 36 → AGV 6 (距离 61)
[2026-05-24 15:20:38,855] INFO - od_flow.py:188 - 任务 37 分配给 AGV 4
[2026-05-24 15:20:38,856] INFO - task_allocator.py:322 - 分配任务 37 → AGV 4 (距离 67)
[2026-05-24 15:20:38,857] INFO - agv_controller.py:164 - AGV 6: 任务36 前往取货点 (0, 22)
[2026-05-24 15:20:38,858] INFO - agv_controller.py:164 - AGV 4: 任务37 前往取货点 (0, 22)
[2026-05-24 15:20:39,054] INFO - task_allocator.py:247 - 生成任务 39: 取货 (49, 7) → 送货 (24, 4)
[2026-05-24 15:20:39,059] INFO - agv_controller.py:382 - AGV 3: 已取货，前往送货点 (25, 40)
[2026-05-24 15:20:39,354] INFO - task_allocator.py:247 - 生成任务 40: 取货 (0, 22) → 送货 (24, 44)
[2026-05-24 15:20:39,359] INFO - agv_controller.py:382 - AGV 1: 已取货，前往送货点 (25, 48)
[2026-05-24 15:20:39,459] WARNING - mapf_planner.py:292 - AGV 1: 无法找到路径 (49, 2) → (25, 48)
[2026-05-24 15:20:39,462] INFO - agv_controller.py:382 - AGV 0: 已取货，前往送货点 (25, 8)
[2026-05-24 15:20:39,654] INFO - task_allocator.py:247 - 生成任务 41: 取货 (0, 12) → 送货 (24, 28)
[2026-05-24 15:20:40,361] WARNING - mapf_planner.py:292 - AGV 1: 无法找到路径 (43, 4) → (25, 48)
[2026-05-24 15:20:40,559] INFO - agv_controller.py:382 - AGV 7: 已取货，前往送货点 (25, 24)
[2026-05-24 15:20:41,261] WARNING - mapf_planner.py:292 - AGV 3: 无法找到路径 (19, 40) → (25, 40)
[2026-05-24 15:20:41,863] INFO - agv_controller.py:394 - AGV 3: 任务 33 完成！
[2026-05-24 15:20:41,865] INFO - od_flow.py:243 - 任务 33 已完成
[2026-05-24 15:20:41,866] INFO - agv_controller.py:382 - AGV 6: 已取货，前往送货点 (25, 32)
[2026-05-24 15:20:41,960] INFO - od_flow.py:188 - 任务 38 分配给 AGV 3
[2026-05-24 15:20:41,964] INFO - task_allocator.py:322 - 分配任务 38 → AGV 3 (距离 83)
[2026-05-24 15:20:41,964] INFO - agv_controller.py:164 - AGV 3: 任务38 前往取货点 (49, 42)
[2026-05-24 15:20:41,968] INFO - <ipython-input-1-8a5b255a7ea4>:190 - 步数 400: 已完成 31 个任务, AGV: 空闲0 移动中8 装卸0
[2026-05-24 15:20:42,062] INFO - task_allocator.py:247 - 生成任务 42: 取货 (49, 47) → 送货 (25, 40)
[2026-05-24 15:20:42,068] INFO - agv_controller.py:382 - AGV 2: 已取货，前往送货点 (25, 16)
[2026-05-24 15:20:42,161] WARNING - mapf_planner.py:292 - AGV 0: 无法找到路径 (18, 29) → (25, 8)
[2026-05-24 15:20:42,265] INFO - agv_controller.py:382 - AGV 5: 已取货，前往送货点 (24, 36)
[2026-05-24 15:20:43,466] INFO - agv_controller.py:382 - AGV 4: 已取货，前往送货点 (24, 20)
[2026-05-24 15:20:44,573] INFO - agv_controller.py:382 - AGV 3: 已取货，前往送货点 (24, 12)
[2026-05-24 15:20:44,974] INFO - agv_controller.py:394 - AGV 2: 任务 35 完成！
[2026-05-24 15:20:44,975] INFO - od_flow.py:243 - 任务 35 已完成
[2026-05-24 15:20:45,073] INFO - od_flow.py:188 - 任务 39 分配给 AGV 2
[2026-05-24 15:20:45,075] INFO - task_allocator.py:322 - 分配任务 39 → AGV 2 (距离 48)
[2026-05-24 15:20:45,076] INFO - agv_controller.py:164 - AGV 2: 任务39 前往取货点 (49, 7)
[2026-05-24 15:20:45,079] INFO - agv_controller.py:394 - AGV 0: 任务 31 完成！
[2026-05-24 15:20:45,079] INFO - od_flow.py:243 - 任务 31 已完成
[2026-05-24 15:20:45,174] INFO - task_allocator.py:247 - 生成任务 43: 取货 (0, 17) → 送货 (25, 16)
[2026-05-24 15:20:45,176] INFO - od_flow.py:188 - 任务 40 分配给 AGV 0
[2026-05-24 15:20:45,176] INFO - task_allocator.py:322 - 分配任务 40 → AGV 0 (距离 22)
[2026-05-24 15:20:45,177] INFO - agv_controller.py:164 - AGV 0: 任务40 前往取货点 (0, 22)
[2026-05-24 15:20:45,181] INFO - agv_controller.py:394 - AGV 5: 任务 34 完成！
[2026-05-24 15:20:45,182] INFO - od_flow.py:243 - 任务 34 已完成
[2026-05-24 15:20:45,275] INFO - od_flow.py:188 - 任务 41 分配给 AGV 5
[2026-05-24 15:20:45,276] INFO - task_allocator.py:322 - 分配任务 41 → AGV 5 (距离 54)
[2026-05-24 15:20:45,277] INFO - agv_controller.py:164 - AGV 5: 任务41 前往取货点 (0, 12)
[2026-05-24 15:20:45,282] INFO - agv_controller.py:394 - AGV 7: 任务 30 完成！
[2026-05-24 15:20:45,283] INFO - od_flow.py:243 - 任务 30 已完成
[2026-05-24 15:20:45,375] INFO - od_flow.py:188 - 任务 42 分配给 AGV 7
[2026-05-24 15:20:45,376] INFO - task_allocator.py:322 - 分配任务 42 → AGV 7 (距离 49)
[2026-05-24 15:20:45,377] INFO - agv_controller.py:164 - AGV 7: 任务42 前往取货点 (49, 47)
[2026-05-24 15:20:45,476] INFO - task_allocator.py:247 - 生成任务 44: 取货 (49, 17) → 送货 (24, 36)
[2026-05-24 15:20:45,481] INFO - agv_controller.py:394 - AGV 6: 任务 36 完成！
[2026-05-24 15:20:45,482] INFO - od_flow.py:243 - 任务 36 已完成
[2026-05-24 15:20:45,577] INFO - task_allocator.py:247 - 生成任务 45: 取货 (49, 22) → 送货 (25, 8)
[2026-05-24 15:20:45,578] INFO - od_flow.py:188 - 任务 43 分配给 AGV 6
[2026-05-24 15:20:45,579] INFO - task_allocator.py:322 - 分配任务 43 → AGV 6 (距离 56)
[2026-05-24 15:20:45,579] INFO - agv_controller.py:164 - AGV 6: 任务43 前往取货点 (0, 17)
[2026-05-24 15:20:45,777] WARNING - mapf_planner.py:375 - CBS达到最大迭代次数 100，返回最佳解
[2026-05-24 15:20:45,971] WARNING - mapf_planner.py:375 - CBS达到最大迭代次数 100，返回最佳解
[2026-05-24 15:20:46,153] WARNING - mapf_planner.py:375 - CBS达到最大迭代次数 100，返回最佳解
[2026-05-24 15:20:46,318] WARNING - mapf_planner.py:375 - CBS达到最大迭代次数 100，返回最佳解
[2026-05-24 15:20:46,324] INFO - task_allocator.py:247 - 生成任务 46: 取货 (0, 42) → 送货 (25, 24)
[2026-05-24 15:20:46,503] WARNING - mapf_planner.py:375 - CBS达到最大迭代次数 100，返回最佳解
[2026-05-24 15:20:46,508] INFO - task_allocator.py:247 - 生成任务 47: 取货 (49, 32) → 送货 (25, 32)
[2026-05-24 15:20:46,685] WARNING - mapf_planner.py:375 - CBS达到最大迭代次数 100，返回最佳解
[2026-05-24 15:20:46,849] WARNING - mapf_planner.py:375 - CBS达到最大迭代次数 100，返回最佳解
[2026-05-24 15:20:46,851] INFO - agv_controller.py:394 - AGV 4: 任务 37 完成！
[2026-05-24 15:20:46,852] INFO - od_flow.py:243 - 任务 37 已完成
[2026-05-24 15:20:46,856] INFO - task_allocator.py:247 - 生成任务 48: 取货 (49, 32) → 送货 (24, 20)
[2026-05-24 15:20:46,857] INFO - od_flow.py:188 - 任务 44 分配给 AGV 4
[2026-05-24 15:20:46,857] INFO - task_allocator.py:322 - 分配任务 44 → AGV 4 (距离 17)
[2026-05-24 15:20:46,858] INFO - agv_controller.py:164 - AGV 4: 任务44 前往取货点 (49, 17)
[2026-05-24 15:20:47,011] WARNING - mapf_planner.py:375 - CBS达到最大迭代次数 100，返回最佳解
[2026-05-24 15:20:47,152] WARNING - mapf_planner.py:375 - CBS达到最大迭代次数 100，返回最佳解
[2026-05-24 15:20:47,275] WARNING - mapf_planner.py:375 - CBS达到最大迭代次数 100，返回最佳解
[2026-05-24 15:20:47,415] WARNING - mapf_planner.py:375 - CBS达到最大迭代次数 100，返回最佳解
[2026-05-24 15:20:47,535] WARNING - mapf_planner.py:375 - CBS达到最大迭代次数 100，返回最佳解
[2026-05-24 15:20:47,537] INFO - agv_controller.py:394 - AGV 1: 任务 32 完成！
[2026-05-24 15:20:47,537] INFO - od_flow.py:243 - 任务 32 已完成
[2026-05-24 15:20:47,543] INFO - od_flow.py:188 - 任务 45 分配给 AGV 1
[2026-05-24 15:20:47,545] INFO - task_allocator.py:322 - 分配任务 45 → AGV 1 (距离 64)
[2026-05-24 15:20:47,545] INFO - agv_controller.py:164 - AGV 1: 任务45 前往取货点 (49, 22)
[2026-05-24 15:20:47,664] WARNING - mapf_planner.py:375 - CBS达到最大迭代次数 100，返回最佳解
[2026-05-24 15:20:47,787] WARNING - mapf_planner.py:375 - CBS达到最大迭代次数 100，返回最佳解
[2026-05-24 15:20:47,896] WARNING - mapf_planner.py:375 - CBS达到最大迭代次数 100，返回最佳解
[2026-05-24 15:20:48,004] WARNING - mapf_planner.py:375 - CBS达到最大迭代次数 100，返回最佳解
[2026-05-24 15:20:48,101] WARNING - mapf_planner.py:375 - CBS达到最大迭代次数 100，返回最佳解
[2026-05-24 15:20:48,200] WARNING - mapf_planner.py:375 - CBS达到最大迭代次数 100，返回最佳解
[2026-05-24 15:20:48,293] WARNING - mapf_planner.py:375 - CBS达到最大迭代次数 100，返回最佳解
[2026-05-24 15:20:48,511] INFO - task_allocator.py:247 - 生成任务 49: 取货 (49, 7) → 送货 (25, 48)
[2026-05-24 15:20:49,963] WARNING - mapf_planner.py:292 - AGV 0: 无法找到路径 (5, 19) → (0, 22)
[2026-05-24 15:20:50,065] INFO - agv_controller.py:382 - AGV 2: 已取货，前往送货点 (24, 4)
[2026-05-24 15:20:50,767] INFO - agv_controller.py:382 - AGV 4: 已取货，前往送货点 (24, 36)
[2026-05-24 15:20:50,869] INFO - agv_controller.py:382 - AGV 0: 已取货，前往送货点 (24, 44)
[2026-05-24 15:20:51,070] WARNING - mapf_planner.py:292 - AGV 6: 无法找到路径 (4, 17) → (0, 17)
[2026-05-24 15:20:51,576] INFO - agv_controller.py:382 - AGV 6: 已取货，前往送货点 (25, 16)
[2026-05-24 15:20:51,776] INFO - agv_controller.py:382 - AGV 5: 已取货，前往送货点 (24, 28)
[2026-05-24 15:20:51,777] INFO - agv_controller.py:382 - AGV 7: 已取货，前往送货点 (25, 40)
[2026-05-24 15:20:51,877] INFO - agv_controller.py:394 - AGV 3: 任务 38 完成！
[2026-05-24 15:20:51,878] INFO - od_flow.py:243 - 任务 38 已完成
[2026-05-24 15:20:51,976] INFO - od_flow.py:188 - 任务 46 分配给 AGV 3
[2026-05-24 15:20:51,977] INFO - task_allocator.py:322 - 分配任务 46 → AGV 3 (距离 44)
[2026-05-24 15:20:51,978] INFO - agv_controller.py:164 - AGV 3: 任务46 前往取货点 (0, 42)
[2026-05-24 15:20:52,080] WARNING - mapf_planner.py:292 - AGV 6: 无法找到路径 (4, 17) → (25, 16)
[2026-05-24 15:20:52,181] WARNING - mapf_planner.py:292 - AGV 3: 无法找到路径 (22, 12) → (0, 42)
[2026-05-24 15:20:52,675] INFO - warehouse_env.py:370 - 仿真停止，共运行 488 步
[2026-05-24 15:20:52,676] INFO - task_allocator.py:172 - 调度模块：仿真停止，共运行 488 步
[2026-05-24 15:20:52,677] INFO - agv_controller.py:175 - 控制器：仿真停止，完成 39 个任务
[2026-05-24 15:20:52,745] INFO - renderer.py:552 - 渲染器已关闭
[2026-05-24 15:20:52,746] INFO - <ipython-input-1-8a5b255a7ea4>:251 - ==================================================
[2026-05-24 15:20:52,747] INFO - <ipython-input-1-8a5b255a7ea4>:252 - 仿真结束
[2026-05-24 15:20:52,747] INFO - <ipython-input-1-8a5b255a7ea4>:253 - 总步数: 488
[2026-05-24 15:20:52,748] INFO - <ipython-input-1-8a5b255a7ea4>:254 - 完成任务: 39
[2026-05-24 15:20:52,749] INFO - <ipython-input-1-8a5b255a7ea4>:255 - AGV总移动步数: 3612
[2026-05-24 15:20:52,749] INFO - <ipython-input-1-8a5b255a7ea4>:256 - ==================================================
