[2026-05-19 22:24:18,027] INFO - config.py:253 - 日志文件已创建: logs\simulation_20260519_222418.log
[2026-05-19 22:24:18,028] INFO - main.py:77 - 正在初始化仿真模块...
[2026-05-19 22:24:18,028] INFO - communication.py:303 - 模块 env 初始化完成
[2026-05-19 22:24:18,029] INFO - warehouse_env.py:117 - 仓库环境初始化完成: 50x50
[2026-05-19 22:24:18,029] INFO - warehouse_env.py:169 - 地图构建完成: 20个进货口, 12个出货口
[2026-05-19 22:24:18,031] INFO - warehouse_env.py:189 - 环境已重置
[2026-05-19 22:24:18,032] INFO - communication.py:303 - 模块 scheduler 初始化完成
[2026-05-19 22:24:18,036] INFO - od_flow.py:69 - OD流程管理器初始化完成，12个出货口
[2026-05-19 22:24:18,051] INFO - task_allocator.py:107 - 任务分配器初始化完成: 20个进货口, 12个出货口, 8台AGV
[2026-05-19 22:24:18,051] INFO - mapf_planner.py:260 - MAPF规划器初始化完成: 50x50
[2026-05-19 22:24:19,021] INFO - rl_collision_avoidance.py:208 - RL避撞控制器初始化完成 (PyTorch: True)
[2026-05-19 22:24:19,021] INFO - communication.py:303 - 模块 controller 初始化完成
[2026-05-19 22:24:19,021] INFO - agv_controller.py:117 - AGV控制器初始化完成
[2026-05-19 22:24:19,022] INFO - agv_controller.py:198 - 控制器已重置
[2026-05-19 22:24:19,721] INFO - renderer.py:161 - 渲染器初始化完成: 1600x1000, 格子大小=16
[2026-05-19 22:24:19,722] INFO - main.py:103 - 所有模块初始化完成
[2026-05-19 22:24:19,722] INFO - main.py:73 - 仿真系统初始化完成
[2026-05-19 22:24:19,722] INFO - warehouse_env.py:169 - 地图构建完成: 20个进货口, 12个出货口
[2026-05-19 22:24:19,727] INFO - warehouse_env.py:189 - 环境已重置
[2026-05-19 22:24:19,728] INFO - warehouse_env.py:365 - 仿真开始，环境已初始化
[2026-05-19 22:24:19,728] INFO - od_flow.py:282 - OD流程管理器已重置
[2026-05-19 22:24:19,728] INFO - task_allocator.py:180 - 调度模块已重置
[2026-05-19 22:24:19,729] INFO - task_allocator.py:164 - 调度模块：仿真开始
[2026-05-19 22:24:19,729] INFO - agv_controller.py:198 - 控制器已重置
[2026-05-19 22:24:19,729] INFO - agv_controller.py:170 - 控制器：仿真开始
[2026-05-19 22:24:19,729] INFO - main.py:122 - ==================================================
[2026-05-19 22:24:19,729] INFO - main.py:123 - 仿真开始
[2026-05-19 22:24:19,729] INFO - main.py:124 - 地图: 50x50
[2026-05-19 22:24:19,730] INFO - main.py:125 - 最大步数: 1000
[2026-05-19 22:24:19,730] INFO - main.py:126 - ==================================================
[2026-05-19 22:24:19,736] INFO - main.py:190 - 步数 1: 已完成 0 个任务, AGV: 空闲8 移动中0 装卸0
[2026-05-19 22:24:19,747] INFO - task_allocator.py:244 - 生成任务 0: 取货 (0, 17) → 送货 (24, 4)
[2026-05-19 22:24:19,747] INFO - task_allocator.py:244 - 生成任务 1: 取货 (0, 42) → 送货 (24, 36)
[2026-05-19 22:24:19,747] INFO - od_flow.py:188 - 任务 0 分配给 AGV 2
[2026-05-19 22:24:19,748] INFO - task_allocator.py:319 - 分配任务 0 → AGV 2 (距离 11)
[2026-05-19 22:24:19,748] INFO - od_flow.py:188 - 任务 1 分配给 AGV 1
[2026-05-19 22:24:19,748] INFO - task_allocator.py:319 - 分配任务 1 → AGV 1 (距离 39)
[2026-05-19 22:24:19,748] INFO - agv_controller.py:164 - AGV 2: 任务0 前往取货点 (0, 17)
[2026-05-19 22:24:19,748] INFO - agv_controller.py:164 - AGV 1: 任务1 前往取货点 (0, 42)
[2026-05-19 22:24:19,749] INFO - main.py:190 - 步数 2: 已完成 0 个任务, AGV: 空闲6 移动中2 装卸0
[2026-05-19 22:24:19,846] INFO - main.py:190 - 步数 3: 已完成 0 个任务, AGV: 空闲6 移动中2 装卸0
[2026-05-19 22:24:19,946] INFO - main.py:190 - 步数 4: 已完成 0 个任务, AGV: 空闲6 移动中2 装卸0
[2026-05-19 22:24:20,046] INFO - main.py:190 - 步数 5: 已完成 0 个任务, AGV: 空闲6 移动中2 装卸0
[2026-05-19 22:24:20,147] INFO - task_allocator.py:244 - 生成任务 2: 取货 (0, 37) → 送货 (24, 28)
[2026-05-19 22:24:20,147] INFO - od_flow.py:188 - 任务 2 分配给 AGV 0
[2026-05-19 22:24:20,147] INFO - task_allocator.py:319 - 分配任务 2 → AGV 0 (距离 37)
[2026-05-19 22:24:20,147] INFO - agv_controller.py:164 - AGV 0: 任务2 前往取货点 (0, 37)
[2026-05-19 22:24:20,148] INFO - main.py:190 - 步数 6: 已完成 0 个任务, AGV: 空闲5 移动中3 装卸0
[2026-05-19 22:24:20,247] INFO - task_allocator.py:244 - 生成任务 3: 取货 (0, 17) → 送货 (25, 48)
[2026-05-19 22:24:20,247] INFO - od_flow.py:188 - 任务 3 分配给 AGV 3
[2026-05-19 22:24:20,247] INFO - task_allocator.py:319 - 分配任务 3 → AGV 3 (距离 19)
[2026-05-19 22:24:20,247] INFO - agv_controller.py:164 - AGV 3: 任务3 前往取货点 (0, 17)
[2026-05-19 22:24:20,249] INFO - main.py:190 - 步数 7: 已完成 0 个任务, AGV: 空闲4 移动中4 装卸0
[2026-05-19 22:24:20,347] INFO - task_allocator.py:244 - 生成任务 4: 取货 (0, 12) → 送货 (25, 32)
[2026-05-19 22:24:20,348] INFO - task_allocator.py:244 - 生成任务 5: 取货 (0, 7) → 送货 (24, 12)
[2026-05-19 22:24:20,348] INFO - od_flow.py:188 - 任务 4 分配给 AGV 6
[2026-05-19 22:24:20,348] INFO - task_allocator.py:319 - 分配任务 4 → AGV 6 (距离 51)
[2026-05-19 22:24:20,348] INFO - od_flow.py:188 - 任务 5 分配给 AGV 7
[2026-05-19 22:24:20,348] INFO - task_allocator.py:319 - 分配任务 5 → AGV 7 (距离 48)
[2026-05-19 22:24:20,348] INFO - agv_controller.py:164 - AGV 6: 任务4 前往取货点 (0, 12)
[2026-05-19 22:24:20,349] INFO - agv_controller.py:164 - AGV 7: 任务5 前往取货点 (0, 7)
[2026-05-19 22:24:20,352] INFO - main.py:190 - 步数 8: 已完成 0 个任务, AGV: 空闲2 移动中6 装卸0
[2026-05-19 22:24:20,451] INFO - main.py:190 - 步数 9: 已完成 0 个任务, AGV: 空闲2 移动中6 装卸0
[2026-05-19 22:24:20,551] INFO - main.py:190 - 步数 10: 已完成 0 个任务, AGV: 空闲2 移动中6 装卸0
[2026-05-19 22:24:20,852] INFO - agv_controller.py:382 - AGV 2: 已取货，前往送货点 (24, 4)
[2026-05-19 22:24:21,050] INFO - task_allocator.py:244 - 生成任务 6: 取货 (0, 12) → 送货 (24, 44)
[2026-05-19 22:24:21,050] INFO - od_flow.py:188 - 任务 6 分配给 AGV 5
[2026-05-19 22:24:21,051] INFO - task_allocator.py:319 - 分配任务 6 → AGV 5 (距离 54)
[2026-05-19 22:24:21,051] INFO - agv_controller.py:164 - AGV 5: 任务6 前往取货点 (0, 12)
[2026-05-19 22:24:21,452] INFO - task_allocator.py:244 - 生成任务 7: 取货 (0, 37) → 送货 (25, 40)
[2026-05-19 22:24:21,452] INFO - od_flow.py:188 - 任务 7 分配给 AGV 4
[2026-05-19 22:24:21,453] INFO - task_allocator.py:319 - 分配任务 7 → AGV 4 (距离 82)
[2026-05-19 22:24:21,453] INFO - agv_controller.py:164 - AGV 4: 任务7 前往取货点 (0, 37)
[2026-05-19 22:24:21,457] WARNING - mapf_planner.py:292 - AGV 4: 无法找到路径 (47, 2) → (0, 37)
[2026-05-19 22:24:21,656] WARNING - mapf_planner.py:292 - AGV 4: 无法找到路径 (47, 3) → (0, 37)
[2026-05-19 22:24:21,756] WARNING - mapf_planner.py:292 - AGV 4: 无法找到路径 (47, 3) → (0, 37)
[2026-05-19 22:24:21,853] INFO - task_allocator.py:244 - 生成任务 8: 取货 (49, 47) → 送货 (24, 20)
[2026-05-19 22:24:22,053] INFO - task_allocator.py:244 - 生成任务 9: 取货 (49, 37) → 送货 (25, 8)
[2026-05-19 22:24:22,053] INFO - task_allocator.py:244 - 生成任务 10: 取货 (49, 37) → 送货 (25, 24)
[2026-05-19 22:24:22,054] INFO - task_allocator.py:244 - 生成任务 11: 取货 (0, 37) → 送货 (25, 16)
[2026-05-19 22:24:22,057] WARNING - mapf_planner.py:292 - AGV 4: 无法找到路径 (47, 5) → (0, 37)
[2026-05-19 22:24:22,160] INFO - agv_controller.py:382 - AGV 3: 已取货，前往送货点 (25, 48)
[2026-05-19 22:24:22,261] WARNING - mapf_planner.py:292 - AGV 4: 无法找到路径 (47, 6) → (0, 37)
[2026-05-19 22:24:22,361] WARNING - mapf_planner.py:292 - AGV 4: 无法找到路径 (47, 6) → (0, 37)
[2026-05-19 22:24:22,461] WARNING - mapf_planner.py:292 - AGV 4: 无法找到路径 (47, 6) → (0, 37)
[2026-05-19 22:24:22,762] WARNING - mapf_planner.py:292 - AGV 4: 无法找到路径 (47, 8) → (0, 37)
[2026-05-19 22:24:22,863] WARNING - mapf_planner.py:292 - AGV 4: 无法找到路径 (47, 8) → (0, 37)
[2026-05-19 22:24:22,962] WARNING - mapf_planner.py:292 - AGV 4: 无法找到路径 (47, 8) → (0, 37)
[2026-05-19 22:24:23,062] WARNING - mapf_planner.py:292 - AGV 4: 无法找到路径 (47, 8) → (0, 37)
[2026-05-19 22:24:23,365] WARNING - mapf_planner.py:292 - AGV 4: 无法找到路径 (47, 10) → (0, 37)
[2026-05-19 22:24:23,666] WARNING - mapf_planner.py:292 - AGV 4: 无法找到路径 (46, 11) → (0, 37)
[2026-05-19 22:24:23,667] INFO - agv_controller.py:382 - AGV 1: 已取货，前往送货点 (24, 36)
[2026-05-19 22:24:23,766] WARNING - mapf_planner.py:292 - AGV 4: 无法找到路径 (46, 11) → (0, 37)
[2026-05-19 22:24:23,866] WARNING - mapf_planner.py:292 - AGV 4: 无法找到路径 (46, 11) → (0, 37)
[2026-05-19 22:24:23,867] INFO - agv_controller.py:382 - AGV 0: 已取货，前往送货点 (24, 28)
[2026-05-19 22:24:23,967] WARNING - mapf_planner.py:292 - AGV 4: 无法找到路径 (46, 11) → (0, 37)
[2026-05-19 22:24:24,268] WARNING - mapf_planner.py:292 - AGV 4: 无法找到路径 (45, 12) → (0, 37)
[2026-05-19 22:24:24,669] WARNING - mapf_planner.py:292 - AGV 4: 无法找到路径 (44, 14) → (0, 37)
[2026-05-19 22:24:24,669] INFO - agv_controller.py:394 - AGV 2: 任务 0 完成！
[2026-05-19 22:24:24,670] INFO - od_flow.py:243 - 任务 0 已完成
[2026-05-19 22:24:24,765] INFO - od_flow.py:188 - 任务 8 分配给 AGV 2
[2026-05-19 22:24:24,765] INFO - task_allocator.py:319 - 分配任务 8 → AGV 2 (距离 86)
[2026-05-19 22:24:24,765] INFO - agv_controller.py:164 - AGV 2: 任务8 前往取货点 (49, 47)
[2026-05-19 22:24:24,972] WARNING - mapf_planner.py:292 - AGV 4: 无法找到路径 (42, 14) → (0, 37)
[2026-05-19 22:24:25,066] INFO - task_allocator.py:244 - 生成任务 12: 取货 (49, 7) → 送货 (24, 4)
[2026-05-19 22:24:25,070] WARNING - mapf_planner.py:292 - AGV 2: 无法找到路径 (26, 5) → (49, 47)
[2026-05-19 22:24:25,171] INFO - agv_controller.py:382 - AGV 7: 已取货，前往送货点 (24, 12)
[2026-05-19 22:24:25,471] WARNING - mapf_planner.py:292 - AGV 2: 无法找到路径 (27, 7) → (49, 47)
[2026-05-19 22:24:25,474] INFO - agv_controller.py:382 - AGV 6: 已取货，前往送货点 (25, 32)
[2026-05-19 22:24:25,773] WARNING - mapf_planner.py:292 - AGV 2: 无法找到路径 (27, 9) → (49, 47)
[2026-05-19 22:24:26,478] INFO - agv_controller.py:382 - AGV 5: 已取货，前往送货点 (24, 44)
[2026-05-19 22:24:26,681] WARNING - mapf_planner.py:292 - AGV 5: 无法找到路径 (0, 13) → (24, 44)
[2026-05-19 22:24:26,784] INFO - agv_controller.py:394 - AGV 1: 任务 1 完成！
[2026-05-19 22:24:26,784] INFO - od_flow.py:243 - 任务 1 已完成
[2026-05-19 22:24:26,875] INFO - task_allocator.py:244 - 生成任务 13: 取货 (0, 17) → 送货 (24, 36)
[2026-05-19 22:24:26,875] INFO - od_flow.py:188 - 任务 9 分配给 AGV 1
[2026-05-19 22:24:26,876] INFO - task_allocator.py:319 - 分配任务 9 → AGV 1 (距离 79)
[2026-05-19 22:24:26,876] INFO - agv_controller.py:164 - AGV 1: 任务9 前往取货点 (49, 37)
[2026-05-19 22:24:26,879] WARNING - mapf_planner.py:292 - AGV 2: 无法找到路径 (33, 13) → (49, 47)
[2026-05-19 22:24:27,282] WARNING - mapf_planner.py:292 - AGV 5: 无法找到路径 (2, 16) → (24, 44)
[2026-05-19 22:24:27,283] INFO - agv_controller.py:394 - AGV 0: 任务 2 完成！
[2026-05-19 22:24:27,283] INFO - od_flow.py:243 - 任务 2 已完成
[2026-05-19 22:24:27,376] INFO - od_flow.py:188 - 任务 10 分配给 AGV 0
[2026-05-19 22:24:27,377] INFO - task_allocator.py:319 - 分配任务 10 → AGV 0 (距离 82)
[2026-05-19 22:24:27,377] INFO - agv_controller.py:164 - AGV 0: 任务10 前往取货点 (49, 37)
[2026-05-19 22:24:27,477] INFO - task_allocator.py:244 - 生成任务 14: 取货 (49, 37) → 送货 (24, 28)
[2026-05-19 22:24:27,483] WARNING - mapf_planner.py:292 - AGV 5: 无法找到路径 (2, 17) → (24, 44)
[2026-05-19 22:24:27,886] INFO - agv_controller.py:394 - AGV 3: 任务 3 完成！
[2026-05-19 22:24:27,886] INFO - od_flow.py:243 - 任务 3 已完成
[2026-05-19 22:24:27,981] INFO - od_flow.py:188 - 任务 11 分配给 AGV 3
[2026-05-19 22:24:27,981] INFO - task_allocator.py:319 - 分配任务 11 → AGV 3 (距离 39)
[2026-05-19 22:24:27,981] INFO - agv_controller.py:164 - AGV 3: 任务11 前往取货点 (0, 37)
[2026-05-19 22:24:28,181] INFO - task_allocator.py:244 - 生成任务 15: 取货 (0, 37) → 送货 (25, 48)
[2026-05-19 22:24:28,198] INFO - agv_controller.py:394 - AGV 7: 任务 5 完成！
[2026-05-19 22:24:28,199] INFO - od_flow.py:243 - 任务 5 已完成
[2026-05-19 22:24:28,281] INFO - od_flow.py:188 - 任务 12 分配给 AGV 7
[2026-05-19 22:24:28,281] INFO - task_allocator.py:319 - 分配任务 12 → AGV 7 (距离 9)
[2026-05-19 22:24:28,281] INFO - agv_controller.py:164 - AGV 7: 任务12 前往取货点 (49, 7)
[2026-05-19 22:24:28,782] INFO - task_allocator.py:244 - 生成任务 16: 取货 (0, 37) → 送货 (24, 12)
[2026-05-19 22:24:29,495] INFO - agv_controller.py:382 - AGV 1: 已取货，前往送货点 (25, 8)
[2026-05-19 22:24:29,652] WARNING - mapf_planner.py:292 - AGV 1: 无法找到路径 (49, 37) → (25, 8)
[2026-05-19 22:24:29,659] INFO - main.py:190 - 步数 100: 已完成 5 个任务, AGV: 空闲0 移动中8 装卸0
[2026-05-19 22:24:30,092] INFO - agv_controller.py:394 - AGV 6: 任务 4 完成！
[2026-05-19 22:24:30,093] INFO - od_flow.py:243 - 任务 4 已完成
[2026-05-19 22:24:30,189] INFO - task_allocator.py:244 - 生成任务 17: 取货 (49, 7) → 送货 (25, 32)
[2026-05-19 22:24:30,189] INFO - od_flow.py:188 - 任务 13 分配给 AGV 6
[2026-05-19 22:24:30,189] INFO - task_allocator.py:319 - 分配任务 13 → AGV 6 (距离 56)
[2026-05-19 22:24:30,190] INFO - agv_controller.py:164 - AGV 6: 任务13 前往取货点 (0, 17)
[2026-05-19 22:24:30,796] INFO - agv_controller.py:382 - AGV 0: 已取货，前往送货点 (25, 24)
[2026-05-19 22:24:31,299] INFO - agv_controller.py:382 - AGV 7: 已取货，前往送货点 (24, 4)
[2026-05-19 22:24:31,599] INFO - agv_controller.py:382 - AGV 3: 已取货，前往送货点 (25, 16)
[2026-05-19 22:24:31,904] INFO - agv_controller.py:382 - AGV 4: 已取货，前往送货点 (25, 40)
[2026-05-19 22:24:32,005] INFO - agv_controller.py:382 - AGV 2: 已取货，前往送货点 (24, 20)
[2026-05-19 22:24:32,206] WARNING - mapf_planner.py:292 - AGV 2: 无法找到路径 (49, 46) → (24, 20)
[2026-05-19 22:24:32,503] INFO - agv_controller.py:394 - AGV 5: 任务 6 完成！
[2026-05-19 22:24:32,504] INFO - od_flow.py:243 - 任务 6 已完成
[2026-05-19 22:24:32,601] INFO - od_flow.py:188 - 任务 14 分配给 AGV 5
[2026-05-19 22:24:32,601] INFO - task_allocator.py:319 - 分配任务 14 → AGV 5 (距离 34)
[2026-05-19 22:24:32,601] INFO - agv_controller.py:164 - AGV 5: 任务14 前往取货点 (49, 37)
[2026-05-19 22:24:32,606] WARNING - mapf_planner.py:292 - AGV 2: 无法找到路径 (48, 44) → (24, 20)
[2026-05-19 22:24:32,701] INFO - task_allocator.py:244 - 生成任务 18: 取货 (49, 37) → 送货 (24, 44)
[2026-05-19 22:24:34,212] INFO - agv_controller.py:382 - AGV 6: 已取货，前往送货点 (24, 36)
[2026-05-19 22:24:34,213] INFO - agv_controller.py:394 - AGV 7: 任务 12 完成！
[2026-05-19 22:24:34,213] INFO - od_flow.py:243 - 任务 12 已完成
[2026-05-19 22:24:34,309] INFO - od_flow.py:188 - 任务 15 分配给 AGV 7
[2026-05-19 22:24:34,309] INFO - task_allocator.py:319 - 分配任务 15 → AGV 7 (距离 78)
[2026-05-19 22:24:34,309] INFO - agv_controller.py:164 - AGV 7: 任务15 前往取货点 (0, 37)
[2026-05-19 22:24:34,409] INFO - task_allocator.py:244 - 生成任务 19: 取货 (0, 32) → 送货 (24, 4)
[2026-05-19 22:24:34,818] INFO - agv_controller.py:394 - AGV 4: 任务 7 完成！
[2026-05-19 22:24:34,818] INFO - od_flow.py:243 - 任务 7 已完成
[2026-05-19 22:24:34,914] INFO - od_flow.py:188 - 任务 16 分配给 AGV 4
[2026-05-19 22:24:34,914] INFO - task_allocator.py:319 - 分配任务 16 → AGV 4 (距离 82)
[2026-05-19 22:24:34,914] INFO - agv_controller.py:164 - AGV 4: 任务16 前往取货点 (0, 37)
[2026-05-19 22:24:34,918] INFO - agv_controller.py:394 - AGV 0: 任务 10 完成！
[2026-05-19 22:24:34,918] INFO - od_flow.py:243 - 任务 10 已完成
[2026-05-19 22:24:35,014] INFO - od_flow.py:188 - 任务 17 分配给 AGV 0
[2026-05-19 22:24:35,015] INFO - task_allocator.py:319 - 分配任务 17 → AGV 0 (距离 52)
[2026-05-19 22:24:35,015] INFO - agv_controller.py:164 - AGV 0: 任务17 前往取货点 (49, 7)
[2026-05-19 22:24:35,022] WARNING - mapf_planner.py:292 - AGV 7: 无法找到路径 (21, 8) → (0, 37)
[2026-05-19 22:24:35,022] INFO - agv_controller.py:394 - AGV 1: 任务 9 完成！
[2026-05-19 22:24:35,022] INFO - od_flow.py:243 - 任务 9 已完成
[2026-05-19 22:24:35,115] INFO - task_allocator.py:244 - 生成任务 20: 取货 (49, 27) → 送货 (25, 24)
[2026-05-19 22:24:35,116] INFO - od_flow.py:188 - 任务 18 分配给 AGV 1
[2026-05-19 22:24:35,116] INFO - task_allocator.py:319 - 分配任务 18 → AGV 1 (距离 79)
[2026-05-19 22:24:35,116] INFO - agv_controller.py:164 - AGV 1: 任务18 前往取货点 (49, 37)
[2026-05-19 22:24:35,216] INFO - task_allocator.py:244 - 生成任务 21: 取货 (49, 22) → 送货 (25, 8)
[2026-05-19 22:24:35,316] INFO - task_allocator.py:244 - 生成任务 22: 取货 (0, 42) → 送货 (25, 40)
[2026-05-19 22:24:35,321] WARNING - mapf_planner.py:292 - AGV 1: 无法找到路径 (26, 9) → (49, 37)
[2026-05-19 22:24:35,523] WARNING - mapf_planner.py:292 - AGV 1: 无法找到路径 (26, 10) → (49, 37)
[2026-05-19 22:24:35,826] INFO - agv_controller.py:382 - AGV 5: 已取货，前往送货点 (24, 28)
[2026-05-19 22:24:36,324] INFO - agv_controller.py:394 - AGV 3: 任务 11 完成！
[2026-05-19 22:24:36,325] INFO - od_flow.py:243 - 任务 11 已完成
[2026-05-19 22:24:36,421] INFO - od_flow.py:188 - 任务 19 分配给 AGV 3
[2026-05-19 22:24:36,421] INFO - task_allocator.py:319 - 分配任务 19 → AGV 3 (距离 34)
[2026-05-19 22:24:36,421] INFO - agv_controller.py:164 - AGV 3: 任务19 前往取货点 (0, 32)
[2026-05-19 22:24:36,522] INFO - task_allocator.py:244 - 生成任务 23: 取货 (0, 37) → 送货 (25, 16)
[2026-05-19 22:24:37,531] INFO - agv_controller.py:394 - AGV 2: 任务 8 完成！
[2026-05-19 22:24:37,532] INFO - od_flow.py:243 - 任务 8 已完成
[2026-05-19 22:24:37,629] INFO - task_allocator.py:244 - 生成任务 24: 取货 (0, 12) → 送货 (24, 20)
[2026-05-19 22:24:37,629] INFO - od_flow.py:188 - 任务 20 分配给 AGV 2
[2026-05-19 22:24:37,629] INFO - task_allocator.py:319 - 分配任务 20 → AGV 2 (距离 66)
[2026-05-19 22:24:37,630] INFO - agv_controller.py:164 - AGV 2: 任务20 前往取货点 (49, 27)
[2026-05-19 22:24:37,735] INFO - agv_controller.py:382 - AGV 4: 已取货，前往送货点 (24, 12)
[2026-05-19 22:24:37,836] WARNING - mapf_planner.py:292 - AGV 4: 无法找到路径 (0, 37) → (24, 12)
[2026-05-19 22:24:38,638] INFO - agv_controller.py:394 - AGV 6: 任务 13 完成！
[2026-05-19 22:24:38,638] INFO - od_flow.py:243 - 任务 13 已完成
[2026-05-19 22:24:38,734] INFO - od_flow.py:188 - 任务 21 分配给 AGV 6
[2026-05-19 22:24:38,734] INFO - task_allocator.py:319 - 分配任务 21 → AGV 6 (距离 16)
[2026-05-19 22:24:38,734] INFO - agv_controller.py:164 - AGV 6: 任务21 前往取货点 (49, 22)
[2026-05-19 22:24:39,136] INFO - task_allocator.py:244 - 生成任务 25: 取货 (49, 32) → 送货 (24, 36)
[2026-05-19 22:24:39,140] INFO - agv_controller.py:382 - AGV 0: 已取货，前往送货点 (25, 32)
[2026-05-19 22:24:39,541] WARNING - mapf_planner.py:292 - AGV 0: 无法找到路径 (48, 9) → (25, 32)
[2026-05-19 22:24:39,544] INFO - agv_controller.py:394 - AGV 5: 任务 14 完成！
[2026-05-19 22:24:39,544] INFO - od_flow.py:243 - 任务 14 已完成
[2026-05-19 22:24:39,638] INFO - od_flow.py:188 - 任务 22 分配给 AGV 5
[2026-05-19 22:24:39,638] INFO - task_allocator.py:319 - 分配任务 22 → AGV 5 (距离 84)
[2026-05-19 22:24:39,639] INFO - agv_controller.py:164 - AGV 5: 任务22 前往取货点 (0, 42)
[2026-05-19 22:24:39,644] INFO - main.py:190 - 步数 200: 已完成 15 个任务, AGV: 空闲0 移动中8 装卸0
[2026-05-19 22:24:39,939] INFO - task_allocator.py:244 - 生成任务 26: 取货 (0, 17) → 送货 (24, 28)
[2026-05-19 22:24:40,144] INFO - agv_controller.py:382 - AGV 7: 已取货，前往送货点 (25, 48)
[2026-05-19 22:24:40,549] INFO - agv_controller.py:382 - AGV 3: 已取货，前往送货点 (24, 4)
[2026-05-19 22:24:40,649] INFO - agv_controller.py:382 - AGV 1: 已取货，前往送货点 (24, 44)
[2026-05-19 22:24:40,853] INFO - agv_controller.py:382 - AGV 2: 已取货，前往送货点 (25, 24)
[2026-05-19 22:24:41,353] WARNING - mapf_planner.py:292 - AGV 1: 无法找到路径 (45, 39) → (24, 44)
[2026-05-19 22:24:41,451] WARNING - mapf_planner.py:292 - AGV 1: 无法找到路径 (46, 39) → (24, 44)
[2026-05-19 22:24:42,158] WARNING - mapf_planner.py:292 - AGV 5: 无法找到路径 (9, 38) → (0, 42)
[2026-05-19 22:24:42,459] WARNING - mapf_planner.py:292 - AGV 5: 无法找到路径 (8, 39) → (0, 42)
[2026-05-19 22:24:42,561] WARNING - mapf_planner.py:292 - AGV 5: 无法找到路径 (7, 39) → (0, 42)
[2026-05-19 22:24:42,661] INFO - agv_controller.py:382 - AGV 6: 已取货，前往送货点 (25, 8)
[2026-05-19 22:24:42,861] INFO - agv_controller.py:394 - AGV 4: 任务 16 完成！
[2026-05-19 22:24:42,861] INFO - od_flow.py:243 - 任务 16 已完成
[2026-05-19 22:24:42,961] INFO - od_flow.py:188 - 任务 23 分配给 AGV 4
[2026-05-19 22:24:42,961] INFO - task_allocator.py:319 - 分配任务 23 → AGV 4 (距离 82)
[2026-05-19 22:24:42,961] INFO - agv_controller.py:164 - AGV 4: 任务23 前往取货点 (0, 37)
[2026-05-19 22:24:43,062] INFO - task_allocator.py:244 - 生成任务 27: 取货 (49, 32) → 送货 (24, 12)
[2026-05-19 22:24:43,666] INFO - agv_controller.py:394 - AGV 2: 任务 20 完成！
[2026-05-19 22:24:43,667] INFO - od_flow.py:243 - 任务 20 已完成
[2026-05-19 22:24:43,667] INFO - agv_controller.py:382 - AGV 5: 已取货，前往送货点 (25, 40)
[2026-05-19 22:24:43,765] INFO - task_allocator.py:244 - 生成任务 28: 取货 (49, 47) → 送货 (25, 24)
[2026-05-19 22:24:43,765] INFO - od_flow.py:188 - 任务 24 分配给 AGV 2
[2026-05-19 22:24:43,766] INFO - task_allocator.py:319 - 分配任务 24 → AGV 2 (距离 6)
[2026-05-19 22:24:43,766] INFO - agv_controller.py:164 - AGV 2: 任务24 前往取货点 (0, 12)
[2026-05-19 22:24:43,869] INFO - agv_controller.py:394 - AGV 7: 任务 15 完成！
[2026-05-19 22:24:43,869] INFO - od_flow.py:243 - 任务 15 已完成
[2026-05-19 22:24:43,966] INFO - task_allocator.py:244 - 生成任务 29: 取货 (0, 22) → 送货 (25, 48)
[2026-05-19 22:24:43,966] INFO - od_flow.py:188 - 任务 25 分配给 AGV 7
[2026-05-19 22:24:43,966] INFO - task_allocator.py:319 - 分配任务 25 → AGV 7 (距离 34)
[2026-05-19 22:24:43,966] INFO - agv_controller.py:164 - AGV 7: 任务25 前往取货点 (49, 32)
[2026-05-19 22:24:44,169] INFO - agv_controller.py:394 - AGV 1: 任务 18 完成！
[2026-05-19 22:24:44,170] INFO - od_flow.py:243 - 任务 18 已完成
[2026-05-19 22:24:44,266] INFO - od_flow.py:188 - 任务 26 分配给 AGV 1
[2026-05-19 22:24:44,266] INFO - task_allocator.py:319 - 分配任务 26 → AGV 1 (距离 14)
[2026-05-19 22:24:44,266] INFO - agv_controller.py:164 - AGV 1: 任务26 前往取货点 (0, 17)
[2026-05-19 22:24:44,274] INFO - agv_controller.py:394 - AGV 0: 任务 17 完成！
[2026-05-19 22:24:44,274] INFO - od_flow.py:243 - 任务 17 已完成
[2026-05-19 22:24:44,366] INFO - task_allocator.py:244 - 生成任务 30: 取货 (49, 37) → 送货 (24, 44)
[2026-05-19 22:24:44,367] INFO - od_flow.py:188 - 任务 27 分配给 AGV 0
[2026-05-19 22:24:44,367] INFO - task_allocator.py:319 - 分配任务 27 → AGV 0 (距离 77)
[2026-05-19 22:24:44,367] INFO - agv_controller.py:164 - AGV 0: 任务27 前往取货点 (49, 32)
[2026-05-19 22:24:44,467] INFO - task_allocator.py:244 - 生成任务 31: 取货 (49, 47) → 送货 (25, 32)
[2026-05-19 22:24:45,881] INFO - agv_controller.py:394 - AGV 3: 任务 19 完成！
[2026-05-19 22:24:45,881] INFO - od_flow.py:243 - 任务 19 已完成
[2026-05-19 22:24:45,977] INFO - task_allocator.py:244 - 生成任务 32: 取货 (49, 42) → 送货 (24, 4)
[2026-05-19 22:24:45,978] INFO - od_flow.py:188 - 任务 28 分配给 AGV 3
[2026-05-19 22:24:45,978] INFO - task_allocator.py:319 - 分配任务 28 → AGV 3 (距离 88)
[2026-05-19 22:24:45,978] INFO - agv_controller.py:164 - AGV 3: 任务28 前往取货点 (49, 47)
[2026-05-19 22:24:45,982] WARNING - mapf_planner.py:292 - AGV 3: 无法找到路径 (24, 4) → (49, 47)
[2026-05-19 22:24:46,386] WARNING - mapf_planner.py:292 - AGV 3: 无法找到路径 (27, 4) → (49, 47)
[2026-05-19 22:24:46,485] INFO - agv_controller.py:394 - AGV 5: 任务 22 完成！
[2026-05-19 22:24:46,485] INFO - od_flow.py:243 - 任务 22 已完成
[2026-05-19 22:24:46,581] INFO - task_allocator.py:244 - 生成任务 33: 取货 (0, 22) → 送货 (25, 40)
[2026-05-19 22:24:46,582] INFO - od_flow.py:188 - 任务 29 分配给 AGV 5
[2026-05-19 22:24:46,582] INFO - task_allocator.py:319 - 分配任务 29 → AGV 5 (距离 64)
[2026-05-19 22:24:46,582] INFO - agv_controller.py:164 - AGV 5: 任务29 前往取货点 (0, 22)
[2026-05-19 22:24:46,587] INFO - agv_controller.py:394 - AGV 6: 任务 21 完成！
[2026-05-19 22:24:46,587] INFO - od_flow.py:243 - 任务 21 已完成
[2026-05-19 22:24:46,681] INFO - task_allocator.py:244 - 生成任务 34: 取货 (49, 27) → 送货 (25, 8)
[2026-05-19 22:24:46,681] INFO - od_flow.py:188 - 任务 30 分配给 AGV 6
[2026-05-19 22:24:46,681] INFO - task_allocator.py:319 - 分配任务 30 → AGV 6 (距离 31)
[2026-05-19 22:24:46,682] INFO - agv_controller.py:164 - AGV 6: 任务30 前往取货点 (49, 37)
[2026-05-19 22:24:46,690] WARNING - mapf_planner.py:292 - AGV 6: 无法找到路径 (25, 8) → (49, 37)
[2026-05-19 22:24:46,786] WARNING - mapf_planner.py:292 - AGV 3: 无法找到路径 (29, 5) → (49, 47)
[2026-05-19 22:24:46,788] INFO - agv_controller.py:382 - AGV 0: 已取货，前往送货点 (24, 12)
[2026-05-19 22:24:47,195] WARNING - mapf_planner.py:375 - CBS达到最大迭代次数 100，返回最佳解
[2026-05-19 22:24:47,204] WARNING - mapf_planner.py:292 - AGV 3: 无法找到路径 (30, 5) → (49, 47)
[2026-05-19 22:24:47,709] INFO - agv_controller.py:382 - AGV 2: 已取货，前往送货点 (24, 20)
[2026-05-19 22:24:48,111] INFO - agv_controller.py:382 - AGV 4: 已取货，前往送货点 (25, 16)
[2026-05-19 22:24:48,214] INFO - agv_controller.py:382 - AGV 7: 已取货，前往送货点 (24, 36)
[2026-05-19 22:24:49,512] WARNING - mapf_planner.py:292 - AGV 2: 无法找到路径 (12, 17) → (24, 20)
[2026-05-19 22:24:49,616] INFO - agv_controller.py:382 - AGV 1: 已取货，前往送货点 (24, 28)
[2026-05-19 22:24:49,919] INFO - main.py:190 - 步数 300: 已完成 23 个任务, AGV: 空闲0 移动中8 装卸0
[2026-05-19 22:24:51,122] INFO - agv_controller.py:394 - AGV 2: 任务 24 完成！
[2026-05-19 22:24:51,123] INFO - od_flow.py:243 - 任务 24 已完成
[2026-05-19 22:24:51,123] INFO - agv_controller.py:382 - AGV 5: 已取货，前往送货点 (25, 48)
[2026-05-19 22:24:51,222] INFO - task_allocator.py:244 - 生成任务 35: 取货 (49, 37) → 送货 (24, 20)
[2026-05-19 22:24:51,222] INFO - od_flow.py:188 - 任务 31 分配给 AGV 2
[2026-05-19 22:24:51,222] INFO - task_allocator.py:319 - 分配任务 31 → AGV 2 (距离 86)
[2026-05-19 22:24:51,223] INFO - agv_controller.py:164 - AGV 2: 任务31 前往取货点 (49, 47)
[2026-05-19 22:24:51,227] WARNING - mapf_planner.py:292 - AGV 2: 无法找到路径 (24, 20) → (49, 47)
[2026-05-19 22:24:51,228] INFO - agv_controller.py:394 - AGV 7: 任务 25 完成！
[2026-05-19 22:24:51,228] INFO - od_flow.py:243 - 任务 25 已完成
[2026-05-19 22:24:51,324] INFO - task_allocator.py:244 - 生成任务 36: 取货 (49, 42) → 送货 (24, 36)
[2026-05-19 22:24:51,324] INFO - od_flow.py:188 - 任务 32 分配给 AGV 7
[2026-05-19 22:24:51,324] INFO - task_allocator.py:319 - 分配任务 32 → AGV 7 (距离 44)
[2026-05-19 22:24:51,325] INFO - agv_controller.py:164 - AGV 7: 任务32 前往取货点 (49, 42)
[2026-05-19 22:24:51,529] WARNING - mapf_planner.py:292 - AGV 2: 无法找到路径 (25, 21) → (49, 47)
[2026-05-19 22:24:51,629] INFO - agv_controller.py:394 - AGV 0: 任务 27 完成！
[2026-05-19 22:24:51,630] INFO - od_flow.py:243 - 任务 27 已完成
[2026-05-19 22:24:51,726] INFO - od_flow.py:188 - 任务 33 分配给 AGV 0
[2026-05-19 22:24:51,726] INFO - task_allocator.py:319 - 分配任务 33 → AGV 0 (距离 22)
[2026-05-19 22:24:51,726] INFO - agv_controller.py:164 - AGV 0: 任务33 前往取货点 (0, 22)
[2026-05-19 22:24:51,826] INFO - task_allocator.py:244 - 生成任务 37: 取货 (0, 37) → 送货 (24, 12)
[2026-05-19 22:24:51,929] WARNING - mapf_planner.py:292 - AGV 3: 无法找到路径 (47, 34) → (49, 47)
[2026-05-19 22:24:52,334] INFO - agv_controller.py:382 - AGV 6: 已取货，前往送货点 (24, 44)
[2026-05-19 22:24:52,837] INFO - agv_controller.py:394 - AGV 4: 任务 23 完成！
[2026-05-19 22:24:52,837] INFO - od_flow.py:243 - 任务 23 已完成
[2026-05-19 22:24:52,931] INFO - od_flow.py:188 - 任务 34 分配给 AGV 4
[2026-05-19 22:24:52,931] INFO - task_allocator.py:319 - 分配任务 34 → AGV 4 (距离 27)
[2026-05-19 22:24:52,931] INFO - agv_controller.py:164 - AGV 4: 任务34 前往取货点 (49, 27)
[2026-05-19 22:24:53,132] INFO - task_allocator.py:244 - 生成任务 38: 取货 (49, 27) → 送货 (25, 16)
[2026-05-19 22:24:53,235] INFO - agv_controller.py:394 - AGV 1: 任务 26 完成！
[2026-05-19 22:24:53,236] INFO - od_flow.py:243 - 任务 26 已完成
[2026-05-19 22:24:53,332] INFO - task_allocator.py:244 - 生成任务 39: 取货 (49, 42) → 送货 (24, 28)
[2026-05-19 22:24:53,333] INFO - od_flow.py:188 - 任务 35 分配给 AGV 1
[2026-05-19 22:24:53,333] INFO - task_allocator.py:319 - 分配任务 35 → AGV 1 (距离 79)
[2026-05-19 22:24:53,334] INFO - agv_controller.py:164 - AGV 1: 任务35 前往取货点 (49, 37)
[2026-05-19 22:24:53,938] INFO - agv_controller.py:382 - AGV 3: 已取货，前往送货点 (25, 24)
[2026-05-19 22:24:54,445] INFO - agv_controller.py:382 - AGV 7: 已取货，前往送货点 (24, 4)
[2026-05-19 22:24:54,546] WARNING - mapf_planner.py:292 - AGV 7: 无法找到路径 (49, 42) → (24, 4)
[2026-05-19 22:24:54,645] WARNING - mapf_planner.py:292 - AGV 7: 无法找到路径 (49, 42) → (24, 4)
[2026-05-19 22:24:54,745] WARNING - mapf_planner.py:292 - AGV 7: 无法找到路径 (49, 42) → (24, 4)
[2026-05-19 22:24:54,840] WARNING - mapf_planner.py:292 - AGV 2: 无法找到路径 (41, 37) → (49, 47)
[2026-05-19 22:24:54,945] WARNING - mapf_planner.py:292 - AGV 7: 无法找到路径 (49, 41) → (24, 4)
[2026-05-19 22:24:55,047] WARNING - mapf_planner.py:292 - AGV 7: 无法找到路径 (49, 41) → (24, 4)
[2026-05-19 22:24:55,147] INFO - agv_controller.py:382 - AGV 0: 已取货，前往送货点 (25, 40)
[2026-05-19 22:24:55,649] INFO - agv_controller.py:394 - AGV 6: 任务 30 完成！
[2026-05-19 22:24:55,650] INFO - od_flow.py:243 - 任务 30 已完成
[2026-05-19 22:24:55,744] INFO - task_allocator.py:244 - 生成任务 40: 取货 (49, 22) → 送货 (24, 44)
[2026-05-19 22:24:55,744] INFO - od_flow.py:188 - 任务 36 分配给 AGV 6
[2026-05-19 22:24:55,744] INFO - task_allocator.py:319 - 分配任务 36 → AGV 6 (距离 36)
[2026-05-19 22:24:55,745] INFO - agv_controller.py:164 - AGV 6: 任务36 前往取货点 (49, 42)
[2026-05-19 22:24:55,851] WARNING - mapf_planner.py:292 - AGV 7: 无法找到路径 (46, 37) → (24, 4)
[2026-05-19 22:24:56,351] INFO - agv_controller.py:394 - AGV 5: 任务 29 完成！
[2026-05-19 22:24:56,352] INFO - od_flow.py:243 - 任务 29 已完成
[2026-05-19 22:24:56,447] INFO - task_allocator.py:244 - 生成任务 41: 取货 (49, 22) → 送货 (25, 48)
[2026-05-19 22:24:56,447] INFO - od_flow.py:188 - 任务 37 分配给 AGV 5
[2026-05-19 22:24:56,448] INFO - task_allocator.py:319 - 分配任务 37 → AGV 5 (距离 79)
[2026-05-19 22:24:56,448] INFO - agv_controller.py:164 - AGV 5: 任务37 前往取货点 (0, 37)
[2026-05-19 22:24:56,451] INFO - agv_controller.py:382 - AGV 4: 已取货，前往送货点 (25, 8)
[2026-05-19 22:24:56,754] WARNING - mapf_planner.py:292 - AGV 7: 无法找到路径 (44, 31) → (24, 4)
[2026-05-19 22:24:56,755] INFO - agv_controller.py:382 - AGV 1: 已取货，前往送货点 (24, 20)
[2026-05-19 22:24:56,856] INFO - agv_controller.py:382 - AGV 2: 已取货，前往送货点 (25, 32)
[2026-05-19 22:24:58,460] INFO - agv_controller.py:382 - AGV 6: 已取货，前往送货点 (24, 36)
[2026-05-19 22:24:58,660] WARNING - mapf_planner.py:292 - AGV 6: 无法找到路径 (48, 42) → (24, 36)
[2026-05-19 22:24:58,764] INFO - agv_controller.py:394 - AGV 3: 任务 28 完成！
[2026-05-19 22:24:58,764] INFO - od_flow.py:243 - 任务 28 已完成
[2026-05-19 22:24:58,861] INFO - od_flow.py:188 - 任务 38 分配给 AGV 3
[2026-05-19 22:24:58,861] INFO - task_allocator.py:319 - 分配任务 38 → AGV 3 (距离 68)
[2026-05-19 22:24:58,861] INFO - agv_controller.py:164 - AGV 3: 任务38 前往取货点 (49, 27)
[2026-05-19 22:24:58,961] INFO - task_allocator.py:244 - 生成任务 42: 取货 (0, 37) → 送货 (25, 24)
[2026-05-19 22:24:59,569] INFO - agv_controller.py:394 - AGV 0: 任务 33 完成！
[2026-05-19 22:24:59,569] INFO - od_flow.py:243 - 任务 33 已完成
[2026-05-19 22:24:59,667] INFO - od_flow.py:188 - 任务 39 分配给 AGV 0
[2026-05-19 22:24:59,668] INFO - task_allocator.py:319 - 分配任务 39 → AGV 0 (距离 87)
[2026-05-19 22:24:59,668] INFO - agv_controller.py:164 - AGV 0: 任务39 前往取货点 (49, 42)
[2026-05-19 22:24:59,971] INFO - main.py:190 - 步数 400: 已完成 32 个任务, AGV: 空闲0 移动中8 装卸0
[2026-05-19 22:25:00,070] INFO - agv_controller.py:382 - AGV 5: 已取货，前往送货点 (24, 12)
[2026-05-19 22:25:00,174] WARNING - mapf_planner.py:292 - AGV 5: 无法找到路径 (0, 37) → (24, 12)
[2026-05-19 22:25:00,270] INFO - task_allocator.py:244 - 生成任务 43: 取货 (49, 27) → 送货 (25, 40)
[2026-05-19 22:25:00,876] INFO - agv_controller.py:394 - AGV 2: 任务 31 完成！
[2026-05-19 22:25:00,876] INFO - od_flow.py:243 - 任务 31 已完成
[2026-05-19 22:25:00,876] INFO - agv_controller.py:394 - AGV 4: 任务 34 完成！
[2026-05-19 22:25:00,876] INFO - od_flow.py:243 - 任务 34 已完成
[2026-05-19 22:25:00,974] INFO - od_flow.py:188 - 任务 40 分配给 AGV 4
[2026-05-19 22:25:00,975] INFO - task_allocator.py:319 - 分配任务 40 → AGV 4 (距离 22)
[2026-05-19 22:25:00,975] INFO - od_flow.py:188 - 任务 41 分配给 AGV 2
[2026-05-19 22:25:00,975] INFO - task_allocator.py:319 - 分配任务 41 → AGV 2 (距离 61)
[2026-05-19 22:25:00,976] INFO - agv_controller.py:164 - AGV 4: 任务40 前往取货点 (49, 22)
[2026-05-19 22:25:00,976] INFO - agv_controller.py:164 - AGV 2: 任务41 前往取货点 (49, 22)
[2026-05-19 22:25:01,080] INFO - agv_controller.py:394 - AGV 1: 任务 35 完成！
[2026-05-19 22:25:01,081] INFO - od_flow.py:243 - 任务 35 已完成
[2026-05-19 22:25:01,176] INFO - od_flow.py:188 - 任务 42 分配给 AGV 1
[2026-05-19 22:25:01,176] INFO - task_allocator.py:319 - 分配任务 42 → AGV 1 (距离 34)
[2026-05-19 22:25:01,177] INFO - agv_controller.py:164 - AGV 1: 任务42 前往取货点 (0, 37)
[2026-05-19 22:25:01,277] INFO - task_allocator.py:244 - 生成任务 44: 取货 (49, 12) → 送货 (24, 20)
[2026-05-19 22:25:01,477] INFO - task_allocator.py:244 - 生成任务 45: 取货 (49, 12) → 送货 (25, 32)
[2026-05-19 22:25:01,582] INFO - agv_controller.py:382 - AGV 3: 已取货，前往送货点 (25, 16)
[2026-05-19 22:25:01,582] INFO - agv_controller.py:394 - AGV 7: 任务 32 完成！
[2026-05-19 22:25:01,582] INFO - od_flow.py:243 - 任务 32 已完成
[2026-05-19 22:25:01,678] INFO - task_allocator.py:244 - 生成任务 46: 取货 (49, 22) → 送货 (25, 8)
[2026-05-19 22:25:01,679] INFO - task_allocator.py:244 - 生成任务 47: 取货 (49, 17) → 送货 (24, 4)
[2026-05-19 22:25:01,679] INFO - od_flow.py:188 - 任务 43 分配给 AGV 7
[2026-05-19 22:25:01,679] INFO - task_allocator.py:319 - 分配任务 43 → AGV 7 (距离 29)
[2026-05-19 22:25:01,679] INFO - agv_controller.py:164 - AGV 7: 任务43 前往取货点 (49, 27)
[2026-05-19 22:25:01,685] INFO - agv_controller.py:394 - AGV 6: 任务 36 完成！
[2026-05-19 22:25:01,685] INFO - od_flow.py:243 - 任务 36 已完成
[2026-05-19 22:25:01,779] INFO - od_flow.py:188 - 任务 44 分配给 AGV 6
[2026-05-19 22:25:01,779] INFO - task_allocator.py:319 - 分配任务 44 → AGV 6 (距离 6)
[2026-05-19 22:25:01,780] INFO - agv_controller.py:164 - AGV 6: 任务44 前往取货点 (49, 12)
[2026-05-19 22:25:01,787] WARNING - mapf_planner.py:292 - AGV 7: 无法找到路径 (25, 4) → (49, 27)
[2026-05-19 22:25:02,289] INFO - agv_controller.py:382 - AGV 0: 已取货，前往送货点 (24, 28)
[2026-05-19 22:25:02,983] INFO - task_allocator.py:244 - 生成任务 48: 取货 (0, 22) → 送货 (24, 36)
[2026-05-19 22:25:03,387] WARNING - mapf_planner.py:292 - AGV 1: 无法找到路径 (11, 29) → (0, 37)
[2026-05-19 22:25:04,393] INFO - agv_controller.py:382 - AGV 2: 已取货，前往送货点 (25, 48)
[2026-05-19 22:25:04,794] INFO - agv_controller.py:382 - AGV 4: 已取货，前往送货点 (24, 44)
[2026-05-19 22:25:05,201] INFO - agv_controller.py:394 - AGV 3: 任务 38 完成！
[2026-05-19 22:25:05,202] INFO - od_flow.py:243 - 任务 38 已完成
[2026-05-19 22:25:05,202] INFO - agv_controller.py:394 - AGV 5: 任务 37 完成！
[2026-05-19 22:25:05,202] INFO - od_flow.py:243 - 任务 37 已完成
[2026-05-19 22:25:05,294] INFO - od_flow.py:188 - 任务 45 分配给 AGV 5
[2026-05-19 22:25:05,295] INFO - task_allocator.py:319 - 分配任务 45 → AGV 5 (距离 9)
[2026-05-19 22:25:05,295] INFO - od_flow.py:188 - 任务 46 分配给 AGV 3
[2026-05-19 22:25:05,295] INFO - task_allocator.py:319 - 分配任务 46 → AGV 3 (距离 63)
[2026-05-19 22:25:05,295] INFO - agv_controller.py:164 - AGV 5: 任务45 前往取货点 (49, 12)
[2026-05-19 22:25:05,296] INFO - agv_controller.py:164 - AGV 3: 任务46 前往取货点 (49, 22)
[2026-05-19 22:25:05,395] INFO - task_allocator.py:244 - 生成任务 49: 取货 (0, 7) → 送货 (25, 16)
[2026-05-19 22:25:05,498] INFO - agv_controller.py:382 - AGV 1: 已取货，前往送货点 (25, 24)
[2026-05-19 22:25:05,597] INFO - task_allocator.py:244 - 生成任务 50: 取货 (0, 7) → 送货 (24, 12)
[2026-05-19 22:25:06,301] INFO - agv_controller.py:394 - AGV 0: 任务 39 完成！
[2026-05-19 22:25:06,302] INFO - od_flow.py:243 - 任务 39 已完成
[2026-05-19 22:25:06,400] INFO - od_flow.py:188 - 任务 47 分配给 AGV 0
[2026-05-19 22:25:06,400] INFO - task_allocator.py:319 - 分配任务 47 → AGV 0 (距离 62)
[2026-05-19 22:25:06,401] INFO - agv_controller.py:164 - AGV 0: 任务47 前往取货点 (49, 17)
[2026-05-19 22:25:06,605] INFO - agv_controller.py:382 - AGV 7: 已取货，前往送货点 (25, 40)
[2026-05-19 22:25:06,702] INFO - task_allocator.py:244 - 生成任务 51: 取货 (0, 7) → 送货 (24, 28)
[2026-05-19 22:25:06,705] INFO - agv_controller.py:382 - AGV 6: 已取货，前往送货点 (24, 20)
[2026-05-19 22:25:07,811] INFO - agv_controller.py:382 - AGV 5: 已取货，前往送货点 (25, 32)
[2026-05-19 22:25:08,315] INFO - agv_controller.py:382 - AGV 3: 已取货，前往送货点 (25, 8)
[2026-05-19 22:25:09,419] INFO - agv_controller.py:394 - AGV 1: 任务 42 完成！
[2026-05-19 22:25:09,420] INFO - od_flow.py:243 - 任务 42 已完成
[2026-05-19 22:25:09,517] INFO - task_allocator.py:244 - 生成任务 52: 取货 (0, 12) → 送货 (25, 24)
[2026-05-19 22:25:09,517] INFO - od_flow.py:188 - 任务 48 分配给 AGV 1
[2026-05-19 22:25:09,517] INFO - task_allocator.py:319 - 分配任务 48 → AGV 1 (距离 19)
[2026-05-19 22:25:09,518] INFO - agv_controller.py:164 - AGV 1: 任务48 前往取货点 (0, 22)
[2026-05-19 22:25:09,519] INFO - agv_controller.py:394 - AGV 2: 任务 41 完成！
[2026-05-19 22:25:09,519] INFO - od_flow.py:243 - 任务 41 已完成
[2026-05-19 22:25:09,617] INFO - od_flow.py:188 - 任务 49 分配给 AGV 2
[2026-05-19 22:25:09,617] INFO - task_allocator.py:319 - 分配任务 49 → AGV 2 (距离 3)
[2026-05-19 22:25:09,617] INFO - agv_controller.py:164 - AGV 2: 任务49 前往取货点 (0, 7)
[2026-05-19 22:25:09,625] INFO - agv_controller.py:394 - AGV 4: 任务 40 完成！
[2026-05-19 22:25:09,625] INFO - od_flow.py:243 - 任务 40 已完成
[2026-05-19 22:25:09,717] INFO - od_flow.py:188 - 任务 50 分配给 AGV 4
[2026-05-19 22:25:09,717] INFO - task_allocator.py:319 - 分配任务 50 → AGV 4 (距离 52)
[2026-05-19 22:25:09,718] INFO - agv_controller.py:164 - AGV 4: 任务50 前往取货点 (0, 7)
[2026-05-19 22:25:09,724] WARNING - mapf_planner.py:292 - AGV 4: 无法找到路径 (24, 44) → (0, 7)
[2026-05-19 22:25:09,919] INFO - task_allocator.py:244 - 生成任务 53: 取货 (49, 42) → 送货 (25, 48)
[2026-05-19 22:25:10,023] INFO - main.py:190 - 步数 500: 已完成 43 个任务, AGV: 空闲0 移动中8 装卸0
[2026-05-19 22:25:10,121] INFO - task_allocator.py:244 - 生成任务 54: 取货 (0, 42) → 送货 (24, 44)
[2026-05-19 22:25:10,126] WARNING - mapf_planner.py:292 - AGV 4: 无法找到路径 (22, 43) → (0, 7)
[2026-05-19 22:25:10,127] INFO - agv_controller.py:394 - AGV 6: 任务 44 完成！
[2026-05-19 22:25:10,128] INFO - od_flow.py:243 - 任务 44 已完成
[2026-05-19 22:25:10,220] INFO - od_flow.py:188 - 任务 51 分配给 AGV 6
[2026-05-19 22:25:10,221] INFO - task_allocator.py:319 - 分配任务 51 → AGV 6 (距离 48)
[2026-05-19 22:25:10,221] INFO - agv_controller.py:164 - AGV 6: 任务51 前往取货点 (0, 7)
[2026-05-19 22:25:10,225] INFO - agv_controller.py:382 - AGV 0: 已取货，前往送货点 (24, 4)
[2026-05-19 22:25:10,321] INFO - task_allocator.py:244 - 生成任务 55: 取货 (49, 2) → 送货 (24, 20)
[2026-05-19 22:25:10,425] INFO - agv_controller.py:394 - AGV 7: 任务 43 完成！
[2026-05-19 22:25:10,426] INFO - od_flow.py:243 - 任务 43 已完成
[2026-05-19 22:25:10,521] INFO - task_allocator.py:244 - 生成任务 56: 取货 (0, 42) → 送货 (25, 40)
[2026-05-19 22:25:10,521] INFO - od_flow.py:188 - 任务 52 分配给 AGV 7
[2026-05-19 22:25:10,522] INFO - task_allocator.py:319 - 分配任务 52 → AGV 7 (距离 53)
[2026-05-19 22:25:10,522] INFO - agv_controller.py:164 - AGV 7: 任务52 前往取货点 (0, 12)
[2026-05-19 22:25:12,234] INFO - agv_controller.py:382 - AGV 1: 已取货，前往送货点 (24, 36)
[2026-05-19 22:25:12,334] INFO - agv_controller.py:394 - AGV 5: 任务 45 完成！
[2026-05-19 22:25:12,335] INFO - od_flow.py:243 - 任务 45 已完成
[2026-05-19 22:25:12,431] INFO - od_flow.py:188 - 任务 53 分配给 AGV 5
[2026-05-19 22:25:12,432] INFO - task_allocator.py:319 - 分配任务 53 → AGV 5 (距离 39)
[2026-05-19 22:25:12,432] INFO - agv_controller.py:164 - AGV 5: 任务53 前往取货点 (49, 42)
[2026-05-19 22:25:12,640] INFO - agv_controller.py:394 - AGV 3: 任务 46 完成！
[2026-05-19 22:25:12,640] INFO - od_flow.py:243 - 任务 46 已完成
[2026-05-19 22:25:12,733] INFO - task_allocator.py:244 - 生成任务 57: 取货 (49, 37) → 送货 (25, 8)
[2026-05-19 22:25:12,734] INFO - od_flow.py:188 - 任务 54 分配给 AGV 3
[2026-05-19 22:25:12,734] INFO - task_allocator.py:319 - 分配任务 54 → AGV 3 (距离 44)
[2026-05-19 22:25:12,734] INFO - agv_controller.py:164 - AGV 3: 任务54 前往取货点 (0, 42)
[2026-05-19 22:25:13,036] INFO - task_allocator.py:244 - 生成任务 58: 取货 (49, 32) → 送货 (25, 32)
[2026-05-19 22:25:13,944] INFO - agv_controller.py:382 - AGV 6: 已取货，前往送货点 (24, 28)
[2026-05-19 22:25:14,145] INFO - agv_controller.py:394 - AGV 0: 任务 47 完成！
[2026-05-19 22:25:14,145] INFO - od_flow.py:243 - 任务 47 已完成
[2026-05-19 22:25:14,241] INFO - task_allocator.py:244 - 生成任务 59: 取货 (49, 32) → 送货 (24, 4)
[2026-05-19 22:25:14,242] INFO - od_flow.py:188 - 任务 55 分配给 AGV 0
[2026-05-19 22:25:14,242] INFO - task_allocator.py:319 - 分配任务 55 → AGV 0 (距离 47)
[2026-05-19 22:25:14,242] INFO - agv_controller.py:164 - AGV 0: 任务55 前往取货点 (49, 2)
[2026-05-19 22:25:15,248] WARNING - mapf_planner.py:292 - AGV 6: 无法找到路径 (7, 12) → (24, 28)
[2026-05-19 22:25:15,551] WARNING - mapf_planner.py:292 - AGV 6: 无法找到路径 (9, 13) → (24, 28)
[2026-05-19 22:25:15,850] INFO - agv_controller.py:382 - AGV 5: 已取货，前往送货点 (25, 48)
[2026-05-19 22:25:15,851] INFO - agv_controller.py:382 - AGV 7: 已取货，前往送货点 (25, 24)
[2026-05-19 22:25:16,051] INFO - agv_controller.py:382 - AGV 4: 已取货，前往送货点 (24, 12)
[2026-05-19 22:25:16,151] INFO - agv_controller.py:394 - AGV 1: 任务 48 完成！
[2026-05-19 22:25:16,152] INFO - od_flow.py:243 - 任务 48 已完成
[2026-05-19 22:25:16,249] INFO - task_allocator.py:244 - 生成任务 60: 取货 (0, 17) → 送货 (24, 36)
[2026-05-19 22:25:16,250] INFO - od_flow.py:188 - 任务 56 分配给 AGV 1
[2026-05-19 22:25:16,250] INFO - task_allocator.py:319 - 分配任务 56 → AGV 1 (距离 39)
[2026-05-19 22:25:16,250] INFO - agv_controller.py:164 - AGV 1: 任务56 前往取货点 (0, 42)
[2026-05-19 22:25:16,654] INFO - agv_controller.py:382 - AGV 2: 已取货，前往送货点 (25, 16)
[2026-05-19 22:25:16,953] INFO - agv_controller.py:382 - AGV 0: 已取货，前往送货点 (24, 20)
[2026-05-19 22:25:18,663] INFO - agv_controller.py:382 - AGV 3: 已取货，前往送货点 (24, 44)
[2026-05-19 22:25:18,764] INFO - agv_controller.py:394 - AGV 6: 任务 51 完成！
[2026-05-19 22:25:18,764] INFO - od_flow.py:243 - 任务 51 已完成
[2026-05-19 22:25:18,864] INFO - od_flow.py:188 - 任务 57 分配给 AGV 6
[2026-05-19 22:25:18,864] INFO - task_allocator.py:319 - 分配任务 57 → AGV 6 (距离 31)
[2026-05-19 22:25:18,865] INFO - agv_controller.py:164 - AGV 6: 任务57 前往取货点 (49, 37)
[2026-05-19 22:25:18,964] INFO - task_allocator.py:244 - 生成任务 61: 取货 (49, 32) → 送货 (24, 28)
[2026-05-19 22:25:18,965] INFO - agv_controller.py:394 - AGV 5: 任务 53 完成！
[2026-05-19 22:25:18,966] INFO - od_flow.py:243 - 任务 53 已完成
[2026-05-19 22:25:19,064] INFO - od_flow.py:188 - 任务 58 分配给 AGV 5
[2026-05-19 22:25:19,065] INFO - task_allocator.py:319 - 分配任务 58 → AGV 5 (距离 29)
[2026-05-19 22:25:19,065] INFO - agv_controller.py:164 - AGV 5: 任务58 前往取货点 (49, 32)
[2026-05-19 22:25:19,068] INFO - agv_controller.py:394 - AGV 4: 任务 50 完成！
[2026-05-19 22:25:19,068] INFO - od_flow.py:243 - 任务 50 已完成
[2026-05-19 22:25:19,165] INFO - od_flow.py:188 - 任务 59 分配给 AGV 4
[2026-05-19 22:25:19,166] INFO - task_allocator.py:319 - 分配任务 59 → AGV 4 (距离 32)
[2026-05-19 22:25:19,166] INFO - agv_controller.py:164 - AGV 4: 任务59 前往取货点 (49, 32)
[2026-05-19 22:25:19,271] INFO - agv_controller.py:382 - AGV 1: 已取货，前往送货点 (25, 40)
[2026-05-19 22:25:19,367] INFO - task_allocator.py:244 - 生成任务 62: 取货 (0, 42) → 送货 (24, 12)
[2026-05-19 22:25:19,567] INFO - task_allocator.py:244 - 生成任务 63: 取货 (0, 12) → 送货 (25, 48)
[2026-05-19 22:25:19,670] INFO - agv_controller.py:394 - AGV 7: 任务 52 完成！
[2026-05-19 22:25:19,670] INFO - od_flow.py:243 - 任务 52 已完成
[2026-05-19 22:25:19,767] INFO - od_flow.py:188 - 任务 60 分配给 AGV 7
[2026-05-19 22:25:19,767] INFO - task_allocator.py:319 - 分配任务 60 → AGV 7 (距离 58)
[2026-05-19 22:25:19,768] INFO - agv_controller.py:164 - AGV 7: 任务60 前往取货点 (0, 17)
[2026-05-19 22:25:19,969] INFO - task_allocator.py:244 - 生成任务 64: 取货 (0, 7) → 送货 (25, 24)
[2026-05-19 22:25:20,071] INFO - main.py:190 - 步数 600: 已完成 53 个任务, AGV: 空闲0 移动中8 装卸0
[2026-05-19 22:25:20,172] INFO - agv_controller.py:394 - AGV 2: 任务 49 完成！
[2026-05-19 22:25:20,172] INFO - od_flow.py:243 - 任务 49 已完成
[2026-05-19 22:25:20,269] INFO - od_flow.py:188 - 任务 61 分配给 AGV 2
[2026-05-19 22:25:20,269] INFO - task_allocator.py:319 - 分配任务 61 → AGV 2 (距离 71)
[2026-05-19 22:25:20,269] INFO - agv_controller.py:164 - AGV 2: 任务61 前往取货点 (49, 32)
[2026-05-19 22:25:20,369] INFO - task_allocator.py:244 - 生成任务 65: 取货 (0, 42) → 送货 (25, 16)
[2026-05-19 22:25:21,376] INFO - agv_controller.py:394 - AGV 0: 任务 55 完成！
[2026-05-19 22:25:21,376] INFO - od_flow.py:243 - 任务 55 已完成
[2026-05-19 22:25:21,377] INFO - agv_controller.py:394 - AGV 3: 任务 54 完成！
[2026-05-19 22:25:21,377] INFO - od_flow.py:243 - 任务 54 已完成
[2026-05-19 22:25:21,473] INFO - od_flow.py:188 - 任务 62 分配给 AGV 0
[2026-05-19 22:25:21,474] INFO - task_allocator.py:319 - 分配任务 62 → AGV 0 (距离 42)
[2026-05-19 22:25:21,474] INFO - od_flow.py:188 - 任务 63 分配给 AGV 3
[2026-05-19 22:25:21,474] INFO - task_allocator.py:319 - 分配任务 63 → AGV 3 (距离 14)
[2026-05-19 22:25:21,474] INFO - agv_controller.py:164 - AGV 0: 任务62 前往取货点 (0, 42)
[2026-05-19 22:25:21,475] INFO - agv_controller.py:164 - AGV 3: 任务63 前往取货点 (0, 12)
[2026-05-19 22:25:21,574] INFO - task_allocator.py:244 - 生成任务 66: 取货 (49, 17) → 送货 (24, 20)
[2026-05-19 22:25:21,974] INFO - task_allocator.py:244 - 生成任务 67: 取货 (0, 17) → 送货 (24, 44)
[2026-05-19 22:25:22,078] INFO - agv_controller.py:394 - AGV 1: 任务 56 完成！
[2026-05-19 22:25:22,078] INFO - od_flow.py:243 - 任务 56 已完成
[2026-05-19 22:25:22,175] INFO - task_allocator.py:244 - 生成任务 68: 取货 (0, 7) → 送货 (25, 40)
[2026-05-19 22:25:22,176] INFO - od_flow.py:188 - 任务 64 分配给 AGV 1
[2026-05-19 22:25:22,176] INFO - task_allocator.py:319 - 分配任务 64 → AGV 1 (距离 4)
[2026-05-19 22:25:22,176] INFO - agv_controller.py:164 - AGV 1: 任务64 前往取货点 (0, 7)
[2026-05-19 22:25:22,283] WARNING - mapf_planner.py:292 - AGV 1: 无法找到路径 (24, 40) → (0, 7)
[2026-05-19 22:25:22,287] INFO - agv_controller.py:382 - AGV 6: 已取货，前往送货点 (25, 8)
[2026-05-19 22:25:22,381] WARNING - mapf_planner.py:292 - AGV 1: 无法找到路径 (24, 40) → (0, 7)
[2026-05-19 22:25:22,386] WARNING - mapf_planner.py:292 - AGV 6: 无法找到路径 (49, 37) → (25, 8)
[2026-05-19 22:25:22,586] WARNING - mapf_planner.py:292 - AGV 1: 无法找到路径 (24, 39) → (0, 7)
[2026-05-19 22:25:22,982] INFO - agv_controller.py:382 - AGV 7: 已取货，前往送货点 (24, 36)
[2026-05-19 22:25:23,084] WARNING - mapf_planner.py:292 - AGV 1: 无法找到路径 (22, 37) → (0, 7)
[2026-05-19 22:25:23,089] INFO - agv_controller.py:382 - AGV 5: 已取货，前往送货点 (25, 32)
[2026-05-19 22:25:23,209] WARNING - mapf_planner.py:375 - CBS达到最大迭代次数 100，返回最佳解
[2026-05-19 22:25:23,311] WARNING - mapf_planner.py:375 - CBS达到最大迭代次数 100，返回最佳解
[2026-05-19 22:25:23,407] WARNING - mapf_planner.py:375 - CBS达到最大迭代次数 100，返回最佳解
[2026-05-19 22:25:23,509] WARNING - mapf_planner.py:375 - CBS达到最大迭代次数 100，返回最佳解
[2026-05-19 22:25:23,989] INFO - agv_controller.py:382 - AGV 4: 已取货，前往送货点 (24, 4)
[2026-05-19 22:25:24,292] INFO - agv_controller.py:382 - AGV 2: 已取货，前往送货点 (24, 28)
[2026-05-19 22:25:25,796] INFO - agv_controller.py:394 - AGV 5: 任务 58 完成！
[2026-05-19 22:25:25,796] INFO - od_flow.py:243 - 任务 58 已完成
[2026-05-19 22:25:25,894] INFO - od_flow.py:188 - 任务 65 分配给 AGV 5
[2026-05-19 22:25:25,894] INFO - task_allocator.py:319 - 分配任务 65 → AGV 5 (距离 84)
[2026-05-19 22:25:25,895] INFO - agv_controller.py:164 - AGV 5: 任务65 前往取货点 (0, 42)
[2026-05-19 22:25:26,098] INFO - agv_controller.py:382 - AGV 0: 已取货，前往送货点 (24, 12)
[2026-05-19 22:25:26,597] INFO - task_allocator.py:244 - 生成任务 69: 取货 (49, 37) → 送货 (25, 32)
[2026-05-19 22:25:27,103] INFO - agv_controller.py:382 - AGV 3: 已取货，前往送货点 (25, 48)
[2026-05-19 22:25:27,204] WARNING - mapf_planner.py:292 - AGV 3: 无法找到路径 (0, 12) → (25, 48)
[2026-05-19 22:25:27,409] WARNING - mapf_planner.py:292 - AGV 3: 无法找到路径 (0, 13) → (25, 48)
[2026-05-19 22:25:27,410] INFO - agv_controller.py:394 - AGV 7: 任务 60 完成！
[2026-05-19 22:25:27,410] INFO - od_flow.py:243 - 任务 60 已完成
[2026-05-19 22:25:27,503] INFO - od_flow.py:188 - 任务 66 分配给 AGV 7
[2026-05-19 22:25:27,503] INFO - task_allocator.py:319 - 分配任务 66 → AGV 7 (距离 19)
[2026-05-19 22:25:27,503] INFO - agv_controller.py:164 - AGV 7: 任务66 前往取货点 (49, 17)
[2026-05-19 22:25:27,603] INFO - task_allocator.py:244 - 生成任务 70: 取货 (0, 27) → 送货 (24, 36)
[2026-05-19 22:25:27,707] INFO - agv_controller.py:394 - AGV 2: 任务 61 完成！
[2026-05-19 22:25:27,708] INFO - od_flow.py:243 - 任务 61 已完成
[2026-05-19 22:25:27,804] INFO - od_flow.py:188 - 任务 67 分配给 AGV 2
[2026-05-19 22:25:27,804] INFO - task_allocator.py:319 - 分配任务 67 → AGV 2 (距离 11)
[2026-05-19 22:25:27,804] INFO - agv_controller.py:164 - AGV 2: 任务67 前往取货点 (0, 17)
[2026-05-19 22:25:27,811] INFO - agv_controller.py:394 - AGV 6: 任务 57 完成！
[2026-05-19 22:25:27,811] INFO - od_flow.py:243 - 任务 57 已完成
[2026-05-19 22:25:27,904] INFO - od_flow.py:188 - 任务 68 分配给 AGV 6
[2026-05-19 22:25:27,904] INFO - task_allocator.py:319 - 分配任务 68 → AGV 6 (距离 48)
[2026-05-19 22:25:27,905] INFO - agv_controller.py:164 - AGV 6: 任务68 前往取货点 (0, 7)
[2026-05-19 22:25:28,004] INFO - task_allocator.py:244 - 生成任务 71: 取货 (0, 27) → 送货 (25, 8)
[2026-05-19 22:25:28,004] INFO - task_allocator.py:244 - 生成任务 72: 取货 (49, 17) → 送货 (24, 28)
[2026-05-19 22:25:28,410] INFO - agv_controller.py:382 - AGV 1: 已取货，前往送货点 (25, 24)
[2026-05-19 22:25:29,412] INFO - agv_controller.py:394 - AGV 4: 任务 59 完成！
[2026-05-19 22:25:29,413] INFO - od_flow.py:243 - 任务 59 已完成
[2026-05-19 22:25:29,413] INFO - agv_controller.py:382 - AGV 5: 已取货，前往送货点 (25, 16)
[2026-05-19 22:25:29,510] INFO - od_flow.py:188 - 任务 69 分配给 AGV 4
[2026-05-19 22:25:29,510] INFO - task_allocator.py:319 - 分配任务 69 → AGV 4 (距离 37)
[2026-05-19 22:25:29,510] INFO - agv_controller.py:164 - AGV 4: 任务69 前往取货点 (49, 37)
[2026-05-19 22:25:29,710] INFO - task_allocator.py:244 - 生成任务 73: 取货 (0, 32) → 送货 (24, 4)
[2026-05-19 22:25:30,116] INFO - main.py:190 - 步数 700: 已完成 62 个任务, AGV: 空闲0 移动中8 装卸0
[2026-05-19 22:25:30,516] INFO - agv_controller.py:382 - AGV 6: 已取货，前往送货点 (25, 40)
[2026-05-19 22:25:31,317] INFO - agv_controller.py:382 - AGV 2: 已取货，前往送货点 (24, 44)
[2026-05-19 22:25:31,618] INFO - agv_controller.py:394 - AGV 0: 任务 62 完成！
[2026-05-19 22:25:31,618] INFO - od_flow.py:243 - 任务 62 已完成
[2026-05-19 22:25:31,713] INFO - od_flow.py:188 - 任务 70 分配给 AGV 0
[2026-05-19 22:25:31,714] INFO - task_allocator.py:319 - 分配任务 70 → AGV 0 (距离 27)
[2026-05-19 22:25:31,714] INFO - agv_controller.py:164 - AGV 0: 任务70 前往取货点 (0, 27)
[2026-05-19 22:25:31,920] INFO - agv_controller.py:382 - AGV 7: 已取货，前往送货点 (24, 20)
[2026-05-19 22:25:32,115] INFO - task_allocator.py:244 - 生成任务 74: 取货 (0, 42) → 送货 (24, 12)
[2026-05-19 22:25:32,723] INFO - agv_controller.py:394 - AGV 1: 任务 64 完成！
[2026-05-19 22:25:32,723] INFO - od_flow.py:243 - 任务 64 已完成
[2026-05-19 22:25:32,817] INFO - task_allocator.py:244 - 生成任务 75: 取货 (49, 47) → 送货 (25, 24)
[2026-05-19 22:25:32,818] INFO - od_flow.py:188 - 任务 71 分配给 AGV 1
[2026-05-19 22:25:32,818] INFO - task_allocator.py:319 - 分配任务 71 → AGV 1 (距离 24)
[2026-05-19 22:25:32,818] INFO - agv_controller.py:164 - AGV 1: 任务71 前往取货点 (0, 27)
[2026-05-19 22:25:32,958] WARNING - mapf_planner.py:375 - CBS达到最大迭代次数 100，返回最佳解
[2026-05-19 22:25:33,084] WARNING - mapf_planner.py:375 - CBS达到最大迭代次数 100，返回最佳解
[2026-05-19 22:25:33,192] WARNING - mapf_planner.py:375 - CBS达到最大迭代次数 100，返回最佳解
[2026-05-19 22:25:33,371] WARNING - mapf_planner.py:375 - CBS达到最大迭代次数 100，返回最佳解
[2026-05-19 22:25:33,674] WARNING - mapf_planner.py:375 - CBS达到最大迭代次数 100，返回最佳解
[2026-05-19 22:25:33,763] WARNING - mapf_planner.py:375 - CBS达到最大迭代次数 100，返回最佳解
[2026-05-19 22:25:33,763] INFO - agv_controller.py:394 - AGV 3: 任务 63 完成！
[2026-05-19 22:25:33,763] INFO - od_flow.py:243 - 任务 63 已完成
[2026-05-19 22:25:33,780] INFO - od_flow.py:188 - 任务 72 分配给 AGV 3
[2026-05-19 22:25:33,780] INFO - task_allocator.py:319 - 分配任务 72 → AGV 3 (距离 58)
[2026-05-19 22:25:33,780] INFO - agv_controller.py:164 - AGV 3: 任务72 前往取货点 (49, 17)
[2026-05-19 22:25:33,865] WARNING - mapf_planner.py:375 - CBS达到最大迭代次数 100，返回最佳解
[2026-05-19 22:25:33,880] INFO - task_allocator.py:244 - 生成任务 76: 取货 (0, 42) → 送货 (25, 48)
[2026-05-19 22:25:33,885] WARNING - mapf_planner.py:292 - AGV 3: 无法找到路径 (25, 47) → (49, 17)
[2026-05-19 22:25:34,054] WARNING - mapf_planner.py:375 - CBS达到最大迭代次数 100，返回最佳解
[2026-05-19 22:25:34,386] WARNING - mapf_planner.py:292 - AGV 3: 无法找到路径 (27, 45) → (49, 17)
[2026-05-19 22:25:34,788] INFO - agv_controller.py:394 - AGV 5: 任务 65 完成！
[2026-05-19 22:25:34,788] INFO - od_flow.py:243 - 任务 65 已完成
[2026-05-19 22:25:34,882] INFO - task_allocator.py:244 - 生成任务 77: 取货 (49, 7) → 送货 (25, 16)
[2026-05-19 22:25:34,882] INFO - od_flow.py:188 - 任务 73 分配给 AGV 5
[2026-05-19 22:25:34,882] INFO - task_allocator.py:319 - 分配任务 73 → AGV 5 (距离 74)
[2026-05-19 22:25:34,883] INFO - agv_controller.py:164 - AGV 5: 任务73 前往取货点 (0, 32)
[2026-05-19 22:25:34,988] INFO - agv_controller.py:394 - AGV 7: 任务 66 完成！
[2026-05-19 22:25:34,988] INFO - od_flow.py:243 - 任务 66 已完成
[2026-05-19 22:25:35,082] INFO - task_allocator.py:244 - 生成任务 78: 取货 (0, 12) → 送货 (24, 20)
[2026-05-19 22:25:35,083] INFO - od_flow.py:188 - 任务 74 分配给 AGV 7
[2026-05-19 22:25:35,083] INFO - task_allocator.py:319 - 分配任务 74 → AGV 7 (距离 83)
[2026-05-19 22:25:35,083] INFO - agv_controller.py:164 - AGV 7: 任务74 前往取货点 (0, 42)
[2026-05-19 22:25:35,488] INFO - agv_controller.py:382 - AGV 4: 已取货，前往送货点 (25, 32)
[2026-05-19 22:25:35,787] INFO - agv_controller.py:382 - AGV 0: 已取货，前往送货点 (24, 36)
[2026-05-19 22:25:35,988] INFO - agv_controller.py:382 - AGV 1: 已取货，前往送货点 (25, 8)
[2026-05-19 22:25:36,590] INFO - agv_controller.py:394 - AGV 6: 任务 68 完成！
[2026-05-19 22:25:36,590] INFO - od_flow.py:243 - 任务 68 已完成
[2026-05-19 22:25:36,686] INFO - task_allocator.py:244 - 生成任务 79: 取货 (49, 12) → 送货 (25, 40)
[2026-05-19 22:25:36,686] INFO - od_flow.py:188 - 任务 75 分配给 AGV 6
[2026-05-19 22:25:36,686] INFO - task_allocator.py:319 - 分配任务 75 → AGV 6 (距离 41)
[2026-05-19 22:25:36,687] INFO - agv_controller.py:164 - AGV 6: 任务75 前往取货点 (49, 47)
[2026-05-19 22:25:36,690] INFO - agv_controller.py:394 - AGV 2: 任务 67 完成！
[2026-05-19 22:25:36,691] INFO - od_flow.py:243 - 任务 67 已完成
[2026-05-19 22:25:36,787] INFO - task_allocator.py:244 - 生成任务 80: 取货 (0, 22) → 送货 (24, 44)
[2026-05-19 22:25:36,787] INFO - od_flow.py:188 - 任务 76 分配给 AGV 2
[2026-05-19 22:25:36,788] INFO - task_allocator.py:319 - 分配任务 76 → AGV 2 (距离 36)
[2026-05-19 22:25:36,788] INFO - agv_controller.py:164 - AGV 2: 任务76 前往取货点 (0, 42)
[2026-05-19 22:25:37,591] WARNING - mapf_planner.py:292 - AGV 6: 无法找到路径 (30, 44) → (49, 47)
[2026-05-19 22:25:38,495] INFO - agv_controller.py:394 - AGV 4: 任务 69 完成！
[2026-05-19 22:25:38,495] INFO - od_flow.py:243 - 任务 69 已完成
[2026-05-19 22:25:38,594] INFO - od_flow.py:188 - 任务 77 分配给 AGV 4
[2026-05-19 22:25:38,594] INFO - task_allocator.py:319 - 分配任务 77 → AGV 4 (距离 7)
[2026-05-19 22:25:38,594] INFO - agv_controller.py:164 - AGV 4: 任务77 前往取货点 (49, 7)
[2026-05-19 22:25:38,600] WARNING - mapf_planner.py:292 - AGV 4: 无法找到路径 (25, 32) → (49, 7)
[2026-05-19 22:25:38,695] INFO - task_allocator.py:244 - 生成任务 81: 取货 (49, 22) → 送货 (25, 32)
[2026-05-19 22:25:39,000] INFO - agv_controller.py:382 - AGV 5: 已取货，前往送货点 (24, 4)
[2026-05-19 22:25:39,207] WARNING - mapf_planner.py:292 - AGV 5: 无法找到路径 (1, 32) → (24, 4)
[2026-05-19 22:25:39,207] INFO - agv_controller.py:394 - AGV 0: 任务 70 完成！
[2026-05-19 22:25:39,207] INFO - od_flow.py:243 - 任务 70 已完成
[2026-05-19 22:25:39,300] INFO - task_allocator.py:244 - 生成任务 82: 取货 (0, 27) → 送货 (24, 36)
[2026-05-19 22:25:39,300] INFO - od_flow.py:188 - 任务 78 分配给 AGV 0
[2026-05-19 22:25:39,300] INFO - task_allocator.py:319 - 分配任务 78 → AGV 0 (距离 12)
[2026-05-19 22:25:39,300] INFO - agv_controller.py:164 - AGV 0: 任务78 前往取货点 (0, 12)
[2026-05-19 22:25:39,408] INFO - agv_controller.py:382 - AGV 2: 已取货，前往送货点 (25, 48)
[2026-05-19 22:25:39,504] INFO - agv_controller.py:382 - AGV 3: 已取货，前往送货点 (24, 28)
[2026-05-19 22:25:39,707] INFO - agv_controller.py:382 - AGV 7: 已取货，前往送货点 (24, 12)
[2026-05-19 22:25:39,909] INFO - agv_controller.py:382 - AGV 6: 已取货，前往送货点 (25, 24)
[2026-05-19 22:25:40,211] WARNING - mapf_planner.py:292 - AGV 7: 无法找到路径 (3, 41) → (24, 12)
[2026-05-19 22:25:40,307] WARNING - mapf_planner.py:292 - AGV 4: 无法找到路径 (32, 23) → (49, 7)
[2026-05-19 22:25:40,311] INFO - main.py:190 - 步数 800: 已完成 71 个任务, AGV: 空闲0 移动中8 装卸0
[2026-05-19 22:25:40,510] INFO - agv_controller.py:394 - AGV 1: 任务 71 完成！
[2026-05-19 22:25:40,511] INFO - od_flow.py:243 - 任务 71 已完成
[2026-05-19 22:25:40,606] INFO - od_flow.py:188 - 任务 79 分配给 AGV 1
[2026-05-19 22:25:40,606] INFO - task_allocator.py:319 - 分配任务 79 → AGV 1 (距离 54)
[2026-05-19 22:25:40,606] INFO - agv_controller.py:164 - AGV 1: 任务79 前往取货点 (49, 12)
[2026-05-19 22:25:40,707] INFO - task_allocator.py:244 - 生成任务 83: 取货 (0, 37) → 送货 (25, 8)
[2026-05-19 22:25:42,617] INFO - agv_controller.py:394 - AGV 2: 任务 76 完成！
[2026-05-19 22:25:42,617] INFO - od_flow.py:243 - 任务 76 已完成
[2026-05-19 22:25:42,716] INFO - od_flow.py:188 - 任务 80 分配给 AGV 2
[2026-05-19 22:25:42,716] INFO - task_allocator.py:319 - 分配任务 80 → AGV 2 (距离 16)
[2026-05-19 22:25:42,716] INFO - agv_controller.py:164 - AGV 2: 任务80 前往取货点 (0, 22)
[2026-05-19 22:25:42,917] INFO - task_allocator.py:244 - 生成任务 84: 取货 (0, 37) → 送货 (25, 48)
[2026-05-19 22:25:43,123] WARNING - mapf_planner.py:292 - AGV 2: 无法找到路径 (22, 47) → (0, 22)
[2026-05-19 22:25:43,222] INFO - agv_controller.py:394 - AGV 3: 任务 72 完成！
[2026-05-19 22:25:43,222] INFO - od_flow.py:243 - 任务 72 已完成
[2026-05-19 22:25:43,320] INFO - od_flow.py:188 - 任务 81 分配给 AGV 3
[2026-05-19 22:25:43,320] INFO - task_allocator.py:319 - 分配任务 81 → AGV 3 (距离 63)
[2026-05-19 22:25:43,320] INFO - agv_controller.py:164 - AGV 3: 任务81 前往取货点 (49, 22)
[2026-05-19 22:25:43,424] INFO - agv_controller.py:382 - AGV 1: 已取货，前往送货点 (25, 40)
[2026-05-19 22:25:43,521] INFO - task_allocator.py:244 - 生成任务 85: 取货 (0, 2) → 送货 (24, 28)
[2026-05-19 22:25:43,624] INFO - agv_controller.py:382 - AGV 4: 已取货，前往送货点 (25, 16)
[2026-05-19 22:25:44,124] INFO - agv_controller.py:382 - AGV 0: 已取货，前往送货点 (24, 20)
[2026-05-19 22:25:44,428] INFO - agv_controller.py:394 - AGV 5: 任务 73 完成！
[2026-05-19 22:25:44,428] INFO - od_flow.py:243 - 任务 73 已完成
[2026-05-19 22:25:44,524] INFO - od_flow.py:188 - 任务 82 分配给 AGV 5
[2026-05-19 22:25:44,524] INFO - task_allocator.py:319 - 分配任务 82 → AGV 5 (距离 69)
[2026-05-19 22:25:44,524] INFO - agv_controller.py:164 - AGV 5: 任务82 前往取货点 (0, 27)
[2026-05-19 22:25:44,629] WARNING - mapf_planner.py:292 - AGV 5: 无法找到路径 (23, 4) → (0, 27)
[2026-05-19 22:25:44,725] WARNING - mapf_planner.py:292 - AGV 2: 无法找到路径 (15, 39) → (0, 22)
[2026-05-19 22:25:44,727] INFO - agv_controller.py:394 - AGV 6: 任务 75 完成！
[2026-05-19 22:25:44,727] INFO - od_flow.py:243 - 任务 75 已完成
[2026-05-19 22:25:44,826] INFO - task_allocator.py:244 - 生成任务 86: 取货 (0, 27) → 送货 (25, 24)
[2026-05-19 22:25:44,826] INFO - od_flow.py:188 - 任务 83 分配给 AGV 6
[2026-05-19 22:25:44,826] INFO - task_allocator.py:319 - 分配任务 83 → AGV 6 (距离 76)
[2026-05-19 22:25:44,826] INFO - agv_controller.py:164 - AGV 6: 任务83 前往取货点 (0, 37)
[2026-05-19 22:25:44,927] WARNING - mapf_planner.py:292 - AGV 2: 无法找到路径 (15, 39) → (0, 22)
[2026-05-19 22:25:45,026] INFO - task_allocator.py:244 - 生成任务 87: 取货 (0, 7) → 送货 (24, 4)
[2026-05-19 22:25:45,128] WARNING - mapf_planner.py:292 - AGV 2: 无法找到路径 (15, 39) → (0, 22)
[2026-05-19 22:25:45,332] INFO - agv_controller.py:394 - AGV 7: 任务 74 完成！
[2026-05-19 22:25:45,332] INFO - od_flow.py:243 - 任务 74 已完成
[2026-05-19 22:25:45,428] INFO - od_flow.py:188 - 任务 84 分配给 AGV 7
[2026-05-19 22:25:45,428] INFO - task_allocator.py:319 - 分配任务 84 → AGV 7 (距离 78)
[2026-05-19 22:25:45,429] INFO - agv_controller.py:164 - AGV 7: 任务84 前往取货点 (0, 37)
[2026-05-19 22:25:46,232] INFO - task_allocator.py:244 - 生成任务 88: 取货 (0, 17) → 送货 (24, 12)
[2026-05-19 22:25:46,517] INFO - agv_controller.py:382 - AGV 3: 已取货，前往送货点 (25, 32)
[2026-05-19 22:25:47,041] INFO - agv_controller.py:394 - AGV 4: 任务 77 完成！
[2026-05-19 22:25:47,041] INFO - od_flow.py:243 - 任务 77 已完成
[2026-05-19 22:25:47,140] INFO - task_allocator.py:244 - 生成任务 89: 取货 (49, 47) → 送货 (25, 16)
[2026-05-19 22:25:47,140] INFO - od_flow.py:188 - 任务 85 分配给 AGV 4
[2026-05-19 22:25:47,140] INFO - task_allocator.py:319 - 分配任务 85 → AGV 4 (距离 47)
[2026-05-19 22:25:47,140] INFO - agv_controller.py:164 - AGV 4: 任务85 前往取货点 (0, 2)
[2026-05-19 22:25:47,442] INFO - agv_controller.py:394 - AGV 0: 任务 78 完成！
[2026-05-19 22:25:47,443] INFO - od_flow.py:243 - 任务 78 已完成
[2026-05-19 22:25:47,540] INFO - task_allocator.py:244 - 生成任务 90: 取货 (49, 17) → 送货 (24, 20)
[2026-05-19 22:25:47,540] INFO - od_flow.py:188 - 任务 86 分配给 AGV 0
[2026-05-19 22:25:47,540] INFO - task_allocator.py:319 - 分配任务 86 → AGV 0 (距离 27)
[2026-05-19 22:25:47,541] INFO - agv_controller.py:164 - AGV 0: 任务86 前往取货点 (0, 27)
[2026-05-19 22:25:48,444] INFO - agv_controller.py:382 - AGV 2: 已取货，前往送货点 (24, 44)
[2026-05-19 22:25:48,645] INFO - agv_controller.py:382 - AGV 6: 已取货，前往送货点 (25, 8)
[2026-05-19 22:25:48,747] INFO - agv_controller.py:394 - AGV 1: 任务 79 完成！
[2026-05-19 22:25:48,747] INFO - od_flow.py:243 - 任务 79 已完成
[2026-05-19 22:25:48,844] INFO - task_allocator.py:244 - 生成任务 91: 取货 (0, 37) → 送货 (25, 40)
[2026-05-19 22:25:48,844] INFO - od_flow.py:188 - 任务 87 分配给 AGV 1
[2026-05-19 22:25:48,844] INFO - task_allocator.py:319 - 分配任务 87 → AGV 1 (距离 4)
[2026-05-19 22:25:48,844] INFO - agv_controller.py:164 - AGV 1: 任务87 前往取货点 (0, 7)
[2026-05-19 22:25:49,350] INFO - agv_controller.py:382 - AGV 5: 已取货，前往送货点 (24, 36)
[2026-05-19 22:25:49,949] INFO - agv_controller.py:394 - AGV 3: 任务 81 完成！
[2026-05-19 22:25:49,949] INFO - od_flow.py:243 - 任务 81 已完成
[2026-05-19 22:25:50,047] INFO - task_allocator.py:244 - 生成任务 92: 取货 (49, 2) → 送货 (25, 32)
[2026-05-19 22:25:50,047] INFO - od_flow.py:188 - 任务 88 分配给 AGV 3
[2026-05-19 22:25:50,048] INFO - task_allocator.py:319 - 分配任务 88 → AGV 3 (距离 19)
[2026-05-19 22:25:50,048] INFO - agv_controller.py:164 - AGV 3: 任务88 前往取货点 (0, 17)
[2026-05-19 22:25:50,352] INFO - agv_controller.py:382 - AGV 7: 已取货，前往送货点 (25, 48)
[2026-05-19 22:25:50,352] INFO - main.py:190 - 步数 900: 已完成 81 个任务, AGV: 空闲0 移动中8 装卸0
[2026-05-19 22:25:50,656] INFO - agv_controller.py:382 - AGV 0: 已取货，前往送货点 (25, 24)
[2026-05-19 22:25:51,056] INFO - agv_controller.py:382 - AGV 4: 已取货，前往送货点 (24, 28)
[2026-05-19 22:25:51,360] WARNING - mapf_planner.py:292 - AGV 4: 无法找到路径 (2, 2) → (24, 28)
[2026-05-19 22:25:52,882] INFO - agv_controller.py:394 - AGV 5: 任务 82 完成！
[2026-05-19 22:25:52,882] INFO - od_flow.py:243 - 任务 82 已完成
[2026-05-19 22:25:52,887] INFO - task_allocator.py:244 - 生成任务 93: 取货 (49, 17) → 送货 (24, 36)
[2026-05-19 22:25:52,887] INFO - od_flow.py:188 - 任务 89 分配给 AGV 5
[2026-05-19 22:25:52,887] INFO - task_allocator.py:319 - 分配任务 89 → AGV 5 (距离 44)
[2026-05-19 22:25:52,887] INFO - agv_controller.py:164 - AGV 5: 任务89 前往取货点 (49, 47)
[2026-05-19 22:25:53,391] INFO - agv_controller.py:394 - AGV 2: 任务 80 完成！
[2026-05-19 22:25:53,392] INFO - od_flow.py:243 - 任务 80 已完成
[2026-05-19 22:25:53,490] INFO - task_allocator.py:244 - 生成任务 94: 取货 (49, 17) → 送货 (24, 44)
[2026-05-19 22:25:53,490] INFO - od_flow.py:188 - 任务 90 分配给 AGV 2
[2026-05-19 22:25:53,490] INFO - task_allocator.py:319 - 分配任务 90 → AGV 2 (距离 56)
[2026-05-19 22:25:53,491] INFO - agv_controller.py:164 - AGV 2: 任务90 前往取货点 (49, 17)
[2026-05-19 22:25:53,593] INFO - agv_controller.py:394 - AGV 0: 任务 86 完成！
[2026-05-19 22:25:53,593] INFO - od_flow.py:243 - 任务 86 已完成
[2026-05-19 22:25:53,691] INFO - od_flow.py:188 - 任务 91 分配给 AGV 0
[2026-05-19 22:25:53,691] INFO - task_allocator.py:319 - 分配任务 91 → AGV 0 (距离 37)
[2026-05-19 22:25:53,691] INFO - agv_controller.py:164 - AGV 0: 任务91 前往取货点 (0, 37)
[2026-05-19 22:25:54,107] INFO - warehouse_env.py:370 - 仿真停止，共运行 936 步
[2026-05-19 22:25:54,107] INFO - task_allocator.py:169 - 调度模块：仿真停止，共运行 936 步
[2026-05-19 22:25:54,108] INFO - agv_controller.py:175 - 控制器：仿真停止，完成 84 个任务
[2026-05-19 22:25:54,196] INFO - renderer.py:552 - 渲染器已关闭
[2026-05-19 22:25:54,197] INFO - main.py:251 - ==================================================
[2026-05-19 22:25:54,197] INFO - main.py:252 - 仿真结束
[2026-05-19 22:25:54,197] INFO - main.py:253 - 总步数: 936
[2026-05-19 22:25:54,197] INFO - main.py:254 - 完成任务: 84
[2026-05-19 22:25:54,197] INFO - main.py:255 - AGV总移动步数: 7250
[2026-05-19 22:25:54,197] INFO - main.py:256 - ==================================================
