[2026-05-25 22:02:12,457] INFO - config.py:254 - 日志文件已创建: logs\simulation_20260525_220212.log
[2026-05-25 22:02:13,804] INFO - main.py:77 - 正在初始化仿真模块...
[2026-05-25 22:02:13,804] INFO - communication.py:303 - 模块 env 初始化完成
[2026-05-25 22:02:13,805] INFO - warehouse_env.py:117 - 仓库环境初始化完成: 50x50
[2026-05-25 22:02:13,805] INFO - warehouse_env.py:169 - 地图构建完成: 20个进货口, 12个出货口
[2026-05-25 22:02:13,807] INFO - warehouse_env.py:189 - 环境已重置
[2026-05-25 22:02:13,807] INFO - communication.py:303 - 模块 scheduler 初始化完成
[2026-05-25 22:02:13,811] INFO - od_flow.py:69 - OD流程管理器初始化完成，12个出货口
[2026-05-25 22:02:13,823] INFO - task_allocator.py:110 - 任务分配器初始化完成: 20个进货口, 12个出货口, 8台AGV
[2026-05-25 22:02:13,823] INFO - mapf_planner.py:260 - MAPF规划器初始化完成: 50x50
[2026-05-25 22:02:14,753] INFO - rl_collision_avoidance.py:226 - RL避撞控制器初始化完成 (PyTorch: True)
[2026-05-25 22:02:14,754] INFO - communication.py:303 - 模块 controller 初始化完成
[2026-05-25 22:02:14,754] INFO - agv_controller.py:126 - AGV控制器初始化完成
[2026-05-25 22:02:14,755] INFO - agv_controller.py:207 - 控制器已重置
[2026-05-25 22:02:15,562] INFO - renderer.py:161 - 渲染器初始化完成: 1600x1000, 格子大小=16
[2026-05-25 22:02:15,562] INFO - main.py:103 - 所有模块初始化完成
[2026-05-25 22:02:15,563] INFO - main.py:73 - 仿真系统初始化完成
[2026-05-25 22:02:15,563] INFO - warehouse_env.py:169 - 地图构建完成: 20个进货口, 12个出货口
[2026-05-25 22:02:15,567] INFO - warehouse_env.py:189 - 环境已重置
[2026-05-25 22:02:15,567] INFO - warehouse_env.py:365 - 仿真开始，环境已初始化
[2026-05-25 22:02:15,567] INFO - od_flow.py:282 - OD流程管理器已重置
[2026-05-25 22:02:15,567] INFO - task_allocator.py:183 - 调度模块已重置
[2026-05-25 22:02:15,567] INFO - task_allocator.py:167 - 调度模块：仿真开始
[2026-05-25 22:02:15,568] INFO - agv_controller.py:207 - 控制器已重置
[2026-05-25 22:02:15,568] INFO - agv_controller.py:179 - 控制器：仿真开始
[2026-05-25 22:02:15,568] INFO - main.py:122 - ==================================================
[2026-05-25 22:02:15,568] INFO - main.py:123 - 仿真开始
[2026-05-25 22:02:15,568] INFO - main.py:124 - 地图: 50x50
[2026-05-25 22:02:15,568] INFO - main.py:125 - 最大步数: 1000
[2026-05-25 22:02:15,569] INFO - main.py:126 - ==================================================
[2026-05-25 22:02:15,574] INFO - main.py:190 - 步数 1: 已完成 0 个任务, AGV: 空闲8 移动中0 装卸0
[2026-05-25 22:02:15,584] INFO - task_allocator.py:247 - 生成任务 0: 取货 (0, 17) → 送货 (24, 4)
[2026-05-25 22:02:15,584] INFO - od_flow.py:188 - 任务 0 分配给 AGV 2
[2026-05-25 22:02:15,585] INFO - task_allocator.py:322 - 分配任务 0 → AGV 2 (距离 11)
[2026-05-25 22:02:15,585] INFO - agv_controller.py:173 - AGV 2: 任务0 前往取货点 (0, 17)
[2026-05-25 22:02:15,586] INFO - main.py:190 - 步数 2: 已完成 0 个任务, AGV: 空闲7 移动中1 装卸0
[2026-05-25 22:02:15,683] INFO - main.py:190 - 步数 3: 已完成 0 个任务, AGV: 空闲7 移动中1 装卸0
[2026-05-25 22:02:15,783] INFO - main.py:190 - 步数 4: 已完成 0 个任务, AGV: 空闲7 移动中1 装卸0
[2026-05-25 22:02:15,883] INFO - main.py:190 - 步数 5: 已完成 0 个任务, AGV: 空闲7 移动中1 装卸0
[2026-05-25 22:02:15,984] INFO - main.py:190 - 步数 6: 已完成 0 个任务, AGV: 空闲7 移动中1 装卸0
[2026-05-25 22:02:16,085] INFO - task_allocator.py:247 - 生成任务 1: 取货 (0, 42) → 送货 (24, 36)
[2026-05-25 22:02:16,085] INFO - od_flow.py:188 - 任务 1 分配给 AGV 1
[2026-05-25 22:02:16,086] INFO - task_allocator.py:322 - 分配任务 1 → AGV 1 (距离 39)
[2026-05-25 22:02:16,086] INFO - agv_controller.py:173 - AGV 1: 任务1 前往取货点 (0, 42)
[2026-05-25 22:02:16,087] INFO - main.py:190 - 步数 7: 已完成 0 个任务, AGV: 空闲6 移动中2 装卸0
[2026-05-25 22:02:16,186] INFO - main.py:190 - 步数 8: 已完成 0 个任务, AGV: 空闲6 移动中2 装卸0
[2026-05-25 22:02:16,286] INFO - main.py:190 - 步数 9: 已完成 0 个任务, AGV: 空闲6 移动中2 装卸0
[2026-05-25 22:02:16,386] INFO - task_allocator.py:247 - 生成任务 2: 取货 (0, 37) → 送货 (24, 28)
[2026-05-25 22:02:16,386] INFO - od_flow.py:188 - 任务 2 分配给 AGV 0
[2026-05-25 22:02:16,386] INFO - task_allocator.py:322 - 分配任务 2 → AGV 0 (距离 37)
[2026-05-25 22:02:16,387] INFO - agv_controller.py:173 - AGV 0: 任务2 前往取货点 (0, 37)
[2026-05-25 22:02:16,388] INFO - main.py:190 - 步数 10: 已完成 0 个任务, AGV: 空闲5 移动中3 装卸0
[2026-05-25 22:02:16,690] INFO - agv_controller.py:567 - AGV 2: 已取货，前往送货点 (24, 4)
[2026-05-25 22:02:18,501] INFO - task_allocator.py:247 - 生成任务 3: 取货 (0, 17) → 送货 (25, 48)
[2026-05-25 22:02:18,502] INFO - task_allocator.py:247 - 生成任务 4: 取货 (0, 12) → 送货 (25, 32)
[2026-05-25 22:02:18,502] INFO - od_flow.py:188 - 任务 3 分配给 AGV 3
[2026-05-25 22:02:18,502] INFO - task_allocator.py:322 - 分配任务 3 → AGV 3 (距离 19)
[2026-05-25 22:02:18,502] INFO - od_flow.py:188 - 任务 4 分配给 AGV 6
[2026-05-25 22:02:18,502] INFO - task_allocator.py:322 - 分配任务 4 → AGV 6 (距离 51)
[2026-05-25 22:02:18,502] INFO - agv_controller.py:173 - AGV 3: 任务3 前往取货点 (0, 17)
[2026-05-25 22:02:18,502] INFO - agv_controller.py:173 - AGV 6: 任务4 前往取货点 (0, 12)
[2026-05-25 22:02:19,305] INFO - task_allocator.py:247 - 生成任务 5: 取货 (0, 7) → 送货 (24, 12)
[2026-05-25 22:02:19,305] INFO - od_flow.py:188 - 任务 5 分配给 AGV 7
[2026-05-25 22:02:19,306] INFO - task_allocator.py:322 - 分配任务 5 → AGV 7 (距离 48)
[2026-05-25 22:02:19,306] INFO - agv_controller.py:173 - AGV 7: 任务5 前往取货点 (0, 7)
[2026-05-25 22:02:19,907] INFO - task_allocator.py:247 - 生成任务 6: 取货 (0, 12) → 送货 (24, 44)
[2026-05-25 22:02:19,907] INFO - od_flow.py:188 - 任务 6 分配给 AGV 5
[2026-05-25 22:02:19,907] INFO - task_allocator.py:322 - 分配任务 6 → AGV 5 (距离 54)
[2026-05-25 22:02:19,907] INFO - agv_controller.py:173 - AGV 5: 任务6 前往取货点 (0, 12)
[2026-05-25 22:02:20,007] INFO - task_allocator.py:247 - 生成任务 7: 取货 (0, 37) → 送货 (25, 40)
[2026-05-25 22:02:20,008] INFO - task_allocator.py:247 - 生成任务 8: 取货 (49, 47) → 送货 (24, 20)
[2026-05-25 22:02:20,008] INFO - od_flow.py:188 - 任务 7 分配给 AGV 4
[2026-05-25 22:02:20,008] INFO - task_allocator.py:322 - 分配任务 7 → AGV 4 (距离 82)
[2026-05-25 22:02:20,008] INFO - agv_controller.py:173 - AGV 4: 任务7 前往取货点 (0, 37)
[2026-05-25 22:02:20,011] WARNING - mapf_planner.py:292 - AGV 4: 无法找到路径 (47, 2) → (0, 37)
[2026-05-25 22:02:20,108] INFO - task_allocator.py:247 - 生成任务 9: 取货 (49, 37) → 送货 (25, 8)
[2026-05-25 22:02:20,112] INFO - agv_controller.py:567 - AGV 0: 已取货，前往送货点 (24, 28)
[2026-05-25 22:02:20,212] WARNING - mapf_planner.py:292 - AGV 4: 无法找到路径 (47, 3) → (0, 37)
[2026-05-25 22:02:20,215] INFO - agv_controller.py:567 - AGV 1: 已取货，前往送货点 (24, 36)
[2026-05-25 22:02:20,317] WARNING - mapf_planner.py:292 - AGV 4: 无法找到路径 (47, 3) → (0, 37)
[2026-05-25 22:02:20,415] INFO - agv_controller.py:567 - AGV 3: 已取货，前往送货点 (25, 48)
[2026-05-25 22:02:20,515] INFO - agv_controller.py:579 - AGV 2: 任务 0 完成！
[2026-05-25 22:02:20,515] INFO - od_flow.py:243 - 任务 0 已完成
[2026-05-25 22:02:20,611] INFO - od_flow.py:188 - 任务 8 分配给 AGV 2
[2026-05-25 22:02:20,611] INFO - task_allocator.py:322 - 分配任务 8 → AGV 2 (距离 86)
[2026-05-25 22:02:20,611] INFO - agv_controller.py:173 - AGV 2: 任务8 前往取货点 (49, 47)
[2026-05-25 22:02:20,616] WARNING - mapf_planner.py:292 - AGV 2: 无法找到路径 (24, 4) → (49, 47)
[2026-05-25 22:02:20,712] INFO - task_allocator.py:247 - 生成任务 10: 取货 (49, 37) → 送货 (25, 16)
[2026-05-25 22:02:20,717] WARNING - mapf_planner.py:292 - AGV 2: 无法找到路径 (24, 4) → (49, 47)
[2026-05-25 22:02:20,724] WARNING - mapf_planner.py:292 - AGV 4: 无法找到路径 (44, 3) → (0, 37)
[2026-05-25 22:02:20,818] WARNING - mapf_planner.py:292 - AGV 4: 无法找到路径 (44, 3) → (0, 37)
[2026-05-25 22:02:20,920] WARNING - mapf_planner.py:292 - AGV 4: 无法找到路径 (44, 3) → (0, 37)
[2026-05-25 22:02:21,019] WARNING - mapf_planner.py:292 - AGV 4: 无法找到路径 (44, 3) → (0, 37)
[2026-05-25 22:02:21,315] INFO - task_allocator.py:247 - 生成任务 11: 取货 (0, 37) → 送货 (25, 24)
[2026-05-25 22:02:21,421] WARNING - mapf_planner.py:292 - AGV 4: 无法找到路径 (43, 5) → (0, 37)
[2026-05-25 22:02:21,622] WARNING - mapf_planner.py:292 - AGV 4: 无法找到路径 (42, 5) → (0, 37)
[2026-05-25 22:02:21,721] WARNING - mapf_planner.py:292 - AGV 4: 无法找到路径 (42, 5) → (0, 37)
[2026-05-25 22:02:21,922] WARNING - mapf_planner.py:292 - AGV 4: 无法找到路径 (41, 5) → (0, 37)
[2026-05-25 22:02:22,024] WARNING - mapf_planner.py:292 - AGV 4: 无法找到路径 (41, 5) → (0, 37)
[2026-05-25 22:02:22,124] WARNING - mapf_planner.py:292 - AGV 4: 无法找到路径 (41, 5) → (0, 37)
[2026-05-25 22:02:22,222] WARNING - mapf_planner.py:292 - AGV 2: 无法找到路径 (31, 9) → (49, 47)
[2026-05-25 22:02:22,320] INFO - task_allocator.py:247 - 生成任务 12: 取货 (49, 42) → 送货 (24, 4)
[2026-05-25 22:02:22,427] WARNING - mapf_planner.py:292 - AGV 4: 无法找到路径 (40, 6) → (0, 37)
[2026-05-25 22:02:22,929] WARNING - mapf_planner.py:292 - AGV 4: 无法找到路径 (38, 8) → (0, 37)
[2026-05-25 22:02:23,129] WARNING - mapf_planner.py:292 - AGV 4: 无法找到路径 (38, 9) → (0, 37)
[2026-05-25 22:02:23,331] INFO - agv_controller.py:579 - AGV 1: 任务 1 完成！
[2026-05-25 22:02:23,331] INFO - od_flow.py:243 - 任务 1 已完成
[2026-05-25 22:02:23,427] INFO - od_flow.py:188 - 任务 9 分配给 AGV 1
[2026-05-25 22:02:23,427] INFO - task_allocator.py:322 - 分配任务 9 → AGV 1 (距离 79)
[2026-05-25 22:02:23,427] INFO - agv_controller.py:173 - AGV 1: 任务9 前往取货点 (49, 37)
[2026-05-25 22:02:23,433] WARNING - mapf_planner.py:292 - AGV 4: 无法找到路径 (37, 10) → (0, 37)
[2026-05-25 22:02:23,531] INFO - agv_controller.py:579 - AGV 0: 任务 2 完成！
[2026-05-25 22:02:23,531] INFO - od_flow.py:243 - 任务 2 已完成
[2026-05-25 22:02:23,627] INFO - od_flow.py:188 - 任务 10 分配给 AGV 0
[2026-05-25 22:02:23,628] INFO - task_allocator.py:322 - 分配任务 10 → AGV 0 (距离 82)
[2026-05-25 22:02:23,628] INFO - agv_controller.py:173 - AGV 0: 任务10 前往取货点 (49, 37)
[2026-05-25 22:02:23,632] INFO - agv_controller.py:567 - AGV 6: 已取货，前往送货点 (25, 32)
[2026-05-25 22:02:23,732] WARNING - mapf_planner.py:292 - AGV 4: 无法找到路径 (35, 10) → (0, 37)
[2026-05-25 22:02:24,134] WARNING - mapf_planner.py:292 - AGV 4: 无法找到路径 (35, 13) → (0, 37)
[2026-05-25 22:02:24,136] INFO - agv_controller.py:567 - AGV 7: 已取货，前往送货点 (24, 12)
[2026-05-25 22:02:24,532] INFO - task_allocator.py:247 - 生成任务 13: 取货 (0, 27) → 送货 (24, 36)
[2026-05-25 22:02:25,235] INFO - task_allocator.py:247 - 生成任务 14: 取货 (49, 2) → 送货 (24, 28)
[2026-05-25 22:02:25,339] INFO - agv_controller.py:567 - AGV 5: 已取货，前往送货点 (24, 44)
[2026-05-25 22:02:25,442] INFO - main.py:190 - 步数 100: 已完成 3 个任务, AGV: 空闲0 移动中8 装卸0
[2026-05-25 22:02:26,040] INFO - agv_controller.py:567 - AGV 1: 已取货，前往送货点 (25, 8)
[2026-05-25 22:02:26,143] WARNING - mapf_planner.py:292 - AGV 1: 无法找到路径 (49, 37) → (25, 8)
[2026-05-25 22:02:26,150] INFO - agv_controller.py:579 - AGV 3: 任务 3 完成！
[2026-05-25 22:02:26,150] INFO - od_flow.py:243 - 任务 3 已完成
[2026-05-25 22:02:26,239] INFO - od_flow.py:188 - 任务 11 分配给 AGV 3
[2026-05-25 22:02:26,239] INFO - task_allocator.py:322 - 分配任务 11 → AGV 3 (距离 39)
[2026-05-25 22:02:26,239] INFO - agv_controller.py:173 - AGV 3: 任务11 前往取货点 (0, 37)
[2026-05-25 22:02:26,339] INFO - task_allocator.py:247 - 生成任务 15: 取货 (0, 17) → 送货 (25, 48)
[2026-05-25 22:02:26,646] WARNING - mapf_planner.py:292 - AGV 1: 无法找到路径 (46, 36) → (25, 8)
[2026-05-25 22:02:26,748] WARNING - mapf_planner.py:292 - AGV 1: 无法找到路径 (46, 36) → (25, 8)
[2026-05-25 22:02:27,150] INFO - agv_controller.py:579 - AGV 7: 任务 5 完成！
[2026-05-25 22:02:27,150] INFO - od_flow.py:243 - 任务 5 已完成
[2026-05-25 22:02:27,246] INFO - od_flow.py:188 - 任务 12 分配给 AGV 7
[2026-05-25 22:02:27,246] INFO - task_allocator.py:322 - 分配任务 12 → AGV 7 (距离 44)
[2026-05-25 22:02:27,246] INFO - agv_controller.py:173 - AGV 7: 任务12 前往取货点 (49, 42)
[2026-05-25 22:02:27,253] INFO - agv_controller.py:567 - AGV 0: 已取货，前往送货点 (25, 16)
[2026-05-25 22:02:27,346] INFO - task_allocator.py:247 - 生成任务 16: 取货 (0, 17) → 送货 (24, 12)
[2026-05-25 22:02:27,455] WARNING - mapf_planner.py:292 - AGV 7: 无法找到路径 (26, 12) → (49, 42)
[2026-05-25 22:02:27,952] INFO - agv_controller.py:567 - AGV 2: 已取货，前往送货点 (24, 20)
[2026-05-25 22:02:28,051] WARNING - mapf_planner.py:292 - AGV 2: 无法找到路径 (49, 47) → (24, 20)
[2026-05-25 22:02:28,256] INFO - agv_controller.py:579 - AGV 6: 任务 4 完成！
[2026-05-25 22:02:28,256] INFO - od_flow.py:243 - 任务 4 已完成
[2026-05-25 22:02:28,348] INFO - od_flow.py:188 - 任务 13 分配给 AGV 6
[2026-05-25 22:02:28,348] INFO - task_allocator.py:322 - 分配任务 13 → AGV 6 (距离 66)
[2026-05-25 22:02:28,348] INFO - agv_controller.py:173 - AGV 6: 任务13 前往取货点 (0, 27)
[2026-05-25 22:02:28,550] INFO - task_allocator.py:247 - 生成任务 17: 取货 (0, 42) → 送货 (25, 32)
[2026-05-25 22:02:28,554] WARNING - mapf_planner.py:292 - AGV 2: 无法找到路径 (47, 45) → (24, 20)
[2026-05-25 22:02:29,857] INFO - agv_controller.py:567 - AGV 3: 已取货，前往送货点 (25, 24)
[2026-05-25 22:02:30,160] INFO - agv_controller.py:567 - AGV 4: 已取货，前往送货点 (25, 40)
[2026-05-25 22:02:31,060] INFO - agv_controller.py:579 - AGV 5: 任务 6 完成！
[2026-05-25 22:02:31,061] INFO - od_flow.py:243 - 任务 6 已完成
[2026-05-25 22:02:31,159] INFO - od_flow.py:188 - 任务 14 分配给 AGV 5
[2026-05-25 22:02:31,159] INFO - task_allocator.py:322 - 分配任务 14 → AGV 5 (距离 5)
[2026-05-25 22:02:31,160] INFO - agv_controller.py:173 - AGV 5: 任务14 前往取货点 (49, 2)
[2026-05-25 22:02:31,164] WARNING - mapf_planner.py:292 - AGV 5: 无法找到路径 (24, 44) → (49, 2)
[2026-05-25 22:02:31,266] WARNING - mapf_planner.py:292 - AGV 5: 无法找到路径 (24, 44) → (49, 2)
[2026-05-25 22:02:31,364] INFO - agv_controller.py:567 - AGV 6: 已取货，前往送货点 (24, 36)
[2026-05-25 22:02:31,466] WARNING - mapf_planner.py:292 - AGV 5: 无法找到路径 (25, 44) → (49, 2)
[2026-05-25 22:02:31,664] WARNING - mapf_planner.py:292 - AGV 5: 无法找到路径 (26, 44) → (49, 2)
[2026-05-25 22:02:31,763] INFO - agv_controller.py:579 - AGV 1: 任务 9 完成！
[2026-05-25 22:02:31,764] INFO - od_flow.py:243 - 任务 9 已完成
[2026-05-25 22:02:31,861] INFO - task_allocator.py:247 - 生成任务 18: 取货 (49, 12) → 送货 (24, 44)
[2026-05-25 22:02:31,861] INFO - od_flow.py:188 - 任务 15 分配给 AGV 1
[2026-05-25 22:02:31,861] INFO - task_allocator.py:322 - 分配任务 15 → AGV 1 (距离 14)
[2026-05-25 22:02:31,861] INFO - agv_controller.py:173 - AGV 1: 任务15 前往取货点 (0, 17)
[2026-05-25 22:02:31,865] INFO - agv_controller.py:579 - AGV 0: 任务 10 完成！
[2026-05-25 22:02:31,865] INFO - od_flow.py:243 - 任务 10 已完成
[2026-05-25 22:02:31,961] INFO - od_flow.py:188 - 任务 16 分配给 AGV 0
[2026-05-25 22:02:31,961] INFO - task_allocator.py:322 - 分配任务 16 → AGV 0 (距离 17)
[2026-05-25 22:02:31,962] INFO - agv_controller.py:173 - AGV 0: 任务16 前往取货点 (0, 17)
[2026-05-25 22:02:31,967] WARNING - mapf_planner.py:292 - AGV 5: 无法找到路径 (27, 43) → (49, 2)
[2026-05-25 22:02:32,229] WARNING - mapf_planner.py:292 - AGV 5: 无法找到路径 (27, 42) → (49, 2)
[2026-05-25 22:02:32,364] INFO - task_allocator.py:247 - 生成任务 19: 取货 (49, 37) → 送货 (25, 16)
[2026-05-25 22:02:32,368] WARNING - mapf_planner.py:292 - AGV 5: 无法找到路径 (28, 42) → (49, 2)
[2026-05-25 22:02:32,671] WARNING - mapf_planner.py:292 - AGV 5: 无法找到路径 (30, 42) → (49, 2)
[2026-05-25 22:02:32,867] INFO - task_allocator.py:247 - 生成任务 20: 取货 (49, 47) → 送货 (25, 8)
[2026-05-25 22:02:32,870] INFO - agv_controller.py:567 - AGV 7: 已取货，前往送货点 (24, 4)
[2026-05-25 22:02:32,974] WARNING - mapf_planner.py:292 - AGV 7: 无法找到路径 (49, 42) → (24, 4)
[2026-05-25 22:02:33,075] INFO - agv_controller.py:579 - AGV 4: 任务 7 完成！
[2026-05-25 22:02:33,075] INFO - od_flow.py:243 - 任务 7 已完成
[2026-05-25 22:02:33,172] INFO - od_flow.py:188 - 任务 17 分配给 AGV 4
[2026-05-25 22:02:33,172] INFO - task_allocator.py:322 - 分配任务 17 → AGV 4 (距离 87)
[2026-05-25 22:02:33,173] INFO - agv_controller.py:173 - AGV 4: 任务17 前往取货点 (0, 42)
[2026-05-25 22:02:33,278] WARNING - mapf_planner.py:292 - AGV 7: 无法找到路径 (48, 41) → (24, 4)
[2026-05-25 22:02:33,480] WARNING - mapf_planner.py:292 - AGV 7: 无法找到路径 (47, 41) → (24, 4)
[2026-05-25 22:02:33,480] INFO - agv_controller.py:579 - AGV 2: 任务 8 完成！
[2026-05-25 22:02:33,480] INFO - od_flow.py:243 - 任务 8 已完成
[2026-05-25 22:02:33,575] INFO - od_flow.py:188 - 任务 18 分配给 AGV 2
[2026-05-25 22:02:33,576] INFO - task_allocator.py:322 - 分配任务 18 → AGV 2 (距离 51)
[2026-05-25 22:02:33,576] INFO - agv_controller.py:173 - AGV 2: 任务18 前往取货点 (49, 12)
[2026-05-25 22:02:33,780] INFO - agv_controller.py:579 - AGV 3: 任务 11 完成！
[2026-05-25 22:02:33,780] INFO - od_flow.py:243 - 任务 11 已完成
[2026-05-25 22:02:33,876] INFO - od_flow.py:188 - 任务 19 分配给 AGV 3
[2026-05-25 22:02:33,876] INFO - task_allocator.py:322 - 分配任务 19 → AGV 3 (距离 78)
[2026-05-25 22:02:33,877] INFO - agv_controller.py:173 - AGV 3: 任务19 前往取货点 (49, 37)
[2026-05-25 22:02:34,085] WARNING - mapf_planner.py:292 - AGV 7: 无法找到路径 (44, 39) → (24, 4)
[2026-05-25 22:02:34,185] WARNING - mapf_planner.py:292 - AGV 7: 无法找到路径 (44, 39) → (24, 4)
[2026-05-25 22:02:34,380] INFO - task_allocator.py:247 - 生成任务 21: 取货 (49, 42) → 送货 (24, 20)
[2026-05-25 22:02:34,486] WARNING - mapf_planner.py:292 - AGV 7: 无法找到路径 (43, 38) → (24, 4)
[2026-05-25 22:02:34,588] WARNING - mapf_planner.py:292 - AGV 7: 无法找到路径 (43, 38) → (24, 4)
[2026-05-25 22:02:34,588] INFO - agv_controller.py:567 - AGV 0: 已取货，前往送货点 (24, 12)
[2026-05-25 22:02:34,789] INFO - agv_controller.py:579 - AGV 6: 任务 13 完成！
[2026-05-25 22:02:34,789] INFO - od_flow.py:243 - 任务 13 已完成
[2026-05-25 22:02:34,884] INFO - od_flow.py:188 - 任务 20 分配给 AGV 6
[2026-05-25 22:02:34,885] INFO - task_allocator.py:322 - 分配任务 20 → AGV 6 (距离 41)
[2026-05-25 22:02:34,885] INFO - agv_controller.py:173 - AGV 6: 任务20 前往取货点 (49, 47)
[2026-05-25 22:02:34,985] INFO - task_allocator.py:247 - 生成任务 22: 取货 (0, 12) → 送货 (24, 36)
[2026-05-25 22:02:35,085] INFO - task_allocator.py:247 - 生成任务 23: 取货 (0, 37) → 送货 (25, 40)
[2026-05-25 22:02:35,290] INFO - agv_controller.py:567 - AGV 1: 已取货，前往送货点 (25, 48)
[2026-05-25 22:02:35,491] INFO - main.py:190 - 步数 200: 已完成 13 个任务, AGV: 空闲0 移动中8 装卸0
[2026-05-25 22:02:35,892] WARNING - mapf_planner.py:292 - AGV 1: 无法找到路径 (3, 19) → (25, 48)
[2026-05-25 22:02:35,896] INFO - agv_controller.py:567 - AGV 4: 已取货，前往送货点 (25, 32)
[2026-05-25 22:02:36,190] INFO - task_allocator.py:247 - 生成任务 24: 取货 (0, 12) → 送货 (25, 24)
[2026-05-25 22:02:36,294] WARNING - mapf_planner.py:292 - AGV 1: 无法找到路径 (4, 21) → (25, 48)
[2026-05-25 22:02:36,897] INFO - agv_controller.py:567 - AGV 2: 已取货，前往送货点 (24, 44)
[2026-05-25 22:02:37,100] WARNING - mapf_planner.py:292 - AGV 2: 无法找到路径 (49, 13) → (24, 44)
[2026-05-25 22:02:37,300] WARNING - mapf_planner.py:292 - AGV 2: 无法找到路径 (48, 13) → (24, 44)
[2026-05-25 22:02:37,498] WARNING - mapf_planner.py:292 - AGV 2: 无法找到路径 (48, 14) → (24, 44)
[2026-05-25 22:02:37,600] INFO - agv_controller.py:579 - AGV 0: 任务 16 完成！
[2026-05-25 22:02:37,601] INFO - od_flow.py:243 - 任务 16 已完成
[2026-05-25 22:02:37,601] INFO - agv_controller.py:567 - AGV 3: 已取货，前往送货点 (25, 16)
[2026-05-25 22:02:37,695] INFO - task_allocator.py:247 - 生成任务 25: 取货 (0, 32) → 送货 (24, 12)
[2026-05-25 22:02:37,695] INFO - od_flow.py:188 - 任务 21 分配给 AGV 0
[2026-05-25 22:02:37,696] INFO - task_allocator.py:322 - 分配任务 21 → AGV 0 (距离 87)
[2026-05-25 22:02:37,696] INFO - agv_controller.py:173 - AGV 0: 任务21 前往取货点 (49, 42)
[2026-05-25 22:02:38,001] WARNING - mapf_planner.py:292 - AGV 2: 无法找到路径 (47, 17) → (24, 44)
[2026-05-25 22:02:38,300] WARNING - mapf_planner.py:292 - AGV 0: 无法找到路径 (27, 15) → (49, 42)
[2026-05-25 22:02:38,500] WARNING - mapf_planner.py:292 - AGV 0: 无法找到路径 (28, 15) → (49, 42)
[2026-05-25 22:02:38,503] WARNING - mapf_planner.py:292 - AGV 7: 无法找到路径 (30, 13) → (24, 4)
[2026-05-25 22:02:38,504] INFO - agv_controller.py:567 - AGV 6: 已取货，前往送货点 (25, 8)
[2026-05-25 22:02:38,605] WARNING - mapf_planner.py:292 - AGV 7: 无法找到路径 (29, 13) → (24, 4)
[2026-05-25 22:02:38,702] INFO - agv_controller.py:567 - AGV 5: 已取货，前往送货点 (24, 28)
[2026-05-25 22:02:38,908] WARNING - mapf_planner.py:292 - AGV 6: 无法找到路径 (47, 46) → (25, 8)
[2026-05-25 22:02:39,410] WARNING - mapf_planner.py:292 - AGV 6: 无法找到路径 (46, 43) → (25, 8)
[2026-05-25 22:02:39,510] INFO - agv_controller.py:579 - AGV 4: 任务 17 完成！
[2026-05-25 22:02:39,510] INFO - od_flow.py:243 - 任务 17 已完成
[2026-05-25 22:02:39,605] INFO - od_flow.py:188 - 任务 22 分配给 AGV 4
[2026-05-25 22:02:39,605] INFO - task_allocator.py:322 - 分配任务 22 → AGV 4 (距离 57)
[2026-05-25 22:02:39,605] INFO - agv_controller.py:173 - AGV 4: 任务22 前往取货点 (0, 12)
[2026-05-25 22:02:40,015] INFO - agv_controller.py:579 - AGV 7: 任务 12 完成！
[2026-05-25 22:02:40,016] INFO - od_flow.py:243 - 任务 12 已完成
[2026-05-25 22:02:40,107] INFO - od_flow.py:188 - 任务 23 分配给 AGV 7
[2026-05-25 22:02:40,107] INFO - task_allocator.py:322 - 分配任务 23 → AGV 7 (距离 78)
[2026-05-25 22:02:40,108] INFO - agv_controller.py:173 - AGV 7: 任务23 前往取货点 (0, 37)
[2026-05-25 22:02:40,208] INFO - task_allocator.py:247 - 生成任务 26: 取货 (0, 27) → 送货 (24, 4)
[2026-05-25 22:02:40,720] WARNING - mapf_planner.py:292 - AGV 7: 无法找到路径 (19, 5) → (0, 37)
[2026-05-25 22:02:41,217] INFO - agv_controller.py:579 - AGV 1: 任务 15 完成！
[2026-05-25 22:02:41,218] INFO - od_flow.py:243 - 任务 15 已完成
[2026-05-25 22:02:41,313] INFO - od_flow.py:188 - 任务 24 分配给 AGV 1
[2026-05-25 22:02:41,313] INFO - task_allocator.py:322 - 分配任务 24 → AGV 1 (距离 9)
[2026-05-25 22:02:41,313] INFO - agv_controller.py:173 - AGV 1: 任务24 前往取货点 (0, 12)
[2026-05-25 22:02:41,318] WARNING - mapf_planner.py:292 - AGV 1: 无法找到路径 (25, 48) → (0, 12)
[2026-05-25 22:02:41,413] INFO - task_allocator.py:247 - 生成任务 27: 取货 (0, 27) → 送货 (25, 48)
[2026-05-25 22:02:41,619] WARNING - mapf_planner.py:292 - AGV 1: 无法找到路径 (24, 47) → (0, 12)
[2026-05-25 22:02:42,119] INFO - task_allocator.py:247 - 生成任务 28: 取货 (49, 12) → 送货 (25, 32)
[2026-05-25 22:02:42,224] INFO - agv_controller.py:579 - AGV 3: 任务 19 完成！
[2026-05-25 22:02:42,224] INFO - od_flow.py:243 - 任务 19 已完成
[2026-05-25 22:02:42,321] INFO - od_flow.py:188 - 任务 25 分配给 AGV 3
[2026-05-25 22:02:42,321] INFO - task_allocator.py:322 - 分配任务 25 → AGV 3 (距离 34)
[2026-05-25 22:02:42,321] INFO - agv_controller.py:173 - AGV 3: 任务25 前往取货点 (0, 32)
[2026-05-25 22:02:42,525] WARNING - mapf_planner.py:292 - AGV 1: 无法找到路径 (20, 43) → (0, 12)
[2026-05-25 22:02:43,123] INFO - task_allocator.py:247 - 生成任务 29: 取货 (49, 37) → 送货 (25, 16)
[2026-05-25 22:02:43,126] INFO - agv_controller.py:579 - AGV 2: 任务 18 完成！
[2026-05-25 22:02:43,126] INFO - od_flow.py:243 - 任务 18 已完成
[2026-05-25 22:02:43,223] INFO - od_flow.py:188 - 任务 26 分配给 AGV 2
[2026-05-25 22:02:43,224] INFO - task_allocator.py:322 - 分配任务 26 → AGV 2 (距离 21)
[2026-05-25 22:02:43,224] INFO - agv_controller.py:173 - AGV 2: 任务26 前往取货点 (0, 27)
[2026-05-25 22:02:43,427] INFO - agv_controller.py:567 - AGV 0: 已取货，前往送货点 (24, 20)
[2026-05-25 22:02:43,629] WARNING - mapf_planner.py:292 - AGV 0: 无法找到路径 (49, 41) → (24, 20)
[2026-05-25 22:02:43,932] INFO - agv_controller.py:579 - AGV 5: 任务 14 完成！
[2026-05-25 22:02:43,932] INFO - od_flow.py:243 - 任务 14 已完成
[2026-05-25 22:02:44,027] INFO - od_flow.py:188 - 任务 27 分配给 AGV 5
[2026-05-25 22:02:44,027] INFO - task_allocator.py:322 - 分配任务 27 → AGV 5 (距离 69)
[2026-05-25 22:02:44,028] INFO - agv_controller.py:173 - AGV 5: 任务27 前往取货点 (0, 27)
[2026-05-25 22:02:44,131] INFO - agv_controller.py:567 - AGV 4: 已取货，前往送货点 (24, 36)
[2026-05-25 22:02:44,227] INFO - task_allocator.py:247 - 生成任务 30: 取货 (49, 2) → 送货 (24, 28)
[2026-05-25 22:02:44,533] WARNING - mapf_planner.py:292 - AGV 6: 无法找到路径 (26, 13) → (25, 8)
[2026-05-25 22:02:45,135] INFO - agv_controller.py:579 - AGV 6: 任务 20 完成！
[2026-05-25 22:02:45,135] INFO - od_flow.py:243 - 任务 20 已完成
[2026-05-25 22:02:45,233] INFO - od_flow.py:188 - 任务 28 分配给 AGV 6
[2026-05-25 22:02:45,233] INFO - task_allocator.py:322 - 分配任务 28 → AGV 6 (距离 6)
[2026-05-25 22:02:45,233] INFO - agv_controller.py:173 - AGV 6: 任务28 前往取货点 (49, 12)
[2026-05-25 22:02:45,537] INFO - main.py:190 - 步数 300: 已完成 21 个任务, AGV: 空闲0 移动中8 装卸0
[2026-05-25 22:02:45,636] INFO - task_allocator.py:247 - 生成任务 31: 取货 (0, 37) → 送货 (24, 44)
[2026-05-25 22:02:45,941] INFO - agv_controller.py:567 - AGV 7: 已取货，前往送货点 (25, 40)
[2026-05-25 22:02:46,241] INFO - task_allocator.py:247 - 生成任务 32: 取货 (49, 2) → 送货 (25, 8)
[2026-05-25 22:02:46,444] INFO - agv_controller.py:567 - AGV 3: 已取货，前往送货点 (24, 12)
[2026-05-25 22:02:46,547] INFO - agv_controller.py:567 - AGV 5: 已取货，前往送货点 (25, 48)
[2026-05-25 22:02:47,547] INFO - agv_controller.py:567 - AGV 2: 已取货，前往送货点 (24, 4)
[2026-05-25 22:02:47,751] INFO - agv_controller.py:567 - AGV 1: 已取货，前往送货点 (25, 24)
[2026-05-25 22:02:48,051] INFO - agv_controller.py:567 - AGV 6: 已取货，前往送货点 (25, 32)
[2026-05-25 22:02:48,352] INFO - agv_controller.py:579 - AGV 0: 任务 21 完成！
[2026-05-25 22:02:48,353] INFO - od_flow.py:243 - 任务 21 已完成
[2026-05-25 22:02:48,447] INFO - od_flow.py:188 - 任务 29 分配给 AGV 0
[2026-05-25 22:02:48,447] INFO - task_allocator.py:322 - 分配任务 29 → AGV 0 (距离 82)
[2026-05-25 22:02:48,448] INFO - agv_controller.py:173 - AGV 0: 任务29 前往取货点 (49, 37)
[2026-05-25 22:02:48,849] INFO - task_allocator.py:247 - 生成任务 33: 取货 (0, 32) → 送货 (24, 20)
[2026-05-25 22:02:48,856] INFO - agv_controller.py:579 - AGV 7: 任务 23 完成！
[2026-05-25 22:02:48,857] INFO - od_flow.py:243 - 任务 23 已完成
[2026-05-25 22:02:48,949] INFO - od_flow.py:188 - 任务 30 分配给 AGV 7
[2026-05-25 22:02:48,949] INFO - task_allocator.py:322 - 分配任务 30 → AGV 7 (距离 6)
[2026-05-25 22:02:48,949] INFO - agv_controller.py:173 - AGV 7: 任务30 前往取货点 (49, 2)
[2026-05-25 22:02:49,061] INFO - agv_controller.py:579 - AGV 4: 任务 22 完成！
[2026-05-25 22:02:49,061] INFO - od_flow.py:243 - 任务 22 已完成
[2026-05-25 22:02:49,149] INFO - od_flow.py:188 - 任务 31 分配给 AGV 4
[2026-05-25 22:02:49,149] INFO - task_allocator.py:322 - 分配任务 31 → AGV 4 (距离 82)
[2026-05-25 22:02:49,149] INFO - agv_controller.py:173 - AGV 4: 任务31 前往取货点 (0, 37)
[2026-05-25 22:02:49,249] INFO - task_allocator.py:247 - 生成任务 34: 取货 (49, 12) → 送货 (25, 40)
[2026-05-25 22:02:49,458] WARNING - mapf_planner.py:292 - AGV 7: 无法找到路径 (29, 39) → (49, 2)
[2026-05-25 22:02:49,752] INFO - task_allocator.py:247 - 生成任务 35: 取货 (0, 22) → 送货 (24, 36)
[2026-05-25 22:02:50,060] WARNING - mapf_planner.py:292 - AGV 7: 无法找到路径 (33, 38) → (49, 2)
[2026-05-25 22:02:50,656] WARNING - mapf_planner.py:292 - AGV 6: 无法找到路径 (32, 20) → (25, 32)
[2026-05-25 22:02:50,958] INFO - agv_controller.py:579 - AGV 3: 任务 25 完成！
[2026-05-25 22:02:50,958] INFO - od_flow.py:243 - 任务 25 已完成
[2026-05-25 22:02:51,057] INFO - od_flow.py:188 - 任务 32 分配给 AGV 3
[2026-05-25 22:02:51,057] INFO - task_allocator.py:322 - 分配任务 32 → AGV 3 (距离 45)
[2026-05-25 22:02:51,058] INFO - agv_controller.py:173 - AGV 3: 任务32 前往取货点 (49, 2)
[2026-05-25 22:02:51,262] INFO - agv_controller.py:579 - AGV 5: 任务 27 完成！
[2026-05-25 22:02:51,262] INFO - od_flow.py:243 - 任务 27 已完成
[2026-05-25 22:02:51,360] INFO - od_flow.py:188 - 任务 33 分配给 AGV 5
[2026-05-25 22:02:51,361] INFO - task_allocator.py:322 - 分配任务 33 → AGV 5 (距离 74)
[2026-05-25 22:02:51,361] INFO - agv_controller.py:173 - AGV 5: 任务33 前往取货点 (0, 32)
[2026-05-25 22:02:51,663] INFO - agv_controller.py:567 - AGV 4: 已取货，前往送货点 (24, 44)
[2026-05-25 22:02:51,762] INFO - task_allocator.py:247 - 生成任务 36: 取货 (49, 42) → 送货 (25, 48)
[2026-05-25 22:02:51,764] INFO - agv_controller.py:579 - AGV 1: 任务 24 完成！
[2026-05-25 22:02:51,764] INFO - od_flow.py:243 - 任务 24 已完成
[2026-05-25 22:02:51,862] INFO - od_flow.py:188 - 任务 34 分配给 AGV 1
[2026-05-25 22:02:51,862] INFO - task_allocator.py:322 - 分配任务 34 → AGV 1 (距离 54)
[2026-05-25 22:02:51,862] INFO - agv_controller.py:173 - AGV 1: 任务34 前往取货点 (49, 12)
[2026-05-25 22:02:52,366] INFO - agv_controller.py:579 - AGV 2: 任务 26 完成！
[2026-05-25 22:02:52,367] INFO - od_flow.py:243 - 任务 26 已完成
[2026-05-25 22:02:52,463] INFO - od_flow.py:188 - 任务 35 分配给 AGV 2
[2026-05-25 22:02:52,463] INFO - task_allocator.py:322 - 分配任务 35 → AGV 2 (距离 16)
[2026-05-25 22:02:52,464] INFO - agv_controller.py:173 - AGV 2: 任务35 前往取货点 (0, 22)
[2026-05-25 22:02:52,664] INFO - task_allocator.py:247 - 生成任务 37: 取货 (49, 42) → 送货 (24, 12)
[2026-05-25 22:02:52,668] INFO - agv_controller.py:567 - AGV 0: 已取货，前往送货点 (25, 16)
[2026-05-25 22:02:52,668] INFO - agv_controller.py:579 - AGV 6: 任务 28 完成！
[2026-05-25 22:02:52,669] INFO - od_flow.py:243 - 任务 28 已完成
[2026-05-25 22:02:52,764] INFO - od_flow.py:188 - 任务 36 分配给 AGV 6
[2026-05-25 22:02:52,764] INFO - task_allocator.py:322 - 分配任务 36 → AGV 6 (距离 36)
[2026-05-25 22:02:52,765] INFO - agv_controller.py:173 - AGV 6: 任务36 前往取货点 (49, 42)
[2026-05-25 22:02:52,964] INFO - task_allocator.py:247 - 生成任务 38: 取货 (49, 7) → 送货 (24, 4)
[2026-05-25 22:02:53,267] INFO - task_allocator.py:247 - 生成任务 39: 取货 (0, 22) → 送货 (25, 32)
[2026-05-25 22:02:53,268] INFO - task_allocator.py:247 - 生成任务 40: 取货 (0, 12) → 送货 (25, 24)
[2026-05-25 22:02:54,574] INFO - agv_controller.py:567 - AGV 3: 已取货，前往送货点 (25, 8)
[2026-05-25 22:02:54,875] INFO - agv_controller.py:579 - AGV 4: 任务 31 完成！
[2026-05-25 22:02:54,876] INFO - od_flow.py:243 - 任务 31 已完成
[2026-05-25 22:02:54,974] INFO - od_flow.py:188 - 任务 37 分配给 AGV 4
[2026-05-25 22:02:54,974] INFO - task_allocator.py:322 - 分配任务 37 → AGV 4 (距离 42)
[2026-05-25 22:02:54,974] INFO - agv_controller.py:173 - AGV 4: 任务37 前往取货点 (49, 42)
[2026-05-25 22:02:55,074] INFO - task_allocator.py:247 - 生成任务 41: 取货 (0, 27) → 送货 (24, 44)
[2026-05-25 22:02:55,376] INFO - agv_controller.py:567 - AGV 7: 已取货，前往送货点 (24, 28)
[2026-05-25 22:02:55,479] INFO - agv_controller.py:567 - AGV 1: 已取货，前往送货点 (25, 40)
[2026-05-25 22:02:55,480] INFO - agv_controller.py:567 - AGV 5: 已取货，前往送货点 (24, 20)
[2026-05-25 22:02:55,579] WARNING - mapf_planner.py:292 - AGV 1: 无法找到路径 (49, 12) → (25, 40)
[2026-05-25 22:02:55,584] INFO - main.py:190 - 步数 400: 已完成 30 个任务, AGV: 空闲0 移动中8 装卸0
[2026-05-25 22:02:55,881] WARNING - mapf_planner.py:292 - AGV 1: 无法找到路径 (48, 13) → (25, 40)
[2026-05-25 22:02:55,982] WARNING - mapf_planner.py:292 - AGV 1: 无法找到路径 (48, 13) → (25, 40)
[2026-05-25 22:02:56,185] INFO - agv_controller.py:567 - AGV 6: 已取货，前往送货点 (25, 48)
[2026-05-25 22:02:56,688] INFO - agv_controller.py:567 - AGV 2: 已取货，前往送货点 (24, 36)
[2026-05-25 22:02:57,288] INFO - agv_controller.py:579 - AGV 0: 任务 29 完成！
[2026-05-25 22:02:57,289] INFO - od_flow.py:243 - 任务 29 已完成
[2026-05-25 22:02:57,386] INFO - od_flow.py:188 - 任务 38 分配给 AGV 0
[2026-05-25 22:02:57,386] INFO - task_allocator.py:322 - 分配任务 38 → AGV 0 (距离 52)
[2026-05-25 22:02:57,386] INFO - agv_controller.py:173 - AGV 0: 任务38 前往取货点 (49, 7)
[2026-05-25 22:02:57,692] INFO - agv_controller.py:579 - AGV 3: 任务 32 完成！
[2026-05-25 22:02:57,692] INFO - od_flow.py:243 - 任务 32 已完成
[2026-05-25 22:02:57,693] INFO - agv_controller.py:567 - AGV 4: 已取货，前往送货点 (24, 12)
[2026-05-25 22:02:57,789] INFO - od_flow.py:188 - 任务 39 分配给 AGV 3
[2026-05-25 22:02:57,789] INFO - task_allocator.py:322 - 分配任务 39 → AGV 3 (距离 24)
[2026-05-25 22:02:57,790] INFO - agv_controller.py:173 - AGV 3: 任务39 前往取货点 (0, 22)
[2026-05-25 22:02:57,890] INFO - task_allocator.py:247 - 生成任务 42: 取货 (0, 17) → 送货 (25, 16)
[2026-05-25 22:02:57,990] INFO - task_allocator.py:247 - 生成任务 43: 取货 (49, 2) → 送货 (25, 8)
[2026-05-25 22:02:58,097] WARNING - mapf_planner.py:292 - AGV 4: 无法找到路径 (48, 40) → (24, 12)
[2026-05-25 22:02:58,298] WARNING - mapf_planner.py:292 - AGV 4: 无法找到路径 (47, 40) → (24, 12)
[2026-05-25 22:02:58,398] WARNING - mapf_planner.py:292 - AGV 4: 无法找到路径 (47, 40) → (24, 12)
[2026-05-25 22:02:58,599] WARNING - mapf_planner.py:292 - AGV 4: 无法找到路径 (46, 40) → (24, 12)
[2026-05-25 22:02:59,196] INFO - agv_controller.py:579 - AGV 5: 任务 33 完成！
[2026-05-25 22:02:59,197] INFO - od_flow.py:243 - 任务 33 已完成
[2026-05-25 22:02:59,295] INFO - od_flow.py:188 - 任务 40 分配给 AGV 5
[2026-05-25 22:02:59,295] INFO - task_allocator.py:322 - 分配任务 40 → AGV 5 (距离 54)
[2026-05-25 22:02:59,295] INFO - agv_controller.py:173 - AGV 5: 任务40 前往取货点 (0, 12)
[2026-05-25 22:02:59,299] INFO - agv_controller.py:579 - AGV 6: 任务 36 完成！
[2026-05-25 22:02:59,299] INFO - od_flow.py:243 - 任务 36 已完成
[2026-05-25 22:02:59,396] INFO - od_flow.py:188 - 任务 41 分配给 AGV 6
[2026-05-25 22:02:59,396] INFO - task_allocator.py:322 - 分配任务 41 → AGV 6 (距离 66)
[2026-05-25 22:02:59,396] INFO - agv_controller.py:173 - AGV 6: 任务41 前往取货点 (0, 27)
[2026-05-25 22:02:59,599] INFO - task_allocator.py:247 - 生成任务 44: 取货 (0, 2) → 送货 (25, 48)
[2026-05-25 22:02:59,698] INFO - task_allocator.py:247 - 生成任务 45: 取货 (49, 32) → 送货 (24, 20)
[2026-05-25 22:03:00,603] INFO - agv_controller.py:579 - AGV 2: 任务 35 完成！
[2026-05-25 22:03:00,603] INFO - od_flow.py:243 - 任务 35 已完成
[2026-05-25 22:03:00,603] INFO - agv_controller.py:579 - AGV 7: 任务 30 完成！
[2026-05-25 22:03:00,603] INFO - od_flow.py:243 - 任务 30 已完成
[2026-05-25 22:03:00,701] INFO - od_flow.py:188 - 任务 42 分配给 AGV 2
[2026-05-25 22:03:00,701] INFO - task_allocator.py:322 - 分配任务 42 → AGV 2 (距离 11)
[2026-05-25 22:03:00,701] INFO - od_flow.py:188 - 任务 43 分配给 AGV 7
[2026-05-25 22:03:00,702] INFO - task_allocator.py:322 - 分配任务 43 → AGV 7 (距离 6)
[2026-05-25 22:03:00,702] INFO - agv_controller.py:173 - AGV 2: 任务42 前往取货点 (0, 17)
[2026-05-25 22:03:00,702] INFO - agv_controller.py:173 - AGV 7: 任务43 前往取货点 (49, 2)
[2026-05-25 22:03:00,705] INFO - agv_controller.py:567 - AGV 0: 已取货，前往送货点 (24, 4)
[2026-05-25 22:03:00,806] WARNING - mapf_planner.py:292 - AGV 7: 无法找到路径 (24, 27) → (49, 2)
[2026-05-25 22:03:01,108] INFO - agv_controller.py:579 - AGV 1: 任务 34 完成！
[2026-05-25 22:03:01,109] INFO - od_flow.py:243 - 任务 34 已完成
[2026-05-25 22:03:01,203] INFO - od_flow.py:188 - 任务 44 分配给 AGV 1
[2026-05-25 22:03:01,203] INFO - task_allocator.py:322 - 分配任务 44 → AGV 1 (距离 5)
[2026-05-25 22:03:01,204] INFO - agv_controller.py:173 - AGV 1: 任务44 前往取货点 (0, 2)
[2026-05-25 22:03:01,303] INFO - task_allocator.py:247 - 生成任务 46: 取货 (49, 32) → 送货 (25, 40)
[2026-05-25 22:03:01,307] WARNING - mapf_planner.py:292 - AGV 1: 无法找到路径 (25, 39) → (0, 2)
[2026-05-25 22:03:01,503] INFO - task_allocator.py:247 - 生成任务 47: 取货 (0, 32) → 送货 (24, 28)
[2026-05-25 22:03:01,706] WARNING - mapf_planner.py:292 - AGV 1: 无法找到路径 (23, 38) → (0, 2)
[2026-05-25 22:03:01,708] INFO - agv_controller.py:567 - AGV 3: 已取货，前往送货点 (25, 32)
[2026-05-25 22:03:02,131] WARNING - mapf_planner.py:292 - AGV 1: 无法找到路径 (22, 37) → (0, 2)
[2026-05-25 22:03:02,245] WARNING - mapf_planner.py:292 - AGV 1: 无法找到路径 (21, 37) → (0, 2)
[2026-05-25 22:03:02,392] INFO - warehouse_env.py:370 - 仿真停止，共运行 466 步
[2026-05-25 22:03:02,392] INFO - task_allocator.py:172 - 调度模块：仿真停止，共运行 466 步
[2026-05-25 22:03:02,393] INFO - agv_controller.py:184 - 控制器：仿真停止，完成 37 个任务
[2026-05-25 22:03:02,491] INFO - renderer.py:552 - 渲染器已关闭
[2026-05-25 22:03:02,492] INFO - main.py:251 - ==================================================
[2026-05-25 22:03:02,492] INFO - main.py:252 - 仿真结束
[2026-05-25 22:03:02,492] INFO - main.py:253 - 总步数: 466
[2026-05-25 22:03:02,493] INFO - main.py:254 - 完成任务: 37
[2026-05-25 22:03:02,493] INFO - main.py:255 - AGV总移动步数: 3447
[2026-05-25 22:03:02,493] INFO - main.py:256 - ==================================================
