[2026-05-26 20:41:48,422] INFO - config.py:254 - 日志文件已创建: logs\simulation_20260526_204148.log
[2026-05-26 20:41:50,321] INFO - main.py:77 - 正在初始化仿真模块...
[2026-05-26 20:41:50,321] INFO - communication.py:303 - 模块 env 初始化完成
[2026-05-26 20:41:50,321] INFO - warehouse_env.py:117 - 仓库环境初始化完成: 50x50
[2026-05-26 20:41:50,321] INFO - warehouse_env.py:169 - 地图构建完成: 20个进货口, 12个出货口
[2026-05-26 20:41:50,324] INFO - warehouse_env.py:189 - 环境已重置
[2026-05-26 20:41:50,324] INFO - communication.py:303 - 模块 scheduler 初始化完成
[2026-05-26 20:41:50,325] INFO - od_flow.py:69 - OD流程管理器初始化完成，12个出货口
[2026-05-26 20:41:50,356] INFO - task_allocator.py:110 - 任务分配器初始化完成: 20个进货口, 12个出货口, 8台AGV
[2026-05-26 20:41:50,357] INFO - mapf_planner.py:260 - MAPF规划器初始化完成: 50x50
[2026-05-26 20:41:51,725] INFO - rl_collision_avoidance.py:226 - RL避撞控制器初始化完成 (PyTorch: True)
[2026-05-26 20:41:51,725] INFO - communication.py:303 - 模块 controller 初始化完成
[2026-05-26 20:41:51,725] INFO - agv_controller.py:126 - AGV控制器初始化完成
[2026-05-26 20:41:51,726] INFO - agv_controller.py:207 - 控制器已重置
[2026-05-26 20:41:51,726] INFO - main.py:103 - 所有模块初始化完成
[2026-05-26 20:41:51,726] INFO - main.py:73 - 仿真系统初始化完成
[2026-05-26 20:41:51,726] INFO - rl_collision_avoidance.py:686 - RL切换到训练模式
[2026-05-26 20:41:51,726] INFO - warehouse_env.py:169 - 地图构建完成: 20个进货口, 12个出货口
[2026-05-26 20:41:51,729] INFO - warehouse_env.py:189 - 环境已重置
[2026-05-26 20:41:51,729] INFO - od_flow.py:282 - OD流程管理器已重置
[2026-05-26 20:41:51,729] INFO - task_allocator.py:183 - 调度模块已重置
[2026-05-26 20:41:51,729] INFO - agv_controller.py:207 - 控制器已重置
[2026-05-26 20:41:51,729] INFO - main.py:233 - 仿真已重置
[2026-05-26 20:41:51,730] INFO - warehouse_env.py:169 - 地图构建完成: 20个进货口, 12个出货口
[2026-05-26 20:41:51,731] INFO - warehouse_env.py:189 - 环境已重置
[2026-05-26 20:41:51,732] INFO - warehouse_env.py:365 - 仿真开始，环境已初始化
[2026-05-26 20:41:51,732] INFO - od_flow.py:282 - OD流程管理器已重置
[2026-05-26 20:41:51,732] INFO - task_allocator.py:183 - 调度模块已重置
[2026-05-26 20:41:51,732] INFO - task_allocator.py:167 - 调度模块：仿真开始
[2026-05-26 20:41:51,732] INFO - agv_controller.py:207 - 控制器已重置
[2026-05-26 20:41:51,732] INFO - agv_controller.py:179 - 控制器：仿真开始
[2026-05-26 20:41:51,732] INFO - main.py:122 - ==================================================
[2026-05-26 20:41:51,732] INFO - main.py:123 - 仿真开始
[2026-05-26 20:41:51,733] INFO - main.py:124 - 地图: 50x50
[2026-05-26 20:41:51,733] INFO - main.py:125 - 最大步数: 100
[2026-05-26 20:41:51,733] INFO - main.py:126 - ==================================================
[2026-05-26 20:41:51,733] INFO - main.py:190 - 步数 1: 已完成 0 个任务, AGV: 空闲8 移动中0 装卸0
[2026-05-26 20:41:51,734] INFO - task_allocator.py:247 - 生成任务 0: 取货 (0, 17) → 送货 (24, 4)
[2026-05-26 20:41:51,734] INFO - od_flow.py:188 - 任务 0 分配给 AGV 2
[2026-05-26 20:41:51,734] INFO - task_allocator.py:322 - 分配任务 0 → AGV 2 (距离 11)
[2026-05-26 20:41:51,734] INFO - agv_controller.py:173 - AGV 2: 任务0 前往取货点 (0, 17)
[2026-05-26 20:41:51,734] INFO - main.py:190 - 步数 2: 已完成 0 个任务, AGV: 空闲7 移动中1 装卸0
[2026-05-26 20:41:51,735] INFO - main.py:190 - 步数 3: 已完成 0 个任务, AGV: 空闲7 移动中1 装卸0
[2026-05-26 20:41:51,735] INFO - main.py:190 - 步数 4: 已完成 0 个任务, AGV: 空闲7 移动中1 装卸0
[2026-05-26 20:41:51,735] INFO - main.py:190 - 步数 5: 已完成 0 个任务, AGV: 空闲7 移动中1 装卸0
[2026-05-26 20:41:51,735] INFO - main.py:190 - 步数 6: 已完成 0 个任务, AGV: 空闲7 移动中1 装卸0
[2026-05-26 20:41:51,736] INFO - task_allocator.py:247 - 生成任务 1: 取货 (0, 42) → 送货 (24, 36)
[2026-05-26 20:41:51,736] INFO - od_flow.py:188 - 任务 1 分配给 AGV 1
[2026-05-26 20:41:51,736] INFO - task_allocator.py:322 - 分配任务 1 → AGV 1 (距离 39)
[2026-05-26 20:41:51,736] INFO - agv_controller.py:173 - AGV 1: 任务1 前往取货点 (0, 42)
[2026-05-26 20:41:51,737] INFO - main.py:190 - 步数 7: 已完成 0 个任务, AGV: 空闲6 移动中2 装卸0
[2026-05-26 20:41:51,737] INFO - main.py:190 - 步数 8: 已完成 0 个任务, AGV: 空闲6 移动中2 装卸0
[2026-05-26 20:41:51,738] INFO - main.py:190 - 步数 9: 已完成 0 个任务, AGV: 空闲6 移动中2 装卸0
[2026-05-26 20:41:51,738] INFO - task_allocator.py:247 - 生成任务 2: 取货 (0, 37) → 送货 (24, 28)
[2026-05-26 20:41:51,738] INFO - od_flow.py:188 - 任务 2 分配给 AGV 0
[2026-05-26 20:41:51,739] INFO - task_allocator.py:322 - 分配任务 2 → AGV 0 (距离 37)
[2026-05-26 20:41:51,739] INFO - agv_controller.py:173 - AGV 0: 任务2 前往取货点 (0, 37)
[2026-05-26 20:41:51,740] INFO - main.py:190 - 步数 10: 已完成 0 个任务, AGV: 空闲5 移动中3 装卸0
[2026-05-26 20:41:51,743] INFO - agv_controller.py:567 - AGV 2: 已取货，前往送货点 (24, 4)
[2026-05-26 20:41:51,903] INFO - task_allocator.py:247 - 生成任务 3: 取货 (0, 17) → 送货 (25, 48)
[2026-05-26 20:41:51,903] INFO - task_allocator.py:247 - 生成任务 4: 取货 (0, 12) → 送货 (25, 32)
[2026-05-26 20:41:51,903] INFO - od_flow.py:188 - 任务 3 分配给 AGV 3
[2026-05-26 20:41:51,903] INFO - task_allocator.py:322 - 分配任务 3 → AGV 3 (距离 19)
[2026-05-26 20:41:51,903] INFO - od_flow.py:188 - 任务 4 分配给 AGV 6
[2026-05-26 20:41:51,904] INFO - task_allocator.py:322 - 分配任务 4 → AGV 6 (距离 51)
[2026-05-26 20:41:51,904] INFO - agv_controller.py:173 - AGV 3: 任务3 前往取货点 (0, 17)
[2026-05-26 20:41:51,904] INFO - agv_controller.py:173 - AGV 6: 任务4 前往取货点 (0, 12)
[2026-05-26 20:41:51,920] WARNING - mapf_planner.py:292 - AGV 0: 无法找到路径 (1, 26) → (0, 37)
[2026-05-26 20:41:51,929] INFO - task_allocator.py:247 - 生成任务 5: 取货 (0, 7) → 送货 (24, 12)
[2026-05-26 20:41:51,930] INFO - od_flow.py:188 - 任务 5 分配给 AGV 7
[2026-05-26 20:41:51,930] INFO - task_allocator.py:322 - 分配任务 5 → AGV 7 (距离 48)
[2026-05-26 20:41:51,930] INFO - agv_controller.py:173 - AGV 7: 任务5 前往取货点 (0, 7)
[2026-05-26 20:41:51,949] INFO - task_allocator.py:247 - 生成任务 6: 取货 (0, 12) → 送货 (24, 44)
[2026-05-26 20:41:51,949] INFO - od_flow.py:188 - 任务 6 分配给 AGV 5
[2026-05-26 20:41:51,949] INFO - task_allocator.py:322 - 分配任务 6 → AGV 5 (距离 54)
[2026-05-26 20:41:51,949] INFO - agv_controller.py:173 - AGV 5: 任务6 前往取货点 (0, 12)
[2026-05-26 20:41:51,953] INFO - task_allocator.py:247 - 生成任务 7: 取货 (0, 37) → 送货 (25, 40)
[2026-05-26 20:41:51,953] INFO - task_allocator.py:247 - 生成任务 8: 取货 (49, 47) → 送货 (24, 20)
[2026-05-26 20:41:51,953] INFO - od_flow.py:188 - 任务 7 分配给 AGV 4
[2026-05-26 20:41:51,953] INFO - task_allocator.py:322 - 分配任务 7 → AGV 4 (距离 82)
[2026-05-26 20:41:51,953] INFO - agv_controller.py:173 - AGV 4: 任务7 前往取货点 (0, 37)
[2026-05-26 20:41:51,956] WARNING - mapf_planner.py:292 - AGV 4: 无法找到路径 (47, 2) → (0, 37)
[2026-05-26 20:41:51,958] INFO - agv_controller.py:567 - AGV 1: 已取货，前往送货点 (24, 36)
[2026-05-26 20:41:51,958] INFO - task_allocator.py:247 - 生成任务 9: 取货 (49, 37) → 送货 (25, 8)
[2026-05-26 20:41:51,966] INFO - agv_controller.py:567 - AGV 0: 已取货，前往送货点 (24, 28)
[2026-05-26 20:41:51,980] WARNING - mapf_planner.py:292 - AGV 4: 无法找到路径 (46, 4) → (0, 37)
[2026-05-26 20:41:51,982] INFO - agv_controller.py:567 - AGV 3: 已取货，前往送货点 (25, 48)
[2026-05-26 20:41:51,987] WARNING - mapf_planner.py:292 - AGV 4: 无法找到路径 (46, 4) → (0, 37)
[2026-05-26 20:41:51,989] INFO - agv_controller.py:579 - AGV 2: 任务 0 完成！
[2026-05-26 20:41:51,989] INFO - od_flow.py:243 - 任务 0 已完成
