[2026-05-19 22:12:53,045] INFO - config.py:253 - 日志文件已创建: logs\simulation_20260519_221253.log
[2026-05-19 22:12:53,046] INFO - main.py:76 - 正在初始化仿真模块...
[2026-05-19 22:12:53,046] INFO - communication.py:303 - 模块 env 初始化完成
[2026-05-19 22:12:53,046] INFO - warehouse_env.py:117 - 仓库环境初始化完成: 50x50
[2026-05-19 22:12:53,046] INFO - warehouse_env.py:169 - 地图构建完成: 20个进货口, 12个出货口
[2026-05-19 22:12:53,049] INFO - warehouse_env.py:189 - 环境已重置
[2026-05-19 22:12:53,049] INFO - communication.py:303 - 模块 scheduler 初始化完成
[2026-05-19 22:12:53,053] INFO - od_flow.py:69 - OD流程管理器初始化完成，12个出货口
[2026-05-19 22:12:53,067] INFO - task_allocator.py:107 - 任务分配器初始化完成: 20个进货口, 12个出货口, 8台AGV
[2026-05-19 22:12:53,068] INFO - mapf_planner.py:260 - MAPF规划器初始化完成: 50x50
[2026-05-19 22:12:54,016] INFO - rl_collision_avoidance.py:208 - RL避撞控制器初始化完成 (PyTorch: True)
[2026-05-19 22:12:54,017] INFO - communication.py:303 - 模块 controller 初始化完成
[2026-05-19 22:12:54,017] INFO - agv_controller.py:117 - AGV控制器初始化完成
[2026-05-19 22:12:54,017] INFO - agv_controller.py:198 - 控制器已重置
[2026-05-19 22:12:54,729] INFO - renderer.py:161 - 渲染器初始化完成: 1600x1000, 格子大小=16
[2026-05-19 22:12:54,730] INFO - main.py:102 - 所有模块初始化完成
[2026-05-19 22:12:54,730] INFO - main.py:72 - 仿真系统初始化完成
[2026-05-19 22:12:54,730] INFO - warehouse_env.py:169 - 地图构建完成: 20个进货口, 12个出货口
[2026-05-19 22:12:54,733] INFO - warehouse_env.py:189 - 环境已重置
[2026-05-19 22:12:54,733] INFO - warehouse_env.py:365 - 仿真开始，环境已初始化
[2026-05-19 22:12:54,733] INFO - od_flow.py:282 - OD流程管理器已重置
[2026-05-19 22:12:54,734] INFO - task_allocator.py:180 - 调度模块已重置
[2026-05-19 22:12:54,734] INFO - task_allocator.py:164 - 调度模块：仿真开始
[2026-05-19 22:12:54,734] INFO - agv_controller.py:198 - 控制器已重置
[2026-05-19 22:12:54,734] INFO - agv_controller.py:170 - 控制器：仿真开始
[2026-05-19 22:12:54,734] INFO - main.py:121 - ==================================================
[2026-05-19 22:12:54,734] INFO - main.py:122 - 仿真开始
[2026-05-19 22:12:54,734] INFO - main.py:123 - 地图: 50x50
[2026-05-19 22:12:54,734] INFO - main.py:124 - 最大步数: 1000
[2026-05-19 22:12:54,735] INFO - main.py:125 - ==================================================
[2026-05-19 22:12:54,735] INFO - main.py:181 - 步数 1: 已完成 0 个任务, AGV: 空闲8 移动中0 装卸0
[2026-05-19 22:12:54,744] INFO - task_allocator.py:244 - 生成任务 0: 取货 (0, 17) → 送货 (24, 4)
[2026-05-19 22:12:54,744] INFO - task_allocator.py:244 - 生成任务 1: 取货 (0, 42) → 送货 (24, 36)
[2026-05-19 22:12:54,744] INFO - od_flow.py:188 - 任务 0 分配给 AGV 2
[2026-05-19 22:12:54,744] INFO - task_allocator.py:319 - 分配任务 0 → AGV 2 (距离 11)
[2026-05-19 22:12:54,744] INFO - od_flow.py:188 - 任务 1 分配给 AGV 1
[2026-05-19 22:12:54,745] INFO - task_allocator.py:319 - 分配任务 1 → AGV 1 (距离 39)
[2026-05-19 22:12:54,745] INFO - agv_controller.py:164 - AGV 2: 任务0 前往取货点 (0, 17)
[2026-05-19 22:12:54,745] INFO - agv_controller.py:164 - AGV 1: 任务1 前往取货点 (0, 42)
[2026-05-19 22:12:54,746] INFO - main.py:181 - 步数 2: 已完成 0 个任务, AGV: 空闲6 移动中2 装卸0
[2026-05-19 22:12:54,845] INFO - main.py:181 - 步数 3: 已完成 0 个任务, AGV: 空闲6 移动中2 装卸0
[2026-05-19 22:12:54,946] INFO - main.py:181 - 步数 4: 已完成 0 个任务, AGV: 空闲6 移动中2 装卸0
[2026-05-19 22:12:55,045] INFO - main.py:181 - 步数 5: 已完成 0 个任务, AGV: 空闲6 移动中2 装卸0
[2026-05-19 22:12:55,146] INFO - task_allocator.py:244 - 生成任务 2: 取货 (0, 37) → 送货 (24, 28)
[2026-05-19 22:12:55,146] INFO - od_flow.py:188 - 任务 2 分配给 AGV 0
[2026-05-19 22:12:55,146] INFO - task_allocator.py:319 - 分配任务 2 → AGV 0 (距离 37)
[2026-05-19 22:12:55,147] INFO - agv_controller.py:164 - AGV 0: 任务2 前往取货点 (0, 37)
[2026-05-19 22:12:55,148] INFO - main.py:181 - 步数 6: 已完成 0 个任务, AGV: 空闲5 移动中3 装卸0
[2026-05-19 22:12:55,246] INFO - task_allocator.py:244 - 生成任务 3: 取货 (0, 17) → 送货 (25, 48)
[2026-05-19 22:12:55,247] INFO - od_flow.py:188 - 任务 3 分配给 AGV 3
[2026-05-19 22:12:55,247] INFO - task_allocator.py:319 - 分配任务 3 → AGV 3 (距离 19)
[2026-05-19 22:12:55,247] INFO - agv_controller.py:164 - AGV 3: 任务3 前往取货点 (0, 17)
[2026-05-19 22:12:55,249] INFO - main.py:181 - 步数 7: 已完成 0 个任务, AGV: 空闲4 移动中4 装卸0
[2026-05-19 22:12:55,346] INFO - task_allocator.py:244 - 生成任务 4: 取货 (0, 12) → 送货 (25, 32)
[2026-05-19 22:12:55,347] INFO - task_allocator.py:244 - 生成任务 5: 取货 (0, 7) → 送货 (24, 12)
[2026-05-19 22:12:55,347] INFO - od_flow.py:188 - 任务 4 分配给 AGV 6
[2026-05-19 22:12:55,347] INFO - task_allocator.py:319 - 分配任务 4 → AGV 6 (距离 51)
[2026-05-19 22:12:55,347] INFO - od_flow.py:188 - 任务 5 分配给 AGV 7
[2026-05-19 22:12:55,347] INFO - task_allocator.py:319 - 分配任务 5 → AGV 7 (距离 48)
[2026-05-19 22:12:55,347] INFO - agv_controller.py:164 - AGV 6: 任务4 前往取货点 (0, 12)
[2026-05-19 22:12:55,347] INFO - agv_controller.py:164 - AGV 7: 任务5 前往取货点 (0, 7)
[2026-05-19 22:12:55,350] INFO - main.py:181 - 步数 8: 已完成 0 个任务, AGV: 空闲2 移动中6 装卸0
[2026-05-19 22:12:55,449] INFO - main.py:181 - 步数 9: 已完成 0 个任务, AGV: 空闲2 移动中6 装卸0
[2026-05-19 22:12:55,549] INFO - main.py:181 - 步数 10: 已完成 0 个任务, AGV: 空闲2 移动中6 装卸0
[2026-05-19 22:12:55,851] INFO - agv_controller.py:382 - AGV 2: 已取货，前往送货点 (24, 4)
[2026-05-19 22:12:56,050] INFO - task_allocator.py:244 - 生成任务 6: 取货 (0, 12) → 送货 (24, 44)
[2026-05-19 22:12:56,050] INFO - od_flow.py:188 - 任务 6 分配给 AGV 5
[2026-05-19 22:12:56,050] INFO - task_allocator.py:319 - 分配任务 6 → AGV 5 (距离 54)
[2026-05-19 22:12:56,050] INFO - agv_controller.py:164 - AGV 5: 任务6 前往取货点 (0, 12)
[2026-05-19 22:12:56,452] INFO - task_allocator.py:244 - 生成任务 7: 取货 (0, 37) → 送货 (25, 40)
[2026-05-19 22:12:56,452] INFO - od_flow.py:188 - 任务 7 分配给 AGV 4
[2026-05-19 22:12:56,453] INFO - task_allocator.py:319 - 分配任务 7 → AGV 4 (距离 82)
[2026-05-19 22:12:56,453] INFO - agv_controller.py:164 - AGV 4: 任务7 前往取货点 (0, 37)
[2026-05-19 22:12:56,457] WARNING - mapf_planner.py:292 - AGV 4: 无法找到路径 (47, 2) → (0, 37)
[2026-05-19 22:12:56,655] WARNING - mapf_planner.py:292 - AGV 4: 无法找到路径 (47, 3) → (0, 37)
[2026-05-19 22:12:56,756] WARNING - mapf_planner.py:292 - AGV 4: 无法找到路径 (47, 3) → (0, 37)
[2026-05-19 22:12:56,853] INFO - task_allocator.py:244 - 生成任务 8: 取货 (49, 47) → 送货 (24, 20)
[2026-05-19 22:12:57,054] INFO - task_allocator.py:244 - 生成任务 9: 取货 (49, 37) → 送货 (25, 8)
[2026-05-19 22:12:57,054] INFO - task_allocator.py:244 - 生成任务 10: 取货 (49, 37) → 送货 (25, 24)
[2026-05-19 22:12:57,055] INFO - task_allocator.py:244 - 生成任务 11: 取货 (0, 37) → 送货 (25, 16)
[2026-05-19 22:12:57,060] WARNING - mapf_planner.py:292 - AGV 4: 无法找到路径 (46, 4) → (0, 37)
[2026-05-19 22:12:57,158] INFO - agv_controller.py:382 - AGV 3: 已取货，前往送货点 (25, 48)
[2026-05-19 22:12:57,462] WARNING - mapf_planner.py:292 - AGV 4: 无法找到路径 (45, 6) → (0, 37)
[2026-05-19 22:12:57,562] WARNING - mapf_planner.py:292 - AGV 3: 无法找到路径 (1, 19) → (25, 48)
[2026-05-19 22:12:57,764] WARNING - mapf_planner.py:292 - AGV 4: 无法找到路径 (43, 6) → (0, 37)
[2026-05-19 22:12:57,861] WARNING - mapf_planner.py:292 - AGV 4: 无法找到路径 (43, 6) → (0, 37)
[2026-05-19 22:12:57,961] WARNING - mapf_planner.py:292 - AGV 4: 无法找到路径 (43, 6) → (0, 37)
[2026-05-19 22:12:58,060] WARNING - mapf_planner.py:292 - AGV 4: 无法找到路径 (43, 6) → (0, 37)
[2026-05-19 22:12:58,161] WARNING - mapf_planner.py:292 - AGV 5: 无法找到路径 (32, 11) → (0, 12)
[2026-05-19 22:12:58,262] WARNING - mapf_planner.py:292 - AGV 4: 无法找到路径 (43, 7) → (0, 37)
[2026-05-19 22:12:58,363] WARNING - mapf_planner.py:292 - AGV 4: 无法找到路径 (43, 7) → (0, 37)
[2026-05-19 22:12:58,464] WARNING - mapf_planner.py:292 - AGV 4: 无法找到路径 (43, 7) → (0, 37)
[2026-05-19 22:12:58,563] WARNING - mapf_planner.py:292 - AGV 5: 无法找到路径 (31, 12) → (0, 12)
[2026-05-19 22:12:58,665] WARNING - mapf_planner.py:292 - AGV 4: 无法找到路径 (43, 8) → (0, 37)
[2026-05-19 22:12:58,666] WARNING - mapf_planner.py:292 - AGV 5: 无法找到路径 (32, 12) → (0, 12)
[2026-05-19 22:12:58,666] INFO - agv_controller.py:382 - AGV 1: 已取货，前往送货点 (24, 36)
[2026-05-19 22:12:58,865] INFO - agv_controller.py:382 - AGV 0: 已取货，前往送货点 (24, 28)
[2026-05-19 22:12:58,967] WARNING - mapf_planner.py:292 - AGV 4: 无法找到路径 (43, 10) → (0, 37)
[2026-05-19 22:12:59,168] WARNING - mapf_planner.py:292 - AGV 4: 无法找到路径 (43, 11) → (0, 37)
[2026-05-19 22:12:59,670] INFO - agv_controller.py:394 - AGV 2: 任务 0 完成！
[2026-05-19 22:12:59,670] INFO - od_flow.py:243 - 任务 0 已完成
[2026-05-19 22:12:59,767] INFO - od_flow.py:188 - 任务 8 分配给 AGV 2
[2026-05-19 22:12:59,767] INFO - task_allocator.py:319 - 分配任务 8 → AGV 2 (距离 86)
[2026-05-19 22:12:59,767] INFO - agv_controller.py:164 - AGV 2: 任务8 前往取货点 (49, 47)
[2026-05-19 22:12:59,771] WARNING - mapf_planner.py:292 - AGV 2: 无法找到路径 (24, 4) → (49, 47)
[2026-05-19 22:12:59,871] WARNING - mapf_planner.py:292 - AGV 2: 无法找到路径 (24, 4) → (49, 47)
[2026-05-19 22:13:00,070] INFO - task_allocator.py:244 - 生成任务 12: 取货 (49, 7) → 送货 (24, 4)
[2026-05-19 22:13:00,174] WARNING - mapf_planner.py:292 - AGV 2: 无法找到路径 (26, 4) → (49, 47)
[2026-05-19 22:13:00,178] INFO - agv_controller.py:382 - AGV 7: 已取货，前往送货点 (24, 12)
[2026-05-19 22:13:00,477] INFO - agv_controller.py:382 - AGV 6: 已取货，前往送货点 (25, 32)
[2026-05-19 22:13:01,081] WARNING - mapf_planner.py:292 - AGV 2: 无法找到路径 (29, 9) → (49, 47)
[2026-05-19 22:13:01,180] WARNING - mapf_planner.py:292 - AGV 2: 无法找到路径 (29, 9) → (49, 47)
[2026-05-19 22:13:01,383] WARNING - mapf_planner.py:292 - AGV 2: 无法找到路径 (29, 10) → (49, 47)
[2026-05-19 22:13:01,384] WARNING - mapf_planner.py:292 - AGV 5: 无法找到路径 (7, 12) → (0, 12)
[2026-05-19 22:13:01,583] WARNING - mapf_planner.py:292 - AGV 2: 无法找到路径 (29, 11) → (49, 47)
[2026-05-19 22:13:01,786] INFO - agv_controller.py:394 - AGV 1: 任务 1 完成！
[2026-05-19 22:13:01,787] INFO - od_flow.py:243 - 任务 1 已完成
[2026-05-19 22:13:01,882] INFO - task_allocator.py:244 - 生成任务 13: 取货 (0, 17) → 送货 (24, 36)
[2026-05-19 22:13:01,882] INFO - od_flow.py:188 - 任务 9 分配给 AGV 1
[2026-05-19 22:13:01,883] INFO - task_allocator.py:319 - 分配任务 9 → AGV 1 (距离 79)
[2026-05-19 22:13:01,883] INFO - agv_controller.py:164 - AGV 1: 任务9 前往取货点 (49, 37)
[2026-05-19 22:13:01,888] WARNING - mapf_planner.py:292 - AGV 2: 无法找到路径 (30, 12) → (49, 47)
[2026-05-19 22:13:02,288] INFO - agv_controller.py:394 - AGV 0: 任务 2 完成！
[2026-05-19 22:13:02,288] INFO - od_flow.py:243 - 任务 2 已完成
[2026-05-19 22:13:02,288] INFO - agv_controller.py:382 - AGV 5: 已取货，前往送货点 (24, 44)
[2026-05-19 22:13:02,384] INFO - od_flow.py:188 - 任务 10 分配给 AGV 0
[2026-05-19 22:13:02,384] INFO - task_allocator.py:319 - 分配任务 10 → AGV 0 (距离 82)
[2026-05-19 22:13:02,385] INFO - agv_controller.py:164 - AGV 0: 任务10 前往取货点 (49, 37)
[2026-05-19 22:13:02,485] INFO - task_allocator.py:244 - 生成任务 14: 取货 (49, 37) → 送货 (24, 28)
[2026-05-19 22:13:02,492] WARNING - mapf_planner.py:292 - AGV 5: 无法找到路径 (1, 12) → (24, 44)
[2026-05-19 22:13:02,893] WARNING - mapf_planner.py:292 - AGV 5: 无法找到路径 (1, 15) → (24, 44)
[2026-05-19 22:13:02,992] INFO - agv_controller.py:394 - AGV 3: 任务 3 完成！
[2026-05-19 22:13:02,992] INFO - od_flow.py:243 - 任务 3 已完成
[2026-05-19 22:13:03,090] INFO - od_flow.py:188 - 任务 11 分配给 AGV 3
[2026-05-19 22:13:03,090] INFO - task_allocator.py:319 - 分配任务 11 → AGV 3 (距离 39)
[2026-05-19 22:13:03,090] INFO - agv_controller.py:164 - AGV 3: 任务11 前往取货点 (0, 37)
[2026-05-19 22:13:03,099] WARNING - mapf_planner.py:292 - AGV 5: 无法找到路径 (1, 16) → (24, 44)
[2026-05-19 22:13:03,190] INFO - task_allocator.py:244 - 生成任务 15: 取货 (0, 37) → 送货 (25, 48)
[2026-05-19 22:13:03,196] INFO - agv_controller.py:394 - AGV 7: 任务 5 完成！
[2026-05-19 22:13:03,196] INFO - od_flow.py:243 - 任务 5 已完成
[2026-05-19 22:13:03,291] INFO - od_flow.py:188 - 任务 12 分配给 AGV 7
[2026-05-19 22:13:03,291] INFO - task_allocator.py:319 - 分配任务 12 → AGV 7 (距离 9)
[2026-05-19 22:13:03,291] INFO - agv_controller.py:164 - AGV 7: 任务12 前往取货点 (49, 7)
[2026-05-19 22:13:03,793] INFO - task_allocator.py:244 - 生成任务 16: 取货 (0, 37) → 送货 (24, 12)
[2026-05-19 22:13:04,500] INFO - agv_controller.py:382 - AGV 1: 已取货，前往送货点 (25, 8)
[2026-05-19 22:13:04,600] WARNING - mapf_planner.py:292 - AGV 1: 无法找到路径 (49, 37) → (25, 8)
[2026-05-19 22:13:04,603] INFO - main.py:181 - 步数 100: 已完成 5 个任务, AGV: 空闲0 移动中8 装卸0
[2026-05-19 22:13:05,104] WARNING - mapf_planner.py:292 - AGV 1: 无法找到路径 (45, 37) → (25, 8)
[2026-05-19 22:13:05,107] INFO - agv_controller.py:394 - AGV 6: 任务 4 完成！
[2026-05-19 22:13:05,107] INFO - od_flow.py:243 - 任务 4 已完成
[2026-05-19 22:13:05,200] INFO - task_allocator.py:244 - 生成任务 17: 取货 (49, 7) → 送货 (25, 32)
[2026-05-19 22:13:05,200] INFO - od_flow.py:188 - 任务 13 分配给 AGV 6
[2026-05-19 22:13:05,201] INFO - task_allocator.py:319 - 分配任务 13 → AGV 6 (距离 56)
[2026-05-19 22:13:05,201] INFO - agv_controller.py:164 - AGV 6: 任务13 前往取货点 (0, 17)
[2026-05-19 22:13:05,807] INFO - agv_controller.py:382 - AGV 0: 已取货，前往送货点 (25, 24)
[2026-05-19 22:13:06,211] INFO - agv_controller.py:382 - AGV 4: 已取货，前往送货点 (25, 40)
[2026-05-19 22:13:06,312] INFO - agv_controller.py:382 - AGV 7: 已取货，前往送货点 (24, 4)
[2026-05-19 22:13:06,714] INFO - agv_controller.py:382 - AGV 3: 已取货，前往送货点 (25, 16)
[2026-05-19 22:13:07,418] WARNING - mapf_planner.py:292 - AGV 3: 无法找到路径 (3, 34) → (25, 16)
[2026-05-19 22:13:07,419] INFO - agv_controller.py:382 - AGV 2: 已取货，前往送货点 (24, 20)
[2026-05-19 22:13:07,522] WARNING - mapf_planner.py:292 - AGV 2: 无法找到路径 (49, 47) → (24, 20)
[2026-05-19 22:13:08,324] INFO - agv_controller.py:394 - AGV 5: 任务 6 完成！
[2026-05-19 22:13:08,324] INFO - od_flow.py:243 - 任务 6 已完成
[2026-05-19 22:13:08,421] INFO - task_allocator.py:244 - 生成任务 18: 取货 (0, 7) → 送货 (24, 44)
[2026-05-19 22:13:08,421] INFO - od_flow.py:188 - 任务 14 分配给 AGV 5
[2026-05-19 22:13:08,421] INFO - task_allocator.py:319 - 分配任务 14 → AGV 5 (距离 34)
[2026-05-19 22:13:08,422] INFO - agv_controller.py:164 - AGV 5: 任务14 前往取货点 (49, 37)
[2026-05-19 22:13:09,125] INFO - agv_controller.py:394 - AGV 4: 任务 7 完成！
[2026-05-19 22:13:09,126] INFO - od_flow.py:243 - 任务 7 已完成
[2026-05-19 22:13:09,223] INFO - task_allocator.py:244 - 生成任务 19: 取货 (0, 12) → 送货 (25, 40)
[2026-05-19 22:13:09,223] INFO - od_flow.py:188 - 任务 15 分配给 AGV 4
[2026-05-19 22:13:09,223] INFO - task_allocator.py:319 - 分配任务 15 → AGV 4 (距离 82)
[2026-05-19 22:13:09,224] INFO - agv_controller.py:164 - AGV 4: 任务15 前往取货点 (0, 37)
[2026-05-19 22:13:09,227] INFO - agv_controller.py:382 - AGV 6: 已取货，前往送货点 (24, 36)
[2026-05-19 22:13:09,227] INFO - agv_controller.py:394 - AGV 7: 任务 12 完成！
[2026-05-19 22:13:09,227] INFO - od_flow.py:243 - 任务 12 已完成
[2026-05-19 22:13:09,449] INFO - od_flow.py:188 - 任务 16 分配给 AGV 7
[2026-05-19 22:13:09,449] INFO - task_allocator.py:319 - 分配任务 16 → AGV 7 (距离 78)
[2026-05-19 22:13:09,449] INFO - agv_controller.py:164 - AGV 7: 任务16 前往取货点 (0, 37)
[2026-05-19 22:13:09,456] WARNING - mapf_planner.py:292 - AGV 7: 无法找到路径 (24, 4) → (0, 37)
[2026-05-19 22:13:09,461] INFO - task_allocator.py:244 - 生成任务 20: 取货 (49, 42) → 送货 (24, 4)
[2026-05-19 22:13:09,666] INFO - agv_controller.py:394 - AGV 0: 任务 10 完成！
[2026-05-19 22:13:09,667] INFO - od_flow.py:243 - 任务 10 已完成
[2026-05-19 22:13:09,762] INFO - od_flow.py:188 - 任务 17 分配给 AGV 0
[2026-05-19 22:13:09,763] INFO - task_allocator.py:319 - 分配任务 17 → AGV 0 (距离 52)
[2026-05-19 22:13:09,763] INFO - agv_controller.py:164 - AGV 0: 任务17 前往取货点 (49, 7)
[2026-05-19 22:13:09,770] WARNING - mapf_planner.py:292 - AGV 7: 无法找到路径 (23, 6) → (0, 37)
[2026-05-19 22:13:10,163] INFO - task_allocator.py:244 - 生成任务 21: 取货 (49, 27) → 送货 (25, 24)
[2026-05-19 22:13:10,167] INFO - agv_controller.py:394 - AGV 1: 任务 9 完成！
[2026-05-19 22:13:10,167] INFO - od_flow.py:243 - 任务 9 已完成
[2026-05-19 22:13:10,263] INFO - task_allocator.py:244 - 生成任务 22: 取货 (49, 22) → 送货 (25, 8)
[2026-05-19 22:13:10,263] INFO - od_flow.py:188 - 任务 18 分配给 AGV 1
[2026-05-19 22:13:10,264] INFO - task_allocator.py:319 - 分配任务 18 → AGV 1 (距离 4)
[2026-05-19 22:13:10,264] INFO - agv_controller.py:164 - AGV 1: 任务18 前往取货点 (0, 7)
[2026-05-19 22:13:10,269] WARNING - mapf_planner.py:292 - AGV 7: 无法找到路径 (20, 7) → (0, 37)
[2026-05-19 22:13:11,269] WARNING - mapf_planner.py:292 - AGV 2: 无法找到路径 (32, 28) → (24, 20)
[2026-05-19 22:13:11,369] WARNING - mapf_planner.py:292 - AGV 2: 无法找到路径 (32, 29) → (24, 20)
[2026-05-19 22:13:11,470] WARNING - mapf_planner.py:292 - AGV 2: 无法找到路径 (33, 29) → (24, 20)
[2026-05-19 22:13:11,472] INFO - agv_controller.py:394 - AGV 3: 任务 11 完成！
[2026-05-19 22:13:11,473] INFO - od_flow.py:243 - 任务 11 已完成
[2026-05-19 22:13:11,570] INFO - task_allocator.py:244 - 生成任务 23: 取货 (49, 7) → 送货 (25, 16)
[2026-05-19 22:13:11,570] INFO - od_flow.py:188 - 任务 19 分配给 AGV 3
[2026-05-19 22:13:11,571] INFO - task_allocator.py:319 - 分配任务 19 → AGV 3 (距离 14)
[2026-05-19 22:13:11,571] INFO - agv_controller.py:164 - AGV 3: 任务19 前往取货点 (0, 12)
[2026-05-19 22:13:11,671] WARNING - mapf_planner.py:292 - AGV 2: 无法找到路径 (33, 29) → (24, 20)
[2026-05-19 22:13:11,674] INFO - agv_controller.py:382 - AGV 5: 已取货，前往送货点 (24, 28)
[2026-05-19 22:13:11,900] INFO - warehouse_env.py:370 - 仿真停止，共运行 171 步
[2026-05-19 22:13:11,900] INFO - task_allocator.py:169 - 调度模块：仿真停止，共运行 171 步
[2026-05-19 22:13:11,900] INFO - agv_controller.py:175 - 控制器：仿真停止，完成 12 个任务
[2026-05-19 22:13:12,006] INFO - renderer.py:552 - 渲染器已关闭
[2026-05-19 22:13:12,006] INFO - main.py:242 - ==================================================
[2026-05-19 22:13:12,006] INFO - main.py:243 - 仿真结束
[2026-05-19 22:13:12,006] INFO - main.py:244 - 总步数: 171
[2026-05-19 22:13:12,007] INFO - main.py:245 - 完成任务: 12
[2026-05-19 22:13:12,007] INFO - main.py:246 - AGV总移动步数: 1281
[2026-05-19 22:13:12,007] INFO - main.py:247 - ==================================================
