[2026-05-19 22:09:21,113] INFO - config.py:253 - 日志文件已创建: logs\simulation_20260519_220921.log
[2026-05-19 22:09:21,114] INFO - main.py:76 - 正在初始化仿真模块...
[2026-05-19 22:09:21,114] INFO - communication.py:303 - 模块 env 初始化完成
[2026-05-19 22:09:21,114] INFO - warehouse_env.py:117 - 仓库环境初始化完成: 50x50
[2026-05-19 22:09:21,114] INFO - warehouse_env.py:169 - 地图构建完成: 20个进货口, 12个出货口
[2026-05-19 22:09:21,116] INFO - warehouse_env.py:189 - 环境已重置
[2026-05-19 22:09:21,117] INFO - communication.py:303 - 模块 scheduler 初始化完成
[2026-05-19 22:09:21,117] INFO - od_flow.py:69 - OD流程管理器初始化完成，12个出货口
[2026-05-19 22:09:21,129] INFO - task_allocator.py:107 - 任务分配器初始化完成: 20个进货口, 12个出货口, 8台AGV
[2026-05-19 22:09:21,130] INFO - mapf_planner.py:260 - MAPF规划器初始化完成: 50x50
[2026-05-19 22:09:22,109] INFO - rl_collision_avoidance.py:208 - RL避撞控制器初始化完成 (PyTorch: True)
[2026-05-19 22:09:22,109] INFO - communication.py:303 - 模块 controller 初始化完成
[2026-05-19 22:09:22,110] INFO - agv_controller.py:117 - AGV控制器初始化完成
[2026-05-19 22:09:22,110] INFO - agv_controller.py:198 - 控制器已重置
[2026-05-19 22:09:22,824] INFO - renderer.py:158 - 渲染器初始化完成: 1600x1000, 格子大小=16
[2026-05-19 22:09:22,824] INFO - main.py:102 - 所有模块初始化完成
[2026-05-19 22:09:22,824] INFO - main.py:72 - 仿真系统初始化完成
[2026-05-19 22:09:22,825] INFO - warehouse_env.py:169 - 地图构建完成: 20个进货口, 12个出货口
[2026-05-19 22:09:22,828] INFO - warehouse_env.py:189 - 环境已重置
[2026-05-19 22:09:22,829] INFO - warehouse_env.py:365 - 仿真开始，环境已初始化
[2026-05-19 22:09:22,829] INFO - od_flow.py:282 - OD流程管理器已重置
[2026-05-19 22:09:22,829] INFO - task_allocator.py:180 - 调度模块已重置
[2026-05-19 22:09:22,829] INFO - task_allocator.py:164 - 调度模块：仿真开始
[2026-05-19 22:09:22,829] INFO - agv_controller.py:198 - 控制器已重置
[2026-05-19 22:09:22,830] INFO - agv_controller.py:170 - 控制器：仿真开始
[2026-05-19 22:09:22,830] INFO - main.py:121 - ==================================================
[2026-05-19 22:09:22,830] INFO - main.py:122 - 仿真开始
[2026-05-19 22:09:22,830] INFO - main.py:123 - 地图: 50x50
[2026-05-19 22:09:22,830] INFO - main.py:124 - 最大步数: 1000
[2026-05-19 22:09:22,830] INFO - main.py:125 - ==================================================
[2026-05-19 22:09:22,834] INFO - main.py:172 - 步数 1: 已完成 0 个任务, AGV: 空闲8 移动中0 装卸0
[2026-05-19 22:09:22,842] INFO - task_allocator.py:244 - 生成任务 0: 取货 (0, 17) → 送货 (24, 4)
[2026-05-19 22:09:22,843] INFO - task_allocator.py:244 - 生成任务 1: 取货 (0, 42) → 送货 (24, 36)
[2026-05-19 22:09:22,843] INFO - od_flow.py:188 - 任务 0 分配给 AGV 2
[2026-05-19 22:09:22,843] INFO - task_allocator.py:319 - 分配任务 0 → AGV 2 (距离 11)
[2026-05-19 22:09:22,843] INFO - od_flow.py:188 - 任务 1 分配给 AGV 1
[2026-05-19 22:09:22,843] INFO - task_allocator.py:319 - 分配任务 1 → AGV 1 (距离 39)
[2026-05-19 22:09:22,843] INFO - agv_controller.py:164 - AGV 2: 任务0 前往取货点 (0, 17)
[2026-05-19 22:09:22,844] INFO - agv_controller.py:164 - AGV 1: 任务1 前往取货点 (0, 42)
[2026-05-19 22:09:22,845] INFO - main.py:172 - 步数 2: 已完成 0 个任务, AGV: 空闲6 移动中2 装卸0
[2026-05-19 22:09:22,943] INFO - main.py:172 - 步数 3: 已完成 0 个任务, AGV: 空闲6 移动中2 装卸0
[2026-05-19 22:09:23,044] INFO - main.py:172 - 步数 4: 已完成 0 个任务, AGV: 空闲6 移动中2 装卸0
[2026-05-19 22:09:23,144] INFO - main.py:172 - 步数 5: 已完成 0 个任务, AGV: 空闲6 移动中2 装卸0
[2026-05-19 22:09:23,244] INFO - task_allocator.py:244 - 生成任务 2: 取货 (0, 37) → 送货 (24, 28)
[2026-05-19 22:09:23,244] INFO - od_flow.py:188 - 任务 2 分配给 AGV 0
[2026-05-19 22:09:23,244] INFO - task_allocator.py:319 - 分配任务 2 → AGV 0 (距离 37)
[2026-05-19 22:09:23,244] INFO - agv_controller.py:164 - AGV 0: 任务2 前往取货点 (0, 37)
[2026-05-19 22:09:23,245] INFO - main.py:172 - 步数 6: 已完成 0 个任务, AGV: 空闲5 移动中3 装卸0
[2026-05-19 22:09:23,344] INFO - task_allocator.py:244 - 生成任务 3: 取货 (0, 17) → 送货 (25, 48)
[2026-05-19 22:09:23,344] INFO - od_flow.py:188 - 任务 3 分配给 AGV 3
[2026-05-19 22:09:23,344] INFO - task_allocator.py:319 - 分配任务 3 → AGV 3 (距离 19)
[2026-05-19 22:09:23,345] INFO - agv_controller.py:164 - AGV 3: 任务3 前往取货点 (0, 17)
[2026-05-19 22:09:23,347] INFO - main.py:172 - 步数 7: 已完成 0 个任务, AGV: 空闲4 移动中4 装卸0
[2026-05-19 22:09:23,444] INFO - task_allocator.py:244 - 生成任务 4: 取货 (0, 12) → 送货 (25, 32)
[2026-05-19 22:09:23,444] INFO - task_allocator.py:244 - 生成任务 5: 取货 (0, 7) → 送货 (24, 12)
[2026-05-19 22:09:23,445] INFO - od_flow.py:188 - 任务 4 分配给 AGV 6
[2026-05-19 22:09:23,445] INFO - task_allocator.py:319 - 分配任务 4 → AGV 6 (距离 51)
[2026-05-19 22:09:23,445] INFO - od_flow.py:188 - 任务 5 分配给 AGV 7
[2026-05-19 22:09:23,445] INFO - task_allocator.py:319 - 分配任务 5 → AGV 7 (距离 48)
[2026-05-19 22:09:23,445] INFO - agv_controller.py:164 - AGV 6: 任务4 前往取货点 (0, 12)
[2026-05-19 22:09:23,446] INFO - agv_controller.py:164 - AGV 7: 任务5 前往取货点 (0, 7)
[2026-05-19 22:09:23,449] INFO - main.py:172 - 步数 8: 已完成 0 个任务, AGV: 空闲2 移动中6 装卸0
[2026-05-19 22:09:23,546] INFO - main.py:172 - 步数 9: 已完成 0 个任务, AGV: 空闲2 移动中6 装卸0
[2026-05-19 22:09:23,647] INFO - main.py:172 - 步数 10: 已完成 0 个任务, AGV: 空闲2 移动中6 装卸0
[2026-05-19 22:09:23,948] INFO - agv_controller.py:382 - AGV 2: 已取货，前往送货点 (24, 4)
[2026-05-19 22:09:24,147] INFO - task_allocator.py:244 - 生成任务 6: 取货 (0, 12) → 送货 (24, 44)
[2026-05-19 22:09:24,147] INFO - od_flow.py:188 - 任务 6 分配给 AGV 5
[2026-05-19 22:09:24,147] INFO - task_allocator.py:319 - 分配任务 6 → AGV 5 (距离 54)
[2026-05-19 22:09:24,148] INFO - agv_controller.py:164 - AGV 5: 任务6 前往取货点 (0, 12)
[2026-05-19 22:09:24,550] INFO - task_allocator.py:244 - 生成任务 7: 取货 (0, 37) → 送货 (25, 40)
[2026-05-19 22:09:24,550] INFO - od_flow.py:188 - 任务 7 分配给 AGV 4
[2026-05-19 22:09:24,550] INFO - task_allocator.py:319 - 分配任务 7 → AGV 4 (距离 82)
[2026-05-19 22:09:24,550] INFO - agv_controller.py:164 - AGV 4: 任务7 前往取货点 (0, 37)
[2026-05-19 22:09:24,555] WARNING - mapf_planner.py:292 - AGV 4: 无法找到路径 (47, 2) → (0, 37)
[2026-05-19 22:09:24,855] WARNING - mapf_planner.py:292 - AGV 4: 无法找到路径 (46, 3) → (0, 37)
[2026-05-19 22:09:24,952] INFO - task_allocator.py:244 - 生成任务 8: 取货 (49, 47) → 送货 (24, 20)
[2026-05-19 22:09:25,057] WARNING - mapf_planner.py:292 - AGV 4: 无法找到路径 (46, 4) → (0, 37)
[2026-05-19 22:09:25,154] INFO - task_allocator.py:244 - 生成任务 9: 取货 (49, 37) → 送货 (25, 8)
[2026-05-19 22:09:25,154] INFO - task_allocator.py:244 - 生成任务 10: 取货 (49, 37) → 送货 (25, 24)
[2026-05-19 22:09:25,154] INFO - task_allocator.py:244 - 生成任务 11: 取货 (0, 37) → 送货 (25, 16)
[2026-05-19 22:09:25,258] WARNING - mapf_planner.py:292 - AGV 4: 无法找到路径 (46, 5) → (0, 37)
[2026-05-19 22:09:25,261] INFO - agv_controller.py:382 - AGV 3: 已取货，前往送货点 (25, 48)
[2026-05-19 22:09:25,362] WARNING - mapf_planner.py:292 - AGV 4: 无法找到路径 (46, 5) → (0, 37)
[2026-05-19 22:09:25,763] WARNING - mapf_planner.py:292 - AGV 4: 无法找到路径 (45, 7) → (0, 37)
[2026-05-19 22:09:25,964] WARNING - mapf_planner.py:292 - AGV 4: 无法找到路径 (44, 7) → (0, 37)
[2026-05-19 22:09:26,568] WARNING - mapf_planner.py:292 - AGV 4: 无法找到路径 (41, 9) → (0, 37)
[2026-05-19 22:09:26,668] WARNING - mapf_planner.py:292 - AGV 4: 无法找到路径 (41, 9) → (0, 37)
[2026-05-19 22:09:26,770] INFO - agv_controller.py:382 - AGV 1: 已取货，前往送货点 (24, 36)
[2026-05-19 22:09:27,068] WARNING - mapf_planner.py:292 - AGV 2: 无法找到路径 (18, 5) → (24, 4)
[2026-05-19 22:09:27,071] WARNING - mapf_planner.py:292 - AGV 4: 无法找到路径 (39, 10) → (0, 37)
[2026-05-19 22:09:27,168] WARNING - mapf_planner.py:292 - AGV 2: 无法找到路径 (17, 5) → (24, 4)
[2026-05-19 22:09:27,172] INFO - agv_controller.py:382 - AGV 0: 已取货，前往送货点 (24, 28)
[2026-05-19 22:09:27,474] WARNING - mapf_planner.py:292 - AGV 4: 无法找到路径 (36, 10) → (0, 37)
[2026-05-19 22:09:27,880] WARNING - mapf_planner.py:292 - AGV 4: 无法找到路径 (34, 11) → (0, 37)
[2026-05-19 22:09:28,081] WARNING - mapf_planner.py:292 - AGV 7: 无法找到路径 (3, 8) → (0, 7)
[2026-05-19 22:09:28,081] INFO - agv_controller.py:394 - AGV 2: 任务 0 完成！
[2026-05-19 22:09:28,081] INFO - od_flow.py:243 - 任务 0 已完成
[2026-05-19 22:09:28,176] INFO - task_allocator.py:244 - 生成任务 12: 取货 (49, 7) → 送货 (24, 4)
[2026-05-19 22:09:28,177] INFO - od_flow.py:188 - 任务 8 分配给 AGV 2
[2026-05-19 22:09:28,177] INFO - task_allocator.py:319 - 分配任务 8 → AGV 2 (距离 86)
[2026-05-19 22:09:28,177] INFO - agv_controller.py:164 - AGV 2: 任务8 前往取货点 (49, 47)
[2026-05-19 22:09:28,177] WARNING - mapf_planner.py:292 - AGV 0: 无法找到路径 (4, 32) → (24, 28)
[2026-05-19 22:09:28,276] WARNING - mapf_planner.py:292 - AGV 0: 无法找到路径 (4, 31) → (24, 28)
[2026-05-19 22:09:28,482] WARNING - mapf_planner.py:292 - AGV 2: 无法找到路径 (26, 5) → (49, 47)
[2026-05-19 22:09:28,486] INFO - agv_controller.py:382 - AGV 7: 已取货，前往送货点 (24, 12)
[2026-05-19 22:09:28,585] INFO - agv_controller.py:382 - AGV 6: 已取货，前往送货点 (25, 32)
[2026-05-19 22:09:28,887] WARNING - mapf_planner.py:292 - AGV 2: 无法找到路径 (27, 7) → (49, 47)
[2026-05-19 22:09:28,986] WARNING - mapf_planner.py:292 - AGV 2: 无法找到路径 (27, 7) → (49, 47)
[2026-05-19 22:09:29,288] WARNING - mapf_planner.py:292 - AGV 2: 无法找到路径 (27, 9) → (49, 47)
[2026-05-19 22:09:29,591] WARNING - mapf_planner.py:292 - AGV 2: 无法找到路径 (29, 9) → (49, 47)
[2026-05-19 22:09:29,595] INFO - agv_controller.py:382 - AGV 5: 已取货，前往送货点 (24, 44)
[2026-05-19 22:09:29,792] WARNING - mapf_planner.py:292 - AGV 5: 无法找到路径 (1, 12) → (24, 44)
[2026-05-19 22:09:29,894] INFO - agv_controller.py:394 - AGV 1: 任务 1 完成！
[2026-05-19 22:09:29,894] INFO - od_flow.py:243 - 任务 1 已完成
[2026-05-19 22:09:29,989] INFO - task_allocator.py:244 - 生成任务 13: 取货 (0, 17) → 送货 (24, 36)
[2026-05-19 22:09:29,989] INFO - od_flow.py:188 - 任务 9 分配给 AGV 1
[2026-05-19 22:09:29,989] INFO - task_allocator.py:319 - 分配任务 9 → AGV 1 (距离 79)
[2026-05-19 22:09:29,990] INFO - agv_controller.py:164 - AGV 1: 任务9 前往取货点 (49, 37)
[2026-05-19 22:09:30,093] WARNING - mapf_planner.py:292 - AGV 2: 无法找到路径 (31, 11) → (49, 47)
[2026-05-19 22:09:30,594] WARNING - mapf_planner.py:292 - AGV 5: 无法找到路径 (7, 13) → (24, 44)
[2026-05-19 22:09:30,798] INFO - agv_controller.py:394 - AGV 0: 任务 2 完成！
[2026-05-19 22:09:30,799] INFO - od_flow.py:243 - 任务 2 已完成
[2026-05-19 22:09:30,894] INFO - task_allocator.py:244 - 生成任务 14: 取货 (0, 32) → 送货 (24, 28)
[2026-05-19 22:09:30,894] INFO - od_flow.py:188 - 任务 10 分配给 AGV 0
[2026-05-19 22:09:30,894] INFO - task_allocator.py:319 - 分配任务 10 → AGV 0 (距离 82)
[2026-05-19 22:09:30,894] INFO - agv_controller.py:164 - AGV 0: 任务10 前往取货点 (49, 37)
[2026-05-19 22:09:30,998] INFO - agv_controller.py:394 - AGV 3: 任务 3 完成！
[2026-05-19 22:09:30,999] INFO - od_flow.py:243 - 任务 3 已完成
[2026-05-19 22:09:31,096] INFO - od_flow.py:188 - 任务 11 分配给 AGV 3
[2026-05-19 22:09:31,096] INFO - task_allocator.py:319 - 分配任务 11 → AGV 3 (距离 39)
[2026-05-19 22:09:31,096] INFO - agv_controller.py:164 - AGV 3: 任务11 前往取货点 (0, 37)
[2026-05-19 22:09:31,296] INFO - task_allocator.py:244 - 生成任务 15: 取货 (0, 37) → 送货 (25, 48)
[2026-05-19 22:09:31,504] INFO - agv_controller.py:394 - AGV 7: 任务 5 完成！
[2026-05-19 22:09:31,504] INFO - od_flow.py:243 - 任务 5 已完成
[2026-05-19 22:09:31,598] INFO - od_flow.py:188 - 任务 12 分配给 AGV 7
[2026-05-19 22:09:31,598] INFO - task_allocator.py:319 - 分配任务 12 → AGV 7 (距离 9)
[2026-05-19 22:09:31,598] INFO - agv_controller.py:164 - AGV 7: 任务12 前往取货点 (49, 7)
[2026-05-19 22:09:31,898] INFO - task_allocator.py:244 - 生成任务 16: 取货 (0, 37) → 送货 (24, 12)
[2026-05-19 22:09:32,606] INFO - agv_controller.py:382 - AGV 1: 已取货，前往送货点 (25, 8)
[2026-05-19 22:09:32,709] WARNING - mapf_planner.py:292 - AGV 1: 无法找到路径 (49, 37) → (25, 8)
[2026-05-19 22:09:32,711] INFO - main.py:172 - 步数 100: 已完成 5 个任务, AGV: 空闲0 移动中8 装卸0
[2026-05-19 22:09:32,808] WARNING - mapf_planner.py:292 - AGV 1: 无法找到路径 (49, 37) → (25, 8)
[2026-05-19 22:09:33,213] INFO - agv_controller.py:394 - AGV 6: 任务 4 完成！
[2026-05-19 22:09:33,213] INFO - od_flow.py:243 - 任务 4 已完成
[2026-05-19 22:09:33,308] INFO - task_allocator.py:244 - 生成任务 17: 取货 (49, 7) → 送货 (25, 32)
[2026-05-19 22:09:33,308] INFO - od_flow.py:188 - 任务 13 分配给 AGV 6
[2026-05-19 22:09:33,308] INFO - task_allocator.py:319 - 分配任务 13 → AGV 6 (距离 56)
[2026-05-19 22:09:33,308] INFO - agv_controller.py:164 - AGV 6: 任务13 前往取货点 (0, 17)
[2026-05-19 22:09:34,018] INFO - agv_controller.py:382 - AGV 4: 已取货，前往送货点 (25, 40)
[2026-05-19 22:09:34,316] INFO - agv_controller.py:382 - AGV 0: 已取货，前往送货点 (25, 24)
[2026-05-19 22:09:34,619] INFO - agv_controller.py:382 - AGV 7: 已取货，前往送货点 (24, 4)
[2026-05-19 22:09:34,721] INFO - agv_controller.py:382 - AGV 3: 已取货，前往送货点 (25, 16)
[2026-05-19 22:09:35,422] WARNING - mapf_planner.py:292 - AGV 0: 无法找到路径 (42, 34) → (25, 24)
[2026-05-19 22:09:35,523] WARNING - mapf_planner.py:292 - AGV 0: 无法找到路径 (41, 34) → (25, 24)
[2026-05-19 22:09:35,626] INFO - agv_controller.py:382 - AGV 2: 已取货，前往送货点 (24, 20)
[2026-05-19 22:09:35,627] INFO - agv_controller.py:394 - AGV 5: 任务 6 完成！
[2026-05-19 22:09:35,627] INFO - od_flow.py:243 - 任务 6 已完成
[2026-05-19 22:09:35,724] INFO - od_flow.py:188 - 任务 14 分配给 AGV 5
[2026-05-19 22:09:35,724] INFO - task_allocator.py:319 - 分配任务 14 → AGV 5 (距离 74)
[2026-05-19 22:09:35,724] INFO - agv_controller.py:164 - AGV 5: 任务14 前往取货点 (0, 32)
[2026-05-19 22:09:35,824] INFO - task_allocator.py:244 - 生成任务 18: 取货 (49, 37) → 送货 (24, 44)
[2026-05-19 22:09:35,930] WARNING - mapf_planner.py:292 - AGV 2: 无法找到路径 (49, 45) → (24, 20)
[2026-05-19 22:09:36,333] WARNING - mapf_planner.py:292 - AGV 2: 无法找到路径 (48, 43) → (24, 20)
[2026-05-19 22:09:37,338] INFO - agv_controller.py:394 - AGV 4: 任务 7 完成！
[2026-05-19 22:09:37,338] INFO - od_flow.py:243 - 任务 7 已完成
[2026-05-19 22:09:37,338] INFO - agv_controller.py:382 - AGV 6: 已取货，前往送货点 (24, 36)
[2026-05-19 22:09:37,435] INFO - od_flow.py:188 - 任务 15 分配给 AGV 4
[2026-05-19 22:09:37,436] INFO - task_allocator.py:319 - 分配任务 15 → AGV 4 (距离 82)
[2026-05-19 22:09:37,436] INFO - agv_controller.py:164 - AGV 4: 任务15 前往取货点 (0, 37)
[2026-05-19 22:09:37,536] INFO - task_allocator.py:244 - 生成任务 19: 取货 (0, 32) → 送货 (25, 40)
[2026-05-19 22:09:37,539] INFO - agv_controller.py:394 - AGV 7: 任务 12 完成！
[2026-05-19 22:09:37,540] INFO - od_flow.py:243 - 任务 12 已完成
[2026-05-19 22:09:37,636] INFO - task_allocator.py:244 - 生成任务 20: 取货 (0, 32) → 送货 (24, 4)
[2026-05-19 22:09:37,636] INFO - od_flow.py:188 - 任务 16 分配给 AGV 7
[2026-05-19 22:09:37,636] INFO - task_allocator.py:319 - 分配任务 16 → AGV 7 (距离 78)
[2026-05-19 22:09:37,637] INFO - agv_controller.py:164 - AGV 7: 任务16 前往取货点 (0, 37)
[2026-05-19 22:09:37,843] WARNING - mapf_planner.py:292 - AGV 7: 无法找到路径 (23, 5) → (0, 37)
[2026-05-19 22:09:38,143] INFO - agv_controller.py:394 - AGV 0: 任务 10 完成！
[2026-05-19 22:09:38,144] INFO - od_flow.py:243 - 任务 10 已完成
[2026-05-19 22:09:38,239] INFO - task_allocator.py:244 - 生成任务 21: 取货 (49, 12) → 送货 (25, 24)
[2026-05-19 22:09:38,239] INFO - od_flow.py:188 - 任务 17 分配给 AGV 0
[2026-05-19 22:09:38,240] INFO - task_allocator.py:319 - 分配任务 17 → AGV 0 (距离 52)
[2026-05-19 22:09:38,240] INFO - agv_controller.py:164 - AGV 0: 任务17 前往取货点 (49, 7)
[2026-05-19 22:09:38,245] WARNING - mapf_planner.py:292 - AGV 7: 无法找到路径 (22, 7) → (0, 37)
[2026-05-19 22:09:38,246] INFO - agv_controller.py:394 - AGV 1: 任务 9 完成！
[2026-05-19 22:09:38,246] INFO - od_flow.py:243 - 任务 9 已完成
[2026-05-19 22:09:38,339] INFO - task_allocator.py:244 - 生成任务 22: 取货 (0, 22) → 送货 (25, 8)
[2026-05-19 22:09:38,340] INFO - od_flow.py:188 - 任务 18 分配给 AGV 1
[2026-05-19 22:09:38,340] INFO - task_allocator.py:319 - 分配任务 18 → AGV 1 (距离 79)
[2026-05-19 22:09:38,340] INFO - agv_controller.py:164 - AGV 1: 任务18 前往取货点 (49, 37)
[2026-05-19 22:09:38,642] WARNING - mapf_planner.py:292 - AGV 1: 无法找到路径 (28, 8) → (49, 37)
[2026-05-19 22:09:38,743] WARNING - mapf_planner.py:292 - AGV 1: 无法找到路径 (28, 9) → (49, 37)
[2026-05-19 22:09:38,948] WARNING - mapf_planner.py:292 - AGV 1: 无法找到路径 (29, 10) → (49, 37)
[2026-05-19 22:09:39,352] INFO - agv_controller.py:382 - AGV 5: 已取货，前往送货点 (24, 28)
[2026-05-19 22:09:39,454] INFO - agv_controller.py:394 - AGV 3: 任务 11 完成！
[2026-05-19 22:09:39,454] INFO - od_flow.py:243 - 任务 11 已完成
[2026-05-19 22:09:39,547] INFO - od_flow.py:188 - 任务 19 分配给 AGV 3
[2026-05-19 22:09:39,548] INFO - task_allocator.py:319 - 分配任务 19 → AGV 3 (距离 34)
[2026-05-19 22:09:39,548] INFO - agv_controller.py:164 - AGV 3: 任务19 前往取货点 (0, 32)
[2026-05-19 22:09:39,648] INFO - task_allocator.py:244 - 生成任务 23: 取货 (0, 37) → 送货 (25, 16)
[2026-05-19 22:09:40,150] WARNING - mapf_planner.py:292 - AGV 0: 无法找到路径 (32, 12) → (49, 7)
[2026-05-19 22:09:40,256] INFO - agv_controller.py:382 - AGV 4: 已取货，前往送货点 (25, 48)
[2026-05-19 22:09:41,159] INFO - agv_controller.py:394 - AGV 2: 任务 8 完成！
[2026-05-19 22:09:41,160] INFO - od_flow.py:243 - 任务 8 已完成
[2026-05-19 22:09:41,258] INFO - od_flow.py:188 - 任务 20 分配给 AGV 2
[2026-05-19 22:09:41,258] INFO - task_allocator.py:319 - 分配任务 20 → AGV 2 (距离 26)
[2026-05-19 22:09:41,259] INFO - agv_controller.py:164 - AGV 2: 任务20 前往取货点 (0, 32)
[2026-05-19 22:09:41,762] INFO - agv_controller.py:394 - AGV 6: 任务 13 完成！
[2026-05-19 22:09:41,763] INFO - od_flow.py:243 - 任务 13 已完成
[2026-05-19 22:09:41,862] INFO - od_flow.py:188 - 任务 21 分配给 AGV 6
[2026-05-19 22:09:41,862] INFO - task_allocator.py:319 - 分配任务 21 → AGV 6 (距离 6)
[2026-05-19 22:09:41,862] INFO - agv_controller.py:164 - AGV 6: 任务21 前往取货点 (49, 12)
[2026-05-19 22:09:41,967] WARNING - mapf_planner.py:292 - AGV 6: 无法找到路径 (24, 35) → (49, 12)
[2026-05-19 22:09:42,263] INFO - task_allocator.py:244 - 生成任务 24: 取货 (49, 22) → 送货 (24, 36)
[2026-05-19 22:09:42,266] INFO - agv_controller.py:394 - AGV 5: 任务 14 完成！
[2026-05-19 22:09:42,266] INFO - od_flow.py:243 - 任务 14 已完成
[2026-05-19 22:09:42,363] INFO - od_flow.py:188 - 任务 22 分配给 AGV 5
[2026-05-19 22:09:42,363] INFO - task_allocator.py:319 - 分配任务 22 → AGV 5 (距离 64)
[2026-05-19 22:09:42,363] INFO - agv_controller.py:164 - AGV 5: 任务22 前往取货点 (0, 22)
[2026-05-19 22:09:42,467] INFO - agv_controller.py:382 - AGV 0: 已取货，前往送货点 (25, 32)
[2026-05-19 22:09:42,564] INFO - task_allocator.py:244 - 生成任务 25: 取货 (49, 37) → 送货 (24, 20)
[2026-05-19 22:09:42,664] INFO - task_allocator.py:244 - 生成任务 26: 取货 (0, 17) → 送货 (24, 28)
[2026-05-19 22:09:42,769] WARNING - mapf_planner.py:292 - AGV 7: 无法找到路径 (3, 32) → (0, 37)
[2026-05-19 22:09:42,769] INFO - main.py:172 - 步数 200: 已完成 15 个任务, AGV: 空闲0 移动中8 装卸0
[2026-05-19 22:09:43,069] WARNING - mapf_planner.py:292 - AGV 7: 无法找到路径 (2, 32) → (0, 37)
[2026-05-19 22:09:43,571] WARNING - mapf_planner.py:292 - AGV 7: 无法找到路径 (2, 35) → (0, 37)
[2026-05-19 22:09:43,672] INFO - agv_controller.py:382 - AGV 3: 已取货，前往送货点 (25, 40)
[2026-05-19 22:09:43,773] INFO - agv_controller.py:382 - AGV 1: 已取货，前往送货点 (24, 44)
[2026-05-19 22:09:43,973] INFO - agv_controller.py:394 - AGV 4: 任务 15 完成！
[2026-05-19 22:09:43,973] INFO - od_flow.py:243 - 任务 15 已完成
[2026-05-19 22:09:44,071] INFO - od_flow.py:188 - 任务 23 分配给 AGV 4
[2026-05-19 22:09:44,071] INFO - task_allocator.py:319 - 分配任务 23 → AGV 4 (距离 82)
[2026-05-19 22:09:44,071] INFO - agv_controller.py:164 - AGV 4: 任务23 前往取货点 (0, 37)
[2026-05-19 22:09:44,076] INFO - agv_controller.py:382 - AGV 7: 已取货，前往送货点 (24, 12)
[2026-05-19 22:09:44,278] WARNING - mapf_planner.py:292 - AGV 7: 无法找到路径 (1, 37) → (24, 12)
[2026-05-19 22:09:44,371] INFO - task_allocator.py:244 - 生成任务 27: 取货 (49, 22) → 送货 (25, 48)
[2026-05-19 22:09:44,472] WARNING - mapf_planner.py:292 - AGV 1: 无法找到路径 (45, 39) → (24, 44)
[2026-05-19 22:09:44,881] INFO - agv_controller.py:382 - AGV 2: 已取货，前往送货点 (24, 4)
[2026-05-19 22:09:44,981] WARNING - mapf_planner.py:292 - AGV 2: 无法找到路径 (0, 32) → (24, 4)
[2026-05-19 22:09:45,282] WARNING - mapf_planner.py:292 - AGV 2: 无法找到路径 (0, 30) → (24, 4)
[2026-05-19 22:09:45,382] INFO - agv_controller.py:382 - AGV 5: 已取货，前往送货点 (25, 8)
[2026-05-19 22:09:46,684] WARNING - mapf_planner.py:292 - AGV 0: 无法找到路径 (28, 27) → (25, 32)
[2026-05-19 22:09:46,889] INFO - agv_controller.py:382 - AGV 6: 已取货，前往送货点 (25, 24)
[2026-05-19 22:09:47,091] INFO - agv_controller.py:394 - AGV 3: 任务 19 完成！
[2026-05-19 22:09:47,091] INFO - od_flow.py:243 - 任务 19 已完成
[2026-05-19 22:09:47,189] INFO - od_flow.py:188 - 任务 24 分配给 AGV 3
[2026-05-19 22:09:47,189] INFO - task_allocator.py:319 - 分配任务 24 → AGV 3 (距离 63)
[2026-05-19 22:09:47,189] INFO - agv_controller.py:164 - AGV 3: 任务24 前往取货点 (49, 22)
[2026-05-19 22:09:47,289] INFO - task_allocator.py:244 - 生成任务 28: 取货 (49, 7) → 送货 (25, 40)
[2026-05-19 22:09:47,295] INFO - agv_controller.py:394 - AGV 1: 任务 18 完成！
[2026-05-19 22:09:47,295] INFO - od_flow.py:243 - 任务 18 已完成
[2026-05-19 22:09:47,390] INFO - od_flow.py:188 - 任务 25 分配给 AGV 1
[2026-05-19 22:09:47,391] INFO - task_allocator.py:319 - 分配任务 25 → AGV 1 (距离 79)
[2026-05-19 22:09:47,391] INFO - agv_controller.py:164 - AGV 1: 任务25 前往取货点 (49, 37)
[2026-05-19 22:09:47,491] INFO - task_allocator.py:244 - 生成任务 29: 取货 (49, 37) → 送货 (24, 44)
[2026-05-19 22:09:47,594] INFO - agv_controller.py:394 - AGV 0: 任务 17 完成！
[2026-05-19 22:09:47,595] INFO - od_flow.py:243 - 任务 17 已完成
[2026-05-19 22:09:47,692] INFO - od_flow.py:188 - 任务 26 分配给 AGV 0
[2026-05-19 22:09:47,692] INFO - task_allocator.py:319 - 分配任务 26 → AGV 0 (距离 17)
[2026-05-19 22:09:47,692] INFO - agv_controller.py:164 - AGV 0: 任务26 前往取货点 (0, 17)
[2026-05-19 22:09:47,698] INFO - agv_controller.py:382 - AGV 4: 已取货，前往送货点 (25, 16)
[2026-05-19 22:09:48,093] INFO - task_allocator.py:244 - 生成任务 30: 取货 (49, 27) → 送货 (25, 32)
[2026-05-19 22:09:48,098] WARNING - mapf_planner.py:292 - AGV 4: 无法找到路径 (1, 35) → (25, 16)
[2026-05-19 22:09:48,198] WARNING - mapf_planner.py:292 - AGV 4: 无法找到路径 (1, 34) → (25, 16)
[2026-05-19 22:09:49,201] INFO - agv_controller.py:394 - AGV 7: 任务 16 完成！
[2026-05-19 22:09:49,202] INFO - od_flow.py:243 - 任务 16 已完成
[2026-05-19 22:09:49,300] INFO - task_allocator.py:244 - 生成任务 31: 取货 (0, 12) → 送货 (24, 12)
[2026-05-19 22:09:49,301] INFO - od_flow.py:188 - 任务 27 分配给 AGV 7
[2026-05-19 22:09:49,301] INFO - task_allocator.py:319 - 分配任务 27 → AGV 7 (距离 24)
[2026-05-19 22:09:49,301] INFO - agv_controller.py:164 - AGV 7: 任务27 前往取货点 (49, 22)
[2026-05-19 22:09:49,405] INFO - agv_controller.py:394 - AGV 5: 任务 22 完成！
[2026-05-19 22:09:49,405] INFO - od_flow.py:243 - 任务 22 已完成
[2026-05-19 22:09:49,501] INFO - task_allocator.py:244 - 生成任务 32: 取货 (49, 37) → 送货 (25, 8)
[2026-05-19 22:09:49,501] INFO - od_flow.py:188 - 任务 28 分配给 AGV 5
[2026-05-19 22:09:49,501] INFO - task_allocator.py:319 - 分配任务 28 → AGV 5 (距离 4)
[2026-05-19 22:09:49,502] INFO - agv_controller.py:164 - AGV 5: 任务28 前往取货点 (49, 7)
[2026-05-19 22:09:50,410] INFO - agv_controller.py:394 - AGV 2: 任务 20 完成！
[2026-05-19 22:09:50,410] INFO - od_flow.py:243 - 任务 20 已完成
[2026-05-19 22:09:50,508] INFO - od_flow.py:188 - 任务 29 分配给 AGV 2
[2026-05-19 22:09:50,509] INFO - task_allocator.py:319 - 分配任务 29 → AGV 2 (距离 76)
[2026-05-19 22:09:50,509] INFO - agv_controller.py:164 - AGV 2: 任务29 前往取货点 (49, 37)
[2026-05-19 22:09:50,575] WARNING - mapf_planner.py:292 - AGV 2: 无法找到路径 (24, 4) → (49, 37)
[2026-05-19 22:09:50,611] INFO - agv_controller.py:382 - AGV 1: 已取货，前往送货点 (24, 20)
[2026-05-19 22:09:50,611] INFO - agv_controller.py:394 - AGV 6: 任务 21 完成！
[2026-05-19 22:09:50,611] INFO - od_flow.py:243 - 任务 21 已完成
[2026-05-19 22:09:50,710] INFO - task_allocator.py:244 - 生成任务 33: 取货 (49, 17) → 送货 (24, 4)
[2026-05-19 22:09:50,710] INFO - od_flow.py:188 - 任务 30 分配给 AGV 6
[2026-05-19 22:09:50,710] INFO - task_allocator.py:319 - 分配任务 30 → AGV 6 (距离 21)
[2026-05-19 22:09:50,710] INFO - agv_controller.py:164 - AGV 6: 任务30 前往取货点 (49, 27)
[2026-05-19 22:09:50,811] INFO - task_allocator.py:244 - 生成任务 34: 取货 (49, 37) → 送货 (25, 24)
[2026-05-19 22:09:50,815] WARNING - mapf_planner.py:292 - AGV 2: 无法找到路径 (26, 4) → (49, 37)
[2026-05-19 22:09:51,217] WARNING - mapf_planner.py:292 - AGV 2: 无法找到路径 (28, 5) → (49, 37)
[2026-05-19 22:09:51,419] INFO - agv_controller.py:382 - AGV 3: 已取货，前往送货点 (24, 36)
[2026-05-19 22:09:51,721] INFO - agv_controller.py:382 - AGV 0: 已取货，前往送货点 (24, 28)
[2026-05-19 22:09:52,022] INFO - agv_controller.py:382 - AGV 5: 已取货，前往送货点 (25, 40)
[2026-05-19 22:09:52,225] WARNING - mapf_planner.py:292 - AGV 5: 无法找到路径 (49, 8) → (25, 40)
[2026-05-19 22:09:52,425] INFO - agv_controller.py:394 - AGV 4: 任务 23 完成！
[2026-05-19 22:09:52,425] INFO - od_flow.py:243 - 任务 23 已完成
[2026-05-19 22:09:52,521] INFO - task_allocator.py:244 - 生成任务 35: 取货 (0, 17) → 送货 (25, 16)
[2026-05-19 22:09:52,521] INFO - od_flow.py:188 - 任务 31 分配给 AGV 4
[2026-05-19 22:09:52,521] INFO - task_allocator.py:319 - 分配任务 31 → AGV 4 (距离 57)
[2026-05-19 22:09:52,522] INFO - agv_controller.py:164 - AGV 4: 任务31 前往取货点 (0, 12)
[2026-05-19 22:09:52,830] INFO - agv_controller.py:382 - AGV 7: 已取货，前往送货点 (25, 48)
[2026-05-19 22:09:52,830] INFO - main.py:172 - 步数 300: 已完成 24 个任务, AGV: 空闲0 移动中8 装卸0
[2026-05-19 22:09:53,030] WARNING - mapf_planner.py:292 - AGV 5: 无法找到路径 (46, 12) → (25, 40)
[2026-05-19 22:09:53,432] INFO - agv_controller.py:382 - AGV 6: 已取货，前往送货点 (25, 32)
[2026-05-19 22:09:54,939] INFO - agv_controller.py:394 - AGV 1: 任务 25 完成！
[2026-05-19 22:09:54,939] INFO - od_flow.py:243 - 任务 25 已完成
[2026-05-19 22:09:55,037] INFO - task_allocator.py:244 - 生成任务 36: 取货 (0, 12) → 送货 (24, 20)
[2026-05-19 22:09:55,037] INFO - od_flow.py:188 - 任务 32 分配给 AGV 1
[2026-05-19 22:09:55,038] INFO - task_allocator.py:319 - 分配任务 32 → AGV 1 (距离 79)
[2026-05-19 22:09:55,038] INFO - agv_controller.py:164 - AGV 1: 任务32 前往取货点 (49, 37)
[2026-05-19 22:09:55,342] INFO - agv_controller.py:394 - AGV 0: 任务 26 完成！
[2026-05-19 22:09:55,343] INFO - od_flow.py:243 - 任务 26 已完成
[2026-05-19 22:09:55,440] INFO - task_allocator.py:244 - 生成任务 37: 取货 (0, 37) → 送货 (24, 28)
[2026-05-19 22:09:55,440] INFO - od_flow.py:188 - 任务 33 分配给 AGV 0
[2026-05-19 22:09:55,440] INFO - task_allocator.py:319 - 分配任务 33 → AGV 0 (距离 62)
[2026-05-19 22:09:55,441] INFO - agv_controller.py:164 - AGV 0: 任务33 前往取货点 (49, 17)
[2026-05-19 22:09:55,444] INFO - agv_controller.py:394 - AGV 3: 任务 24 完成！
[2026-05-19 22:09:55,444] INFO - od_flow.py:243 - 任务 24 已完成
[2026-05-19 22:09:55,445] INFO - agv_controller.py:382 - AGV 4: 已取货，前往送货点 (24, 12)
[2026-05-19 22:09:55,540] INFO - od_flow.py:188 - 任务 34 分配给 AGV 3
[2026-05-19 22:09:55,540] INFO - task_allocator.py:319 - 分配任务 34 → AGV 3 (距离 78)
[2026-05-19 22:09:55,540] INFO - agv_controller.py:164 - AGV 3: 任务34 前往取货点 (49, 37)
[2026-05-19 22:09:56,043] INFO - task_allocator.py:244 - 生成任务 38: 取货 (49, 27) → 送货 (24, 36)
[2026-05-19 22:09:56,646] INFO - agv_controller.py:382 - AGV 2: 已取货，前往送货点 (24, 44)
[2026-05-19 22:09:56,647] INFO - agv_controller.py:394 - AGV 6: 任务 30 完成！
[2026-05-19 22:09:56,647] INFO - od_flow.py:243 - 任务 30 已完成
[2026-05-19 22:09:56,744] INFO - od_flow.py:188 - 任务 35 分配给 AGV 6
[2026-05-19 22:09:56,745] INFO - task_allocator.py:319 - 分配任务 35 → AGV 6 (距离 56)
[2026-05-19 22:09:56,745] INFO - agv_controller.py:164 - AGV 6: 任务35 前往取货点 (0, 17)
[2026-05-19 22:09:56,945] INFO - task_allocator.py:244 - 生成任务 39: 取货 (0, 17) → 送货 (25, 32)
[2026-05-19 22:09:57,349] WARNING - mapf_planner.py:292 - AGV 3: 无法找到路径 (41, 37) → (49, 37)
[2026-05-19 22:09:57,953] INFO - agv_controller.py:394 - AGV 4: 任务 31 完成！
[2026-05-19 22:09:57,953] INFO - od_flow.py:243 - 任务 31 已完成
[2026-05-19 22:09:57,954] INFO - agv_controller.py:394 - AGV 7: 任务 27 完成！
[2026-05-19 22:09:57,954] INFO - od_flow.py:243 - 任务 27 已完成
[2026-05-19 22:09:58,051] INFO - task_allocator.py:244 - 生成任务 40: 取货 (0, 37) → 送货 (24, 12)
[2026-05-19 22:09:58,051] INFO - od_flow.py:188 - 任务 36 分配给 AGV 7
[2026-05-19 22:09:58,052] INFO - task_allocator.py:319 - 分配任务 36 → AGV 7 (距离 53)
[2026-05-19 22:09:58,052] INFO - od_flow.py:188 - 任务 37 分配给 AGV 4
[2026-05-19 22:09:58,052] INFO - task_allocator.py:319 - 分配任务 37 → AGV 4 (距离 82)
[2026-05-19 22:09:58,052] INFO - agv_controller.py:164 - AGV 7: 任务36 前往取货点 (0, 12)
[2026-05-19 22:09:58,053] INFO - agv_controller.py:164 - AGV 4: 任务37 前往取货点 (0, 37)
[2026-05-19 22:09:58,059] WARNING - mapf_planner.py:292 - AGV 7: 无法找到路径 (25, 48) → (0, 12)
[2026-05-19 22:09:58,060] INFO - agv_controller.py:394 - AGV 5: 任务 28 完成！
[2026-05-19 22:09:58,060] INFO - od_flow.py:243 - 任务 28 已完成
[2026-05-19 22:09:58,152] INFO - od_flow.py:188 - 任务 38 分配给 AGV 5
[2026-05-19 22:09:58,152] INFO - task_allocator.py:319 - 分配任务 38 → AGV 5 (距离 24)
[2026-05-19 22:09:58,152] INFO - agv_controller.py:164 - AGV 5: 任务38 前往取货点 (49, 27)
[2026-05-19 22:09:58,252] INFO - task_allocator.py:244 - 生成任务 41: 取货 (0, 32) → 送货 (25, 48)
[2026-05-19 22:09:58,258] WARNING - mapf_planner.py:292 - AGV 4: 无法找到路径 (24, 14) → (0, 37)
[2026-05-19 22:09:58,458] INFO - agv_controller.py:382 - AGV 3: 已取货，前往送货点 (25, 24)
[2026-05-19 22:09:58,554] INFO - task_allocator.py:244 - 生成任务 42: 取货 (0, 22) → 送货 (25, 40)
[2026-05-19 22:09:58,563] WARNING - mapf_planner.py:292 - AGV 7: 无法找到路径 (22, 47) → (0, 12)
[2026-05-19 22:09:58,662] WARNING - mapf_planner.py:292 - AGV 7: 无法找到路径 (22, 47) → (0, 12)
[2026-05-19 22:09:58,860] WARNING - mapf_planner.py:292 - AGV 7: 无法找到路径 (22, 46) → (0, 12)
[2026-05-19 22:09:59,059] INFO - agv_controller.py:382 - AGV 0: 已取货，前往送货点 (24, 4)
[2026-05-19 22:09:59,263] INFO - agv_controller.py:382 - AGV 1: 已取货，前往送货点 (25, 8)
[2026-05-19 22:09:59,669] WARNING - mapf_planner.py:292 - AGV 7: 无法找到路径 (18, 43) → (0, 12)
[2026-05-19 22:09:59,967] INFO - agv_controller.py:394 - AGV 2: 任务 29 完成！
[2026-05-19 22:09:59,967] INFO - od_flow.py:243 - 任务 29 已完成
[2026-05-19 22:10:00,060] INFO - task_allocator.py:244 - 生成任务 43: 取货 (49, 22) → 送货 (24, 44)
[2026-05-19 22:10:00,060] INFO - od_flow.py:188 - 任务 39 分配给 AGV 2
[2026-05-19 22:10:00,061] INFO - task_allocator.py:319 - 分配任务 39 → AGV 2 (距离 11)
[2026-05-19 22:10:00,061] INFO - agv_controller.py:164 - AGV 2: 任务39 前往取货点 (0, 17)
[2026-05-19 22:10:00,669] WARNING - mapf_planner.py:292 - AGV 2: 无法找到路径 (20, 42) → (0, 17)
[2026-05-19 22:10:00,770] INFO - agv_controller.py:382 - AGV 6: 已取货，前往送货点 (25, 16)
[2026-05-19 22:10:01,874] INFO - agv_controller.py:382 - AGV 5: 已取货，前往送货点 (24, 36)
[2026-05-19 22:10:02,275] INFO - agv_controller.py:394 - AGV 3: 任务 34 完成！
[2026-05-19 22:10:02,276] INFO - od_flow.py:243 - 任务 34 已完成
[2026-05-19 22:10:02,373] INFO - od_flow.py:188 - 任务 40 分配给 AGV 3
[2026-05-19 22:10:02,374] INFO - task_allocator.py:319 - 分配任务 40 → AGV 3 (距离 39)
[2026-05-19 22:10:02,374] INFO - agv_controller.py:164 - AGV 3: 任务40 前往取货点 (0, 37)
[2026-05-19 22:10:02,881] INFO - main.py:172 - 步数 400: 已完成 33 个任务, AGV: 空闲0 移动中8 装卸0
[2026-05-19 22:10:02,979] INFO - agv_controller.py:394 - AGV 0: 任务 33 完成！
[2026-05-19 22:10:02,980] INFO - od_flow.py:243 - 任务 33 已完成
[2026-05-19 22:10:03,078] INFO - od_flow.py:188 - 任务 41 分配给 AGV 0
[2026-05-19 22:10:03,079] INFO - task_allocator.py:319 - 分配任务 41 → AGV 0 (距离 32)
[2026-05-19 22:10:03,079] INFO - agv_controller.py:164 - AGV 0: 任务41 前往取货点 (0, 32)
[2026-05-19 22:10:03,083] INFO - agv_controller.py:382 - AGV 4: 已取货，前往送货点 (24, 28)
[2026-05-19 22:10:03,179] INFO - task_allocator.py:244 - 生成任务 44: 取货 (0, 32) → 送货 (25, 24)
[2026-05-19 22:10:03,279] INFO - task_allocator.py:244 - 生成任务 45: 取货 (0, 7) → 送货 (24, 4)
[2026-05-19 22:10:03,384] WARNING - mapf_planner.py:292 - AGV 0: 无法找到路径 (21, 4) → (0, 32)
[2026-05-19 22:10:03,484] INFO - agv_controller.py:394 - AGV 6: 任务 35 完成！
[2026-05-19 22:10:03,484] INFO - od_flow.py:243 - 任务 35 已完成
[2026-05-19 22:10:03,581] INFO - od_flow.py:188 - 任务 42 分配给 AGV 6
[2026-05-19 22:10:03,581] INFO - task_allocator.py:319 - 分配任务 42 → AGV 6 (距离 61)
[2026-05-19 22:10:03,581] INFO - agv_controller.py:164 - AGV 6: 任务42 前往取货点 (0, 22)
[2026-05-19 22:10:03,680] INFO - task_allocator.py:244 - 生成任务 46: 取货 (49, 12) → 送货 (25, 16)
[2026-05-19 22:10:03,886] WARNING - mapf_planner.py:292 - AGV 3: 无法找到路径 (17, 31) → (0, 37)
[2026-05-19 22:10:04,687] INFO - agv_controller.py:394 - AGV 1: 任务 32 完成！
[2026-05-19 22:10:04,688] INFO - od_flow.py:243 - 任务 32 已完成
[2026-05-19 22:10:04,688] INFO - agv_controller.py:382 - AGV 7: 已取货，前往送货点 (24, 20)
[2026-05-19 22:10:04,785] INFO - od_flow.py:188 - 任务 43 分配给 AGV 1
[2026-05-19 22:10:04,785] INFO - task_allocator.py:319 - 分配任务 43 → AGV 1 (距离 64)
[2026-05-19 22:10:04,785] INFO - agv_controller.py:164 - AGV 1: 任务43 前往取货点 (49, 22)
[2026-05-19 22:10:05,291] INFO - agv_controller.py:382 - AGV 2: 已取货，前往送货点 (25, 32)
[2026-05-19 22:10:05,393] INFO - agv_controller.py:394 - AGV 5: 任务 38 完成！
[2026-05-19 22:10:05,394] INFO - od_flow.py:243 - 任务 38 已完成
[2026-05-19 22:10:05,489] INFO - od_flow.py:188 - 任务 44 分配给 AGV 5
[2026-05-19 22:10:05,490] INFO - task_allocator.py:319 - 分配任务 44 → AGV 5 (距离 74)
[2026-05-19 22:10:05,490] INFO - agv_controller.py:164 - AGV 5: 任务44 前往取货点 (0, 32)
[2026-05-19 22:10:05,892] INFO - task_allocator.py:244 - 生成任务 47: 取货 (49, 27) → 送货 (24, 36)
[2026-05-19 22:10:05,993] INFO - task_allocator.py:244 - 生成任务 48: 取货 (0, 32) → 送货 (25, 8)
[2026-05-19 22:10:06,498] INFO - agv_controller.py:394 - AGV 4: 任务 37 完成！
[2026-05-19 22:10:06,499] INFO - od_flow.py:243 - 任务 37 已完成
[2026-05-19 22:10:06,597] INFO - od_flow.py:188 - 任务 45 分配给 AGV 4
[2026-05-19 22:10:06,597] INFO - task_allocator.py:319 - 分配任务 45 → AGV 4 (距离 52)
[2026-05-19 22:10:06,597] INFO - agv_controller.py:164 - AGV 4: 任务45 前往取货点 (0, 7)
[2026-05-19 22:10:06,601] INFO - agv_controller.py:382 - AGV 3: 已取货，前往送货点 (24, 12)
[2026-05-19 22:10:06,704] INFO - agv_controller.py:382 - AGV 6: 已取货，前往送货点 (25, 40)
[2026-05-19 22:10:06,898] INFO - task_allocator.py:244 - 生成任务 49: 取货 (0, 7) → 送货 (24, 28)
[2026-05-19 22:10:08,005] INFO - agv_controller.py:394 - AGV 7: 任务 36 完成！
[2026-05-19 22:10:08,006] INFO - od_flow.py:243 - 任务 36 已完成
[2026-05-19 22:10:08,103] INFO - od_flow.py:188 - 任务 46 分配给 AGV 7
[2026-05-19 22:10:08,103] INFO - task_allocator.py:319 - 分配任务 46 → AGV 7 (距离 14)
[2026-05-19 22:10:08,103] INFO - agv_controller.py:164 - AGV 7: 任务46 前往取货点 (49, 12)
[2026-05-19 22:10:08,304] INFO - task_allocator.py:244 - 生成任务 50: 取货 (0, 7) → 送货 (24, 20)
[2026-05-19 22:10:08,308] INFO - agv_controller.py:382 - AGV 5: 已取货，前往送货点 (25, 24)
[2026-05-19 22:10:08,607] INFO - agv_controller.py:382 - AGV 0: 已取货，前往送货点 (25, 48)
[2026-05-19 22:10:08,608] INFO - agv_controller.py:382 - AGV 1: 已取货，前往送货点 (24, 44)
[2026-05-19 22:10:09,414] INFO - agv_controller.py:394 - AGV 2: 任务 39 完成！
[2026-05-19 22:10:09,414] INFO - od_flow.py:243 - 任务 39 已完成
[2026-05-19 22:10:09,511] INFO - od_flow.py:188 - 任务 47 分配给 AGV 2
[2026-05-19 22:10:09,511] INFO - task_allocator.py:319 - 分配任务 47 → AGV 2 (距离 66)
[2026-05-19 22:10:09,511] INFO - agv_controller.py:164 - AGV 2: 任务47 前往取货点 (49, 27)
[2026-05-19 22:10:09,610] INFO - task_allocator.py:244 - 生成任务 51: 取货 (0, 27) → 送货 (25, 32)
[2026-05-19 22:10:10,717] WARNING - mapf_planner.py:292 - AGV 1: 无法找到路径 (41, 34) → (24, 44)
[2026-05-19 22:10:11,118] INFO - agv_controller.py:382 - AGV 4: 已取货，前往送货点 (24, 4)
[2026-05-19 22:10:11,118] INFO - agv_controller.py:394 - AGV 6: 任务 42 完成！
[2026-05-19 22:10:11,118] INFO - od_flow.py:243 - 任务 42 已完成
[2026-05-19 22:10:11,218] INFO - task_allocator.py:244 - 生成任务 52: 取货 (49, 12) → 送货 (25, 40)
[2026-05-19 22:10:11,218] INFO - od_flow.py:188 - 任务 48 分配给 AGV 6
[2026-05-19 22:10:11,218] INFO - task_allocator.py:319 - 分配任务 48 → AGV 6 (距离 71)
[2026-05-19 22:10:11,219] INFO - agv_controller.py:164 - AGV 6: 任务48 前往取货点 (0, 32)
[2026-05-19 22:10:11,420] INFO - agv_controller.py:382 - AGV 7: 已取货，前往送货点 (25, 16)
[2026-05-19 22:10:11,621] INFO - agv_controller.py:394 - AGV 3: 任务 40 完成！
[2026-05-19 22:10:11,621] INFO - od_flow.py:243 - 任务 40 已完成
[2026-05-19 22:10:11,719] INFO - task_allocator.py:244 - 生成任务 53: 取货 (0, 12) → 送货 (24, 12)
[2026-05-19 22:10:11,720] INFO - od_flow.py:188 - 任务 49 分配给 AGV 3
[2026-05-19 22:10:11,720] INFO - task_allocator.py:319 - 分配任务 49 → AGV 3 (距离 9)
[2026-05-19 22:10:11,720] INFO - agv_controller.py:164 - AGV 3: 任务49 前往取货点 (0, 7)
[2026-05-19 22:10:11,723] INFO - agv_controller.py:394 - AGV 5: 任务 44 完成！
[2026-05-19 22:10:11,723] INFO - od_flow.py:243 - 任务 44 已完成
[2026-05-19 22:10:11,819] INFO - od_flow.py:188 - 任务 50 分配给 AGV 5
[2026-05-19 22:10:11,819] INFO - task_allocator.py:319 - 分配任务 50 → AGV 5 (距离 49)
[2026-05-19 22:10:11,820] INFO - agv_controller.py:164 - AGV 5: 任务50 前往取货点 (0, 7)
[2026-05-19 22:10:12,019] INFO - task_allocator.py:244 - 生成任务 54: 取货 (49, 42) → 送货 (25, 24)
[2026-05-19 22:10:12,423] INFO - agv_controller.py:382 - AGV 2: 已取货，前往送货点 (24, 36)
[2026-05-19 22:10:12,828] INFO - agv_controller.py:394 - AGV 0: 任务 41 完成！
[2026-05-19 22:10:12,829] INFO - od_flow.py:243 - 任务 41 已完成
[2026-05-19 22:10:12,925] INFO - od_flow.py:188 - 任务 51 分配给 AGV 0
[2026-05-19 22:10:12,926] INFO - task_allocator.py:319 - 分配任务 51 → AGV 0 (距离 27)
[2026-05-19 22:10:12,926] INFO - agv_controller.py:164 - AGV 0: 任务51 前往取货点 (0, 27)
[2026-05-19 22:10:12,929] INFO - main.py:172 - 步数 500: 已完成 44 个任务, AGV: 空闲0 移动中8 装卸0
[2026-05-19 22:10:13,026] INFO - task_allocator.py:244 - 生成任务 55: 取货 (0, 37) → 送货 (25, 48)
[2026-05-19 22:10:13,532] INFO - agv_controller.py:394 - AGV 1: 任务 43 完成！
[2026-05-19 22:10:13,532] INFO - od_flow.py:243 - 任务 43 已完成
[2026-05-19 22:10:13,629] INFO - od_flow.py:188 - 任务 52 分配给 AGV 1
[2026-05-19 22:10:13,629] INFO - task_allocator.py:319 - 分配任务 52 → AGV 1 (距离 54)
[2026-05-19 22:10:13,629] INFO - agv_controller.py:164 - AGV 1: 任务52 前往取货点 (49, 12)
[2026-05-19 22:10:13,729] INFO - task_allocator.py:244 - 生成任务 56: 取货 (0, 47) → 送货 (24, 44)
[2026-05-19 22:10:13,933] INFO - agv_controller.py:394 - AGV 4: 任务 45 完成！
[2026-05-19 22:10:13,934] INFO - od_flow.py:243 - 任务 45 已完成
[2026-05-19 22:10:14,032] INFO - od_flow.py:188 - 任务 53 分配给 AGV 4
[2026-05-19 22:10:14,033] INFO - task_allocator.py:319 - 分配任务 53 → AGV 4 (距离 57)
[2026-05-19 22:10:14,033] INFO - agv_controller.py:164 - AGV 4: 任务53 前往取货点 (0, 12)
[2026-05-19 22:10:14,232] INFO - task_allocator.py:244 - 生成任务 57: 取货 (0, 2) → 送货 (24, 4)
[2026-05-19 22:10:14,336] WARNING - mapf_planner.py:292 - AGV 1: 无法找到路径 (29, 42) → (49, 12)
[2026-05-19 22:10:14,337] INFO - agv_controller.py:394 - AGV 7: 任务 46 完成！
[2026-05-19 22:10:14,338] INFO - od_flow.py:243 - 任务 46 已完成
[2026-05-19 22:10:14,433] INFO - task_allocator.py:244 - 生成任务 58: 取货 (49, 47) → 送货 (25, 16)
[2026-05-19 22:10:14,433] INFO - od_flow.py:188 - 任务 54 分配给 AGV 7
[2026-05-19 22:10:14,433] INFO - task_allocator.py:319 - 分配任务 54 → AGV 7 (距离 44)
[2026-05-19 22:10:14,433] INFO - agv_controller.py:164 - AGV 7: 任务54 前往取货点 (49, 42)
[2026-05-19 22:10:14,538] INFO - agv_controller.py:382 - AGV 6: 已取货，前往送货点 (25, 8)
[2026-05-19 22:10:14,639] INFO - agv_controller.py:382 - AGV 3: 已取货，前往送货点 (24, 28)
[2026-05-19 22:10:14,739] WARNING - mapf_planner.py:292 - AGV 6: 无法找到路径 (0, 31) → (25, 8)
[2026-05-19 22:10:15,640] WARNING - mapf_planner.py:292 - AGV 3: 无法找到路径 (5, 11) → (24, 28)
[2026-05-19 22:10:15,947] INFO - agv_controller.py:394 - AGV 2: 任务 47 完成！
[2026-05-19 22:10:15,948] INFO - od_flow.py:243 - 任务 47 已完成
[2026-05-19 22:10:16,043] INFO - od_flow.py:188 - 任务 55 分配给 AGV 2
[2026-05-19 22:10:16,043] INFO - task_allocator.py:319 - 分配任务 55 → AGV 2 (距离 31)
[2026-05-19 22:10:16,044] INFO - agv_controller.py:164 - AGV 2: 任务55 前往取货点 (0, 37)
[2026-05-19 22:10:16,047] INFO - agv_controller.py:382 - AGV 5: 已取货，前往送货点 (24, 20)
[2026-05-19 22:10:16,244] INFO - task_allocator.py:244 - 生成任务 59: 取货 (0, 37) → 送货 (24, 36)
[2026-05-19 22:10:17,254] INFO - agv_controller.py:382 - AGV 4: 已取货，前往送货点 (24, 12)
[2026-05-19 22:10:17,355] WARNING - mapf_planner.py:292 - AGV 5: 无法找到路径 (8, 11) → (24, 20)
[2026-05-19 22:10:17,455] WARNING - mapf_planner.py:292 - AGV 5: 无法找到路径 (9, 11) → (24, 20)
[2026-05-19 22:10:17,557] INFO - agv_controller.py:382 - AGV 0: 已取货，前往送货点 (25, 32)
[2026-05-19 22:10:18,563] INFO - agv_controller.py:382 - AGV 2: 已取货，前往送货点 (25, 48)
[2026-05-19 22:10:19,067] WARNING - mapf_planner.py:292 - AGV 4: 无法找到路径 (15, 12) → (24, 12)
[2026-05-19 22:10:19,469] INFO - agv_controller.py:382 - AGV 1: 已取货，前往送货点 (25, 40)
[2026-05-19 22:10:19,469] INFO - agv_controller.py:394 - AGV 3: 任务 49 完成！
[2026-05-19 22:10:19,470] INFO - od_flow.py:243 - 任务 49 已完成
[2026-05-19 22:10:19,470] INFO - agv_controller.py:382 - AGV 7: 已取货，前往送货点 (25, 24)
[2026-05-19 22:10:19,569] INFO - od_flow.py:188 - 任务 56 分配给 AGV 3
[2026-05-19 22:10:19,569] INFO - task_allocator.py:319 - 分配任务 56 → AGV 3 (距离 49)
[2026-05-19 22:10:19,570] INFO - agv_controller.py:164 - AGV 3: 任务56 前往取货点 (0, 47)
[2026-05-19 22:10:19,669] INFO - task_allocator.py:244 - 生成任务 60: 取货 (49, 47) → 送货 (24, 28)
[2026-05-19 22:10:19,676] INFO - agv_controller.py:394 - AGV 6: 任务 48 完成！
[2026-05-19 22:10:19,677] INFO - od_flow.py:243 - 任务 48 已完成
[2026-05-19 22:10:19,770] INFO - od_flow.py:188 - 任务 57 分配给 AGV 6
[2026-05-19 22:10:19,770] INFO - task_allocator.py:319 - 分配任务 57 → AGV 6 (距离 53)
[2026-05-19 22:10:19,771] INFO - agv_controller.py:164 - AGV 6: 任务57 前往取货点 (0, 2)
[2026-05-19 22:10:19,876] INFO - agv_controller.py:394 - AGV 5: 任务 50 完成！
[2026-05-19 22:10:19,877] INFO - od_flow.py:243 - 任务 50 已完成
[2026-05-19 22:10:19,970] INFO - task_allocator.py:244 - 生成任务 61: 取货 (49, 2) → 送货 (24, 20)
[2026-05-19 22:10:19,971] INFO - od_flow.py:188 - 任务 58 分配给 AGV 5
[2026-05-19 22:10:19,971] INFO - task_allocator.py:319 - 分配任务 58 → AGV 5 (距离 44)
[2026-05-19 22:10:19,971] INFO - agv_controller.py:164 - AGV 5: 任务58 前往取货点 (49, 47)
[2026-05-19 22:10:19,979] WARNING - mapf_planner.py:292 - AGV 5: 无法找到路径 (24, 20) → (49, 47)
[2026-05-19 22:10:19,981] INFO - agv_controller.py:394 - AGV 4: 任务 53 完成！
[2026-05-19 22:10:19,981] INFO - od_flow.py:243 - 任务 53 已完成
[2026-05-19 22:10:20,071] INFO - task_allocator.py:244 - 生成任务 62: 取货 (0, 42) → 送货 (25, 8)
[2026-05-19 22:10:20,072] INFO - od_flow.py:188 - 任务 59 分配给 AGV 4
[2026-05-19 22:10:20,072] INFO - task_allocator.py:319 - 分配任务 59 → AGV 4 (距离 82)
[2026-05-19 22:10:20,072] INFO - agv_controller.py:164 - AGV 4: 任务59 前往取货点 (0, 37)
[2026-05-19 22:10:20,083] WARNING - mapf_planner.py:292 - AGV 5: 无法找到路径 (24, 20) → (49, 47)
[2026-05-19 22:10:20,378] WARNING - mapf_planner.py:292 - AGV 4: 无法找到路径 (24, 15) → (0, 37)
[2026-05-19 22:10:20,673] INFO - task_allocator.py:244 - 生成任务 63: 取货 (0, 42) → 送货 (24, 12)
[2026-05-19 22:10:20,682] INFO - agv_controller.py:394 - AGV 0: 任务 51 完成！
[2026-05-19 22:10:20,682] INFO - od_flow.py:243 - 任务 51 已完成
[2026-05-19 22:10:20,774] INFO - od_flow.py:188 - 任务 60 分配给 AGV 0
[2026-05-19 22:10:20,774] INFO - task_allocator.py:319 - 分配任务 60 → AGV 0 (距离 92)
[2026-05-19 22:10:20,774] INFO - agv_controller.py:164 - AGV 0: 任务60 前往取货点 (49, 47)
[2026-05-19 22:10:20,882] WARNING - mapf_planner.py:292 - AGV 5: 无法找到路径 (30, 21) → (49, 47)
[2026-05-19 22:10:21,377] INFO - task_allocator.py:244 - 生成任务 64: 取货 (0, 12) → 送货 (25, 32)
[2026-05-19 22:10:22,284] INFO - agv_controller.py:394 - AGV 2: 任务 55 完成！
[2026-05-19 22:10:22,285] INFO - od_flow.py:243 - 任务 55 已完成
[2026-05-19 22:10:22,383] INFO - od_flow.py:188 - 任务 61 分配给 AGV 2
[2026-05-19 22:10:22,383] INFO - task_allocator.py:319 - 分配任务 61 → AGV 2 (距离 53)
[2026-05-19 22:10:22,384] INFO - agv_controller.py:164 - AGV 2: 任务61 前往取货点 (49, 2)
[2026-05-19 22:10:22,392] WARNING - mapf_planner.py:292 - AGV 2: 无法找到路径 (25, 48) → (49, 2)
[2026-05-19 22:10:22,484] INFO - task_allocator.py:244 - 生成任务 65: 取货 (0, 22) → 送货 (25, 48)
[2026-05-19 22:10:22,588] WARNING - mapf_planner.py:292 - AGV 2: 无法找到路径 (26, 48) → (49, 2)
[2026-05-19 22:10:22,687] WARNING - mapf_planner.py:292 - AGV 2: 无法找到路径 (26, 48) → (49, 2)
[2026-05-19 22:10:22,990] WARNING - mapf_planner.py:292 - AGV 2: 无法找到路径 (26, 46) → (49, 2)
[2026-05-19 22:10:22,992] INFO - main.py:172 - 步数 600: 已完成 54 个任务, AGV: 空闲0 移动中8 装卸0
[2026-05-19 22:10:23,291] WARNING - mapf_planner.py:292 - AGV 2: 无法找到路径 (27, 45) → (49, 2)
[2026-05-19 22:10:23,292] INFO - agv_controller.py:382 - AGV 6: 已取货，前往送货点 (24, 4)
[2026-05-19 22:10:23,796] INFO - agv_controller.py:394 - AGV 7: 任务 54 完成！
[2026-05-19 22:10:23,796] INFO - od_flow.py:243 - 任务 54 已完成
[2026-05-19 22:10:23,891] INFO - od_flow.py:188 - 任务 62 分配给 AGV 7
[2026-05-19 22:10:23,891] INFO - task_allocator.py:319 - 分配任务 62 → AGV 7 (距离 83)
[2026-05-19 22:10:23,892] INFO - agv_controller.py:164 - AGV 7: 任务62 前往取货点 (0, 42)
[2026-05-19 22:10:23,899] INFO - agv_controller.py:382 - AGV 3: 已取货，前往送货点 (24, 44)
[2026-05-19 22:10:23,991] INFO - task_allocator.py:244 - 生成任务 66: 取货 (0, 2) → 送货 (25, 24)
[2026-05-19 22:10:24,732] INFO - agv_controller.py:382 - AGV 0: 已取货，前往送货点 (24, 28)
[2026-05-19 22:10:24,835] INFO - agv_controller.py:394 - AGV 1: 任务 52 完成！
[2026-05-19 22:10:24,836] INFO - od_flow.py:243 - 任务 52 已完成
[2026-05-19 22:10:24,928] INFO - task_allocator.py:244 - 生成任务 67: 取货 (49, 37) → 送货 (25, 40)
[2026-05-19 22:10:24,928] INFO - od_flow.py:188 - 任务 63 分配给 AGV 1
[2026-05-19 22:10:24,928] INFO - task_allocator.py:319 - 分配任务 63 → AGV 1 (距离 39)
[2026-05-19 22:10:24,929] INFO - agv_controller.py:164 - AGV 1: 任务63 前往取货点 (0, 42)
[2026-05-19 22:10:25,135] INFO - agv_controller.py:382 - AGV 4: 已取货，前往送货点 (24, 36)
[2026-05-19 22:10:25,536] INFO - agv_controller.py:382 - AGV 5: 已取货，前往送货点 (25, 16)
[2026-05-19 22:10:26,038] INFO - agv_controller.py:394 - AGV 6: 任务 57 完成！
[2026-05-19 22:10:26,038] INFO - od_flow.py:243 - 任务 57 已完成
[2026-05-19 22:10:26,136] INFO - task_allocator.py:244 - 生成任务 68: 取货 (0, 47) → 送货 (24, 4)
[2026-05-19 22:10:26,136] INFO - od_flow.py:188 - 任务 64 分配给 AGV 6
[2026-05-19 22:10:26,136] INFO - task_allocator.py:319 - 分配任务 64 → AGV 6 (距离 51)
[2026-05-19 22:10:26,136] INFO - agv_controller.py:164 - AGV 6: 任务64 前往取货点 (0, 12)
[2026-05-19 22:10:26,741] INFO - agv_controller.py:394 - AGV 3: 任务 56 完成！
[2026-05-19 22:10:26,742] INFO - od_flow.py:243 - 任务 56 已完成
[2026-05-19 22:10:26,837] INFO - od_flow.py:188 - 任务 65 分配给 AGV 3
[2026-05-19 22:10:26,837] INFO - task_allocator.py:319 - 分配任务 65 → AGV 3 (距离 24)
[2026-05-19 22:10:26,837] INFO - agv_controller.py:164 - AGV 3: 任务65 前往取货点 (0, 22)
[2026-05-19 22:10:26,938] INFO - task_allocator.py:244 - 生成任务 69: 取货 (49, 7) → 送货 (24, 44)
[2026-05-19 22:10:27,646] INFO - agv_controller.py:382 - AGV 1: 已取货，前往送货点 (24, 12)
[2026-05-19 22:10:27,747] INFO - agv_controller.py:394 - AGV 4: 任务 59 完成！
[2026-05-19 22:10:27,748] INFO - od_flow.py:243 - 任务 59 已完成
[2026-05-19 22:10:27,842] INFO - od_flow.py:188 - 任务 66 分配给 AGV 4
[2026-05-19 22:10:27,842] INFO - task_allocator.py:319 - 分配任务 66 → AGV 4 (距离 47)
[2026-05-19 22:10:27,842] INFO - agv_controller.py:164 - AGV 4: 任务66 前往取货点 (0, 2)
[2026-05-19 22:10:27,850] WARNING - mapf_planner.py:292 - AGV 4: 无法找到路径 (24, 36) → (0, 2)
[2026-05-19 22:10:27,946] WARNING - mapf_planner.py:292 - AGV 1: 无法找到路径 (2, 42) → (24, 12)
[2026-05-19 22:10:27,951] WARNING - mapf_planner.py:292 - AGV 4: 无法找到路径 (24, 36) → (0, 2)
[2026-05-19 22:10:28,249] WARNING - mapf_planner.py:292 - AGV 4: 无法找到路径 (22, 36) → (0, 2)
[2026-05-19 22:10:28,250] INFO - agv_controller.py:382 - AGV 7: 已取货，前往送货点 (25, 8)
[2026-05-19 22:10:28,344] INFO - task_allocator.py:244 - 生成任务 70: 取货 (49, 17) → 送货 (24, 36)
[2026-05-19 22:10:28,351] WARNING - mapf_planner.py:292 - AGV 4: 无法找到路径 (21, 36) → (0, 2)
[2026-05-19 22:10:28,356] WARNING - mapf_planner.py:292 - AGV 7: 无法找到路径 (0, 42) → (25, 8)
[2026-05-19 22:10:28,855] WARNING - mapf_planner.py:292 - AGV 7: 无法找到路径 (3, 41) → (25, 8)
[2026-05-19 22:10:29,359] INFO - agv_controller.py:382 - AGV 6: 已取货，前往送货点 (25, 32)
[2026-05-19 22:10:29,457] INFO - agv_controller.py:394 - AGV 0: 任务 60 完成！
[2026-05-19 22:10:29,458] INFO - od_flow.py:243 - 任务 60 已完成
[2026-05-19 22:10:29,554] INFO - task_allocator.py:244 - 生成任务 71: 取货 (0, 27) → 送货 (24, 28)
[2026-05-19 22:10:29,555] INFO - od_flow.py:188 - 任务 67 分配给 AGV 0
[2026-05-19 22:10:29,555] INFO - task_allocator.py:319 - 分配任务 67 → AGV 0 (距离 82)
[2026-05-19 22:10:29,555] INFO - agv_controller.py:164 - AGV 0: 任务67 前往取货点 (49, 37)
[2026-05-19 22:10:29,963] INFO - agv_controller.py:382 - AGV 2: 已取货，前往送货点 (24, 20)
[2026-05-19 22:10:31,166] INFO - agv_controller.py:394 - AGV 5: 任务 58 完成！
[2026-05-19 22:10:31,166] INFO - od_flow.py:243 - 任务 58 已完成
[2026-05-19 22:10:31,262] INFO - od_flow.py:188 - 任务 68 分配给 AGV 5
[2026-05-19 22:10:31,262] INFO - task_allocator.py:319 - 分配任务 68 → AGV 5 (距离 89)
[2026-05-19 22:10:31,263] INFO - agv_controller.py:164 - AGV 5: 任务68 前往取货点 (0, 47)
[2026-05-19 22:10:31,463] INFO - task_allocator.py:244 - 生成任务 72: 取货 (49, 27) → 送货 (25, 16)
[2026-05-19 22:10:31,468] INFO - agv_controller.py:382 - AGV 3: 已取货，前往送货点 (25, 48)
[2026-05-19 22:10:32,372] WARNING - mapf_planner.py:292 - AGV 5: 无法找到路径 (21, 23) → (0, 47)
[2026-05-19 22:10:32,976] INFO - agv_controller.py:382 - AGV 0: 已取货，前往送货点 (25, 40)
[2026-05-19 22:10:33,077] INFO - main.py:172 - 步数 700: 已完成 61 个任务, AGV: 空闲0 移动中8 装卸0
[2026-05-19 22:10:33,278] INFO - agv_controller.py:394 - AGV 1: 任务 63 完成！
[2026-05-19 22:10:33,278] INFO - od_flow.py:243 - 任务 63 已完成
[2026-05-19 22:10:33,374] INFO - od_flow.py:188 - 任务 69 分配给 AGV 1
[2026-05-19 22:10:33,374] INFO - task_allocator.py:319 - 分配任务 69 → AGV 1 (距离 49)
[2026-05-19 22:10:33,374] INFO - agv_controller.py:164 - AGV 1: 任务69 前往取货点 (49, 7)
[2026-05-19 22:10:33,475] INFO - task_allocator.py:244 - 生成任务 73: 取货 (49, 37) → 送货 (24, 12)
[2026-05-19 22:10:33,983] INFO - agv_controller.py:382 - AGV 4: 已取货，前往送货点 (25, 24)
[2026-05-19 22:10:33,983] INFO - agv_controller.py:394 - AGV 6: 任务 64 完成！
[2026-05-19 22:10:33,984] INFO - od_flow.py:243 - 任务 64 已完成
[2026-05-19 22:10:34,079] INFO - task_allocator.py:244 - 生成任务 74: 取货 (0, 7) → 送货 (25, 32)
[2026-05-19 22:10:34,079] INFO - od_flow.py:188 - 任务 70 分配给 AGV 6
[2026-05-19 22:10:34,079] INFO - task_allocator.py:319 - 分配任务 70 → AGV 6 (距离 11)
[2026-05-19 22:10:34,080] INFO - agv_controller.py:164 - AGV 6: 任务70 前往取货点 (49, 17)
[2026-05-19 22:10:34,384] INFO - agv_controller.py:394 - AGV 2: 任务 61 完成！
[2026-05-19 22:10:34,384] INFO - od_flow.py:243 - 任务 61 已完成
[2026-05-19 22:10:34,481] INFO - od_flow.py:188 - 任务 71 分配给 AGV 2
[2026-05-19 22:10:34,481] INFO - task_allocator.py:319 - 分配任务 71 → AGV 2 (距离 21)
[2026-05-19 22:10:34,482] INFO - agv_controller.py:164 - AGV 2: 任务71 前往取货点 (0, 27)
[2026-05-19 22:10:34,487] INFO - agv_controller.py:394 - AGV 7: 任务 62 完成！
[2026-05-19 22:10:34,487] INFO - od_flow.py:243 - 任务 62 已完成
[2026-05-19 22:10:34,582] INFO - od_flow.py:188 - 任务 72 分配给 AGV 7
[2026-05-19 22:10:34,582] INFO - task_allocator.py:319 - 分配任务 72 → AGV 7 (距离 29)
[2026-05-19 22:10:34,582] INFO - agv_controller.py:164 - AGV 7: 任务72 前往取货点 (49, 27)
[2026-05-19 22:10:35,084] INFO - task_allocator.py:244 - 生成任务 75: 取货 (49, 7) → 送货 (25, 8)
[2026-05-19 22:10:35,284] INFO - task_allocator.py:244 - 生成任务 76: 取货 (49, 17) → 送货 (24, 20)
[2026-05-19 22:10:35,792] INFO - agv_controller.py:394 - AGV 0: 任务 67 完成！
[2026-05-19 22:10:35,792] INFO - od_flow.py:243 - 任务 67 已完成
[2026-05-19 22:10:35,889] INFO - task_allocator.py:244 - 生成任务 77: 取货 (0, 2) → 送货 (25, 40)
[2026-05-19 22:10:35,890] INFO - od_flow.py:188 - 任务 73 分配给 AGV 0
[2026-05-19 22:10:35,890] INFO - task_allocator.py:319 - 分配任务 73 → AGV 0 (距离 82)
[2026-05-19 22:10:35,890] INFO - agv_controller.py:164 - AGV 0: 任务73 前往取货点 (49, 37)
[2026-05-19 22:10:36,397] INFO - agv_controller.py:382 - AGV 1: 已取货，前往送货点 (24, 44)
[2026-05-19 22:10:36,500] WARNING - mapf_planner.py:292 - AGV 1: 无法找到路径 (49, 7) → (24, 44)
[2026-05-19 22:10:36,700] INFO - agv_controller.py:394 - AGV 3: 任务 65 完成！
[2026-05-19 22:10:36,701] INFO - od_flow.py:243 - 任务 65 已完成
[2026-05-19 22:10:36,797] INFO - od_flow.py:188 - 任务 74 分配给 AGV 3
[2026-05-19 22:10:36,797] INFO - task_allocator.py:319 - 分配任务 74 → AGV 3 (距离 9)
[2026-05-19 22:10:36,797] INFO - agv_controller.py:164 - AGV 3: 任务74 前往取货点 (0, 7)
[2026-05-19 22:10:36,802] WARNING - mapf_planner.py:292 - AGV 1: 无法找到路径 (47, 7) → (24, 44)
[2026-05-19 22:10:36,898] INFO - task_allocator.py:244 - 生成任务 78: 取货 (0, 17) → 送货 (25, 48)
[2026-05-19 22:10:37,004] INFO - agv_controller.py:382 - AGV 5: 已取货，前往送货点 (24, 4)
[2026-05-19 22:10:37,105] WARNING - mapf_planner.py:292 - AGV 3: 无法找到路径 (22, 48) → (0, 7)
[2026-05-19 22:10:37,108] WARNING - mapf_planner.py:292 - AGV 5: 无法找到路径 (0, 47) → (24, 4)
[2026-05-19 22:10:37,409] WARNING - mapf_planner.py:292 - AGV 5: 无法找到路径 (1, 46) → (24, 4)
[2026-05-19 22:10:37,609] WARNING - mapf_planner.py:292 - AGV 5: 无法找到路径 (1, 45) → (24, 4)
[2026-05-19 22:10:37,610] INFO - agv_controller.py:382 - AGV 2: 已取货，前往送货点 (24, 28)
[2026-05-19 22:10:37,710] WARNING - mapf_planner.py:292 - AGV 5: 无法找到路径 (1, 45) → (24, 4)
[2026-05-19 22:10:37,912] WARNING - mapf_planner.py:292 - AGV 5: 无法找到路径 (1, 44) → (24, 4)
[2026-05-19 22:10:38,011] WARNING - mapf_planner.py:292 - AGV 3: 无法找到路径 (21, 41) → (0, 7)
[2026-05-19 22:10:38,016] WARNING - mapf_planner.py:292 - AGV 5: 无法找到路径 (1, 44) → (24, 4)
[2026-05-19 22:10:38,016] INFO - agv_controller.py:382 - AGV 6: 已取货，前往送货点 (24, 36)
[2026-05-19 22:10:38,109] WARNING - mapf_planner.py:292 - AGV 3: 无法找到路径 (21, 41) → (0, 7)
[2026-05-19 22:10:38,213] WARNING - mapf_planner.py:292 - AGV 5: 无法找到路径 (2, 44) → (24, 4)
[2026-05-19 22:10:38,513] WARNING - mapf_planner.py:292 - AGV 5: 无法找到路径 (2, 42) → (24, 4)
[2026-05-19 22:10:38,615] INFO - agv_controller.py:382 - AGV 0: 已取货，前往送货点 (24, 12)
[2026-05-19 22:10:38,818] WARNING - mapf_planner.py:292 - AGV 5: 无法找到路径 (3, 41) → (24, 4)
[2026-05-19 22:10:38,826] INFO - agv_controller.py:394 - AGV 4: 任务 66 完成！
[2026-05-19 22:10:38,826] INFO - od_flow.py:243 - 任务 66 已完成
[2026-05-19 22:10:38,909] INFO - task_allocator.py:244 - 生成任务 79: 取货 (0, 32) → 送货 (25, 24)
[2026-05-19 22:10:38,909] INFO - od_flow.py:188 - 任务 75 分配给 AGV 4
[2026-05-19 22:10:38,910] INFO - task_allocator.py:319 - 分配任务 75 → AGV 4 (距离 7)
[2026-05-19 22:10:38,910] INFO - agv_controller.py:164 - AGV 4: 任务75 前往取货点 (49, 7)
[2026-05-19 22:10:38,920] WARNING - mapf_planner.py:292 - AGV 5: 无法找到路径 (3, 41) → (24, 4)
[2026-05-19 22:10:38,921] INFO - agv_controller.py:382 - AGV 7: 已取货，前往送货点 (25, 16)
[2026-05-19 22:10:40,220] INFO - agv_controller.py:394 - AGV 2: 任务 71 完成！
[2026-05-19 22:10:40,221] INFO - od_flow.py:243 - 任务 71 已完成
[2026-05-19 22:10:40,315] INFO - task_allocator.py:244 - 生成任务 80: 取货 (49, 42) → 送货 (24, 28)
[2026-05-19 22:10:40,316] INFO - od_flow.py:188 - 任务 76 分配给 AGV 2
[2026-05-19 22:10:40,316] INFO - task_allocator.py:319 - 分配任务 76 → AGV 2 (距离 56)
[2026-05-19 22:10:40,316] INFO - agv_controller.py:164 - AGV 2: 任务76 前往取货点 (49, 17)
[2026-05-19 22:10:42,188] INFO - warehouse_env.py:370 - 仿真停止，共运行 789 步
[2026-05-19 22:10:42,188] INFO - task_allocator.py:169 - 调度模块：仿真停止，共运行 789 步
[2026-05-19 22:10:42,188] INFO - agv_controller.py:175 - 控制器：仿真停止，完成 69 个任务
[2026-05-19 22:10:42,287] INFO - renderer.py:519 - 渲染器已关闭
[2026-05-19 22:10:42,287] INFO - main.py:233 - ==================================================
[2026-05-19 22:10:42,287] INFO - main.py:234 - 仿真结束
[2026-05-19 22:10:42,288] INFO - main.py:235 - 总步数: 789
[2026-05-19 22:10:42,288] INFO - main.py:236 - 完成任务: 69
[2026-05-19 22:10:42,288] INFO - main.py:237 - AGV总移动步数: 6103
[2026-05-19 22:10:42,288] INFO - main.py:238 - ==================================================
