[2026-05-19 22:07:27,094] INFO - config.py:253 - 日志文件已创建: logs\simulation_20260519_220727.log
[2026-05-19 22:07:27,094] INFO - main.py:76 - 正在初始化仿真模块...
[2026-05-19 22:07:27,095] INFO - communication.py:303 - 模块 env 初始化完成
[2026-05-19 22:07:27,095] INFO - warehouse_env.py:117 - 仓库环境初始化完成: 50x50
[2026-05-19 22:07:27,095] INFO - warehouse_env.py:169 - 地图构建完成: 20个进货口, 12个出货口
[2026-05-19 22:07:27,098] INFO - warehouse_env.py:189 - 环境已重置
[2026-05-19 22:07:27,098] INFO - communication.py:303 - 模块 scheduler 初始化完成
[2026-05-19 22:07:27,099] INFO - od_flow.py:69 - OD流程管理器初始化完成，12个出货口
[2026-05-19 22:07:27,112] INFO - task_allocator.py:107 - 任务分配器初始化完成: 20个进货口, 12个出货口, 8台AGV
[2026-05-19 22:07:27,112] INFO - mapf_planner.py:260 - MAPF规划器初始化完成: 50x50
[2026-05-19 22:07:28,097] INFO - rl_collision_avoidance.py:208 - RL避撞控制器初始化完成 (PyTorch: True)
[2026-05-19 22:07:28,097] INFO - communication.py:303 - 模块 controller 初始化完成
[2026-05-19 22:07:28,097] INFO - agv_controller.py:117 - AGV控制器初始化完成
[2026-05-19 22:07:28,098] INFO - agv_controller.py:198 - 控制器已重置
[2026-05-19 22:07:28,870] INFO - renderer.py:138 - 渲染器初始化完成: 1600x1000, 格子大小=16
[2026-05-19 22:07:28,871] INFO - main.py:102 - 所有模块初始化完成
[2026-05-19 22:07:28,871] INFO - main.py:72 - 仿真系统初始化完成
[2026-05-19 22:07:28,871] INFO - warehouse_env.py:169 - 地图构建完成: 20个进货口, 12个出货口
[2026-05-19 22:07:28,874] INFO - warehouse_env.py:189 - 环境已重置
[2026-05-19 22:07:28,875] INFO - warehouse_env.py:365 - 仿真开始，环境已初始化
[2026-05-19 22:07:28,875] INFO - od_flow.py:282 - OD流程管理器已重置
[2026-05-19 22:07:28,876] INFO - task_allocator.py:180 - 调度模块已重置
[2026-05-19 22:07:28,876] INFO - task_allocator.py:164 - 调度模块：仿真开始
[2026-05-19 22:07:28,876] INFO - agv_controller.py:198 - 控制器已重置
[2026-05-19 22:07:28,876] INFO - agv_controller.py:170 - 控制器：仿真开始
[2026-05-19 22:07:28,876] INFO - main.py:121 - ==================================================
[2026-05-19 22:07:28,876] INFO - main.py:122 - 仿真开始
[2026-05-19 22:07:28,877] INFO - main.py:123 - 地图: 50x50
[2026-05-19 22:07:28,877] INFO - main.py:124 - 最大步数: 1000
[2026-05-19 22:07:28,877] INFO - main.py:125 - ==================================================
[2026-05-19 22:07:28,880] INFO - main.py:172 - 步数 1: 已完成 0 个任务, AGV: 空闲8 移动中0 装卸0
[2026-05-19 22:07:28,887] INFO - task_allocator.py:244 - 生成任务 0: 取货 (0, 17) → 送货 (24, 4)
[2026-05-19 22:07:28,888] INFO - task_allocator.py:244 - 生成任务 1: 取货 (0, 42) → 送货 (24, 36)
[2026-05-19 22:07:28,888] INFO - od_flow.py:188 - 任务 0 分配给 AGV 2
[2026-05-19 22:07:28,888] INFO - task_allocator.py:319 - 分配任务 0 → AGV 2 (距离 11)
[2026-05-19 22:07:28,888] INFO - od_flow.py:188 - 任务 1 分配给 AGV 1
[2026-05-19 22:07:28,888] INFO - task_allocator.py:319 - 分配任务 1 → AGV 1 (距离 39)
[2026-05-19 22:07:28,888] INFO - agv_controller.py:164 - AGV 2: 任务0 前往取货点 (0, 17)
[2026-05-19 22:07:28,888] INFO - agv_controller.py:164 - AGV 1: 任务1 前往取货点 (0, 42)
[2026-05-19 22:07:28,889] INFO - main.py:172 - 步数 2: 已完成 0 个任务, AGV: 空闲6 移动中2 装卸0
[2026-05-19 22:07:28,987] INFO - main.py:172 - 步数 3: 已完成 0 个任务, AGV: 空闲6 移动中2 装卸0
[2026-05-19 22:07:29,087] INFO - main.py:172 - 步数 4: 已完成 0 个任务, AGV: 空闲6 移动中2 装卸0
[2026-05-19 22:07:29,188] INFO - main.py:172 - 步数 5: 已完成 0 个任务, AGV: 空闲6 移动中2 装卸0
[2026-05-19 22:07:29,288] INFO - task_allocator.py:244 - 生成任务 2: 取货 (0, 37) → 送货 (24, 28)
[2026-05-19 22:07:29,289] INFO - od_flow.py:188 - 任务 2 分配给 AGV 0
[2026-05-19 22:07:29,289] INFO - task_allocator.py:319 - 分配任务 2 → AGV 0 (距离 37)
[2026-05-19 22:07:29,289] INFO - agv_controller.py:164 - AGV 0: 任务2 前往取货点 (0, 37)
[2026-05-19 22:07:29,290] INFO - main.py:172 - 步数 6: 已完成 0 个任务, AGV: 空闲5 移动中3 装卸0
[2026-05-19 22:07:29,389] INFO - task_allocator.py:244 - 生成任务 3: 取货 (0, 17) → 送货 (25, 48)
[2026-05-19 22:07:29,389] INFO - od_flow.py:188 - 任务 3 分配给 AGV 3
[2026-05-19 22:07:29,389] INFO - task_allocator.py:319 - 分配任务 3 → AGV 3 (距离 19)
[2026-05-19 22:07:29,389] INFO - agv_controller.py:164 - AGV 3: 任务3 前往取货点 (0, 17)
[2026-05-19 22:07:29,390] INFO - main.py:172 - 步数 7: 已完成 0 个任务, AGV: 空闲4 移动中4 装卸0
[2026-05-19 22:07:29,489] INFO - task_allocator.py:244 - 生成任务 4: 取货 (0, 12) → 送货 (25, 32)
[2026-05-19 22:07:29,490] INFO - task_allocator.py:244 - 生成任务 5: 取货 (0, 7) → 送货 (24, 12)
[2026-05-19 22:07:29,490] INFO - od_flow.py:188 - 任务 4 分配给 AGV 6
[2026-05-19 22:07:29,490] INFO - task_allocator.py:319 - 分配任务 4 → AGV 6 (距离 51)
[2026-05-19 22:07:29,490] INFO - od_flow.py:188 - 任务 5 分配给 AGV 7
[2026-05-19 22:07:29,490] INFO - task_allocator.py:319 - 分配任务 5 → AGV 7 (距离 48)
[2026-05-19 22:07:29,490] INFO - agv_controller.py:164 - AGV 6: 任务4 前往取货点 (0, 12)
[2026-05-19 22:07:29,490] INFO - agv_controller.py:164 - AGV 7: 任务5 前往取货点 (0, 7)
[2026-05-19 22:07:29,493] INFO - main.py:172 - 步数 8: 已完成 0 个任务, AGV: 空闲2 移动中6 装卸0
[2026-05-19 22:07:29,593] INFO - main.py:172 - 步数 9: 已完成 0 个任务, AGV: 空闲2 移动中6 装卸0
[2026-05-19 22:07:29,693] INFO - main.py:172 - 步数 10: 已完成 0 个任务, AGV: 空闲2 移动中6 装卸0
[2026-05-19 22:07:29,993] INFO - agv_controller.py:382 - AGV 2: 已取货，前往送货点 (24, 4)
[2026-05-19 22:07:30,192] INFO - task_allocator.py:244 - 生成任务 6: 取货 (0, 12) → 送货 (24, 44)
[2026-05-19 22:07:30,192] INFO - od_flow.py:188 - 任务 6 分配给 AGV 5
[2026-05-19 22:07:30,192] INFO - task_allocator.py:319 - 分配任务 6 → AGV 5 (距离 54)
[2026-05-19 22:07:30,192] INFO - agv_controller.py:164 - AGV 5: 任务6 前往取货点 (0, 12)
[2026-05-19 22:07:30,595] INFO - task_allocator.py:244 - 生成任务 7: 取货 (0, 37) → 送货 (25, 40)
[2026-05-19 22:07:30,596] INFO - od_flow.py:188 - 任务 7 分配给 AGV 4
[2026-05-19 22:07:30,596] INFO - task_allocator.py:319 - 分配任务 7 → AGV 4 (距离 82)
[2026-05-19 22:07:30,596] INFO - agv_controller.py:164 - AGV 4: 任务7 前往取货点 (0, 37)
[2026-05-19 22:07:30,600] WARNING - mapf_planner.py:292 - AGV 4: 无法找到路径 (47, 2) → (0, 37)
[2026-05-19 22:07:30,800] WARNING - mapf_planner.py:292 - AGV 4: 无法找到路径 (46, 2) → (0, 37)
[2026-05-19 22:07:30,998] INFO - task_allocator.py:244 - 生成任务 8: 取货 (49, 47) → 送货 (24, 20)
[2026-05-19 22:07:31,003] WARNING - mapf_planner.py:292 - AGV 4: 无法找到路径 (46, 3) → (0, 37)
[2026-05-19 22:07:31,199] INFO - task_allocator.py:244 - 生成任务 9: 取货 (49, 37) → 送货 (25, 8)
[2026-05-19 22:07:31,200] INFO - task_allocator.py:244 - 生成任务 10: 取货 (49, 37) → 送货 (25, 24)
[2026-05-19 22:07:31,200] INFO - task_allocator.py:244 - 生成任务 11: 取货 (0, 37) → 送货 (25, 16)
[2026-05-19 22:07:31,304] WARNING - mapf_planner.py:292 - AGV 4: 无法找到路径 (45, 4) → (0, 37)
[2026-05-19 22:07:31,306] INFO - agv_controller.py:382 - AGV 3: 已取货，前往送货点 (25, 48)
[2026-05-19 22:07:31,504] WARNING - mapf_planner.py:292 - AGV 4: 无法找到路径 (44, 4) → (0, 37)
[2026-05-19 22:07:31,605] WARNING - mapf_planner.py:292 - AGV 4: 无法找到路径 (44, 4) → (0, 37)
[2026-05-19 22:07:31,808] WARNING - mapf_planner.py:292 - AGV 4: 无法找到路径 (44, 5) → (0, 37)
[2026-05-19 22:07:31,909] WARNING - mapf_planner.py:292 - AGV 4: 无法找到路径 (44, 5) → (0, 37)
[2026-05-19 22:07:32,110] WARNING - mapf_planner.py:292 - AGV 4: 无法找到路径 (43, 5) → (0, 37)
[2026-05-19 22:07:32,210] WARNING - mapf_planner.py:292 - AGV 4: 无法找到路径 (43, 5) → (0, 37)
[2026-05-19 22:07:32,311] WARNING - mapf_planner.py:292 - AGV 4: 无法找到路径 (43, 5) → (0, 37)
[2026-05-19 22:07:32,412] WARNING - mapf_planner.py:292 - AGV 4: 无法找到路径 (43, 5) → (0, 37)
[2026-05-19 22:07:32,717] WARNING - mapf_planner.py:292 - AGV 4: 无法找到路径 (43, 7) → (0, 37)
[2026-05-19 22:07:32,817] WARNING - mapf_planner.py:292 - AGV 4: 无法找到路径 (43, 7) → (0, 37)
[2026-05-19 22:07:32,819] INFO - agv_controller.py:382 - AGV 1: 已取货，前往送货点 (24, 36)
[2026-05-19 22:07:33,018] WARNING - mapf_planner.py:292 - AGV 4: 无法找到路径 (42, 7) → (0, 37)
[2026-05-19 22:07:33,022] INFO - agv_controller.py:382 - AGV 0: 已取货，前往送货点 (24, 28)
[2026-05-19 22:07:33,116] WARNING - mapf_planner.py:292 - AGV 2: 无法找到路径 (18, 5) → (24, 4)
[2026-05-19 22:07:33,119] WARNING - mapf_planner.py:292 - AGV 4: 无法找到路径 (42, 7) → (0, 37)
[2026-05-19 22:07:33,317] WARNING - mapf_planner.py:292 - AGV 2: 无法找到路径 (18, 5) → (24, 4)
[2026-05-19 22:07:33,321] WARNING - mapf_planner.py:292 - AGV 4: 无法找到路径 (42, 8) → (0, 37)
[2026-05-19 22:07:33,417] WARNING - mapf_planner.py:292 - AGV 2: 无法找到路径 (18, 6) → (24, 4)
[2026-05-19 22:07:33,621] WARNING - mapf_planner.py:292 - AGV 4: 无法找到路径 (41, 9) → (0, 37)
[2026-05-19 22:07:33,722] WARNING - mapf_planner.py:292 - AGV 4: 无法找到路径 (41, 9) → (0, 37)
[2026-05-19 22:07:33,822] WARNING - mapf_planner.py:292 - AGV 4: 无法找到路径 (41, 9) → (0, 37)
[2026-05-19 22:07:34,227] WARNING - mapf_planner.py:292 - AGV 4: 无法找到路径 (39, 10) → (0, 37)
[2026-05-19 22:07:34,228] INFO - agv_controller.py:394 - AGV 2: 任务 0 完成！
[2026-05-19 22:07:34,228] INFO - od_flow.py:243 - 任务 0 已完成
[2026-05-19 22:07:34,322] INFO - od_flow.py:188 - 任务 8 分配给 AGV 2
[2026-05-19 22:07:34,323] INFO - task_allocator.py:319 - 分配任务 8 → AGV 2 (距离 86)
[2026-05-19 22:07:34,323] INFO - agv_controller.py:164 - AGV 2: 任务8 前往取货点 (49, 47)
[2026-05-19 22:07:34,326] INFO - agv_controller.py:382 - AGV 7: 已取货，前往送货点 (24, 12)
[2026-05-19 22:07:34,628] WARNING - mapf_planner.py:292 - AGV 2: 无法找到路径 (26, 5) → (49, 47)
[2026-05-19 22:07:34,631] INFO - agv_controller.py:382 - AGV 6: 已取货，前往送货点 (25, 32)
[2026-05-19 22:07:34,725] INFO - task_allocator.py:244 - 生成任务 12: 取货 (49, 7) → 送货 (24, 4)
[2026-05-19 22:07:34,728] WARNING - mapf_planner.py:292 - AGV 2: 无法找到路径 (26, 5) → (49, 47)
[2026-05-19 22:07:35,030] WARNING - mapf_planner.py:292 - AGV 2: 无法找到路径 (28, 5) → (49, 47)
[2026-05-19 22:07:35,332] WARNING - mapf_planner.py:292 - AGV 2: 无法找到路径 (29, 6) → (49, 47)
[2026-05-19 22:07:35,636] INFO - agv_controller.py:382 - AGV 5: 已取货，前往送货点 (24, 44)
[2026-05-19 22:07:35,838] WARNING - mapf_planner.py:292 - AGV 5: 无法找到路径 (1, 12) → (24, 44)
[2026-05-19 22:07:35,939] INFO - agv_controller.py:394 - AGV 1: 任务 1 完成！
[2026-05-19 22:07:35,939] INFO - od_flow.py:243 - 任务 1 已完成
[2026-05-19 22:07:36,033] INFO - task_allocator.py:244 - 生成任务 13: 取货 (49, 12) → 送货 (24, 36)
[2026-05-19 22:07:36,033] INFO - od_flow.py:188 - 任务 9 分配给 AGV 1
[2026-05-19 22:07:36,033] INFO - task_allocator.py:319 - 分配任务 9 → AGV 1 (距离 79)
[2026-05-19 22:07:36,034] INFO - agv_controller.py:164 - AGV 1: 任务9 前往取货点 (49, 37)
[2026-05-19 22:07:36,341] WARNING - mapf_planner.py:292 - AGV 5: 无法找到路径 (5, 12) → (24, 44)
[2026-05-19 22:07:36,439] INFO - agv_controller.py:394 - AGV 0: 任务 2 完成！
[2026-05-19 22:07:36,439] INFO - od_flow.py:243 - 任务 2 已完成
[2026-05-19 22:07:36,536] INFO - od_flow.py:188 - 任务 10 分配给 AGV 0
[2026-05-19 22:07:36,537] INFO - task_allocator.py:319 - 分配任务 10 → AGV 0 (距离 82)
[2026-05-19 22:07:36,537] INFO - agv_controller.py:164 - AGV 0: 任务10 前往取货点 (49, 37)
[2026-05-19 22:07:36,637] INFO - task_allocator.py:244 - 生成任务 14: 取货 (0, 47) → 送货 (24, 28)
[2026-05-19 22:07:37,041] INFO - agv_controller.py:394 - AGV 3: 任务 3 完成！
[2026-05-19 22:07:37,041] INFO - od_flow.py:243 - 任务 3 已完成
[2026-05-19 22:07:37,138] INFO - od_flow.py:188 - 任务 11 分配给 AGV 3
[2026-05-19 22:07:37,138] INFO - task_allocator.py:319 - 分配任务 11 → AGV 3 (距离 39)
[2026-05-19 22:07:37,138] INFO - agv_controller.py:164 - AGV 3: 任务11 前往取货点 (0, 37)
[2026-05-19 22:07:37,340] INFO - task_allocator.py:244 - 生成任务 15: 取货 (0, 12) → 送货 (25, 48)
[2026-05-19 22:07:37,345] INFO - agv_controller.py:394 - AGV 7: 任务 5 完成！
[2026-05-19 22:07:37,345] INFO - od_flow.py:243 - 任务 5 已完成
[2026-05-19 22:07:37,441] INFO - od_flow.py:188 - 任务 12 分配给 AGV 7
[2026-05-19 22:07:37,441] INFO - task_allocator.py:319 - 分配任务 12 → AGV 7 (距离 9)
[2026-05-19 22:07:37,442] INFO - agv_controller.py:164 - AGV 7: 任务12 前往取货点 (49, 7)
[2026-05-19 22:07:37,943] INFO - task_allocator.py:244 - 生成任务 16: 取货 (49, 12) → 送货 (24, 12)
[2026-05-19 22:07:38,649] INFO - agv_controller.py:382 - AGV 1: 已取货，前往送货点 (25, 8)
[2026-05-19 22:07:38,752] WARNING - mapf_planner.py:292 - AGV 1: 无法找到路径 (49, 37) → (25, 8)
[2026-05-19 22:07:38,755] INFO - main.py:172 - 步数 100: 已完成 5 个任务, AGV: 空闲0 移动中8 装卸0
[2026-05-19 22:07:38,851] WARNING - mapf_planner.py:292 - AGV 1: 无法找到路径 (49, 37) → (25, 8)
[2026-05-19 22:07:39,252] INFO - agv_controller.py:394 - AGV 6: 任务 4 完成！
[2026-05-19 22:07:39,252] INFO - od_flow.py:243 - 任务 4 已完成
[2026-05-19 22:07:39,350] INFO - task_allocator.py:244 - 生成任务 17: 取货 (0, 32) → 送货 (25, 32)
[2026-05-19 22:07:39,351] INFO - od_flow.py:188 - 任务 13 分配给 AGV 6
[2026-05-19 22:07:39,351] INFO - task_allocator.py:319 - 分配任务 13 → AGV 6 (距离 6)
[2026-05-19 22:07:39,351] INFO - agv_controller.py:164 - AGV 6: 任务13 前往取货点 (49, 12)
[2026-05-19 22:07:39,971] INFO - warehouse_env.py:370 - 仿真停止，共运行 111 步
[2026-05-19 22:07:39,971] INFO - task_allocator.py:169 - 调度模块：仿真停止，共运行 111 步
[2026-05-19 22:07:39,972] INFO - agv_controller.py:175 - 控制器：仿真停止，完成 6 个任务
[2026-05-19 22:07:40,068] INFO - renderer.py:499 - 渲染器已关闭
[2026-05-19 22:07:40,068] INFO - main.py:233 - ==================================================
[2026-05-19 22:07:40,069] INFO - main.py:234 - 仿真结束
[2026-05-19 22:07:40,069] INFO - main.py:235 - 总步数: 111
[2026-05-19 22:07:40,069] INFO - main.py:236 - 完成任务: 6
[2026-05-19 22:07:40,069] INFO - main.py:237 - AGV总移动步数: 815
[2026-05-19 22:07:40,069] INFO - main.py:238 - ==================================================
