[2026-05-19 22:27:09,320] INFO - config.py:254 - 日志文件已创建: logs\simulation_20260519_222709.log
[2026-05-19 22:27:10,627] INFO - main.py:77 - 正在初始化仿真模块...
[2026-05-19 22:27:10,627] INFO - communication.py:303 - 模块 env 初始化完成
[2026-05-19 22:27:10,627] INFO - warehouse_env.py:117 - 仓库环境初始化完成: 50x50
[2026-05-19 22:27:10,628] INFO - warehouse_env.py:169 - 地图构建完成: 20个进货口, 12个出货口
[2026-05-19 22:27:10,630] INFO - warehouse_env.py:189 - 环境已重置
[2026-05-19 22:27:10,630] INFO - communication.py:303 - 模块 scheduler 初始化完成
[2026-05-19 22:27:10,634] INFO - od_flow.py:69 - OD流程管理器初始化完成，12个出货口
[2026-05-19 22:27:10,647] INFO - task_allocator.py:110 - 任务分配器初始化完成: 20个进货口, 12个出货口, 8台AGV
[2026-05-19 22:27:10,647] INFO - mapf_planner.py:260 - MAPF规划器初始化完成: 50x50
[2026-05-19 22:27:11,599] INFO - rl_collision_avoidance.py:208 - RL避撞控制器初始化完成 (PyTorch: True)
[2026-05-19 22:27:11,600] INFO - communication.py:303 - 模块 controller 初始化完成
[2026-05-19 22:27:11,600] INFO - agv_controller.py:117 - AGV控制器初始化完成
[2026-05-19 22:27:11,600] INFO - agv_controller.py:198 - 控制器已重置
[2026-05-19 22:27:12,291] INFO - renderer.py:161 - 渲染器初始化完成: 1600x1000, 格子大小=16
[2026-05-19 22:27:12,291] INFO - main.py:103 - 所有模块初始化完成
[2026-05-19 22:27:12,291] INFO - main.py:73 - 仿真系统初始化完成
[2026-05-19 22:27:12,292] INFO - warehouse_env.py:169 - 地图构建完成: 20个进货口, 12个出货口
[2026-05-19 22:27:12,296] INFO - warehouse_env.py:189 - 环境已重置
[2026-05-19 22:27:12,296] INFO - warehouse_env.py:365 - 仿真开始，环境已初始化
[2026-05-19 22:27:12,296] INFO - od_flow.py:282 - OD流程管理器已重置
[2026-05-19 22:27:12,296] INFO - task_allocator.py:183 - 调度模块已重置
[2026-05-19 22:27:12,297] INFO - task_allocator.py:167 - 调度模块：仿真开始
[2026-05-19 22:27:12,297] INFO - agv_controller.py:198 - 控制器已重置
[2026-05-19 22:27:12,297] INFO - agv_controller.py:170 - 控制器：仿真开始
[2026-05-19 22:27:12,297] INFO - main.py:122 - ==================================================
[2026-05-19 22:27:12,297] INFO - main.py:123 - 仿真开始
[2026-05-19 22:27:12,297] INFO - main.py:124 - 地图: 50x50
[2026-05-19 22:27:12,297] INFO - main.py:125 - 最大步数: 1000
[2026-05-19 22:27:12,297] INFO - main.py:126 - ==================================================
[2026-05-19 22:27:12,302] INFO - main.py:190 - 步数 1: 已完成 0 个任务, AGV: 空闲8 移动中0 装卸0
[2026-05-19 22:27:12,311] INFO - task_allocator.py:247 - 生成任务 0: 取货 (0, 17) → 送货 (24, 4)
[2026-05-19 22:27:12,312] INFO - od_flow.py:188 - 任务 0 分配给 AGV 2
[2026-05-19 22:27:12,312] INFO - task_allocator.py:322 - 分配任务 0 → AGV 2 (距离 11)
[2026-05-19 22:27:12,312] INFO - agv_controller.py:164 - AGV 2: 任务0 前往取货点 (0, 17)
[2026-05-19 22:27:12,313] INFO - main.py:190 - 步数 2: 已完成 0 个任务, AGV: 空闲7 移动中1 装卸0
[2026-05-19 22:27:12,412] INFO - main.py:190 - 步数 3: 已完成 0 个任务, AGV: 空闲7 移动中1 装卸0
[2026-05-19 22:27:12,511] INFO - main.py:190 - 步数 4: 已完成 0 个任务, AGV: 空闲7 移动中1 装卸0
[2026-05-19 22:27:12,612] INFO - main.py:190 - 步数 5: 已完成 0 个任务, AGV: 空闲7 移动中1 装卸0
[2026-05-19 22:27:12,712] INFO - main.py:190 - 步数 6: 已完成 0 个任务, AGV: 空闲7 移动中1 装卸0
[2026-05-19 22:27:12,812] INFO - task_allocator.py:247 - 生成任务 1: 取货 (0, 42) → 送货 (24, 36)
[2026-05-19 22:27:12,813] INFO - od_flow.py:188 - 任务 1 分配给 AGV 1
[2026-05-19 22:27:12,813] INFO - task_allocator.py:322 - 分配任务 1 → AGV 1 (距离 39)
[2026-05-19 22:27:12,813] INFO - agv_controller.py:164 - AGV 1: 任务1 前往取货点 (0, 42)
[2026-05-19 22:27:12,814] INFO - main.py:190 - 步数 7: 已完成 0 个任务, AGV: 空闲6 移动中2 装卸0
[2026-05-19 22:27:12,913] INFO - main.py:190 - 步数 8: 已完成 0 个任务, AGV: 空闲6 移动中2 装卸0
[2026-05-19 22:27:13,013] INFO - main.py:190 - 步数 9: 已完成 0 个任务, AGV: 空闲6 移动中2 装卸0
[2026-05-19 22:27:13,112] INFO - task_allocator.py:247 - 生成任务 2: 取货 (0, 37) → 送货 (24, 28)
[2026-05-19 22:27:13,112] INFO - od_flow.py:188 - 任务 2 分配给 AGV 0
[2026-05-19 22:27:13,112] INFO - task_allocator.py:322 - 分配任务 2 → AGV 0 (距离 37)
[2026-05-19 22:27:13,112] INFO - agv_controller.py:164 - AGV 0: 任务2 前往取货点 (0, 37)
[2026-05-19 22:27:13,113] INFO - main.py:190 - 步数 10: 已完成 0 个任务, AGV: 空闲5 移动中3 装卸0
[2026-05-19 22:27:13,415] INFO - agv_controller.py:382 - AGV 2: 已取货，前往送货点 (24, 4)
[2026-05-19 22:27:15,218] INFO - task_allocator.py:247 - 生成任务 3: 取货 (0, 17) → 送货 (25, 48)
[2026-05-19 22:27:15,219] INFO - task_allocator.py:247 - 生成任务 4: 取货 (0, 12) → 送货 (25, 32)
[2026-05-19 22:27:15,219] INFO - od_flow.py:188 - 任务 3 分配给 AGV 3
[2026-05-19 22:27:15,219] INFO - task_allocator.py:322 - 分配任务 3 → AGV 3 (距离 19)
[2026-05-19 22:27:15,219] INFO - od_flow.py:188 - 任务 4 分配给 AGV 6
[2026-05-19 22:27:15,220] INFO - task_allocator.py:322 - 分配任务 4 → AGV 6 (距离 51)
[2026-05-19 22:27:15,220] INFO - agv_controller.py:164 - AGV 3: 任务3 前往取货点 (0, 17)
[2026-05-19 22:27:15,220] INFO - agv_controller.py:164 - AGV 6: 任务4 前往取货点 (0, 12)
[2026-05-19 22:27:16,019] INFO - task_allocator.py:247 - 生成任务 5: 取货 (0, 7) → 送货 (24, 12)
[2026-05-19 22:27:16,019] INFO - od_flow.py:188 - 任务 5 分配给 AGV 7
[2026-05-19 22:27:16,019] INFO - task_allocator.py:322 - 分配任务 5 → AGV 7 (距离 48)
[2026-05-19 22:27:16,020] INFO - agv_controller.py:164 - AGV 7: 任务5 前往取货点 (0, 7)
[2026-05-19 22:27:16,523] WARNING - mapf_planner.py:292 - AGV 2: 无法找到路径 (18, 5) → (24, 4)
[2026-05-19 22:27:16,624] INFO - task_allocator.py:247 - 生成任务 6: 取货 (0, 12) → 送货 (24, 44)
[2026-05-19 22:27:16,625] INFO - od_flow.py:188 - 任务 6 分配给 AGV 5
[2026-05-19 22:27:16,625] INFO - task_allocator.py:322 - 分配任务 6 → AGV 5 (距离 54)
[2026-05-19 22:27:16,625] INFO - agv_controller.py:164 - AGV 5: 任务6 前往取货点 (0, 12)
[2026-05-19 22:27:16,725] INFO - task_allocator.py:247 - 生成任务 7: 取货 (0, 37) → 送货 (25, 40)
[2026-05-19 22:27:16,725] INFO - task_allocator.py:247 - 生成任务 8: 取货 (49, 47) → 送货 (24, 20)
[2026-05-19 22:27:16,725] INFO - od_flow.py:188 - 任务 7 分配给 AGV 4
[2026-05-19 22:27:16,725] INFO - task_allocator.py:322 - 分配任务 7 → AGV 4 (距离 82)
[2026-05-19 22:27:16,725] INFO - agv_controller.py:164 - AGV 4: 任务7 前往取货点 (0, 37)
[2026-05-19 22:27:16,728] INFO - agv_controller.py:382 - AGV 1: 已取货，前往送货点 (24, 36)
[2026-05-19 22:27:16,826] INFO - task_allocator.py:247 - 生成任务 9: 取货 (49, 37) → 送货 (25, 8)
[2026-05-19 22:27:16,829] WARNING - mapf_planner.py:292 - AGV 4: 无法找到路径 (46, 2) → (0, 37)
[2026-05-19 22:27:16,832] INFO - agv_controller.py:382 - AGV 0: 已取货，前往送货点 (24, 28)
[2026-05-19 22:27:17,132] WARNING - mapf_planner.py:292 - AGV 4: 无法找到路径 (46, 4) → (0, 37)
[2026-05-19 22:27:17,134] INFO - agv_controller.py:382 - AGV 3: 已取货，前往送货点 (25, 48)
[2026-05-19 22:27:17,231] INFO - agv_controller.py:394 - AGV 2: 任务 0 完成！
[2026-05-19 22:27:17,231] INFO - od_flow.py:243 - 任务 0 已完成
[2026-05-19 22:27:17,328] INFO - od_flow.py:188 - 任务 8 分配给 AGV 2
[2026-05-19 22:27:17,328] INFO - task_allocator.py:322 - 分配任务 8 → AGV 2 (距离 86)
[2026-05-19 22:27:17,328] INFO - agv_controller.py:164 - AGV 2: 任务8 前往取货点 (49, 47)
[2026-05-19 22:27:17,333] WARNING - mapf_planner.py:292 - AGV 3: 无法找到路径 (1, 17) → (25, 48)
[2026-05-19 22:27:17,429] INFO - task_allocator.py:247 - 生成任务 10: 取货 (49, 37) → 送货 (25, 16)
[2026-05-19 22:27:17,435] WARNING - mapf_planner.py:292 - AGV 3: 无法找到路径 (1, 17) → (25, 48)
[2026-05-19 22:27:17,633] WARNING - mapf_planner.py:292 - AGV 2: 无法找到路径 (26, 5) → (49, 47)
[2026-05-19 22:27:17,735] WARNING - mapf_planner.py:292 - AGV 3: 无法找到路径 (3, 17) → (25, 48)
[2026-05-19 22:27:17,838] WARNING - mapf_planner.py:292 - AGV 4: 无法找到路径 (42, 6) → (0, 37)
[2026-05-19 22:27:17,940] WARNING - mapf_planner.py:292 - AGV 4: 无法找到路径 (42, 6) → (0, 37)
[2026-05-19 22:27:18,033] INFO - task_allocator.py:247 - 生成任务 11: 取货 (0, 37) → 送货 (25, 24)
[2026-05-19 22:27:18,140] WARNING - mapf_planner.py:292 - AGV 4: 无法找到路径 (41, 6) → (0, 37)
[2026-05-19 22:27:18,239] WARNING - mapf_planner.py:292 - AGV 4: 无法找到路径 (41, 6) → (0, 37)
[2026-05-19 22:27:18,440] WARNING - mapf_planner.py:292 - AGV 4: 无法找到路径 (40, 6) → (0, 37)
[2026-05-19 22:27:18,741] WARNING - mapf_planner.py:292 - AGV 4: 无法找到路径 (39, 7) → (0, 37)
[2026-05-19 22:27:18,840] WARNING - mapf_planner.py:292 - AGV 4: 无法找到路径 (39, 7) → (0, 37)
[2026-05-19 22:27:19,035] INFO - task_allocator.py:247 - 生成任务 12: 取货 (49, 42) → 送货 (24, 4)
[2026-05-19 22:27:19,040] WARNING - mapf_planner.py:292 - AGV 2: 无法找到路径 (30, 14) → (49, 47)
[2026-05-19 22:27:19,142] WARNING - mapf_planner.py:292 - AGV 4: 无法找到路径 (38, 8) → (0, 37)
[2026-05-19 22:27:19,245] WARNING - mapf_planner.py:292 - AGV 4: 无法找到路径 (38, 8) → (0, 37)
[2026-05-19 22:27:19,344] WARNING - mapf_planner.py:292 - AGV 4: 无法找到路径 (38, 8) → (0, 37)
[2026-05-19 22:27:19,443] WARNING - mapf_planner.py:292 - AGV 4: 无法找到路径 (38, 8) → (0, 37)
[2026-05-19 22:27:19,746] WARNING - mapf_planner.py:292 - AGV 4: 无法找到路径 (37, 9) → (0, 37)
[2026-05-19 22:27:19,844] INFO - agv_controller.py:394 - AGV 1: 任务 1 完成！
[2026-05-19 22:27:19,844] INFO - od_flow.py:243 - 任务 1 已完成
[2026-05-19 22:27:19,940] INFO - od_flow.py:188 - 任务 9 分配给 AGV 1
[2026-05-19 22:27:19,940] INFO - task_allocator.py:322 - 分配任务 9 → AGV 1 (距离 79)
[2026-05-19 22:27:19,941] INFO - agv_controller.py:164 - AGV 1: 任务9 前往取货点 (49, 37)
[2026-05-19 22:27:20,147] WARNING - mapf_planner.py:292 - AGV 4: 无法找到路径 (35, 10) → (0, 37)
[2026-05-19 22:27:20,245] INFO - agv_controller.py:394 - AGV 0: 任务 2 完成！
[2026-05-19 22:27:20,245] INFO - od_flow.py:243 - 任务 2 已完成
[2026-05-19 22:27:20,343] INFO - od_flow.py:188 - 任务 10 分配给 AGV 0
[2026-05-19 22:27:20,344] INFO - task_allocator.py:322 - 分配任务 10 → AGV 0 (距离 82)
[2026-05-19 22:27:20,344] INFO - agv_controller.py:164 - AGV 0: 任务10 前往取货点 (49, 37)
[2026-05-19 22:27:20,349] INFO - agv_controller.py:382 - AGV 6: 已取货，前往送货点 (25, 32)
[2026-05-19 22:27:20,449] WARNING - mapf_planner.py:292 - AGV 4: 无法找到路径 (33, 10) → (0, 37)
[2026-05-19 22:27:20,852] INFO - agv_controller.py:382 - AGV 7: 已取货，前往送货点 (24, 12)
[2026-05-19 22:27:21,248] INFO - task_allocator.py:247 - 生成任务 13: 取货 (0, 27) → 送货 (24, 36)
[2026-05-19 22:27:21,352] WARNING - mapf_planner.py:292 - AGV 4: 无法找到路径 (27, 12) → (0, 37)
[2026-05-19 22:27:21,653] WARNING - mapf_planner.py:292 - AGV 4: 无法找到路径 (26, 13) → (0, 37)
[2026-05-19 22:27:21,853] WARNING - mapf_planner.py:292 - AGV 4: 无法找到路径 (26, 14) → (0, 37)
[2026-05-19 22:27:21,950] INFO - task_allocator.py:247 - 生成任务 14: 取货 (49, 2) → 送货 (24, 28)
[2026-05-19 22:27:22,054] INFO - agv_controller.py:382 - AGV 5: 已取货，前往送货点 (24, 44)
[2026-05-19 22:27:22,155] INFO - main.py:190 - 步数 100: 已完成 3 个任务, AGV: 空闲0 移动中8 装卸0
[2026-05-19 22:27:22,258] WARNING - mapf_planner.py:292 - AGV 4: 无法找到路径 (24, 15) → (0, 37)
[2026-05-19 22:27:22,557] WARNING - mapf_planner.py:292 - AGV 4: 无法找到路径 (23, 16) → (0, 37)
[2026-05-19 22:27:22,559] INFO - agv_controller.py:382 - AGV 1: 已取货，前往送货点 (25, 8)
[2026-05-19 22:27:22,957] WARNING - mapf_planner.py:292 - AGV 1: 无法找到路径 (47, 36) → (25, 8)
[2026-05-19 22:27:23,160] INFO - agv_controller.py:394 - AGV 3: 任务 3 完成！
[2026-05-19 22:27:23,160] INFO - od_flow.py:243 - 任务 3 已完成
[2026-05-19 22:27:23,257] INFO - od_flow.py:188 - 任务 11 分配给 AGV 3
[2026-05-19 22:27:23,257] INFO - task_allocator.py:322 - 分配任务 11 → AGV 3 (距离 39)
[2026-05-19 22:27:23,257] INFO - agv_controller.py:164 - AGV 3: 任务11 前往取货点 (0, 37)
[2026-05-19 22:27:23,658] INFO - task_allocator.py:247 - 生成任务 15: 取货 (0, 12) → 送货 (25, 48)
[2026-05-19 22:27:23,764] INFO - agv_controller.py:382 - AGV 0: 已取货，前往送货点 (25, 16)
[2026-05-19 22:27:23,867] INFO - agv_controller.py:394 - AGV 7: 任务 5 完成！
[2026-05-19 22:27:23,868] INFO - od_flow.py:243 - 任务 5 已完成
[2026-05-19 22:27:23,961] INFO - od_flow.py:188 - 任务 12 分配给 AGV 7
[2026-05-19 22:27:23,962] INFO - task_allocator.py:322 - 分配任务 12 → AGV 7 (距离 44)
[2026-05-19 22:27:23,962] INFO - agv_controller.py:164 - AGV 7: 任务12 前往取货点 (49, 42)
[2026-05-19 22:27:24,061] INFO - task_allocator.py:247 - 生成任务 16: 取货 (0, 17) → 送货 (24, 12)
[2026-05-19 22:27:24,370] INFO - agv_controller.py:382 - AGV 2: 已取货，前往送货点 (24, 20)
[2026-05-19 22:27:24,972] WARNING - mapf_planner.py:292 - AGV 7: 无法找到路径 (30, 16) → (49, 42)
[2026-05-19 22:27:24,972] INFO - agv_controller.py:394 - AGV 6: 任务 4 完成！
[2026-05-19 22:27:24,973] INFO - od_flow.py:243 - 任务 4 已完成
[2026-05-19 22:27:25,065] INFO - od_flow.py:188 - 任务 13 分配给 AGV 6
[2026-05-19 22:27:25,065] INFO - task_allocator.py:322 - 分配任务 13 → AGV 6 (距离 66)
[2026-05-19 22:27:25,066] INFO - agv_controller.py:164 - AGV 6: 任务13 前往取货点 (0, 27)
[2026-05-19 22:27:25,267] INFO - task_allocator.py:247 - 生成任务 17: 取货 (0, 42) → 送货 (25, 32)
[2026-05-19 22:27:26,875] INFO - agv_controller.py:382 - AGV 3: 已取货，前往送货点 (25, 24)
[2026-05-19 22:27:27,079] INFO - agv_controller.py:382 - AGV 4: 已取货，前往送货点 (25, 40)
[2026-05-19 22:27:27,376] WARNING - mapf_planner.py:292 - AGV 3: 无法找到路径 (2, 35) → (25, 24)
[2026-05-19 22:27:27,780] INFO - agv_controller.py:394 - AGV 5: 任务 6 完成！
[2026-05-19 22:27:27,781] INFO - od_flow.py:243 - 任务 6 已完成
[2026-05-19 22:27:27,879] INFO - od_flow.py:188 - 任务 14 分配给 AGV 5
[2026-05-19 22:27:27,879] INFO - task_allocator.py:322 - 分配任务 14 → AGV 5 (距离 5)
[2026-05-19 22:27:27,879] INFO - agv_controller.py:164 - AGV 5: 任务14 前往取货点 (49, 2)
[2026-05-19 22:27:27,984] WARNING - mapf_planner.py:292 - AGV 5: 无法找到路径 (25, 44) → (49, 2)
[2026-05-19 22:27:28,083] INFO - agv_controller.py:394 - AGV 1: 任务 9 完成！
[2026-05-19 22:27:28,083] INFO - od_flow.py:243 - 任务 9 已完成
[2026-05-19 22:27:28,084] INFO - agv_controller.py:382 - AGV 6: 已取货，前往送货点 (24, 36)
[2026-05-19 22:27:28,180] INFO - od_flow.py:188 - 任务 15 分配给 AGV 1
[2026-05-19 22:27:28,180] INFO - task_allocator.py:322 - 分配任务 15 → AGV 1 (距离 9)
[2026-05-19 22:27:28,180] INFO - agv_controller.py:164 - AGV 1: 任务15 前往取货点 (0, 12)
[2026-05-19 22:27:28,187] WARNING - mapf_planner.py:292 - AGV 5: 无法找到路径 (25, 43) → (49, 2)
[2026-05-19 22:27:28,287] WARNING - mapf_planner.py:292 - AGV 5: 无法找到路径 (25, 43) → (49, 2)
[2026-05-19 22:27:28,387] INFO - agv_controller.py:394 - AGV 0: 任务 10 完成！
[2026-05-19 22:27:28,388] INFO - od_flow.py:243 - 任务 10 已完成
[2026-05-19 22:27:28,482] INFO - od_flow.py:188 - 任务 16 分配给 AGV 0
[2026-05-19 22:27:28,482] INFO - task_allocator.py:322 - 分配任务 16 → AGV 0 (距离 17)
[2026-05-19 22:27:28,483] INFO - agv_controller.py:164 - AGV 0: 任务16 前往取货点 (0, 17)
[2026-05-19 22:27:28,582] INFO - task_allocator.py:247 - 生成任务 18: 取货 (49, 12) → 送货 (24, 44)
[2026-05-19 22:27:28,688] WARNING - mapf_planner.py:292 - AGV 5: 无法找到路径 (26, 41) → (49, 2)
[2026-05-19 22:27:29,083] INFO - task_allocator.py:247 - 生成任务 19: 取货 (49, 37) → 送货 (25, 16)
[2026-05-19 22:27:29,189] WARNING - mapf_planner.py:292 - AGV 5: 无法找到路径 (28, 39) → (49, 2)
[2026-05-19 22:27:29,584] INFO - task_allocator.py:247 - 生成任务 20: 取货 (49, 47) → 送货 (25, 8)
[2026-05-19 22:27:29,587] INFO - agv_controller.py:382 - AGV 7: 已取货，前往送货点 (24, 4)
[2026-05-19 22:27:29,689] INFO - agv_controller.py:394 - AGV 2: 任务 8 完成！
[2026-05-19 22:27:29,690] INFO - od_flow.py:243 - 任务 8 已完成
[2026-05-19 22:27:29,785] INFO - od_flow.py:188 - 任务 17 分配给 AGV 2
[2026-05-19 22:27:29,785] INFO - task_allocator.py:322 - 分配任务 17 → AGV 2 (距离 36)
[2026-05-19 22:27:29,786] INFO - agv_controller.py:164 - AGV 2: 任务17 前往取货点 (0, 42)
[2026-05-19 22:27:29,993] WARNING - mapf_planner.py:292 - AGV 7: 无法找到路径 (46, 42) → (24, 4)
[2026-05-19 22:27:29,993] INFO - agv_controller.py:394 - AGV 4: 任务 7 完成！
[2026-05-19 22:27:29,994] INFO - od_flow.py:243 - 任务 7 已完成
[2026-05-19 22:27:30,085] INFO - od_flow.py:188 - 任务 18 分配给 AGV 4
[2026-05-19 22:27:30,086] INFO - task_allocator.py:322 - 分配任务 18 → AGV 4 (距离 12)
[2026-05-19 22:27:30,086] INFO - agv_controller.py:164 - AGV 4: 任务18 前往取货点 (49, 12)
[2026-05-19 22:27:30,094] WARNING - mapf_planner.py:292 - AGV 4: 无法找到路径 (25, 40) → (49, 12)
[2026-05-19 22:27:30,489] WARNING - mapf_planner.py:292 - AGV 1: 无法找到路径 (6, 12) → (0, 12)
[2026-05-19 22:27:30,588] WARNING - mapf_planner.py:292 - AGV 1: 无法找到路径 (6, 13) → (0, 12)
[2026-05-19 22:27:30,696] WARNING - mapf_planner.py:292 - AGV 7: 无法找到路径 (43, 39) → (24, 4)
[2026-05-19 22:27:30,897] INFO - agv_controller.py:394 - AGV 3: 任务 11 完成！
[2026-05-19 22:27:30,897] INFO - od_flow.py:243 - 任务 11 已完成
[2026-05-19 22:27:30,992] INFO - od_flow.py:188 - 任务 19 分配给 AGV 3
[2026-05-19 22:27:30,992] INFO - task_allocator.py:322 - 分配任务 19 → AGV 3 (距离 78)
[2026-05-19 22:27:30,992] INFO - agv_controller.py:164 - AGV 3: 任务19 前往取货点 (49, 37)
[2026-05-19 22:27:31,000] WARNING - mapf_planner.py:292 - AGV 7: 无法找到路径 (41, 39) → (24, 4)
[2026-05-19 22:27:31,093] INFO - task_allocator.py:247 - 生成任务 21: 取货 (49, 42) → 送货 (24, 20)
[2026-05-19 22:27:31,098] INFO - agv_controller.py:382 - AGV 0: 已取货，前往送货点 (24, 12)
[2026-05-19 22:27:31,299] INFO - agv_controller.py:382 - AGV 1: 已取货，前往送货点 (25, 48)
[2026-05-19 22:27:31,400] WARNING - mapf_planner.py:292 - AGV 1: 无法找到路径 (0, 12) → (25, 48)
[2026-05-19 22:27:31,505] INFO - agv_controller.py:394 - AGV 6: 任务 13 完成！
[2026-05-19 22:27:31,505] INFO - od_flow.py:243 - 任务 13 已完成
[2026-05-19 22:27:31,597] INFO - od_flow.py:188 - 任务 20 分配给 AGV 6
[2026-05-19 22:27:31,597] INFO - task_allocator.py:322 - 分配任务 20 → AGV 6 (距离 41)
[2026-05-19 22:27:31,598] INFO - agv_controller.py:164 - AGV 6: 任务20 前往取货点 (49, 47)
[2026-05-19 22:27:31,602] WARNING - mapf_planner.py:292 - AGV 1: 无法找到路径 (0, 13) → (25, 48)
[2026-05-19 22:27:31,697] INFO - task_allocator.py:247 - 生成任务 22: 取货 (0, 12) → 送货 (24, 36)
[2026-05-19 22:27:31,797] INFO - task_allocator.py:247 - 生成任务 23: 取货 (0, 37) → 送货 (25, 40)
[2026-05-19 22:27:32,203] INFO - main.py:190 - 步数 200: 已完成 13 个任务, AGV: 空闲0 移动中8 装卸0
[2026-05-19 22:27:32,899] INFO - task_allocator.py:247 - 生成任务 24: 取货 (0, 12) → 送货 (25, 24)
[2026-05-19 22:27:34,107] INFO - agv_controller.py:394 - AGV 0: 任务 16 完成！
[2026-05-19 22:27:34,108] INFO - od_flow.py:243 - 任务 16 已完成
[2026-05-19 22:27:34,205] INFO - task_allocator.py:247 - 生成任务 25: 取货 (49, 7) → 送货 (24, 12)
[2026-05-19 22:27:34,205] INFO - od_flow.py:188 - 任务 21 分配给 AGV 0
[2026-05-19 22:27:34,205] INFO - task_allocator.py:322 - 分配任务 21 → AGV 0 (距离 87)
[2026-05-19 22:27:34,206] INFO - agv_controller.py:164 - AGV 0: 任务21 前往取货点 (49, 42)
[2026-05-19 22:27:34,210] WARNING - mapf_planner.py:292 - AGV 0: 无法找到路径 (24, 12) → (49, 42)
[2026-05-19 22:27:34,412] INFO - agv_controller.py:382 - AGV 2: 已取货，前往送货点 (25, 32)
[2026-05-19 22:27:34,713] INFO - agv_controller.py:382 - AGV 3: 已取货，前往送货点 (25, 16)
[2026-05-19 22:27:35,015] WARNING - mapf_planner.py:292 - AGV 0: 无法找到路径 (26, 17) → (49, 42)
[2026-05-19 22:27:35,116] INFO - agv_controller.py:382 - AGV 5: 已取货，前往送货点 (24, 28)
[2026-05-19 22:27:35,216] INFO - agv_controller.py:382 - AGV 6: 已取货，前往送货点 (25, 8)
[2026-05-19 22:27:35,317] WARNING - mapf_planner.py:292 - AGV 6: 无法找到路径 (49, 47) → (25, 8)
[2026-05-19 22:27:35,418] WARNING - mapf_planner.py:292 - AGV 6: 无法找到路径 (49, 47) → (25, 8)
[2026-05-19 22:27:35,419] INFO - agv_controller.py:382 - AGV 4: 已取货，前往送货点 (24, 44)
[2026-05-19 22:27:35,515] WARNING - mapf_planner.py:292 - AGV 2: 无法找到路径 (5, 37) → (25, 32)
[2026-05-19 22:27:35,519] WARNING - mapf_planner.py:292 - AGV 4: 无法找到路径 (49, 12) → (24, 44)
[2026-05-19 22:27:36,022] WARNING - mapf_planner.py:292 - AGV 4: 无法找到路径 (47, 14) → (24, 44)
[2026-05-19 22:27:36,325] INFO - agv_controller.py:394 - AGV 7: 任务 12 完成！
[2026-05-19 22:27:36,326] INFO - od_flow.py:243 - 任务 12 已完成
[2026-05-19 22:27:36,419] INFO - od_flow.py:188 - 任务 22 分配给 AGV 7
[2026-05-19 22:27:36,419] INFO - task_allocator.py:322 - 分配任务 22 → AGV 7 (距离 53)
[2026-05-19 22:27:36,419] INFO - agv_controller.py:164 - AGV 7: 任务22 前往取货点 (0, 12)
[2026-05-19 22:27:36,729] WARNING - mapf_planner.py:292 - AGV 6: 无法找到路径 (41, 43) → (25, 8)
[2026-05-19 22:27:36,922] INFO - task_allocator.py:247 - 生成任务 26: 取货 (0, 27) → 送货 (24, 4)
[2026-05-19 22:27:36,930] WARNING - mapf_planner.py:292 - AGV 4: 无法找到路径 (43, 18) → (24, 44)
[2026-05-19 22:27:37,729] INFO - agv_controller.py:394 - AGV 1: 任务 15 完成！
[2026-05-19 22:27:37,729] INFO - od_flow.py:243 - 任务 15 已完成
[2026-05-19 22:27:37,824] INFO - od_flow.py:188 - 任务 23 分配给 AGV 1
[2026-05-19 22:27:37,825] INFO - task_allocator.py:322 - 分配任务 23 → AGV 1 (距离 34)
[2026-05-19 22:27:37,825] INFO - agv_controller.py:164 - AGV 1: 任务23 前往取货点 (0, 37)
[2026-05-19 22:27:38,127] INFO - task_allocator.py:247 - 生成任务 27: 取货 (0, 27) → 送货 (25, 48)
[2026-05-19 22:27:38,132] INFO - agv_controller.py:394 - AGV 2: 任务 17 完成！
[2026-05-19 22:27:38,132] INFO - od_flow.py:243 - 任务 17 已完成
[2026-05-19 22:27:38,227] INFO - od_flow.py:188 - 任务 24 分配给 AGV 2
[2026-05-19 22:27:38,227] INFO - task_allocator.py:322 - 分配任务 24 → AGV 2 (距离 6)
[2026-05-19 22:27:38,227] INFO - agv_controller.py:164 - AGV 2: 任务24 前往取货点 (0, 12)
[2026-05-19 22:27:38,829] INFO - task_allocator.py:247 - 生成任务 28: 取货 (49, 12) → 送货 (25, 32)
[2026-05-19 22:27:39,338] INFO - agv_controller.py:394 - AGV 3: 任务 19 完成！
[2026-05-19 22:27:39,338] INFO - od_flow.py:243 - 任务 19 已完成
[2026-05-19 22:27:39,434] INFO - od_flow.py:188 - 任务 25 分配给 AGV 3
[2026-05-19 22:27:39,434] INFO - task_allocator.py:322 - 分配任务 25 → AGV 3 (距离 48)
[2026-05-19 22:27:39,434] INFO - agv_controller.py:164 - AGV 3: 任务25 前往取货点 (49, 7)
[2026-05-19 22:27:39,638] WARNING - mapf_planner.py:292 - AGV 6: 无法找到路径 (29, 27) → (25, 8)
[2026-05-19 22:27:39,638] INFO - agv_controller.py:382 - AGV 7: 已取货，前往送货点 (24, 36)
[2026-05-19 22:27:39,836] INFO - task_allocator.py:247 - 生成任务 29: 取货 (49, 37) → 送货 (25, 16)
[2026-05-19 22:27:39,940] INFO - agv_controller.py:382 - AGV 0: 已取货，前往送货点 (24, 20)
[2026-05-19 22:27:40,340] INFO - agv_controller.py:394 - AGV 5: 任务 14 完成！
[2026-05-19 22:27:40,340] INFO - od_flow.py:243 - 任务 14 已完成
[2026-05-19 22:27:40,438] INFO - od_flow.py:188 - 任务 26 分配给 AGV 5
[2026-05-19 22:27:40,438] INFO - task_allocator.py:322 - 分配任务 26 → AGV 5 (距离 69)
[2026-05-19 22:27:40,439] INFO - agv_controller.py:164 - AGV 5: 任务26 前往取货点 (0, 27)
[2026-05-19 22:27:40,941] INFO - task_allocator.py:247 - 生成任务 30: 取货 (49, 2) → 送货 (24, 28)
[2026-05-19 22:27:41,144] WARNING - mapf_planner.py:292 - AGV 1: 无法找到路径 (3, 37) → (0, 37)
[2026-05-19 22:27:41,548] INFO - agv_controller.py:394 - AGV 4: 任务 18 完成！
[2026-05-19 22:27:41,548] INFO - od_flow.py:243 - 任务 18 已完成
[2026-05-19 22:27:41,645] INFO - od_flow.py:188 - 任务 27 分配给 AGV 4
[2026-05-19 22:27:41,645] INFO - task_allocator.py:322 - 分配任务 27 → AGV 4 (距离 72)
[2026-05-19 22:27:41,645] INFO - agv_controller.py:164 - AGV 4: 任务27 前往取货点 (0, 27)
[2026-05-19 22:27:41,647] WARNING - mapf_planner.py:292 - AGV 7: 无法找到路径 (13, 18) → (24, 36)
[2026-05-19 22:27:41,647] INFO - agv_controller.py:382 - AGV 1: 已取货，前往送货点 (25, 40)
[2026-05-19 22:27:41,950] INFO - agv_controller.py:394 - AGV 6: 任务 20 完成！
[2026-05-19 22:27:41,951] INFO - od_flow.py:243 - 任务 20 已完成
[2026-05-19 22:27:42,048] INFO - od_flow.py:188 - 任务 28 分配给 AGV 6
[2026-05-19 22:27:42,048] INFO - task_allocator.py:322 - 分配任务 28 → AGV 6 (距离 6)
[2026-05-19 22:27:42,048] INFO - agv_controller.py:164 - AGV 6: 任务28 前往取货点 (49, 12)
[2026-05-19 22:27:42,255] INFO - main.py:190 - 步数 300: 已完成 21 个任务, AGV: 空闲0 移动中8 装卸0
[2026-05-19 22:27:42,351] INFO - task_allocator.py:247 - 生成任务 31: 取货 (0, 37) → 送货 (24, 44)
[2026-05-19 22:27:42,755] INFO - agv_controller.py:382 - AGV 2: 已取货，前往送货点 (25, 24)
[2026-05-19 22:27:42,755] INFO - agv_controller.py:382 - AGV 3: 已取货，前往送货点 (24, 12)
[2026-05-19 22:27:42,954] INFO - task_allocator.py:247 - 生成任务 32: 取货 (49, 2) → 送货 (25, 8)
[2026-05-19 22:27:42,957] INFO - agv_controller.py:382 - AGV 5: 已取货，前往送货点 (24, 4)
[2026-05-19 22:27:43,160] WARNING - mapf_planner.py:292 - AGV 5: 无法找到路径 (1, 27) → (24, 4)
[2026-05-19 22:27:44,563] INFO - agv_controller.py:394 - AGV 1: 任务 23 完成！
[2026-05-19 22:27:44,563] INFO - od_flow.py:243 - 任务 23 已完成
[2026-05-19 22:27:44,563] INFO - agv_controller.py:394 - AGV 7: 任务 22 完成！
[2026-05-19 22:27:44,564] INFO - od_flow.py:243 - 任务 22 已完成
[2026-05-19 22:27:44,660] INFO - od_flow.py:188 - 任务 29 分配给 AGV 7
[2026-05-19 22:27:44,660] INFO - task_allocator.py:322 - 分配任务 29 → AGV 7 (距离 39)
[2026-05-19 22:27:44,660] INFO - od_flow.py:188 - 任务 30 分配给 AGV 1
[2026-05-19 22:27:44,661] INFO - task_allocator.py:322 - 分配任务 30 → AGV 1 (距离 50)
[2026-05-19 22:27:44,661] INFO - agv_controller.py:164 - AGV 7: 任务29 前往取货点 (49, 37)
[2026-05-19 22:27:44,661] INFO - agv_controller.py:164 - AGV 1: 任务30 前往取货点 (49, 2)
[2026-05-19 22:27:44,767] INFO - agv_controller.py:394 - AGV 0: 任务 21 完成！
[2026-05-19 22:27:44,767] INFO - od_flow.py:243 - 任务 21 已完成
[2026-05-19 22:27:44,862] INFO - od_flow.py:188 - 任务 31 分配给 AGV 0
[2026-05-19 22:27:44,862] INFO - task_allocator.py:322 - 分配任务 31 → AGV 0 (距离 37)
[2026-05-19 22:27:44,862] INFO - agv_controller.py:164 - AGV 0: 任务31 前往取货点 (0, 37)
[2026-05-19 22:27:44,869] INFO - agv_controller.py:382 - AGV 6: 已取货，前往送货点 (25, 32)
[2026-05-19 22:27:44,962] INFO - task_allocator.py:247 - 生成任务 33: 取货 (49, 2) → 送货 (24, 20)
[2026-05-19 22:27:45,567] INFO - task_allocator.py:247 - 生成任务 34: 取货 (49, 27) → 送货 (25, 40)
[2026-05-19 22:27:45,775] INFO - agv_controller.py:382 - AGV 4: 已取货，前往送货点 (25, 48)
[2026-05-19 22:27:45,878] INFO - agv_controller.py:394 - AGV 3: 任务 25 完成！
[2026-05-19 22:27:45,878] INFO - od_flow.py:243 - 任务 25 已完成
[2026-05-19 22:27:45,969] INFO - task_allocator.py:247 - 生成任务 35: 取货 (49, 22) → 送货 (24, 12)
[2026-05-19 22:27:45,969] INFO - od_flow.py:188 - 任务 32 分配给 AGV 3
[2026-05-19 22:27:45,969] INFO - task_allocator.py:322 - 分配任务 32 → AGV 3 (距离 45)
[2026-05-19 22:27:45,970] INFO - agv_controller.py:164 - AGV 3: 任务32 前往取货点 (49, 2)
[2026-05-19 22:27:46,473] INFO - task_allocator.py:247 - 生成任务 36: 取货 (0, 42) → 送货 (24, 36)
[2026-05-19 22:27:46,578] INFO - agv_controller.py:394 - AGV 2: 任务 24 完成！
[2026-05-19 22:27:46,579] INFO - od_flow.py:243 - 任务 24 已完成
[2026-05-19 22:27:46,674] INFO - task_allocator.py:247 - 生成任务 37: 取货 (49, 37) → 送货 (25, 24)
[2026-05-19 22:27:46,674] INFO - od_flow.py:188 - 任务 33 分配给 AGV 2
[2026-05-19 22:27:46,675] INFO - task_allocator.py:322 - 分配任务 33 → AGV 2 (距离 53)
[2026-05-19 22:27:46,675] INFO - agv_controller.py:164 - AGV 2: 任务33 前往取货点 (49, 2)
[2026-05-19 22:27:47,281] INFO - agv_controller.py:382 - AGV 7: 已取货，前往送货点 (25, 16)
[2026-05-19 22:27:47,781] WARNING - mapf_planner.py:292 - AGV 2: 无法找到路径 (31, 19) → (49, 2)
[2026-05-19 22:27:47,889] INFO - agv_controller.py:394 - AGV 5: 任务 26 完成！
[2026-05-19 22:27:47,889] INFO - od_flow.py:243 - 任务 26 已完成
[2026-05-19 22:27:47,981] INFO - od_flow.py:188 - 任务 34 分配给 AGV 5
[2026-05-19 22:27:47,981] INFO - task_allocator.py:322 - 分配任务 34 → AGV 5 (距离 24)
[2026-05-19 22:27:47,981] INFO - agv_controller.py:164 - AGV 5: 任务34 前往取货点 (49, 27)
[2026-05-19 22:27:48,482] INFO - task_allocator.py:247 - 生成任务 38: 取货 (49, 12) → 送货 (24, 4)
[2026-05-19 22:27:49,190] INFO - agv_controller.py:382 - AGV 0: 已取货，前往送货点 (24, 44)
[2026-05-19 22:27:49,392] INFO - agv_controller.py:394 - AGV 6: 任务 28 完成！
[2026-05-19 22:27:49,393] INFO - od_flow.py:243 - 任务 28 已完成
[2026-05-19 22:27:49,489] INFO - od_flow.py:188 - 任务 35 分配给 AGV 6
[2026-05-19 22:27:49,490] INFO - task_allocator.py:322 - 分配任务 35 → AGV 6 (距离 16)
[2026-05-19 22:27:49,490] INFO - agv_controller.py:164 - AGV 6: 任务35 前往取货点 (49, 22)
[2026-05-19 22:27:49,490] WARNING - mapf_planner.py:292 - AGV 0: 无法找到路径 (1, 38) → (24, 44)
[2026-05-19 22:27:49,497] INFO - agv_controller.py:382 - AGV 3: 已取货，前往送货点 (25, 8)
[2026-05-19 22:27:49,692] INFO - task_allocator.py:247 - 生成任务 39: 取货 (0, 22) → 送货 (25, 32)
[2026-05-19 22:27:50,498] INFO - agv_controller.py:394 - AGV 4: 任务 27 完成！
[2026-05-19 22:27:50,498] INFO - od_flow.py:243 - 任务 27 已完成
[2026-05-19 22:27:50,595] INFO - task_allocator.py:247 - 生成任务 40: 取货 (0, 17) → 送货 (25, 48)
[2026-05-19 22:27:50,596] INFO - od_flow.py:188 - 任务 36 分配给 AGV 4
[2026-05-19 22:27:50,596] INFO - task_allocator.py:322 - 分配任务 36 → AGV 4 (距离 87)
[2026-05-19 22:27:50,596] INFO - agv_controller.py:164 - AGV 4: 任务36 前往取货点 (0, 42)
[2026-05-19 22:27:51,001] INFO - agv_controller.py:382 - AGV 1: 已取货，前往送货点 (24, 28)
[2026-05-19 22:27:51,503] INFO - agv_controller.py:382 - AGV 2: 已取货，前往送货点 (24, 20)
[2026-05-19 22:27:51,903] INFO - agv_controller.py:394 - AGV 7: 任务 29 完成！
[2026-05-19 22:27:51,903] INFO - od_flow.py:243 - 任务 29 已完成
[2026-05-19 22:27:52,001] INFO - task_allocator.py:247 - 生成任务 41: 取货 (0, 12) → 送货 (25, 16)
[2026-05-19 22:27:52,001] INFO - od_flow.py:188 - 任务 37 分配给 AGV 7
[2026-05-19 22:27:52,001] INFO - task_allocator.py:322 - 分配任务 37 → AGV 7 (距离 39)
[2026-05-19 22:27:52,001] INFO - agv_controller.py:164 - AGV 7: 任务37 前往取货点 (49, 37)
[2026-05-19 22:27:52,303] INFO - main.py:190 - 步数 400: 已完成 30 个任务, AGV: 空闲0 移动中8 装卸0
[2026-05-19 22:27:52,505] INFO - agv_controller.py:394 - AGV 0: 任务 31 完成！
[2026-05-19 22:27:52,505] INFO - od_flow.py:243 - 任务 31 已完成
[2026-05-19 22:27:52,602] INFO - od_flow.py:188 - 任务 38 分配给 AGV 0
[2026-05-19 22:27:52,602] INFO - task_allocator.py:322 - 分配任务 38 → AGV 0 (距离 57)
[2026-05-19 22:27:52,602] INFO - agv_controller.py:164 - AGV 0: 任务38 前往取货点 (49, 12)
[2026-05-19 22:27:52,608] INFO - agv_controller.py:394 - AGV 3: 任务 32 完成！
[2026-05-19 22:27:52,608] INFO - od_flow.py:243 - 任务 32 已完成
[2026-05-19 22:27:52,703] INFO - od_flow.py:188 - 任务 39 分配给 AGV 3
[2026-05-19 22:27:52,703] INFO - task_allocator.py:322 - 分配任务 39 → AGV 3 (距离 24)
[2026-05-19 22:27:52,703] INFO - agv_controller.py:164 - AGV 3: 任务39 前往取货点 (0, 22)
[2026-05-19 22:27:52,811] INFO - agv_controller.py:382 - AGV 5: 已取货，前往送货点 (25, 40)
[2026-05-19 22:27:52,911] INFO - agv_controller.py:382 - AGV 6: 已取货，前往送货点 (24, 12)
[2026-05-19 22:27:53,003] INFO - task_allocator.py:247 - 生成任务 42: 取货 (49, 32) → 送货 (25, 8)
[2026-05-19 22:27:53,203] INFO - task_allocator.py:247 - 生成任务 43: 取货 (49, 37) → 送货 (24, 44)
[2026-05-19 22:27:53,711] INFO - agv_controller.py:382 - AGV 4: 已取货，前往送货点 (24, 36)
[2026-05-19 22:27:55,913] INFO - agv_controller.py:394 - AGV 2: 任务 33 完成！
[2026-05-19 22:27:55,914] INFO - od_flow.py:243 - 任务 33 已完成
[2026-05-19 22:27:56,012] INFO - od_flow.py:188 - 任务 40 分配给 AGV 2
[2026-05-19 22:27:56,012] INFO - task_allocator.py:322 - 分配任务 40 → AGV 2 (距离 11)
[2026-05-19 22:27:56,012] INFO - agv_controller.py:164 - AGV 2: 任务40 前往取货点 (0, 17)
[2026-05-19 22:27:56,215] INFO - agv_controller.py:394 - AGV 1: 任务 30 完成！
[2026-05-19 22:27:56,216] INFO - od_flow.py:243 - 任务 30 已完成
[2026-05-19 22:27:56,313] INFO - task_allocator.py:247 - 生成任务 44: 取货 (0, 2) → 送货 (24, 28)
[2026-05-19 22:27:56,313] INFO - od_flow.py:188 - 任务 41 分配给 AGV 1
[2026-05-19 22:27:56,313] INFO - task_allocator.py:322 - 分配任务 41 → AGV 1 (距离 9)
[2026-05-19 22:27:56,313] INFO - agv_controller.py:164 - AGV 1: 任务41 前往取货点 (0, 12)
[2026-05-19 22:27:56,414] INFO - task_allocator.py:247 - 生成任务 45: 取货 (49, 32) → 送货 (24, 20)
[2026-05-19 22:27:56,515] INFO - agv_controller.py:394 - AGV 6: 任务 35 完成！
[2026-05-19 22:27:56,516] INFO - od_flow.py:243 - 任务 35 已完成
[2026-05-19 22:27:56,516] INFO - agv_controller.py:382 - AGV 7: 已取货，前往送货点 (25, 24)
[2026-05-19 22:27:56,614] INFO - task_allocator.py:247 - 生成任务 46: 取货 (0, 17) → 送货 (24, 12)
[2026-05-19 22:27:56,614] INFO - od_flow.py:188 - 任务 42 分配给 AGV 6
[2026-05-19 22:27:56,615] INFO - task_allocator.py:322 - 分配任务 42 → AGV 6 (距离 26)
[2026-05-19 22:27:56,615] INFO - agv_controller.py:164 - AGV 6: 任务42 前往取货点 (49, 32)
[2026-05-19 22:27:56,620] INFO - agv_controller.py:382 - AGV 3: 已取货，前往送货点 (25, 32)
[2026-05-19 22:27:56,620] INFO - agv_controller.py:394 - AGV 5: 任务 34 完成！
[2026-05-19 22:27:56,620] INFO - od_flow.py:243 - 任务 34 已完成
[2026-05-19 22:27:56,715] INFO - od_flow.py:188 - 任务 43 分配给 AGV 5
[2026-05-19 22:27:56,715] INFO - task_allocator.py:322 - 分配任务 43 → AGV 5 (距离 34)
[2026-05-19 22:27:56,716] INFO - agv_controller.py:164 - AGV 5: 任务43 前往取货点 (49, 37)
[2026-05-19 22:27:57,018] INFO - task_allocator.py:247 - 生成任务 47: 取货 (49, 32) → 送货 (25, 40)
[2026-05-19 22:27:57,023] INFO - agv_controller.py:394 - AGV 4: 任务 36 完成！
[2026-05-19 22:27:57,023] INFO - od_flow.py:243 - 任务 36 已完成
[2026-05-19 22:27:57,118] INFO - od_flow.py:188 - 任务 44 分配给 AGV 4
[2026-05-19 22:27:57,119] INFO - task_allocator.py:322 - 分配任务 44 → AGV 4 (距离 47)
[2026-05-19 22:27:57,119] INFO - agv_controller.py:164 - AGV 4: 任务44 前往取货点 (0, 2)
[2026-05-19 22:27:57,223] WARNING - mapf_planner.py:292 - AGV 4: 无法找到路径 (24, 35) → (0, 2)
[2026-05-19 22:27:57,528] WARNING - mapf_planner.py:292 - AGV 4: 无法找到路径 (22, 35) → (0, 2)
[2026-05-19 22:27:57,725] WARNING - mapf_planner.py:292 - AGV 4: 无法找到路径 (21, 35) → (0, 2)
[2026-05-19 22:27:58,022] INFO - task_allocator.py:247 - 生成任务 48: 取货 (0, 22) → 送货 (24, 36)
[2026-05-19 22:27:58,226] WARNING - mapf_planner.py:292 - AGV 4: 无法找到路径 (20, 32) → (0, 2)
[2026-05-19 22:27:58,425] WARNING - mapf_planner.py:292 - AGV 3: 无法找到路径 (11, 28) → (25, 32)
[2026-05-19 22:27:58,532] INFO - agv_controller.py:382 - AGV 0: 已取货，前往送货点 (24, 4)
[2026-05-19 22:27:58,730] INFO - agv_controller.py:382 - AGV 2: 已取货，前往送货点 (25, 48)
[2026-05-19 22:27:59,434] WARNING - mapf_planner.py:292 - AGV 2: 无法找到路径 (5, 18) → (25, 48)
[2026-05-19 22:27:59,436] INFO - agv_controller.py:382 - AGV 5: 已取货，前往送货点 (24, 44)
[2026-05-19 22:27:59,835] WARNING - mapf_planner.py:292 - AGV 2: 无法找到路径 (8, 18) → (25, 48)
[2026-05-19 22:28:00,337] INFO - agv_controller.py:382 - AGV 1: 已取货，前往送货点 (25, 16)
[2026-05-19 22:28:00,338] INFO - agv_controller.py:394 - AGV 7: 任务 37 完成！
[2026-05-19 22:28:00,338] INFO - od_flow.py:243 - 任务 37 已完成
[2026-05-19 22:28:00,434] INFO - task_allocator.py:247 - 生成任务 49: 取货 (49, 2) → 送货 (25, 24)
[2026-05-19 22:28:00,434] INFO - od_flow.py:188 - 任务 45 分配给 AGV 7
[2026-05-19 22:28:00,434] INFO - task_allocator.py:322 - 分配任务 45 → AGV 7 (距离 34)
[2026-05-19 22:28:00,434] INFO - agv_controller.py:164 - AGV 7: 任务45 前往取货点 (49, 32)
[2026-05-19 22:28:00,440] INFO - agv_controller.py:394 - AGV 3: 任务 39 完成！
[2026-05-19 22:28:00,440] INFO - od_flow.py:243 - 任务 39 已完成
[2026-05-19 22:28:00,535] INFO - od_flow.py:188 - 任务 46 分配给 AGV 3
[2026-05-19 22:28:00,535] INFO - task_allocator.py:322 - 分配任务 46 → AGV 3 (距离 19)
[2026-05-19 22:28:00,536] INFO - agv_controller.py:164 - AGV 3: 任务46 前往取货点 (0, 17)
[2026-05-19 22:28:01,144] INFO - agv_controller.py:382 - AGV 6: 已取货，前往送货点 (25, 8)
[2026-05-19 22:28:01,643] INFO - task_allocator.py:247 - 生成任务 50: 取货 (0, 2) → 送货 (25, 32)
[2026-05-19 22:28:01,948] INFO - agv_controller.py:394 - AGV 0: 任务 38 完成！
[2026-05-19 22:28:01,949] INFO - od_flow.py:243 - 任务 38 已完成
[2026-05-19 22:28:02,045] INFO - od_flow.py:188 - 任务 47 分配给 AGV 0
[2026-05-19 22:28:02,046] INFO - task_allocator.py:322 - 分配任务 47 → AGV 0 (距离 77)
[2026-05-19 22:28:02,046] INFO - agv_controller.py:164 - AGV 0: 任务47 前往取货点 (49, 32)
[2026-05-19 22:28:02,347] WARNING - mapf_planner.py:292 - AGV 0: 无法找到路径 (27, 4) → (49, 32)
[2026-05-19 22:28:02,351] INFO - main.py:190 - 步数 500: 已完成 40 个任务, AGV: 空闲0 移动中8 装卸0
[2026-05-19 22:28:02,653] WARNING - mapf_planner.py:292 - AGV 0: 无法找到路径 (28, 6) → (49, 32)
[2026-05-19 22:28:02,756] INFO - agv_controller.py:394 - AGV 5: 任务 43 完成！
[2026-05-19 22:28:02,757] INFO - od_flow.py:243 - 任务 43 已完成
[2026-05-19 22:28:02,849] INFO - od_flow.py:188 - 任务 48 分配给 AGV 5
[2026-05-19 22:28:02,850] INFO - task_allocator.py:322 - 分配任务 48 → AGV 5 (距离 64)
[2026-05-19 22:28:02,850] INFO - agv_controller.py:164 - AGV 5: 任务48 前往取货点 (0, 22)
[2026-05-19 22:28:02,954] WARNING - mapf_planner.py:292 - AGV 0: 无法找到路径 (28, 8) → (49, 32)
[2026-05-19 22:28:03,357] INFO - agv_controller.py:394 - AGV 1: 任务 41 完成！
[2026-05-19 22:28:03,357] INFO - od_flow.py:243 - 任务 41 已完成
[2026-05-19 22:28:03,357] INFO - agv_controller.py:382 - AGV 4: 已取货，前往送货点 (24, 28)
[2026-05-19 22:28:03,454] INFO - od_flow.py:188 - 任务 49 分配给 AGV 1
[2026-05-19 22:28:03,454] INFO - task_allocator.py:322 - 分配任务 49 → AGV 1 (距离 50)
[2026-05-19 22:28:03,455] INFO - agv_controller.py:164 - AGV 1: 任务49 前往取货点 (49, 2)
[2026-05-19 22:28:03,555] INFO - task_allocator.py:247 - 生成任务 51: 取货 (49, 7) → 送货 (24, 44)
[2026-05-19 22:28:03,663] INFO - agv_controller.py:382 - AGV 7: 已取货，前往送货点 (24, 20)
[2026-05-19 22:28:04,565] INFO - agv_controller.py:382 - AGV 3: 已取货，前往送货点 (24, 12)
[2026-05-19 22:28:04,667] INFO - agv_controller.py:394 - AGV 2: 任务 40 完成！
[2026-05-19 22:28:04,667] INFO - od_flow.py:243 - 任务 40 已完成
[2026-05-19 22:28:04,762] INFO - od_flow.py:188 - 任务 50 分配给 AGV 2
[2026-05-19 22:28:04,763] INFO - task_allocator.py:322 - 分配任务 50 → AGV 2 (距离 8)
[2026-05-19 22:28:04,763] INFO - agv_controller.py:164 - AGV 2: 任务50 前往取货点 (0, 2)
[2026-05-19 22:28:05,164] INFO - task_allocator.py:247 - 生成任务 52: 取货 (0, 37) → 送货 (24, 4)
[2026-05-19 22:28:05,370] WARNING - mapf_planner.py:292 - AGV 2: 无法找到路径 (20, 47) → (0, 2)
[2026-05-19 22:28:05,671] WARNING - mapf_planner.py:292 - AGV 2: 无法找到路径 (18, 47) → (0, 2)
[2026-05-19 22:28:05,874] WARNING - mapf_planner.py:292 - AGV 2: 无法找到路径 (17, 47) → (0, 2)
[2026-05-19 22:28:05,972] WARNING - mapf_planner.py:292 - AGV 2: 无法找到路径 (17, 47) → (0, 2)
[2026-05-19 22:28:06,074] WARNING - mapf_planner.py:292 - AGV 2: 无法找到路径 (17, 47) → (0, 2)
[2026-05-19 22:28:06,076] INFO - agv_controller.py:394 - AGV 6: 任务 42 完成！
[2026-05-19 22:28:06,076] INFO - od_flow.py:243 - 任务 42 已完成
[2026-05-19 22:28:06,171] INFO - od_flow.py:188 - 任务 51 分配给 AGV 6
[2026-05-19 22:28:06,171] INFO - task_allocator.py:322 - 分配任务 51 → AGV 6 (距离 3)
[2026-05-19 22:28:06,171] INFO - agv_controller.py:164 - AGV 6: 任务51 前往取货点 (49, 7)
[2026-05-19 22:28:06,473] INFO - task_allocator.py:247 - 生成任务 53: 取货 (0, 37) → 送货 (25, 48)
[2026-05-19 22:28:08,373] INFO - agv_controller.py:382 - AGV 1: 已取货，前往送货点 (25, 24)
[2026-05-19 22:28:08,576] INFO - agv_controller.py:382 - AGV 5: 已取货，前往送货点 (24, 36)
[2026-05-19 22:28:08,576] INFO - agv_controller.py:394 - AGV 7: 任务 45 完成！
[2026-05-19 22:28:08,576] INFO - od_flow.py:243 - 任务 45 已完成
[2026-05-19 22:28:08,671] INFO - od_flow.py:188 - 任务 52 分配给 AGV 7
[2026-05-19 22:28:08,671] INFO - task_allocator.py:322 - 分配任务 52 → AGV 7 (距离 78)
[2026-05-19 22:28:08,672] INFO - agv_controller.py:164 - AGV 7: 任务52 前往取货点 (0, 37)
[2026-05-19 22:28:08,678] INFO - agv_controller.py:382 - AGV 0: 已取货，前往送货点 (25, 40)
[2026-05-19 22:28:08,678] INFO - agv_controller.py:394 - AGV 3: 任务 46 完成！
[2026-05-19 22:28:08,678] INFO - od_flow.py:243 - 任务 46 已完成
[2026-05-19 22:28:08,772] INFO - od_flow.py:188 - 任务 53 分配给 AGV 3
[2026-05-19 22:28:08,772] INFO - task_allocator.py:322 - 分配任务 53 → AGV 3 (距离 39)
[2026-05-19 22:28:08,773] INFO - agv_controller.py:164 - AGV 3: 任务53 前往取货点 (0, 37)
[2026-05-19 22:28:09,072] INFO - task_allocator.py:247 - 生成任务 54: 取货 (0, 12) → 送货 (24, 12)
[2026-05-19 22:28:09,580] INFO - agv_controller.py:394 - AGV 4: 任务 44 完成！
[2026-05-19 22:28:09,581] INFO - od_flow.py:243 - 任务 44 已完成
[2026-05-19 22:28:09,675] INFO - od_flow.py:188 - 任务 54 分配给 AGV 4
[2026-05-19 22:28:09,675] INFO - task_allocator.py:322 - 分配任务 54 → AGV 4 (距离 57)
[2026-05-19 22:28:09,676] INFO - agv_controller.py:164 - AGV 4: 任务54 前往取货点 (0, 12)
[2026-05-19 22:28:09,785] INFO - agv_controller.py:382 - AGV 6: 已取货，前往送货点 (24, 44)
[2026-05-19 22:28:09,977] INFO - task_allocator.py:247 - 生成任务 55: 取货 (49, 27) → 送货 (24, 20)
[2026-05-19 22:28:10,185] WARNING - mapf_planner.py:292 - AGV 6: 无法找到路径 (48, 9) → (24, 44)
[2026-05-19 22:28:10,277] INFO - task_allocator.py:247 - 生成任务 56: 取货 (49, 37) → 送货 (24, 28)
[2026-05-19 22:28:10,479] INFO - task_allocator.py:247 - 生成任务 57: 取货 (0, 22) → 送货 (25, 16)
[2026-05-19 22:28:10,479] INFO - task_allocator.py:247 - 生成任务 58: 取货 (49, 37) → 送货 (25, 8)
[2026-05-19 22:28:10,486] WARNING - mapf_planner.py:292 - AGV 6: 无法找到路径 (47, 10) → (24, 44)
[2026-05-19 22:28:10,884] WARNING - mapf_planner.py:292 - AGV 6: 无法找到路径 (45, 11) → (24, 44)
[2026-05-19 22:28:12,187] INFO - agv_controller.py:394 - AGV 0: 任务 47 完成！
[2026-05-19 22:28:12,187] INFO - od_flow.py:243 - 任务 47 已完成
[2026-05-19 22:28:12,286] INFO - od_flow.py:188 - 任务 55 分配给 AGV 0
[2026-05-19 22:28:12,286] INFO - task_allocator.py:322 - 分配任务 55 → AGV 0 (距离 72)
[2026-05-19 22:28:12,287] INFO - agv_controller.py:164 - AGV 0: 任务55 前往取货点 (49, 27)
[2026-05-19 22:28:12,491] INFO - agv_controller.py:394 - AGV 5: 任务 48 完成！
[2026-05-19 22:28:12,491] INFO - od_flow.py:243 - 任务 48 已完成
[2026-05-19 22:28:12,588] INFO - od_flow.py:188 - 任务 56 分配给 AGV 5
[2026-05-19 22:28:12,589] INFO - task_allocator.py:322 - 分配任务 56 → AGV 5 (距离 34)
[2026-05-19 22:28:12,589] INFO - agv_controller.py:164 - AGV 5: 任务56 前往取货点 (49, 37)
[2026-05-19 22:28:12,795] INFO - agv_controller.py:382 - AGV 7: 已取货，前往送货点 (24, 4)
[2026-05-19 22:28:12,891] INFO - task_allocator.py:247 - 生成任务 59: 取货 (49, 32) → 送货 (25, 40)
[2026-05-19 22:28:14,674] INFO - agv_controller.py:394 - AGV 1: 任务 49 完成！
[2026-05-19 22:28:14,675] INFO - od_flow.py:243 - 任务 49 已完成
[2026-05-19 22:28:14,678] INFO - od_flow.py:188 - 任务 57 分配给 AGV 1
[2026-05-19 22:28:14,679] INFO - task_allocator.py:322 - 分配任务 57 → AGV 1 (距离 19)
[2026-05-19 22:28:14,679] INFO - agv_controller.py:164 - AGV 1: 任务57 前往取货点 (0, 22)
[2026-05-19 22:28:14,984] INFO - agv_controller.py:382 - AGV 2: 已取货，前往送货点 (25, 32)
[2026-05-19 22:28:14,984] INFO - main.py:190 - 步数 600: 已完成 50 个任务, AGV: 空闲0 移动中8 装卸0
[2026-05-19 22:28:15,086] WARNING - mapf_planner.py:292 - AGV 2: 无法找到路径 (0, 2) → (25, 32)
[2026-05-19 22:28:15,188] INFO - agv_controller.py:382 - AGV 3: 已取货，前往送货点 (25, 48)
[2026-05-19 22:28:15,189] INFO - agv_controller.py:382 - AGV 4: 已取货，前往送货点 (24, 12)
[2026-05-19 22:28:15,283] INFO - task_allocator.py:247 - 生成任务 60: 取货 (0, 32) → 送货 (24, 36)
[2026-05-19 22:28:15,383] INFO - task_allocator.py:247 - 生成任务 61: 取货 (0, 47) → 送货 (25, 24)
[2026-05-19 22:28:15,888] WARNING - mapf_planner.py:292 - AGV 2: 无法找到路径 (4, 5) → (25, 32)
[2026-05-19 22:28:16,689] INFO - agv_controller.py:382 - AGV 5: 已取货，前往送货点 (24, 28)
[2026-05-19 22:28:17,397] INFO - agv_controller.py:382 - AGV 1: 已取货，前往送货点 (25, 16)
[2026-05-19 22:28:17,498] INFO - agv_controller.py:382 - AGV 0: 已取货，前往送货点 (24, 20)
[2026-05-19 22:28:18,022] INFO - agv_controller.py:394 - AGV 4: 任务 54 完成！
[2026-05-19 22:28:18,022] INFO - od_flow.py:243 - 任务 54 已完成
[2026-05-19 22:28:18,022] INFO - agv_controller.py:394 - AGV 6: 任务 51 完成！
[2026-05-19 22:28:18,022] INFO - od_flow.py:243 - 任务 51 已完成
[2026-05-19 22:28:18,026] INFO - task_allocator.py:247 - 生成任务 62: 取货 (0, 17) → 送货 (24, 12)
[2026-05-19 22:28:18,027] INFO - od_flow.py:188 - 任务 58 分配给 AGV 6
[2026-05-19 22:28:18,027] INFO - task_allocator.py:322 - 分配任务 58 → AGV 6 (距离 31)
[2026-05-19 22:28:18,027] INFO - od_flow.py:188 - 任务 59 分配给 AGV 4
[2026-05-19 22:28:18,027] INFO - task_allocator.py:322 - 分配任务 59 → AGV 4 (距离 32)
[2026-05-19 22:28:18,027] INFO - agv_controller.py:164 - AGV 6: 任务58 前往取货点 (49, 37)
[2026-05-19 22:28:18,027] INFO - agv_controller.py:164 - AGV 4: 任务59 前往取货点 (49, 32)
[2026-05-19 22:28:18,132] WARNING - mapf_planner.py:292 - AGV 6: 无法找到路径 (25, 44) → (49, 37)
[2026-05-19 22:28:18,228] INFO - task_allocator.py:247 - 生成任务 63: 取货 (0, 37) → 送货 (24, 44)
[2026-05-19 22:28:19,437] INFO - warehouse_env.py:370 - 仿真停止，共运行 642 步
[2026-05-19 22:28:19,437] INFO - task_allocator.py:172 - 调度模块：仿真停止，共运行 642 步
[2026-05-19 22:28:19,437] INFO - agv_controller.py:175 - 控制器：仿真停止，完成 52 个任务
[2026-05-19 22:28:19,534] INFO - renderer.py:552 - 渲染器已关闭
[2026-05-19 22:28:19,535] INFO - main.py:251 - ==================================================
[2026-05-19 22:28:19,535] INFO - main.py:252 - 仿真结束
[2026-05-19 22:28:19,535] INFO - main.py:253 - 总步数: 642
[2026-05-19 22:28:19,536] INFO - main.py:254 - 完成任务: 52
[2026-05-19 22:28:19,536] INFO - main.py:255 - AGV总移动步数: 4818
[2026-05-19 22:28:19,536] INFO - main.py:256 - ==================================================
