[2026-05-19 22:18:43,694] INFO - config.py:253 - 日志文件已创建: logs\simulation_20260519_221843.log
[2026-05-19 22:18:43,695] INFO - main.py:76 - 正在初始化仿真模块...
[2026-05-19 22:18:43,695] INFO - communication.py:303 - 模块 env 初始化完成
[2026-05-19 22:18:43,696] INFO - warehouse_env.py:117 - 仓库环境初始化完成: 50x50
[2026-05-19 22:18:43,696] INFO - warehouse_env.py:169 - 地图构建完成: 20个进货口, 12个出货口
[2026-05-19 22:18:43,698] INFO - warehouse_env.py:189 - 环境已重置
[2026-05-19 22:18:43,698] INFO - communication.py:303 - 模块 scheduler 初始化完成
[2026-05-19 22:18:43,702] INFO - od_flow.py:69 - OD流程管理器初始化完成，12个出货口
[2026-05-19 22:18:43,714] INFO - task_allocator.py:107 - 任务分配器初始化完成: 20个进货口, 12个出货口, 8台AGV
[2026-05-19 22:18:43,714] INFO - mapf_planner.py:260 - MAPF规划器初始化完成: 50x50
[2026-05-19 22:18:44,673] INFO - rl_collision_avoidance.py:208 - RL避撞控制器初始化完成 (PyTorch: True)
[2026-05-19 22:18:44,673] INFO - communication.py:303 - 模块 controller 初始化完成
[2026-05-19 22:18:44,673] INFO - agv_controller.py:117 - AGV控制器初始化完成
[2026-05-19 22:18:44,674] INFO - agv_controller.py:198 - 控制器已重置
[2026-05-19 22:18:45,335] INFO - renderer.py:161 - 渲染器初始化完成: 1600x1000, 格子大小=16
[2026-05-19 22:18:45,336] INFO - main.py:102 - 所有模块初始化完成
[2026-05-19 22:18:45,336] INFO - main.py:72 - 仿真系统初始化完成
[2026-05-19 22:18:45,336] INFO - warehouse_env.py:169 - 地图构建完成: 20个进货口, 12个出货口
[2026-05-19 22:18:45,339] INFO - warehouse_env.py:189 - 环境已重置
[2026-05-19 22:18:45,339] INFO - warehouse_env.py:365 - 仿真开始，环境已初始化
[2026-05-19 22:18:45,339] INFO - od_flow.py:282 - OD流程管理器已重置
[2026-05-19 22:18:45,339] INFO - task_allocator.py:180 - 调度模块已重置
[2026-05-19 22:18:45,340] INFO - task_allocator.py:164 - 调度模块：仿真开始
[2026-05-19 22:18:45,340] INFO - agv_controller.py:198 - 控制器已重置
[2026-05-19 22:18:45,340] INFO - agv_controller.py:170 - 控制器：仿真开始
[2026-05-19 22:18:45,340] INFO - main.py:121 - ==================================================
[2026-05-19 22:18:45,340] INFO - main.py:122 - 仿真开始
[2026-05-19 22:18:45,340] INFO - main.py:123 - 地图: 50x50
[2026-05-19 22:18:45,340] INFO - main.py:124 - 最大步数: 1000
[2026-05-19 22:18:45,340] INFO - main.py:125 - ==================================================
[2026-05-19 22:18:45,343] INFO - main.py:181 - 步数 1: 已完成 0 个任务, AGV: 空闲8 移动中0 装卸0
[2026-05-19 22:18:45,351] INFO - task_allocator.py:244 - 生成任务 0: 取货 (0, 17) → 送货 (24, 4)
[2026-05-19 22:18:45,351] INFO - task_allocator.py:244 - 生成任务 1: 取货 (0, 42) → 送货 (24, 36)
[2026-05-19 22:18:45,351] INFO - od_flow.py:188 - 任务 0 分配给 AGV 2
[2026-05-19 22:18:45,351] INFO - task_allocator.py:319 - 分配任务 0 → AGV 2 (距离 11)
[2026-05-19 22:18:45,352] INFO - od_flow.py:188 - 任务 1 分配给 AGV 1
[2026-05-19 22:18:45,352] INFO - task_allocator.py:319 - 分配任务 1 → AGV 1 (距离 39)
[2026-05-19 22:18:45,352] INFO - agv_controller.py:164 - AGV 2: 任务0 前往取货点 (0, 17)
[2026-05-19 22:18:45,352] INFO - agv_controller.py:164 - AGV 1: 任务1 前往取货点 (0, 42)
[2026-05-19 22:18:45,353] INFO - main.py:181 - 步数 2: 已完成 0 个任务, AGV: 空闲6 移动中2 装卸0
[2026-05-19 22:18:45,450] INFO - main.py:181 - 步数 3: 已完成 0 个任务, AGV: 空闲6 移动中2 装卸0
[2026-05-19 22:18:45,551] INFO - main.py:181 - 步数 4: 已完成 0 个任务, AGV: 空闲6 移动中2 装卸0
[2026-05-19 22:18:45,652] INFO - main.py:181 - 步数 5: 已完成 0 个任务, AGV: 空闲6 移动中2 装卸0
[2026-05-19 22:18:45,751] INFO - task_allocator.py:244 - 生成任务 2: 取货 (0, 37) → 送货 (24, 28)
[2026-05-19 22:18:45,752] INFO - od_flow.py:188 - 任务 2 分配给 AGV 0
[2026-05-19 22:18:45,752] INFO - task_allocator.py:319 - 分配任务 2 → AGV 0 (距离 37)
[2026-05-19 22:18:45,752] INFO - agv_controller.py:164 - AGV 0: 任务2 前往取货点 (0, 37)
[2026-05-19 22:18:45,754] INFO - main.py:181 - 步数 6: 已完成 0 个任务, AGV: 空闲5 移动中3 装卸0
[2026-05-19 22:18:45,851] INFO - task_allocator.py:244 - 生成任务 3: 取货 (0, 17) → 送货 (25, 48)
[2026-05-19 22:18:45,851] INFO - od_flow.py:188 - 任务 3 分配给 AGV 3
[2026-05-19 22:18:45,852] INFO - task_allocator.py:319 - 分配任务 3 → AGV 3 (距离 19)
[2026-05-19 22:18:45,852] INFO - agv_controller.py:164 - AGV 3: 任务3 前往取货点 (0, 17)
[2026-05-19 22:18:45,854] INFO - main.py:181 - 步数 7: 已完成 0 个任务, AGV: 空闲4 移动中4 装卸0
[2026-05-19 22:18:45,952] INFO - task_allocator.py:244 - 生成任务 4: 取货 (0, 12) → 送货 (25, 32)
[2026-05-19 22:18:45,952] INFO - task_allocator.py:244 - 生成任务 5: 取货 (0, 7) → 送货 (24, 12)
[2026-05-19 22:18:45,952] INFO - od_flow.py:188 - 任务 4 分配给 AGV 6
[2026-05-19 22:18:45,952] INFO - task_allocator.py:319 - 分配任务 4 → AGV 6 (距离 51)
[2026-05-19 22:18:45,953] INFO - od_flow.py:188 - 任务 5 分配给 AGV 7
[2026-05-19 22:18:45,953] INFO - task_allocator.py:319 - 分配任务 5 → AGV 7 (距离 48)
[2026-05-19 22:18:45,953] INFO - agv_controller.py:164 - AGV 6: 任务4 前往取货点 (0, 12)
[2026-05-19 22:18:45,953] INFO - agv_controller.py:164 - AGV 7: 任务5 前往取货点 (0, 7)
[2026-05-19 22:18:45,957] INFO - main.py:181 - 步数 8: 已完成 0 个任务, AGV: 空闲2 移动中6 装卸0
[2026-05-19 22:18:46,054] INFO - main.py:181 - 步数 9: 已完成 0 个任务, AGV: 空闲2 移动中6 装卸0
[2026-05-19 22:18:46,156] INFO - main.py:181 - 步数 10: 已完成 0 个任务, AGV: 空闲2 移动中6 装卸0
[2026-05-19 22:18:46,457] INFO - agv_controller.py:382 - AGV 2: 已取货，前往送货点 (24, 4)
[2026-05-19 22:18:46,655] INFO - task_allocator.py:244 - 生成任务 6: 取货 (0, 12) → 送货 (24, 44)
[2026-05-19 22:18:46,655] INFO - od_flow.py:188 - 任务 6 分配给 AGV 5
[2026-05-19 22:18:46,655] INFO - task_allocator.py:319 - 分配任务 6 → AGV 5 (距离 54)
[2026-05-19 22:18:46,655] INFO - agv_controller.py:164 - AGV 5: 任务6 前往取货点 (0, 12)
[2026-05-19 22:18:47,057] INFO - task_allocator.py:244 - 生成任务 7: 取货 (0, 37) → 送货 (25, 40)
[2026-05-19 22:18:47,057] INFO - od_flow.py:188 - 任务 7 分配给 AGV 4
[2026-05-19 22:18:47,057] INFO - task_allocator.py:319 - 分配任务 7 → AGV 4 (距离 82)
[2026-05-19 22:18:47,057] INFO - agv_controller.py:164 - AGV 4: 任务7 前往取货点 (0, 37)
[2026-05-19 22:18:47,062] WARNING - mapf_planner.py:292 - AGV 4: 无法找到路径 (47, 2) → (0, 37)
[2026-05-19 22:18:47,363] WARNING - mapf_planner.py:292 - AGV 4: 无法找到路径 (47, 4) → (0, 37)
[2026-05-19 22:18:47,458] INFO - task_allocator.py:244 - 生成任务 8: 取货 (49, 47) → 送货 (24, 20)
[2026-05-19 22:18:47,659] INFO - task_allocator.py:244 - 生成任务 9: 取货 (49, 37) → 送货 (25, 8)
[2026-05-19 22:18:47,660] INFO - task_allocator.py:244 - 生成任务 10: 取货 (49, 37) → 送货 (25, 24)
[2026-05-19 22:18:47,660] INFO - task_allocator.py:244 - 生成任务 11: 取货 (0, 37) → 送货 (25, 16)
[2026-05-19 22:18:47,665] WARNING - mapf_planner.py:292 - AGV 4: 无法找到路径 (46, 5) → (0, 37)
[2026-05-19 22:18:47,765] INFO - agv_controller.py:382 - AGV 3: 已取货，前往送货点 (25, 48)
[2026-05-19 22:18:47,865] WARNING - mapf_planner.py:292 - AGV 4: 无法找到路径 (46, 6) → (0, 37)
[2026-05-19 22:18:48,066] WARNING - mapf_planner.py:292 - AGV 3: 无法找到路径 (2, 17) → (25, 48)
[2026-05-19 22:18:48,170] WARNING - mapf_planner.py:292 - AGV 4: 无法找到路径 (46, 8) → (0, 37)
[2026-05-19 22:18:48,267] WARNING - mapf_planner.py:292 - AGV 3: 无法找到路径 (3, 17) → (25, 48)
[2026-05-19 22:18:48,368] WARNING - mapf_planner.py:292 - AGV 3: 无法找到路径 (3, 17) → (25, 48)
[2026-05-19 22:18:48,468] WARNING - mapf_planner.py:292 - AGV 4: 无法找到路径 (45, 9) → (0, 37)
[2026-05-19 22:18:48,569] WARNING - mapf_planner.py:292 - AGV 4: 无法找到路径 (45, 9) → (0, 37)
[2026-05-19 22:18:48,870] WARNING - mapf_planner.py:292 - AGV 4: 无法找到路径 (43, 9) → (0, 37)
[2026-05-19 22:18:49,072] WARNING - mapf_planner.py:292 - AGV 4: 无法找到路径 (42, 9) → (0, 37)
[2026-05-19 22:18:49,273] INFO - agv_controller.py:382 - AGV 1: 已取货，前往送货点 (24, 36)
[2026-05-19 22:18:49,474] WARNING - mapf_planner.py:292 - AGV 4: 无法找到路径 (41, 11) → (0, 37)
[2026-05-19 22:18:49,570] WARNING - mapf_planner.py:292 - AGV 2: 无法找到路径 (18, 5) → (24, 4)
[2026-05-19 22:18:49,977] WARNING - mapf_planner.py:292 - AGV 4: 无法找到路径 (38, 12) → (0, 37)
[2026-05-19 22:18:49,978] INFO - agv_controller.py:382 - AGV 0: 已取货，前往送货点 (24, 28)
[2026-05-19 22:18:50,177] WARNING - mapf_planner.py:292 - AGV 4: 无法找到路径 (37, 12) → (0, 37)
[2026-05-19 22:18:50,278] WARNING - mapf_planner.py:292 - AGV 4: 无法找到路径 (37, 12) → (0, 37)
[2026-05-19 22:18:50,279] INFO - agv_controller.py:394 - AGV 2: 任务 0 完成！
[2026-05-19 22:18:50,280] INFO - od_flow.py:243 - 任务 0 已完成
[2026-05-19 22:18:50,373] INFO - od_flow.py:188 - 任务 8 分配给 AGV 2
[2026-05-19 22:18:50,373] INFO - task_allocator.py:319 - 分配任务 8 → AGV 2 (距离 86)
[2026-05-19 22:18:50,374] INFO - agv_controller.py:164 - AGV 2: 任务8 前往取货点 (49, 47)
[2026-05-19 22:18:50,674] INFO - task_allocator.py:244 - 生成任务 12: 取货 (49, 7) → 送货 (24, 4)
[2026-05-19 22:18:50,680] WARNING - mapf_planner.py:292 - AGV 4: 无法找到路径 (35, 13) → (0, 37)
[2026-05-19 22:18:50,680] WARNING - mapf_planner.py:292 - AGV 7: 无法找到路径 (3, 7) → (0, 7)
[2026-05-19 22:18:50,982] WARNING - mapf_planner.py:292 - AGV 2: 无法找到路径 (27, 7) → (49, 47)
[2026-05-19 22:18:51,082] INFO - agv_controller.py:382 - AGV 6: 已取货，前往送货点 (25, 32)
[2026-05-19 22:18:51,182] INFO - agv_controller.py:382 - AGV 7: 已取货，前往送货点 (24, 12)
[2026-05-19 22:18:51,282] WARNING - mapf_planner.py:292 - AGV 2: 无法找到路径 (28, 8) → (49, 47)
[2026-05-19 22:18:51,486] WARNING - mapf_planner.py:292 - AGV 4: 无法找到路径 (29, 14) → (0, 37)
[2026-05-19 22:18:51,788] WARNING - mapf_planner.py:292 - AGV 2: 无法找到路径 (31, 9) → (49, 47)
[2026-05-19 22:18:52,088] WARNING - mapf_planner.py:292 - AGV 2: 无法找到路径 (33, 9) → (49, 47)
[2026-05-19 22:18:52,090] INFO - agv_controller.py:382 - AGV 5: 已取货，前往送货点 (24, 44)
[2026-05-19 22:18:52,393] INFO - agv_controller.py:394 - AGV 1: 任务 1 完成！
[2026-05-19 22:18:52,393] INFO - od_flow.py:243 - 任务 1 已完成
[2026-05-19 22:18:52,487] INFO - task_allocator.py:244 - 生成任务 13: 取货 (0, 17) → 送货 (24, 36)
[2026-05-19 22:18:52,488] INFO - od_flow.py:188 - 任务 9 分配给 AGV 1
[2026-05-19 22:18:52,488] INFO - task_allocator.py:319 - 分配任务 9 → AGV 1 (距离 79)
[2026-05-19 22:18:52,488] INFO - agv_controller.py:164 - AGV 1: 任务9 前往取货点 (49, 37)
[2026-05-19 22:18:53,395] INFO - agv_controller.py:394 - AGV 0: 任务 2 完成！
[2026-05-19 22:18:53,395] INFO - od_flow.py:243 - 任务 2 已完成
[2026-05-19 22:18:53,492] INFO - od_flow.py:188 - 任务 10 分配给 AGV 0
[2026-05-19 22:18:53,492] INFO - task_allocator.py:319 - 分配任务 10 → AGV 0 (距离 82)
[2026-05-19 22:18:53,492] INFO - agv_controller.py:164 - AGV 0: 任务10 前往取货点 (49, 37)
[2026-05-19 22:18:53,792] INFO - task_allocator.py:244 - 生成任务 14: 取货 (0, 7) → 送货 (24, 28)
[2026-05-19 22:18:53,794] INFO - agv_controller.py:394 - AGV 3: 任务 3 完成！
[2026-05-19 22:18:53,794] INFO - od_flow.py:243 - 任务 3 已完成
[2026-05-19 22:18:53,893] INFO - od_flow.py:188 - 任务 11 分配给 AGV 3
[2026-05-19 22:18:53,893] INFO - task_allocator.py:319 - 分配任务 11 → AGV 3 (距离 39)
[2026-05-19 22:18:53,893] INFO - agv_controller.py:164 - AGV 3: 任务11 前往取货点 (0, 37)
[2026-05-19 22:18:54,199] INFO - agv_controller.py:394 - AGV 7: 任务 5 完成！
[2026-05-19 22:18:54,200] INFO - od_flow.py:243 - 任务 5 已完成
[2026-05-19 22:18:54,295] INFO - od_flow.py:188 - 任务 12 分配给 AGV 7
[2026-05-19 22:18:54,295] INFO - task_allocator.py:319 - 分配任务 12 → AGV 7 (距离 9)
[2026-05-19 22:18:54,296] INFO - agv_controller.py:164 - AGV 7: 任务12 前往取货点 (49, 7)
[2026-05-19 22:18:54,396] INFO - task_allocator.py:244 - 生成任务 15: 取货 (0, 12) → 送货 (24, 12)
[2026-05-19 22:18:54,597] INFO - task_allocator.py:244 - 生成任务 16: 取货 (0, 17) → 送货 (25, 48)
[2026-05-19 22:18:55,105] INFO - agv_controller.py:382 - AGV 1: 已取货，前往送货点 (25, 8)
[2026-05-19 22:18:55,205] WARNING - mapf_planner.py:292 - AGV 1: 无法找到路径 (49, 37) → (25, 8)
[2026-05-19 22:18:55,208] INFO - main.py:181 - 步数 100: 已完成 5 个任务, AGV: 空闲0 移动中8 装卸0
[2026-05-19 22:18:55,710] INFO - agv_controller.py:394 - AGV 6: 任务 4 完成！
[2026-05-19 22:18:55,710] INFO - od_flow.py:243 - 任务 4 已完成
[2026-05-19 22:18:55,803] INFO - task_allocator.py:244 - 生成任务 17: 取货 (49, 7) → 送货 (25, 32)
[2026-05-19 22:18:55,804] INFO - od_flow.py:188 - 任务 13 分配给 AGV 6
[2026-05-19 22:18:55,804] INFO - task_allocator.py:319 - 分配任务 13 → AGV 6 (距离 56)
[2026-05-19 22:18:55,804] INFO - agv_controller.py:164 - AGV 6: 任务13 前往取货点 (0, 17)
[2026-05-19 22:18:55,809] WARNING - mapf_planner.py:292 - AGV 1: 无法找到路径 (44, 37) → (25, 8)
[2026-05-19 22:18:56,810] INFO - agv_controller.py:382 - AGV 4: 已取货，前往送货点 (25, 40)
[2026-05-19 22:18:57,010] INFO - agv_controller.py:382 - AGV 0: 已取货，前往送货点 (25, 24)
[2026-05-19 22:18:57,312] INFO - agv_controller.py:382 - AGV 7: 已取货，前往送货点 (24, 4)
[2026-05-19 22:18:57,513] INFO - agv_controller.py:382 - AGV 3: 已取货，前往送货点 (25, 16)
[2026-05-19 22:18:57,614] WARNING - mapf_planner.py:292 - AGV 3: 无法找到路径 (0, 37) → (25, 16)
[2026-05-19 22:18:57,616] INFO - agv_controller.py:382 - AGV 2: 已取货，前往送货点 (24, 20)
[2026-05-19 22:18:57,819] INFO - agv_controller.py:394 - AGV 5: 任务 6 完成！
[2026-05-19 22:18:57,820] INFO - od_flow.py:243 - 任务 6 已完成
[2026-05-19 22:18:57,914] INFO - od_flow.py:188 - 任务 14 分配给 AGV 5
[2026-05-19 22:18:57,914] INFO - task_allocator.py:319 - 分配任务 14 → AGV 5 (距离 49)
[2026-05-19 22:18:57,914] INFO - agv_controller.py:164 - AGV 5: 任务14 前往取货点 (0, 7)
[2026-05-19 22:18:58,020] WARNING - mapf_planner.py:292 - AGV 5: 无法找到路径 (23, 44) → (0, 7)
[2026-05-19 22:18:58,120] WARNING - mapf_planner.py:292 - AGV 5: 无法找到路径 (23, 44) → (0, 7)
[2026-05-19 22:18:58,315] INFO - task_allocator.py:244 - 生成任务 18: 取货 (49, 37) → 送货 (24, 44)
[2026-05-19 22:18:58,526] WARNING - mapf_planner.py:292 - AGV 5: 无法找到路径 (21, 43) → (0, 7)
[2026-05-19 22:18:59,727] INFO - agv_controller.py:394 - AGV 4: 任务 7 完成！
[2026-05-19 22:18:59,728] INFO - od_flow.py:243 - 任务 7 已完成
[2026-05-19 22:18:59,825] INFO - task_allocator.py:244 - 生成任务 19: 取货 (0, 12) → 送货 (25, 40)
[2026-05-19 22:18:59,825] INFO - od_flow.py:188 - 任务 15 分配给 AGV 4
[2026-05-19 22:18:59,826] INFO - task_allocator.py:319 - 分配任务 15 → AGV 4 (距离 57)
[2026-05-19 22:18:59,826] INFO - agv_controller.py:164 - AGV 4: 任务15 前往取货点 (0, 12)
[2026-05-19 22:18:59,832] INFO - agv_controller.py:382 - AGV 6: 已取货，前往送货点 (24, 36)
[2026-05-19 22:19:00,232] INFO - agv_controller.py:394 - AGV 7: 任务 12 完成！
[2026-05-19 22:19:00,232] INFO - od_flow.py:243 - 任务 12 已完成
[2026-05-19 22:19:00,327] INFO - od_flow.py:188 - 任务 16 分配给 AGV 7
[2026-05-19 22:19:00,327] INFO - task_allocator.py:319 - 分配任务 16 → AGV 7 (距离 58)
[2026-05-19 22:19:00,328] INFO - agv_controller.py:164 - AGV 7: 任务16 前往取货点 (0, 17)
[2026-05-19 22:19:00,730] INFO - task_allocator.py:244 - 生成任务 20: 取货 (0, 32) → 送货 (24, 4)
[2026-05-19 22:19:00,735] INFO - agv_controller.py:394 - AGV 1: 任务 9 完成！
[2026-05-19 22:19:00,735] INFO - od_flow.py:243 - 任务 9 已完成
[2026-05-19 22:19:00,831] INFO - task_allocator.py:244 - 生成任务 21: 取货 (49, 12) → 送货 (25, 8)
[2026-05-19 22:19:00,832] INFO - od_flow.py:188 - 任务 17 分配给 AGV 1
[2026-05-19 22:19:00,832] INFO - task_allocator.py:319 - 分配任务 17 → AGV 1 (距离 49)
[2026-05-19 22:19:00,833] INFO - agv_controller.py:164 - AGV 1: 任务17 前往取货点 (49, 7)
[2026-05-19 22:19:00,838] INFO - agv_controller.py:394 - AGV 0: 任务 10 完成！
[2026-05-19 22:19:00,839] INFO - od_flow.py:243 - 任务 10 已完成
[2026-05-19 22:19:00,932] INFO - task_allocator.py:244 - 生成任务 22: 取货 (0, 22) → 送货 (25, 24)
[2026-05-19 22:19:00,932] INFO - od_flow.py:188 - 任务 18 分配给 AGV 0
[2026-05-19 22:19:00,932] INFO - task_allocator.py:319 - 分配任务 18 → AGV 0 (距离 82)
[2026-05-19 22:19:00,932] INFO - agv_controller.py:164 - AGV 0: 任务18 前往取货点 (49, 37)
[2026-05-19 22:19:02,342] INFO - agv_controller.py:394 - AGV 3: 任务 11 完成！
[2026-05-19 22:19:02,342] INFO - od_flow.py:243 - 任务 11 已完成
[2026-05-19 22:19:02,437] INFO - task_allocator.py:244 - 生成任务 23: 取货 (0, 37) → 送货 (25, 16)
[2026-05-19 22:19:02,438] INFO - od_flow.py:188 - 任务 19 分配给 AGV 3
[2026-05-19 22:19:02,438] INFO - task_allocator.py:319 - 分配任务 19 → AGV 3 (距离 14)
[2026-05-19 22:19:02,438] INFO - agv_controller.py:164 - AGV 3: 任务19 前往取货点 (0, 12)
[2026-05-19 22:19:02,941] INFO - agv_controller.py:394 - AGV 2: 任务 8 完成！
[2026-05-19 22:19:02,941] INFO - od_flow.py:243 - 任务 8 已完成
[2026-05-19 22:19:03,040] INFO - od_flow.py:188 - 任务 20 分配给 AGV 2
[2026-05-19 22:19:03,040] INFO - task_allocator.py:319 - 分配任务 20 → AGV 2 (距离 26)
[2026-05-19 22:19:03,041] INFO - agv_controller.py:164 - AGV 2: 任务20 前往取货点 (0, 32)
[2026-05-19 22:19:03,141] INFO - task_allocator.py:244 - 生成任务 24: 取货 (0, 27) → 送货 (24, 20)
[2026-05-19 22:19:03,345] INFO - agv_controller.py:382 - AGV 1: 已取货，前往送货点 (25, 32)
[2026-05-19 22:19:03,445] WARNING - mapf_planner.py:292 - AGV 1: 无法找到路径 (49, 7) → (25, 32)
[2026-05-19 22:19:04,049] INFO - agv_controller.py:382 - AGV 7: 已取货，前往送货点 (25, 48)
[2026-05-19 22:19:04,252] WARNING - mapf_planner.py:292 - AGV 7: 无法找到路径 (1, 17) → (25, 48)
[2026-05-19 22:19:04,255] INFO - agv_controller.py:394 - AGV 6: 任务 13 完成！
[2026-05-19 22:19:04,255] INFO - od_flow.py:243 - 任务 13 已完成
[2026-05-19 22:19:04,349] INFO - od_flow.py:188 - 任务 21 分配给 AGV 6
[2026-05-19 22:19:04,349] INFO - task_allocator.py:319 - 分配任务 21 → AGV 6 (距离 6)
[2026-05-19 22:19:04,349] INFO - agv_controller.py:164 - AGV 6: 任务21 前往取货点 (49, 12)
[2026-05-19 22:19:04,358] INFO - agv_controller.py:382 - AGV 5: 已取货，前往送货点 (24, 28)
[2026-05-19 22:19:04,657] WARNING - mapf_planner.py:292 - AGV 7: 无法找到路径 (3, 18) → (25, 48)
[2026-05-19 22:19:04,658] INFO - agv_controller.py:382 - AGV 0: 已取货，前往送货点 (24, 44)
[2026-05-19 22:19:04,753] INFO - task_allocator.py:244 - 生成任务 25: 取货 (49, 22) → 送货 (24, 36)
[2026-05-19 22:19:05,159] INFO - agv_controller.py:382 - AGV 4: 已取货，前往送货点 (24, 12)
[2026-05-19 22:19:05,283] WARNING - mapf_planner.py:375 - CBS达到最大迭代次数 100，返回最佳解
[2026-05-19 22:19:05,284] INFO - main.py:181 - 步数 200: 已完成 14 个任务, AGV: 空闲0 移动中8 装卸0
[2026-05-19 22:19:05,362] WARNING - mapf_planner.py:292 - AGV 7: 无法找到路径 (5, 22) → (25, 48)
[2026-05-19 22:19:05,762] INFO - agv_controller.py:382 - AGV 3: 已取货，前往送货点 (25, 40)
[2026-05-19 22:19:06,666] INFO - agv_controller.py:382 - AGV 2: 已取货，前往送货点 (24, 4)
[2026-05-19 22:19:06,766] WARNING - mapf_planner.py:292 - AGV 2: 无法找到路径 (0, 32) → (24, 4)
[2026-05-19 22:19:07,669] INFO - agv_controller.py:394 - AGV 4: 任务 15 完成！
[2026-05-19 22:19:07,669] INFO - od_flow.py:243 - 任务 15 已完成
[2026-05-19 22:19:07,766] INFO - od_flow.py:188 - 任务 22 分配给 AGV 4
[2026-05-19 22:19:07,767] INFO - task_allocator.py:319 - 分配任务 22 → AGV 4 (距离 67)
[2026-05-19 22:19:07,767] INFO - agv_controller.py:164 - AGV 4: 任务22 前往取货点 (0, 22)
[2026-05-19 22:19:07,867] INFO - task_allocator.py:244 - 生成任务 26: 取货 (0, 42) → 送货 (24, 12)
[2026-05-19 22:19:07,971] INFO - agv_controller.py:394 - AGV 0: 任务 18 完成！
[2026-05-19 22:19:07,972] INFO - od_flow.py:243 - 任务 18 已完成
[2026-05-19 22:19:08,068] INFO - od_flow.py:188 - 任务 23 分配给 AGV 0
[2026-05-19 22:19:08,068] INFO - task_allocator.py:319 - 分配任务 23 → AGV 0 (距离 37)
[2026-05-19 22:19:08,068] INFO - agv_controller.py:164 - AGV 0: 任务23 前往取货点 (0, 37)
[2026-05-19 22:19:08,471] INFO - agv_controller.py:394 - AGV 1: 任务 17 完成！
[2026-05-19 22:19:08,472] INFO - od_flow.py:243 - 任务 17 已完成
[2026-05-19 22:19:08,570] INFO - od_flow.py:188 - 任务 24 分配给 AGV 1
[2026-05-19 22:19:08,570] INFO - task_allocator.py:319 - 分配任务 24 → AGV 1 (距离 24)
[2026-05-19 22:19:08,570] INFO - agv_controller.py:164 - AGV 1: 任务24 前往取货点 (0, 27)
[2026-05-19 22:19:08,670] INFO - task_allocator.py:244 - 生成任务 27: 取货 (49, 32) → 送货 (24, 44)
[2026-05-19 22:19:08,972] INFO - task_allocator.py:244 - 生成任务 28: 取货 (0, 47) → 送货 (25, 32)
[2026-05-19 22:19:08,976] INFO - agv_controller.py:394 - AGV 5: 任务 14 完成！
[2026-05-19 22:19:08,976] INFO - od_flow.py:243 - 任务 14 已完成
[2026-05-19 22:19:09,072] INFO - task_allocator.py:244 - 生成任务 29: 取货 (0, 22) → 送货 (24, 28)
[2026-05-19 22:19:09,072] INFO - od_flow.py:188 - 任务 25 分配给 AGV 5
[2026-05-19 22:19:09,072] INFO - task_allocator.py:319 - 分配任务 25 → AGV 5 (距离 19)
[2026-05-19 22:19:09,072] INFO - agv_controller.py:164 - AGV 5: 任务25 前往取货点 (49, 22)
[2026-05-19 22:19:09,275] INFO - agv_controller.py:382 - AGV 6: 已取货，前往送货点 (25, 8)
[2026-05-19 22:19:10,080] INFO - agv_controller.py:394 - AGV 7: 任务 16 完成！
[2026-05-19 22:19:10,080] INFO - od_flow.py:243 - 任务 16 已完成
[2026-05-19 22:19:10,179] INFO - od_flow.py:188 - 任务 26 分配给 AGV 7
[2026-05-19 22:19:10,180] INFO - task_allocator.py:319 - 分配任务 26 → AGV 7 (距离 83)
[2026-05-19 22:19:10,180] INFO - agv_controller.py:164 - AGV 7: 任务26 前往取货点 (0, 42)
[2026-05-19 22:19:10,580] INFO - task_allocator.py:244 - 生成任务 30: 取货 (49, 27) → 送货 (25, 48)
[2026-05-19 22:19:11,185] INFO - agv_controller.py:382 - AGV 0: 已取货，前往送货点 (25, 16)
[2026-05-19 22:19:11,185] INFO - agv_controller.py:394 - AGV 3: 任务 19 完成！
[2026-05-19 22:19:11,185] INFO - od_flow.py:243 - 任务 19 已完成
[2026-05-19 22:19:11,186] INFO - agv_controller.py:382 - AGV 4: 已取货，前往送货点 (25, 24)
[2026-05-19 22:19:11,284] INFO - od_flow.py:188 - 任务 27 分配给 AGV 3
[2026-05-19 22:19:11,285] INFO - task_allocator.py:319 - 分配任务 27 → AGV 3 (距离 73)
[2026-05-19 22:19:11,285] INFO - agv_controller.py:164 - AGV 3: 任务27 前往取货点 (49, 32)
[2026-05-19 22:19:11,290] WARNING - mapf_planner.py:292 - AGV 0: 无法找到路径 (0, 37) → (25, 16)
[2026-05-19 22:19:11,486] INFO - task_allocator.py:244 - 生成任务 31: 取货 (0, 37) → 送货 (25, 40)
[2026-05-19 22:19:11,588] INFO - agv_controller.py:382 - AGV 1: 已取货，前往送货点 (24, 20)
[2026-05-19 22:19:12,090] WARNING - mapf_planner.py:292 - AGV 7: 无法找到路径 (11, 43) → (0, 42)
[2026-05-19 22:19:12,090] INFO - agv_controller.py:394 - AGV 2: 任务 20 完成！
[2026-05-19 22:19:12,090] INFO - od_flow.py:243 - 任务 20 已完成
[2026-05-19 22:19:12,189] INFO - task_allocator.py:244 - 生成任务 32: 取货 (0, 22) → 送货 (24, 4)
[2026-05-19 22:19:12,190] INFO - od_flow.py:188 - 任务 28 分配给 AGV 2
[2026-05-19 22:19:12,190] INFO - task_allocator.py:319 - 分配任务 28 → AGV 2 (距离 41)
[2026-05-19 22:19:12,190] INFO - agv_controller.py:164 - AGV 2: 任务28 前往取货点 (0, 47)
[2026-05-19 22:19:12,195] WARNING - mapf_planner.py:292 - AGV 2: 无法找到路径 (24, 4) → (0, 47)
[2026-05-19 22:19:12,195] INFO - agv_controller.py:382 - AGV 5: 已取货，前往送货点 (24, 36)
[2026-05-19 22:19:12,195] INFO - agv_controller.py:394 - AGV 6: 任务 21 完成！
[2026-05-19 22:19:12,196] INFO - od_flow.py:243 - 任务 21 已完成
[2026-05-19 22:19:12,291] INFO - task_allocator.py:244 - 生成任务 33: 取货 (49, 37) → 送货 (25, 8)
[2026-05-19 22:19:12,291] INFO - od_flow.py:188 - 任务 29 分配给 AGV 6
[2026-05-19 22:19:12,291] INFO - task_allocator.py:319 - 分配任务 29 → AGV 6 (距离 61)
[2026-05-19 22:19:12,292] INFO - agv_controller.py:164 - AGV 6: 任务29 前往取货点 (0, 22)
[2026-05-19 22:19:12,595] WARNING - mapf_planner.py:292 - AGV 2: 无法找到路径 (21, 4) → (0, 47)
[2026-05-19 22:19:13,096] WARNING - mapf_planner.py:292 - AGV 2: 无法找到路径 (20, 7) → (0, 47)
[2026-05-19 22:19:13,499] INFO - agv_controller.py:382 - AGV 7: 已取货，前往送货点 (24, 12)
[2026-05-19 22:19:13,601] WARNING - mapf_planner.py:292 - AGV 2: 无法找到路径 (18, 9) → (0, 47)
[2026-05-19 22:19:13,800] WARNING - mapf_planner.py:292 - AGV 2: 无法找到路径 (17, 9) → (0, 47)
[2026-05-19 22:19:13,902] WARNING - mapf_planner.py:292 - AGV 7: 无法找到路径 (3, 42) → (24, 12)
[2026-05-19 22:19:14,000] INFO - agv_controller.py:394 - AGV 4: 任务 22 完成！
[2026-05-19 22:19:14,000] INFO - od_flow.py:243 - 任务 22 已完成
[2026-05-19 22:19:14,097] INFO - task_allocator.py:244 - 生成任务 34: 取货 (49, 7) → 送货 (25, 24)
[2026-05-19 22:19:14,097] INFO - od_flow.py:188 - 任务 30 分配给 AGV 4
[2026-05-19 22:19:14,098] INFO - task_allocator.py:319 - 分配任务 30 → AGV 4 (距离 27)
[2026-05-19 22:19:14,098] INFO - agv_controller.py:164 - AGV 4: 任务30 前往取货点 (49, 27)
[2026-05-19 22:19:14,501] INFO - agv_controller.py:382 - AGV 3: 已取货，前往送货点 (24, 44)
[2026-05-19 22:19:14,804] INFO - agv_controller.py:394 - AGV 1: 任务 24 完成！
[2026-05-19 22:19:14,804] INFO - od_flow.py:243 - 任务 24 已完成
[2026-05-19 22:19:14,901] INFO - od_flow.py:188 - 任务 31 分配给 AGV 1
[2026-05-19 22:19:14,901] INFO - task_allocator.py:319 - 分配任务 31 → AGV 1 (距离 34)
[2026-05-19 22:19:14,902] INFO - agv_controller.py:164 - AGV 1: 任务31 前往取货点 (0, 37)
[2026-05-19 22:19:15,001] INFO - task_allocator.py:244 - 生成任务 35: 取货 (0, 37) → 送货 (24, 20)
[2026-05-19 22:19:15,310] INFO - main.py:181 - 步数 300: 已完成 24 个任务, AGV: 空闲0 移动中8 装卸0
[2026-05-19 22:19:16,011] INFO - agv_controller.py:394 - AGV 0: 任务 23 完成！
[2026-05-19 22:19:16,011] INFO - od_flow.py:243 - 任务 23 已完成
[2026-05-19 22:19:16,108] INFO - od_flow.py:188 - 任务 32 分配给 AGV 0
[2026-05-19 22:19:16,109] INFO - task_allocator.py:319 - 分配任务 32 → AGV 0 (距离 22)
[2026-05-19 22:19:16,109] INFO - agv_controller.py:164 - AGV 0: 任务32 前往取货点 (0, 22)
[2026-05-19 22:19:16,209] INFO - task_allocator.py:244 - 生成任务 36: 取货 (49, 37) → 送货 (25, 16)
[2026-05-19 22:19:16,213] INFO - agv_controller.py:394 - AGV 5: 任务 25 完成！
[2026-05-19 22:19:16,214] INFO - od_flow.py:243 - 任务 25 已完成
[2026-05-19 22:19:16,214] INFO - agv_controller.py:382 - AGV 6: 已取货，前往送货点 (24, 28)
[2026-05-19 22:19:16,311] INFO - od_flow.py:188 - 任务 33 分配给 AGV 5
[2026-05-19 22:19:16,311] INFO - task_allocator.py:319 - 分配任务 33 → AGV 5 (距离 34)
[2026-05-19 22:19:16,311] INFO - agv_controller.py:164 - AGV 5: 任务33 前往取货点 (49, 37)
[2026-05-19 22:19:16,410] INFO - task_allocator.py:244 - 生成任务 37: 取货 (49, 42) → 送货 (24, 36)
[2026-05-19 22:19:16,816] INFO - agv_controller.py:382 - AGV 4: 已取货，前往送货点 (25, 48)
[2026-05-19 22:19:18,322] INFO - agv_controller.py:394 - AGV 3: 任务 27 完成！
[2026-05-19 22:19:18,322] INFO - od_flow.py:243 - 任务 27 已完成
[2026-05-19 22:19:18,422] INFO - od_flow.py:188 - 任务 34 分配给 AGV 3
[2026-05-19 22:19:18,422] INFO - task_allocator.py:319 - 分配任务 34 → AGV 3 (距离 48)
[2026-05-19 22:19:18,423] INFO - agv_controller.py:164 - AGV 3: 任务34 前往取货点 (49, 7)
[2026-05-19 22:19:18,523] INFO - task_allocator.py:244 - 生成任务 38: 取货 (0, 32) → 送货 (24, 44)
[2026-05-19 22:19:18,626] WARNING - mapf_planner.py:292 - AGV 6: 无法找到路径 (18, 27) → (24, 28)
[2026-05-19 22:19:18,929] WARNING - mapf_planner.py:292 - AGV 3: 无法找到路径 (26, 41) → (49, 7)
[2026-05-19 22:19:18,930] INFO - agv_controller.py:382 - AGV 5: 已取货，前往送货点 (25, 8)
[2026-05-19 22:19:19,032] WARNING - mapf_planner.py:292 - AGV 5: 无法找到路径 (49, 37) → (25, 8)
[2026-05-19 22:19:19,032] INFO - agv_controller.py:382 - AGV 1: 已取货，前往送货点 (25, 40)
[2026-05-19 22:19:19,133] INFO - agv_controller.py:394 - AGV 7: 任务 26 完成！
[2026-05-19 22:19:19,133] INFO - od_flow.py:243 - 任务 26 已完成
[2026-05-19 22:19:19,229] INFO - od_flow.py:188 - 任务 35 分配给 AGV 7
[2026-05-19 22:19:19,229] INFO - task_allocator.py:319 - 分配任务 35 → AGV 7 (距离 78)
[2026-05-19 22:19:19,230] INFO - agv_controller.py:164 - AGV 7: 任务35 前往取货点 (0, 37)
[2026-05-19 22:19:19,237] INFO - agv_controller.py:382 - AGV 0: 已取货，前往送货点 (24, 4)
[2026-05-19 22:19:19,338] INFO - agv_controller.py:394 - AGV 6: 任务 29 完成！
[2026-05-19 22:19:19,338] INFO - od_flow.py:243 - 任务 29 已完成
[2026-05-19 22:19:19,430] INFO - task_allocator.py:244 - 生成任务 39: 取货 (49, 17) → 送货 (24, 28)
[2026-05-19 22:19:19,430] INFO - task_allocator.py:244 - 生成任务 40: 取货 (49, 17) → 送货 (24, 12)
[2026-05-19 22:19:19,430] INFO - od_flow.py:188 - 任务 36 分配给 AGV 6
[2026-05-19 22:19:19,430] INFO - task_allocator.py:319 - 分配任务 36 → AGV 6 (距离 31)
[2026-05-19 22:19:19,430] INFO - agv_controller.py:164 - AGV 6: 任务36 前往取货点 (49, 37)
[2026-05-19 22:19:19,636] INFO - agv_controller.py:382 - AGV 2: 已取货，前往送货点 (25, 32)
[2026-05-19 22:19:19,738] WARNING - mapf_planner.py:292 - AGV 5: 无法找到路径 (46, 34) → (25, 8)
[2026-05-19 22:19:20,438] WARNING - mapf_planner.py:292 - AGV 2: 无法找到路径 (1, 41) → (25, 32)
[2026-05-19 22:19:21,446] INFO - agv_controller.py:394 - AGV 4: 任务 30 完成！
[2026-05-19 22:19:21,447] INFO - od_flow.py:243 - 任务 30 已完成
[2026-05-19 22:19:21,544] INFO - od_flow.py:188 - 任务 37 分配给 AGV 4
[2026-05-19 22:19:21,545] INFO - task_allocator.py:319 - 分配任务 37 → AGV 4 (距离 42)
[2026-05-19 22:19:21,545] INFO - agv_controller.py:164 - AGV 4: 任务37 前往取货点 (49, 42)
[2026-05-19 22:19:21,745] INFO - task_allocator.py:244 - 生成任务 41: 取货 (49, 22) → 送货 (25, 48)
[2026-05-19 22:19:21,949] INFO - agv_controller.py:394 - AGV 1: 任务 31 完成！
[2026-05-19 22:19:21,949] INFO - od_flow.py:243 - 任务 31 已完成
[2026-05-19 22:19:22,048] INFO - od_flow.py:188 - 任务 38 分配给 AGV 1
[2026-05-19 22:19:22,048] INFO - task_allocator.py:319 - 分配任务 38 → AGV 1 (距离 29)
[2026-05-19 22:19:22,048] INFO - agv_controller.py:164 - AGV 1: 任务38 前往取货点 (0, 32)
[2026-05-19 22:19:22,551] INFO - task_allocator.py:244 - 生成任务 42: 取货 (49, 22) → 送货 (25, 40)
[2026-05-19 22:19:22,855] INFO - agv_controller.py:382 - AGV 6: 已取货，前往送货点 (25, 16)
[2026-05-19 22:19:23,153] WARNING - mapf_planner.py:292 - AGV 2: 无法找到路径 (21, 35) → (25, 32)
[2026-05-19 22:19:23,556] WARNING - mapf_planner.py:292 - AGV 5: 无法找到路径 (28, 15) → (25, 8)
[2026-05-19 22:19:23,559] INFO - agv_controller.py:394 - AGV 0: 任务 32 完成！
[2026-05-19 22:19:23,559] INFO - od_flow.py:243 - 任务 32 已完成
[2026-05-19 22:19:23,655] INFO - od_flow.py:188 - 任务 39 分配给 AGV 0
[2026-05-19 22:19:23,656] INFO - task_allocator.py:319 - 分配任务 39 → AGV 0 (距离 62)
[2026-05-19 22:19:23,656] INFO - agv_controller.py:164 - AGV 0: 任务39 前往取货点 (49, 17)
[2026-05-19 22:19:23,959] WARNING - mapf_planner.py:292 - AGV 7: 无法找到路径 (1, 36) → (0, 37)
[2026-05-19 22:19:23,959] INFO - agv_controller.py:394 - AGV 2: 任务 28 完成！
[2026-05-19 22:19:23,960] INFO - od_flow.py:243 - 任务 28 已完成
[2026-05-19 22:19:24,056] INFO - od_flow.py:188 - 任务 40 分配给 AGV 2
[2026-05-19 22:19:24,057] INFO - task_allocator.py:319 - 分配任务 40 → AGV 2 (距离 56)
[2026-05-19 22:19:24,057] INFO - agv_controller.py:164 - AGV 2: 任务40 前往取货点 (49, 17)
[2026-05-19 22:19:24,156] INFO - task_allocator.py:244 - 生成任务 43: 取货 (49, 17) → 送货 (25, 32)
[2026-05-19 22:19:24,159] INFO - agv_controller.py:382 - AGV 7: 已取货，前往送货点 (24, 20)
[2026-05-19 22:19:24,357] INFO - task_allocator.py:244 - 生成任务 44: 取货 (49, 27) → 送货 (24, 4)
[2026-05-19 22:19:24,562] INFO - agv_controller.py:382 - AGV 4: 已取货，前往送货点 (24, 36)
[2026-05-19 22:19:24,763] INFO - agv_controller.py:382 - AGV 3: 已取货，前往送货点 (25, 24)
[2026-05-19 22:19:24,763] INFO - agv_controller.py:394 - AGV 5: 任务 33 完成！
[2026-05-19 22:19:24,763] INFO - od_flow.py:243 - 任务 33 已完成
[2026-05-19 22:19:24,860] INFO - od_flow.py:188 - 任务 41 分配给 AGV 5
[2026-05-19 22:19:24,861] INFO - task_allocator.py:319 - 分配任务 41 → AGV 5 (距离 19)
[2026-05-19 22:19:24,861] INFO - agv_controller.py:164 - AGV 5: 任务41 前往取货点 (49, 22)
[2026-05-19 22:19:25,368] INFO - agv_controller.py:382 - AGV 1: 已取货，前往送货点 (24, 44)
[2026-05-19 22:19:25,368] INFO - main.py:181 - 步数 400: 已完成 34 个任务, AGV: 空闲0 移动中8 装卸0
[2026-05-19 22:19:25,666] INFO - task_allocator.py:244 - 生成任务 45: 取货 (0, 7) → 送货 (25, 8)
[2026-05-19 22:19:27,482] INFO - agv_controller.py:382 - AGV 0: 已取货，前往送货点 (24, 28)
[2026-05-19 22:19:27,482] INFO - agv_controller.py:394 - AGV 6: 任务 36 完成！
[2026-05-19 22:19:27,483] INFO - od_flow.py:243 - 任务 36 已完成
[2026-05-19 22:19:27,581] INFO - od_flow.py:188 - 任务 42 分配给 AGV 6
[2026-05-19 22:19:27,581] INFO - task_allocator.py:319 - 分配任务 42 → AGV 6 (距离 16)
[2026-05-19 22:19:27,582] INFO - agv_controller.py:164 - AGV 6: 任务42 前往取货点 (49, 22)
[2026-05-19 22:19:27,786] INFO - agv_controller.py:394 - AGV 4: 任务 37 完成！
[2026-05-19 22:19:27,786] INFO - od_flow.py:243 - 任务 37 已完成
[2026-05-19 22:19:27,883] INFO - od_flow.py:188 - 任务 43 分配给 AGV 4
[2026-05-19 22:19:27,883] INFO - task_allocator.py:319 - 分配任务 43 → AGV 4 (距离 17)
[2026-05-19 22:19:27,884] INFO - agv_controller.py:164 - AGV 4: 任务43 前往取货点 (49, 17)
[2026-05-19 22:19:27,985] INFO - agv_controller.py:382 - AGV 2: 已取货，前往送货点 (24, 12)
[2026-05-19 22:19:28,387] INFO - task_allocator.py:244 - 生成任务 46: 取货 (49, 27) → 送货 (24, 36)
[2026-05-19 22:19:28,390] INFO - agv_controller.py:394 - AGV 7: 任务 35 完成！
[2026-05-19 22:19:28,390] INFO - od_flow.py:243 - 任务 35 已完成
[2026-05-19 22:19:28,488] INFO - task_allocator.py:244 - 生成任务 47: 取货 (0, 32) → 送货 (25, 16)
[2026-05-19 22:19:28,488] INFO - od_flow.py:188 - 任务 44 分配给 AGV 7
[2026-05-19 22:19:28,489] INFO - task_allocator.py:319 - 分配任务 44 → AGV 7 (距离 29)
[2026-05-19 22:19:28,489] INFO - agv_controller.py:164 - AGV 7: 任务44 前往取货点 (49, 27)
[2026-05-19 22:19:28,692] INFO - agv_controller.py:382 - AGV 5: 已取货，前往送货点 (25, 48)
[2026-05-19 22:19:28,973] INFO - warehouse_env.py:370 - 仿真停止，共运行 434 步
[2026-05-19 22:19:28,973] INFO - task_allocator.py:169 - 调度模块：仿真停止，共运行 434 步
[2026-05-19 22:19:28,973] INFO - agv_controller.py:175 - 控制器：仿真停止，完成 37 个任务
[2026-05-19 22:19:29,052] INFO - renderer.py:552 - 渲染器已关闭
[2026-05-19 22:19:29,052] INFO - main.py:242 - ==================================================
[2026-05-19 22:19:29,052] INFO - main.py:243 - 仿真结束
[2026-05-19 22:19:29,053] INFO - main.py:244 - 总步数: 434
[2026-05-19 22:19:29,053] INFO - main.py:245 - 完成任务: 37
[2026-05-19 22:19:29,053] INFO - main.py:246 - AGV总移动步数: 3330
[2026-05-19 22:19:29,053] INFO - main.py:247 - ==================================================
