[2026-06-02 18:17:04,288] INFO - main.py:75 - 正在初始化仿真模块...
[2026-06-02 18:17:04,289] INFO - communication.py:295 - 模块 env 初始化完成
[2026-06-02 18:17:04,289] INFO - warehouse_env.py:120 - 仓库环境初始化完成: 50x50
[2026-06-02 18:17:04,289] INFO - warehouse_env.py:178 - 地图构建完成: 20个进货口, 12个出货口, 1个充电站
[2026-06-02 18:17:04,294] INFO - warehouse_env.py:199 - 环境已重置
[2026-06-02 18:17:04,294] INFO - communication.py:295 - 模块 scheduler 初始化完成
[2026-06-02 18:17:04,294] INFO - od_flow.py:69 - OD流程管理器初始化完成，12个出货口
[2026-06-02 18:17:04,327] INFO - task_allocator.py:89 - 任务分配器初始化完成: 20个进货口, 12个出货口, 3台AGV
[2026-06-02 18:17:04,327] INFO - mapf_planner.py:248 - MAPF规划器初始化完成: 50x50
[2026-06-02 18:17:05,755] INFO - rl_collision_avoidance.py:220 - RL避撞控制器初始化完成 (PyTorch: True)
[2026-06-02 18:17:05,755] INFO - communication.py:295 - 模块 controller 初始化完成
[2026-06-02 18:17:05,773] INFO - agv_controller.py:75 - AGV控制器初始化完成
[2026-06-02 18:17:05,773] INFO - main.py:105 - 所有模块初始化完成
[2026-06-02 18:17:05,773] INFO - main.py:71 - 仿真系统初始化完成
[2026-06-02 18:17:05,793] INFO - warehouse_env.py:178 - 地图构建完成: 20个进货口, 12个出货口, 2个充电站
[2026-06-02 18:17:05,795] INFO - warehouse_env.py:199 - 环境已重置
[2026-06-02 18:17:05,795] INFO - warehouse_env.py:377 - 仿真开始，环境已初始化
[2026-06-02 18:17:05,795] INFO - od_flow.py:301 - OD流程管理器已重置
[2026-06-02 18:17:05,796] INFO - task_allocator.py:166 - 调度模块已重置
[2026-06-02 18:17:05,796] INFO - task_allocator.py:151 - 调度模块：仿真开始
[2026-06-02 18:17:05,796] INFO - main.py:124 - ==================================================
[2026-06-02 18:17:05,796] INFO - main.py:125 - 仿真开始
[2026-06-02 18:17:05,796] INFO - main.py:126 - 地图: 50x50
[2026-06-02 18:17:05,796] INFO - main.py:127 - 最大步数: 50
[2026-06-02 18:17:05,796] INFO - main.py:128 - ==================================================
[2026-06-02 18:17:05,796] INFO - main.py:188 - 步数 1: 已完成 0 个任务, AGV: 空闲3 移动0 充电0
[2026-06-02 18:17:05,796] INFO - task_allocator.py:231 - 生成任务 0: 取货 (0, 17) → 送货 (24, 4)
[2026-06-02 18:17:05,796] INFO - od_flow.py:188 - 任务 0 分配给 AGV 2
[2026-06-02 18:17:05,797] INFO - task_allocator.py:324 - 分配任务 0 → AGV 2 (距离 11)
[2026-06-02 18:17:05,797] INFO - agv_controller.py:105 - AGV 2: 任务0 取货 (0, 17) → 送货 (24, 4)
[2026-06-02 18:17:05,847] INFO - main.py:188 - 步数 2: 已完成 0 个任务, AGV: 空闲2 移动1 充电0
[2026-06-02 18:17:05,847] INFO - main.py:188 - 步数 3: 已完成 0 个任务, AGV: 空闲2 移动1 充电0
[2026-06-02 18:17:05,849] INFO - main.py:188 - 步数 4: 已完成 0 个任务, AGV: 空闲2 移动1 充电0
[2026-06-02 18:17:05,850] INFO - main.py:188 - 步数 5: 已完成 0 个任务, AGV: 空闲2 移动1 充电0
[2026-06-02 18:17:05,851] INFO - main.py:188 - 步数 6: 已完成 0 个任务, AGV: 空闲2 移动1 充电0
[2026-06-02 18:17:05,851] INFO - task_allocator.py:231 - 生成任务 1: 取货 (0, 37) → 送货 (24, 36)
[2026-06-02 18:17:05,851] INFO - od_flow.py:188 - 任务 1 分配给 AGV 1
[2026-06-02 18:17:05,851] INFO - task_allocator.py:324 - 分配任务 1 → AGV 1 (距离 34)
[2026-06-02 18:17:05,851] INFO - agv_controller.py:105 - AGV 1: 任务1 取货 (0, 37) → 送货 (24, 36)
[2026-06-02 18:17:05,854] INFO - main.py:188 - 步数 7: 已完成 0 个任务, AGV: 空闲1 移动2 充电0
[2026-06-02 18:17:05,855] INFO - main.py:188 - 步数 8: 已完成 0 个任务, AGV: 空闲1 移动2 充电0
[2026-06-02 18:17:05,857] INFO - main.py:188 - 步数 9: 已完成 0 个任务, AGV: 空闲1 移动2 充电0
[2026-06-02 18:17:05,857] INFO - task_allocator.py:231 - 生成任务 2: 取货 (0, 17) → 送货 (25, 40)
[2026-06-02 18:17:05,857] INFO - od_flow.py:188 - 任务 2 分配给 AGV 0
[2026-06-02 18:17:05,857] INFO - task_allocator.py:324 - 分配任务 2 → AGV 0 (距离 17)
[2026-06-02 18:17:05,857] INFO - agv_controller.py:105 - AGV 0: 任务2 取货 (0, 17) → 送货 (25, 40)
[2026-06-02 18:17:05,861] INFO - main.py:188 - 步数 10: 已完成 0 个任务, AGV: 空闲0 移动3 充电0
[2026-06-02 18:17:05,869] INFO - agv_controller.py:537 - AGV 2: 已取货 → 送货点 (24, 4)
[2026-06-02 18:17:05,914] INFO - agv_controller.py:537 - AGV 0: 已取货 → 送货点 (25, 40)
[2026-06-02 18:17:05,916] INFO - task_allocator.py:231 - 生成任务 3: 取货 (49, 42) → 送货 (25, 24)
[2026-06-02 18:17:05,916] INFO - task_allocator.py:231 - 生成任务 4: 取货 (0, 2) → 送货 (24, 20)
[2026-06-02 18:17:05,937] INFO - task_allocator.py:231 - 生成任务 5: 取货 (0, 37) → 送货 (25, 16)
[2026-06-02 18:17:05,943] INFO - agv_controller.py:537 - AGV 1: 已取货 → 送货点 (24, 36)
[2026-06-02 18:17:05,951] INFO - task_allocator.py:231 - 生成任务 6: 取货 (0, 2) → 送货 (25, 32)
[2026-06-02 18:17:05,953] INFO - task_allocator.py:231 - 生成任务 7: 取货 (49, 37) → 送货 (25, 8)
[2026-06-02 18:17:05,953] INFO - task_allocator.py:231 - 生成任务 8: 取货 (49, 22) → 送货 (24, 44)
[2026-06-02 18:17:05,955] INFO - task_allocator.py:231 - 生成任务 9: 取货 (0, 27) → 送货 (25, 48)
[2026-06-02 18:17:05,964] INFO - warehouse_env.py:382 - 仿真停止，共运行 50 步
[2026-06-02 18:17:05,964] INFO - task_allocator.py:156 - 调度模块：仿真停止，共运行 50 步
[2026-06-02 18:17:05,964] INFO - agv_controller.py:113 - 控制器停止: 0 个任务完成
[2026-06-02 18:17:05,964] INFO - main.py:245 - ==================================================
[2026-06-02 18:17:05,964] INFO - main.py:246 - 仿真结束
[2026-06-02 18:17:05,964] INFO - main.py:247 - 总步数: 50
[2026-06-02 18:17:05,964] INFO - main.py:248 - 完成任务: 0
[2026-06-02 18:17:05,964] INFO - main.py:249 - AGV总移动步数: 127
[2026-06-02 18:17:05,964] INFO - main.py:250 - ==================================================
[2026-06-02 18:17:05,970] INFO - metrics_collector.py:99 - Exported: logs/metrics\20260602_181705_steps.csv
[2026-06-02 18:17:05,971] INFO - main.py:257 - Metrics summary: {'total_steps_recorded': 50, 'total_tasks_completed': 0, 'total_collisions': 0, 'total_deadlocks': 0, 'total_training_steps': 0}
